<html>
<body>
<pre>
<h1>µVision Build Log</h1>
<h2>Tool Versions:</h2>
IDE-Version: µVision V5.32.0.0
Copyright (C) 2020 ARM Ltd and ARM Germany GmbH. All rights reserved.
License Information: mmai mami, mmai, LIC=7YKNN-Y3SFT-22HL4-FDS9R-F58IT-Z7T3B
 
Tool Versions:
Toolchain:       MDK-ARM Professional  Version: 5.32.0.0
Toolchain Path:  x:\Keil_v5\ARM\ARMCC\Bin
C Compiler:      Armcc.exe V5.06 update 7 (build 960)
Assembler:       Armasm.exe V5.06 update 7 (build 960)
Linker/Locator:  ArmLink.exe V5.06 update 7 (build 960)
Library Manager: ArmAr.exe V5.06 update 7 (build 960)
Hex Converter:   FromElf.exe V5.06 update 7 (build 960)
CPU DLL:         SARMCM3.DLL V5.32.0.0
Dialog DLL:      DCM.DLL V1.17.3.0
Target DLL:      Segger\JL2CM3.dll V2.99.38.0
Dialog DLL:      TCM.DLL V1.46.0.0
 
<h2>Project:</h2>
X:\STF7SoM\External Memory Bootloader\SecondStageBootloader\MDK-ARM\STF7-SoM.uvprojx
Project File Date:  12/15/2020

<h2>Output:</h2>
*** Using Compiler 'V5.06 update 7 (build 960)', folder: 'x:\Keil_v5\ARM\ARMCC\Bin'
Build target 'STF7-SoM'
Note: source file '..\..\..\OTAA\OTAA_Embedded\port\port.c' - object file renamed from 'STF7-SoM\port.o' to 'STF7-SoM\port_1.o'.
compiling usbd_desc.c...
compiling usbd_conf.c...
compiling freertos.c...
compiling main.c...
../Src/main.c(592): warning:  #188-D: enumerated type mixed with another type
  	xMBR_TypeDef xMBR = {0};
../Src/main.c(51): warning:  #550-D: variable "OTAAUSBPollerTaskHandle"  was set but never used
  static osThreadId OTAAUSBPollerTaskHandle;
../Src/main.c(52): warning:  #550-D: variable "OTAAUARTPollerTaskHandle"  was set but never used
  static osThreadId OTAAUARTPollerTaskHandle;
../Src/main.c(184): warning:  #177-D: function "MX_GPIO_Init"  was declared but never referenced
  static void MX_GPIO_Init(void)
../Src/main.c: 4 warnings, 0 errors
compiling stm32f7xx_hal_msp.c...
compiling stm32f7xx_it.c...
../Src/stm32f7xx_it.c(55): warning:  #1267-D: Implicit physical register R0 should be defined as a variable
        "TST    LR, #0x04;      	"
../Src/stm32f7xx_it.c(55): warning:  #1267-D: Implicit physical register R1 should be defined as a variable
        "TST    LR, #0x04;      	"
../Src/stm32f7xx_it.c: 2 warnings, 0 errors
compiling stf7som.c...
compiling usbd_cdc_if.c...
compiling stf7som_nor.c...
..\..\..\Board Support Package\BSP\stf7som_nor.c(252): warning:  #1215-D: #warning directive: "After here, first WORD is ignoring and then address is increasing one step!"
  #warning "After here, first WORD is ignoring and then address is increasing one step!"
..\..\..\Board Support Package\BSP\stf7som_nor.c: 1 warning, 0 errors
compiling stf7som_fmc.c...
compiling stf7som_sdram.c...
compiling stf7som_qspi.c...
compiling system_stm32f7xx.c...
compiling faulthandler.c...
..\..\..\Board Support Package\BSP\faulthandler.c(44): warning:  #223-D: function "printf" declared implicitly
    printf("\n!!!Hard Fault detected!!!\n");
..\..\..\Board Support Package\BSP\faulthandler.c: 1 warning, 0 errors
compiling ringbuffer.c...
compiling stm32f7xx_ll_exti.c...
compiling stm32f7xx_ll_gpio.c...
compiling stf7som_bootloader.c...
compiling stm32f7xx_hal_uart_ex.c...
compiling stm32f7xx_hal_pcd_ex.c...
compiling stm32f7xx_hal_pcd.c...
compiling stm32f7xx_hal_uart.c...
compiling stm32f7xx_hal_flash.c...
compiling stm32f7xx_ll_usb.c...
compiling stm32f7xx_hal_rcc_ex.c...
compiling stm32f7xx_hal_rcc.c...
compiling stm32f7xx_hal_flash_ex.c...
compiling stm32f7xx_hal_dma.c...
compiling stm32f7xx_hal_gpio.c...
compiling stm32f7xx_hal_dma_ex.c...
compiling stm32f7xx_hal_pwr.c...
compiling stm32f7xx_hal.c...
compiling stm32f7xx_hal_cortex.c...
compiling stm32f7xx_hal_pwr_ex.c...
compiling stm32f7xx_hal_i2c_ex.c...
compiling stm32f7xx_hal_exti.c...
compiling stm32f7xx_hal_adc.c...
compiling stm32f7xx_hal_i2c.c...
compiling stm32f7xx_hal_crc.c...
compiling stm32f7xx_hal_adc_ex.c...
compiling stm32f7xx_hal_crc_ex.c...
compiling stm32f7xx_hal_dma2d.c...
compiling stm32f7xx_hal_sdram.c...
compiling stm32f7xx_ll_fmc.c...
compiling stm32f7xx_hal_nor.c...
compiling stm32f7xx_hal_ltdc.c...
compiling stm32f7xx_hal_ltdc_ex.c...
compiling stm32f7xx_hal_dsi.c...
compiling stm32f7xx_ll_sdmmc.c...
compiling stm32f7xx_hal_qspi.c...
compiling list.c...
compiling port.c...
compiling tasks.c...
compiling timers.c...
compiling queue.c...
compiling heap_4.c...
compiling croutine.c...
compiling cmsis_os.c...
compiling event_groups.c...
compiling stream_buffer.c...
compiling stm32f7xx_hal_tim_ex.c...
compiling stm32f7xx_hal_sd.c...
compiling stm32f7xx_hal_tim.c...
compiling usbd_core.c...
compiling otaa.c...
compiling otaacrc.c...
compiling port.c...
compiling usbd_ioreq.c...
compiling usbd_ctlreq.c...
compiling usbd_cdc.c...
compiling portevent.c...
compiling otaacmd_dwndrom.c...
compiling otaacmd_dwnirom.c...
compiling otaacmd_formatrom.c...
compiling otaacmd_jump.c...
compiling otaacmd_restartcpu.c...
compiling otaacmd_sectorerase.c...
compiling otaacmd_upddrom.c...
compiling otaacmd_updirom.c...
compiling portusb.c...
compiling retarget_io.c...
compiling porttimer.c...
compiling otaacmd_readid.c...
compiling otaausb.c...
linking...
Program Size: Code=39792 RO-data=1772 RW-data=664 ZI-data=31760  
FromELF: creating hex file...
"STF7-SoM\STF7-SoM.axf" - 0 Error(s), 8 Warning(s).

<h2>Software Packages used:</h2>

Package Vendor: Keil
                http://www.keil.com/pack/Keil.ARM_Compiler.1.6.3.pack
                Keil.ARM_Compiler.1.6.3
                Keil ARM Compiler extensions for ARM Compiler 5 and ARM Compiler 6
   * Component: STDERR Variant: ITM Version: 1.2.0

Package Vendor: Keil
                http://www.keil.com/pack/Keil.STM32F7xx_DFP.2.13.0.pack
                Keil.STM32F7xx_DFP.2.13.0
                STMicroelectronics STM32F7 Series Device Support, Drivers and Examples

<h2>Collection of Component include folders:</h2>
  .\RTE\_STF7-SoM
  x:\Keil_v5\ArmPacks\Packs\Keil\STM32F7xx_DFP\2.13.0\Drivers\CMSIS\Device\ST\STM32F7xx\Include

<h2>Collection of Component Files used:</h2>

   * Component: Keil.ARM Compiler::Compiler:I/O:STDERR:ITM:1.2.0
      Source file:   Source\retarget_io.c
Build Time Elapsed:  00:03:08
</pre>
</body>
</html>
