Component: ARM Compiler 5.06 update 7 (build 960) Tool: armlink [4d3601]

==============================================================================

Image Symbol Table

    Local Symbols

    Symbol Name                              Value     Ov Type        Size  Object(Section)

    ../Drivers/STM32F7xx_HAL_Driver/Src/stm32f7xx_hal.c 0x00000000   Number         0  stm32f7xx_hal.o ABSOLUTE
    ../Drivers/STM32F7xx_HAL_Driver/Src/stm32f7xx_hal_adc.c 0x00000000   Number         0  stm32f7xx_hal_adc.o ABSOLUTE
    ../Drivers/STM32F7xx_HAL_Driver/Src/stm32f7xx_hal_adc_ex.c 0x00000000   Number         0  stm32f7xx_hal_adc_ex.o ABSOLUTE
    ../Drivers/STM32F7xx_HAL_Driver/Src/stm32f7xx_hal_cortex.c 0x00000000   Number         0  stm32f7xx_hal_cortex.o ABSOLUTE
    ../Drivers/STM32F7xx_HAL_Driver/Src/stm32f7xx_hal_crc.c 0x00000000   Number         0  stm32f7xx_hal_crc.o ABSOLUTE
    ../Drivers/STM32F7xx_HAL_Driver/Src/stm32f7xx_hal_crc_ex.c 0x00000000   Number         0  stm32f7xx_hal_crc_ex.o ABSOLUTE
    ../Drivers/STM32F7xx_HAL_Driver/Src/stm32f7xx_hal_dma.c 0x00000000   Number         0  stm32f7xx_hal_dma.o ABSOLUTE
    ../Drivers/STM32F7xx_HAL_Driver/Src/stm32f7xx_hal_dma2d.c 0x00000000   Number         0  stm32f7xx_hal_dma2d.o ABSOLUTE
    ../Drivers/STM32F7xx_HAL_Driver/Src/stm32f7xx_hal_dma_ex.c 0x00000000   Number         0  stm32f7xx_hal_dma_ex.o ABSOLUTE
    ../Drivers/STM32F7xx_HAL_Driver/Src/stm32f7xx_hal_dsi.c 0x00000000   Number         0  stm32f7xx_hal_dsi.o ABSOLUTE
    ../Drivers/STM32F7xx_HAL_Driver/Src/stm32f7xx_hal_exti.c 0x00000000   Number         0  stm32f7xx_hal_exti.o ABSOLUTE
    ../Drivers/STM32F7xx_HAL_Driver/Src/stm32f7xx_hal_flash.c 0x00000000   Number         0  stm32f7xx_hal_flash.o ABSOLUTE
    ../Drivers/STM32F7xx_HAL_Driver/Src/stm32f7xx_hal_flash_ex.c 0x00000000   Number         0  stm32f7xx_hal_flash_ex.o ABSOLUTE
    ../Drivers/STM32F7xx_HAL_Driver/Src/stm32f7xx_hal_gpio.c 0x00000000   Number         0  stm32f7xx_hal_gpio.o ABSOLUTE
    ../Drivers/STM32F7xx_HAL_Driver/Src/stm32f7xx_hal_i2c_ex.c 0x00000000   Number         0  stm32f7xx_hal_i2c_ex.o ABSOLUTE
    ../Drivers/STM32F7xx_HAL_Driver/Src/stm32f7xx_hal_ltdc.c 0x00000000   Number         0  stm32f7xx_hal_ltdc.o ABSOLUTE
    ../Drivers/STM32F7xx_HAL_Driver/Src/stm32f7xx_hal_ltdc_ex.c 0x00000000   Number         0  stm32f7xx_hal_ltdc_ex.o ABSOLUTE
    ../Drivers/STM32F7xx_HAL_Driver/Src/stm32f7xx_hal_nor.c 0x00000000   Number         0  stm32f7xx_hal_nor.o ABSOLUTE
    ../Drivers/STM32F7xx_HAL_Driver/Src/stm32f7xx_hal_pcd.c 0x00000000   Number         0  stm32f7xx_hal_pcd.o ABSOLUTE
    ../Drivers/STM32F7xx_HAL_Driver/Src/stm32f7xx_hal_pcd_ex.c 0x00000000   Number         0  stm32f7xx_hal_pcd_ex.o ABSOLUTE
    ../Drivers/STM32F7xx_HAL_Driver/Src/stm32f7xx_hal_pwr.c 0x00000000   Number         0  stm32f7xx_hal_pwr.o ABSOLUTE
    ../Drivers/STM32F7xx_HAL_Driver/Src/stm32f7xx_hal_pwr_ex.c 0x00000000   Number         0  stm32f7xx_hal_pwr_ex.o ABSOLUTE
    ../Drivers/STM32F7xx_HAL_Driver/Src/stm32f7xx_hal_qspi.c 0x00000000   Number         0  stm32f7xx_hal_qspi.o ABSOLUTE
    ../Drivers/STM32F7xx_HAL_Driver/Src/stm32f7xx_hal_rcc.c 0x00000000   Number         0  stm32f7xx_hal_rcc.o ABSOLUTE
    ../Drivers/STM32F7xx_HAL_Driver/Src/stm32f7xx_hal_rcc_ex.c 0x00000000   Number         0  stm32f7xx_hal_rcc_ex.o ABSOLUTE
    ../Drivers/STM32F7xx_HAL_Driver/Src/stm32f7xx_hal_sd.c 0x00000000   Number         0  stm32f7xx_hal_sd.o ABSOLUTE
    ../Drivers/STM32F7xx_HAL_Driver/Src/stm32f7xx_hal_sdram.c 0x00000000   Number         0  stm32f7xx_hal_sdram.o ABSOLUTE
    ../Drivers/STM32F7xx_HAL_Driver/Src/stm32f7xx_hal_tim.c 0x00000000   Number         0  stm32f7xx_hal_tim.o ABSOLUTE
    ../Drivers/STM32F7xx_HAL_Driver/Src/stm32f7xx_hal_tim_ex.c 0x00000000   Number         0  stm32f7xx_hal_tim_ex.o ABSOLUTE
    ../Drivers/STM32F7xx_HAL_Driver/Src/stm32f7xx_hal_uart.c 0x00000000   Number         0  stm32f7xx_hal_uart.o ABSOLUTE
    ../Drivers/STM32F7xx_HAL_Driver/Src/stm32f7xx_hal_uart_ex.c 0x00000000   Number         0  stm32f7xx_hal_uart_ex.o ABSOLUTE
    ../Drivers/STM32F7xx_HAL_Driver/Src/stm32f7xx_ll_fmc.c 0x00000000   Number         0  stm32f7xx_ll_fmc.o ABSOLUTE
    ../Drivers/STM32F7xx_HAL_Driver/Src/stm32f7xx_ll_sdmmc.c 0x00000000   Number         0  stm32f7xx_ll_sdmmc.o ABSOLUTE
    ../Drivers/STM32F7xx_HAL_Driver/Src/stm32f7xx_ll_usb.c 0x00000000   Number         0  stm32f7xx_ll_usb.o ABSOLUTE
    ../Middlewares/ST/STM32_USB_Device_Library/Class/CDC/Src/usbd_cdc.c 0x00000000   Number         0  usbd_cdc.o ABSOLUTE
    ../Middlewares/ST/STM32_USB_Device_Library/Core/Src/usbd_core.c 0x00000000   Number         0  usbd_core.o ABSOLUTE
    ../Middlewares/ST/STM32_USB_Device_Library/Core/Src/usbd_ctlreq.c 0x00000000   Number         0  usbd_ctlreq.o ABSOLUTE
    ../Middlewares/ST/STM32_USB_Device_Library/Core/Src/usbd_ioreq.c 0x00000000   Number         0  usbd_ioreq.o ABSOLUTE
[...]
    UART8_IRQHandler                         0x080082bf   Thumb Code     0  startup_stm32f750xx.o(.text)
    USART1_IRQHandler                        0x080082bf   Thumb Code     0  startup_stm32f750xx.o(.text)
    USART2_IRQHandler                        0x080082bf   Thumb Code     0  startup_stm32f750xx.o(.text)
    USART3_IRQHandler                        0x080082bf   Thumb Code     0  startup_stm32f750xx.o(.text)
    USART6_IRQHandler                        0x080082bf   Thumb Code     0  startup_stm32f750xx.o(.text)
    WWDG_IRQHandler                          0x080082bf   Thumb Code     0  startup_stm32f750xx.o(.text)
    __aeabi_uldivmod                         0x080082c9   Thumb Code    98  uldiv.o(.text)
    __aeabi_memcpy                           0x0800832b   Thumb Code    36  memcpya.o(.text)
    __aeabi_memcpy4                          0x0800832b   Thumb Code     0  memcpya.o(.text)
    __aeabi_memcpy8                          0x0800832b   Thumb Code     0  memcpya.o(.text)
    __aeabi_memset                           0x0800834f   Thumb Code    14  memseta.o(.text)
    __aeabi_memset4                          0x0800834f   Thumb Code     0  memseta.o(.text)
    __aeabi_memset8                          0x0800834f   Thumb Code     0  memseta.o(.text)
    __aeabi_memclr                           0x0800835d   Thumb Code     4  memseta.o(.text)
    __aeabi_memclr4                          0x0800835d   Thumb Code     0  memseta.o(.text)
    __aeabi_memclr8                          0x0800835d   Thumb Code     0  memseta.o(.text)
    memset                                   0x08008361   Thumb Code    18  memseta.o(.text)
    __aeabi_llsl                             0x08008373   Thumb Code    30  llshl.o(.text)
    _ll_shift_l                              0x08008373   Thumb Code     0  llshl.o(.text)
    __aeabi_llsr                             0x08008391   Thumb Code    32  llushr.o(.text)
    _ll_ushift_r                             0x08008391   Thumb Code     0  llushr.o(.text)
    __scatterload                            0x080083b1   Thumb Code    28  init.o(.text)
    __scatterload_rt2                        0x080083b1   Thumb Code     0  init.o(.text)
    __decompress                             0x080083d5   Thumb Code     0  __dczerorl2.o(.text)
    __decompress1                            0x080083d5   Thumb Code    86  __dczerorl2.o(.text)
    BSP_Bootloader_CheckForApplication       0x0800842d   Thumb Code    24  stf7som_bootloader.o(i.BSP_Bootloader_CheckForApplication)
    BSP_Bootloader_Get_BootTable             0x08008449   Thumb Code    28  stf7som_bootloader.o(i.BSP_Bootloader_Get_BootTable)
    BSP_Bootloader_JumpToApplication         0x08008469   Thumb Code    44  stf7som_bootloader.o(i.BSP_Bootloader_JumpToApplication)
    BSP_Bootloader_VerifyChecksum            0x08008499   Thumb Code   130  stf7som_bootloader.o(i.BSP_Bootloader_VerifyChecksum)
    BSP_FMC_Init_CommonPins                  0x08008525   Thumb Code    78  stf7som_fmc.o(i.BSP_FMC_Init_CommonPins)
    BSP_GPIOCLK_Enable                       0x08008585   Thumb Code   292  stf7som.o(i.BSP_GPIOCLK_Enable)
    BSP_NOR_Init                             0x080086ad   Thumb Code   146  stf7som_nor.o(i.BSP_NOR_Init)
    BSP_NOR_MspInit                          0x08008751   Thumb Code    70  stf7som_nor.o(i.BSP_NOR_MspInit)
    BSP_NOR_ReadBuffer                       0x080087a5   Thumb Code   224  stf7som_nor.o(i.BSP_NOR_ReadBuffer)
    BSP_NOR_Read_ID                          0x08008889   Thumb Code    22  stf7som_nor.o(i.BSP_NOR_Read_ID)
    BSP_PB_Init                              0x080088a5   Thumb Code    38  stf7som.o(i.BSP_PB_Init)
    BSP_QSPI_Init                            0x080088d1   Thumb Code    66  stf7som_qspi.o(i.BSP_QSPI_Init)
    BSP_QSPI_ReadDeviceID                    0x0800891d   Thumb Code   110  stf7som_qspi.o(i.BSP_QSPI_ReadDeviceID)
    BSP_QSPI_ReadID                          0x08008991   Thumb Code   116  stf7som_qspi.o(i.BSP_QSPI_ReadID)
    BSP_QSPI_ReadUniqDevID                   0x08008a09   Thumb Code   120  stf7som_qspi.o(i.BSP_QSPI_ReadUniqDevID)
    BusFault_Handler                         0x08008a85   Thumb Code     4  stm32f7xx_it.o(i.BusFault_Handler)
    CDC_Transmit_HS                          0x08008b25   Thumb Code    50  usbd_cdc_if.o(i.CDC_Transmit_HS)
    DMA2_Stream0_IRQHandler                  0x08008c2d   Thumb Code    12  stf7som.o(i.DMA2_Stream0_IRQHandler)
    DebugMon_Handler                         0x08008c3d   Thumb Code     2  stm32f7xx_it.o(i.DebugMon_Handler)
    Error_Handler                            0x08008c3f   Thumb Code     2  main.o(i.Error_Handler)
    FMC_NORSRAM_Extended_Timing_Init         0x08008c41   Thumb Code    66  stm32f7xx_ll_fmc.o(i.FMC_NORSRAM_Extended_Timing_Init)
    FMC_NORSRAM_Init                         0x08008c89   Thumb Code   124  stm32f7xx_ll_fmc.o(i.FMC_NORSRAM_Init)
    FMC_NORSRAM_Timing_Init                  0x08008d09   Thumb Code    98  stm32f7xx_ll_fmc.o(i.FMC_NORSRAM_Timing_Init)
    HAL_CRCEx_Polynomial_Set                 0x08008da1   Thumb Code   102  stm32f7xx_hal_crc_ex.o(i.HAL_CRCEx_Polynomial_Set)
    HAL_CRC_Calculate                        0x08008e07   Thumb Code   112  stm32f7xx_hal_crc.o(i.HAL_CRC_Calculate)
    HAL_CRC_Init                             0x08008e79   Thumb Code   128  stm32f7xx_hal_crc.o(i.HAL_CRC_Init)
    HAL_CRC_MspInit                          0x08008efd   Thumb Code     2  stm32f7xx_hal_crc.o(i.HAL_CRC_MspInit)
    HAL_DMA_Abort                            0x08008eff   Thumb Code   170  stm32f7xx_hal_dma.o(i.HAL_DMA_Abort)
    HAL_DMA_IRQHandler                       0x08008fa9   Thumb Code   570  stm32f7xx_hal_dma.o(i.HAL_DMA_IRQHandler)
    HAL_DeInit                               0x080091e9   Thumb Code    64  stm32f7xx_hal.o(i.HAL_DeInit)
    HAL_Delay                                0x0800922d   Thumb Code    36  stm32f7xx_hal.o(i.HAL_Delay)
    HAL_GPIO_Init                            0x08009255   Thumb Code   484  stm32f7xx_hal_gpio.o(i.HAL_GPIO_Init)
    HAL_GetTick                              0x0800946d   Thumb Code     6  stm32f7xx_hal.o(i.HAL_GetTick)
    HAL_GetUIDw0                             0x08009479   Thumb Code     6  stm32f7xx_hal.o(i.HAL_GetUIDw0)
    HAL_GetUIDw1                             0x08009485   Thumb Code     6  stm32f7xx_hal.o(i.HAL_GetUIDw1)
    HAL_GetUIDw2                             0x08009491   Thumb Code     6  stm32f7xx_hal.o(i.HAL_GetUIDw2)
    HAL_IncTick                              0x0800949d   Thumb Code    16  stm32f7xx_hal.o(i.HAL_IncTick)
    HAL_Init                                 0x080094b5   Thumb Code    22  stm32f7xx_hal.o(i.HAL_Init)
    HAL_InitTick                             0x080094cd   Thumb Code    64  stm32f7xx_hal.o(i.HAL_InitTick)
    HAL_MspDeInit                            0x08009519   Thumb Code     2  stm32f7xx_hal.o(i.HAL_MspDeInit)
    HAL_MspInit                              0x0800951d   Thumb Code    76  stm32f7xx_hal_msp.o(i.HAL_MspInit)
    HAL_NOR_Init                             0x0800956d   Thumb Code   112  stm32f7xx_hal_nor.o(i.HAL_NOR_Init)
    HAL_NOR_MspInit                          0x080095e1   Thumb Code     2  stm32f7xx_hal_nor.o(i.HAL_NOR_MspInit)
    HAL_NOR_Read_ID                          0x080095e5   Thumb Code   308  stm32f7xx_hal_nor.o(i.HAL_NOR_Read_ID)
    HAL_NVIC_EnableIRQ                       0x0800971d   Thumb Code    32  stm32f7xx_hal_cortex.o(i.HAL_NVIC_EnableIRQ)
    HAL_NVIC_SetPriority                     0x0800973d   Thumb Code   124  stm32f7xx_hal_cortex.o(i.HAL_NVIC_SetPriority)
    HAL_NVIC_SetPriorityGrouping             0x080097b9   Thumb Code    32  stm32f7xx_hal_cortex.o(i.HAL_NVIC_SetPriorityGrouping)
    HAL_PCDEx_ActivateLPM                    0x080097e1   Thumb Code    36  stm32f7xx_hal_pcd_ex.o(i.HAL_PCDEx_ActivateLPM)
    HAL_PCDEx_LPM_Callback                   0x08009809   Thumb Code   106  usbd_conf.o(i.HAL_PCDEx_LPM_Callback)
    HAL_PCDEx_SetRxFiFo                      0x08009879   Thumb Code    10  stm32f7xx_hal_pcd_ex.o(i.HAL_PCDEx_SetRxFiFo)
    HAL_PCDEx_SetTxFiFo                      0x08009883   Thumb Code    78  stm32f7xx_hal_pcd_ex.o(i.HAL_PCDEx_SetTxFiFo)
    HAL_PCD_ConnectCallback                  0x080098d1   Thumb Code    14  usbd_conf.o(i.HAL_PCD_ConnectCallback)
    HAL_PCD_DataInStageCallback              0x080098df   Thumb Code    32  usbd_conf.o(i.HAL_PCD_DataInStageCallback)
    HAL_PCD_DataOutStageCallback             0x080098ff   Thumb Code    32  usbd_conf.o(i.HAL_PCD_DataOutStageCallback)
    HAL_PCD_DisconnectCallback               0x0800991f   Thumb Code    14  usbd_conf.o(i.HAL_PCD_DisconnectCallback)
    HAL_PCD_EP_Close                         0x0800992d   Thumb Code   106  stm32f7xx_hal_pcd.o(i.HAL_PCD_EP_Close)
    HAL_PCD_EP_ClrStall                      0x08009997   Thumb Code   124  stm32f7xx_hal_pcd.o(i.HAL_PCD_EP_ClrStall)
    HAL_PCD_EP_GetRxCount                    0x08009a13   Thumb Code    22  stm32f7xx_hal_pcd.o(i.HAL_PCD_EP_GetRxCount)
    HAL_PCD_EP_Open                          0x08009a29   Thumb Code   140  stm32f7xx_hal_pcd.o(i.HAL_PCD_EP_Open)
    HAL_PCD_EP_Receive                       0x08009ab5   Thumb Code    88  stm32f7xx_hal_pcd.o(i.HAL_PCD_EP_Receive)
    HAL_PCD_EP_SetStall                      0x08009b0d   Thumb Code   138  stm32f7xx_hal_pcd.o(i.HAL_PCD_EP_SetStall)
    HAL_PCD_EP_Transmit                      0x08009b97   Thumb Code    90  stm32f7xx_hal_pcd.o(i.HAL_PCD_EP_Transmit)
    HAL_PCD_IRQHandler                       0x08009bf1   Thumb Code  1440  stm32f7xx_hal_pcd.o(i.HAL_PCD_IRQHandler)
    HAL_PCD_ISOINIncompleteCallback          0x0800a191   Thumb Code    18  usbd_conf.o(i.HAL_PCD_ISOINIncompleteCallback)
    HAL_PCD_ISOOUTIncompleteCallback         0x0800a1a3   Thumb Code    18  usbd_conf.o(i.HAL_PCD_ISOOUTIncompleteCallback)
    HAL_PCD_Init                             0x0800a1b5   Thumb Code   370  stm32f7xx_hal_pcd.o(i.HAL_PCD_Init)
    HAL_PCD_MspInit                          0x0800a329   Thumb Code   128  usbd_conf.o(i.HAL_PCD_MspInit)
    HAL_PCD_ResetCallback                    0x0800a3b5   Thumb Code    48  usbd_conf.o(i.HAL_PCD_ResetCallback)
    HAL_PCD_ResumeCallback                   0x0800a3e5   Thumb Code    14  usbd_conf.o(i.HAL_PCD_ResumeCallback)
    HAL_PCD_SOFCallback                      0x0800a3f3   Thumb Code    14  usbd_conf.o(i.HAL_PCD_SOFCallback)
    HAL_PCD_SetAddress                       0x0800a401   Thumb Code    54  stm32f7xx_hal_pcd.o(i.HAL_PCD_SetAddress)
    HAL_PCD_SetupStageCallback               0x0800a437   Thumb Code    18  usbd_conf.o(i.HAL_PCD_SetupStageCallback)
    HAL_PCD_Start                            0x0800a449   Thumb Code    52  stm32f7xx_hal_pcd.o(i.HAL_PCD_Start)
    HAL_PCD_Stop                             0x0800a47d   Thumb Code    74  stm32f7xx_hal_pcd.o(i.HAL_PCD_Stop)
    HAL_PCD_SuspendCallback                  0x0800a4c9   Thumb Code    46  usbd_conf.o(i.HAL_PCD_SuspendCallback)
    HAL_PWREx_EnableOverDrive                0x0800a4fd   Thumb Code   136  stm32f7xx_hal_pwr_ex.o(i.HAL_PWREx_EnableOverDrive)
    HAL_QSPI_Abort                           0x0800a58d   Thumb Code   154  stm32f7xx_hal_qspi.o(i.HAL_QSPI_Abort)
    HAL_QSPI_AutoPolling                     0x0800a627   Thumb Code   202  stm32f7xx_hal_qspi.o(i.HAL_QSPI_AutoPolling)
    HAL_QSPI_Command                         0x0800a6f1   Thumb Code   164  stm32f7xx_hal_qspi.o(i.HAL_QSPI_Command)
    HAL_QSPI_Init                            0x0800a795   Thumb Code   184  stm32f7xx_hal_qspi.o(i.HAL_QSPI_Init)
    HAL_QSPI_MspInit                         0x0800a855   Thumb Code   158  stf7som_qspi.o(i.HAL_QSPI_MspInit)
    HAL_QSPI_Receive                         0x0800a905   Thumb Code   236  stm32f7xx_hal_qspi.o(i.HAL_QSPI_Receive)
    HAL_QSPI_SetTimeout                      0x0800a9f1   Thumb Code     4  stm32f7xx_hal_qspi.o(i.HAL_QSPI_SetTimeout)
    HAL_QSPI_Transmit                        0x0800a9f5   Thumb Code   220  stm32f7xx_hal_qspi.o(i.HAL_QSPI_Transmit)
    HAL_RCCEx_PeriphCLKConfig                0x0800aad1   Thumb Code  1756  stm32f7xx_hal_rcc_ex.o(i.HAL_RCCEx_PeriphCLKConfig)
    HAL_RCC_ClockConfig                      0x0800b1b1   Thumb Code   384  stm32f7xx_hal_rcc.o(i.HAL_RCC_ClockConfig)
    HAL_RCC_DeInit                           0x0800b345   Thumb Code   390  stm32f7xx_hal_rcc.o(i.HAL_RCC_DeInit)
    HAL_RCC_EnableCSS                        0x0800b4e1   Thumb Code    14  stm32f7xx_hal_rcc.o(i.HAL_RCC_EnableCSS)
    HAL_RCC_GetHCLKFreq                      0x0800b4f5   Thumb Code     6  stm32f7xx_hal_rcc.o(i.HAL_RCC_GetHCLKFreq)
    HAL_RCC_GetSysClockFreq                  0x0800b501   Thumb Code   162  stm32f7xx_hal_rcc.o(i.HAL_RCC_GetSysClockFreq)
    HAL_RCC_OscConfig                        0x0800b5b1   Thumb Code  1278  stm32f7xx_hal_rcc.o(i.HAL_RCC_OscConfig)
    HAL_SYSTICK_Config                       0x0800bab5   Thumb Code    52  stm32f7xx_hal_cortex.o(i.HAL_SYSTICK_Config)
    HAL_TIMEx_Break2Callback                 0x0800bae9   Thumb Code     2  stm32f7xx_hal_tim_ex.o(i.HAL_TIMEx_Break2Callback)
    HAL_TIMEx_BreakCallback                  0x0800baeb   Thumb Code     2  stm32f7xx_hal_tim_ex.o(i.HAL_TIMEx_BreakCallback)
    HAL_TIMEx_CommutCallback                 0x0800baed   Thumb Code     2  stm32f7xx_hal_tim_ex.o(i.HAL_TIMEx_CommutCallback)
    HAL_TIM_Base_Init                        0x0800baef   Thumb Code    52  stm32f7xx_hal_tim.o(i.HAL_TIM_Base_Init)
    HAL_TIM_Base_MspInit                     0x0800bb23   Thumb Code     2  stm32f7xx_hal_tim.o(i.HAL_TIM_Base_MspInit)
    HAL_TIM_IC_CaptureCallback               0x0800bb25   Thumb Code     2  stm32f7xx_hal_tim.o(i.HAL_TIM_IC_CaptureCallback)
    HAL_TIM_IRQHandler                       0x0800bb27   Thumb Code   440  stm32f7xx_hal_tim.o(i.HAL_TIM_IRQHandler)
    HAL_TIM_OC_DelayElapsedCallback          0x0800bcdf   Thumb Code     2  stm32f7xx_hal_tim.o(i.HAL_TIM_OC_DelayElapsedCallback)
    HAL_TIM_PWM_PulseFinishedCallback        0x0800bce1   Thumb Code     2  stm32f7xx_hal_tim.o(i.HAL_TIM_PWM_PulseFinishedCallback)
    HAL_TIM_PeriodElapsedCallback            0x0800bce3   Thumb Code    14  porttimer.o(i.HAL_TIM_PeriodElapsedCallback)
    HAL_TIM_TriggerCallback                  0x0800bcf1   Thumb Code     2  stm32f7xx_hal_tim.o(i.HAL_TIM_TriggerCallback)
    HardFault_Handler                        0x0800bcf3   Thumb Code    28  stm32f7xx_it.o(i.HardFault_Handler)
    ITM_SendChar                             0x0800bd11   Thumb Code    42  retarget_io.o(i.ITM_SendChar)
    MemManage_Handler                        0x0800bd7f   Thumb Code     4  stm32f7xx_it.o(i.MemManage_Handler)
    NMI_Handler                              0x0800bd83   Thumb Code     2  stm32f7xx_it.o(i.NMI_Handler)
    OTAA_USBFrameExpiredTimerCB              0x0800be11   Thumb Code     4  otaausb.o(i.OTAA_USBFrameExpiredTimerCB)
    OTG_HS_IRQHandler                        0x0800be15   Thumb Code    10  stm32f7xx_it.o(i.OTG_HS_IRQHandler)
    RCC_IRQHandler                           0x0800c4a5   Thumb Code     2  stm32f7xx_it.o(i.RCC_IRQHandler)
    ReportHardFault                          0x0800c4a9   Thumb Code  1564  faulthandler.o(i.ReportHardFault)
    SysTick_Handler                          0x0800cb17   Thumb Code    20  stm32f7xx_it.o(i.SysTick_Handler)
    SystemClock_Config                       0x0800cb35   Thumb Code   240  main.o(i.SystemClock_Config)
    SystemInit                               0x0800cc2d   Thumb Code    14  system_stm32f7xx.o(i.SystemInit)
    TIM7_IRQHandler                          0x0800cc41   Thumb Code    10  porttimer.o(i.TIM7_IRQHandler)
    TIM_Base_SetConfig                       0x0800cc51   Thumb Code   170  stm32f7xx_hal_tim.o(i.TIM_Base_SetConfig)
    USBD_CDC_GetDeviceQualifierDescriptor    0x0800ce71   Thumb Code    10  usbd_cdc.o(i.USBD_CDC_GetDeviceQualifierDescriptor)
    USBD_CDC_ReceivePacket                   0x0800cf71   Thumb Code    58  usbd_cdc.o(i.USBD_CDC_ReceivePacket)
    USBD_CDC_RegisterInterface               0x0800cfab   Thumb Code    16  usbd_cdc.o(i.USBD_CDC_RegisterInterface)
    USBD_CDC_SetRxBuffer                     0x0800cfbb   Thumb Code    14  usbd_cdc.o(i.USBD_CDC_SetRxBuffer)
    USBD_CDC_SetTxBuffer                     0x0800cfc9   Thumb Code    20  usbd_cdc.o(i.USBD_CDC_SetTxBuffer)
    USBD_CDC_TransmitPacket                  0x0800d0d7   Thumb Code    60  usbd_cdc.o(i.USBD_CDC_TransmitPacket)
    USBD_ClrClassConfig                      0x0800d113   Thumb Code    28  usbd_core.o(i.USBD_ClrClassConfig)
    USBD_CtlContinueRx                       0x0800d16d   Thumb Code    24  usbd_ioreq.o(i.USBD_CtlContinueRx)
    USBD_CtlContinueSendData                 0x0800d185   Thumb Code    24  usbd_ioreq.o(i.USBD_CtlContinueSendData)
    USBD_CtlError                            0x0800d19d   Thumb Code    24  usbd_ctlreq.o(i.USBD_CtlError)
    USBD_CtlPrepareRx                        0x0800d1b5   Thumb Code    40  usbd_ioreq.o(i.USBD_CtlPrepareRx)
    USBD_CtlReceiveStatus                    0x0800d1dd   Thumb Code    26  usbd_ioreq.o(i.USBD_CtlReceiveStatus)
    USBD_CtlSendData                         0x0800d1f7   Thumb Code    34  usbd_ioreq.o(i.USBD_CtlSendData)
    USBD_CtlSendStatus                       0x0800d219   Thumb Code    26  usbd_ioreq.o(i.USBD_CtlSendStatus)
    USBD_GetString                           0x0800d545   Thumb Code    84  usbd_ctlreq.o(i.USBD_GetString)
    USBD_Get_USB_Status                      0x0800d599   Thumb Code    44  usbd_conf.o(i.USBD_Get_USB_Status)
    USBD_HS_ConfigStrDescriptor              0x0800d5c5   Thumb Code    34  usbd_desc.o(i.USBD_HS_ConfigStrDescriptor)
    USBD_HS_DeviceDescriptor                 0x0800d5f9   Thumb Code    10  usbd_desc.o(i.USBD_HS_DeviceDescriptor)
    USBD_HS_InterfaceStrDescriptor           0x0800d609   Thumb Code    34  usbd_desc.o(i.USBD_HS_InterfaceStrDescriptor)
    USBD_HS_LangIDStrDescriptor              0x0800d641   Thumb Code    10  usbd_desc.o(i.USBD_HS_LangIDStrDescriptor)
    USBD_HS_ManufacturerStrDescriptor        0x0800d651   Thumb Code    20  usbd_desc.o(i.USBD_HS_ManufacturerStrDescriptor)
    USBD_HS_ProductStrDescriptor             0x0800d67d   Thumb Code    34  usbd_desc.o(i.USBD_HS_ProductStrDescriptor)
    USBD_HS_SerialStrDescriptor              0x0800d6bd   Thumb Code    18  usbd_desc.o(i.USBD_HS_SerialStrDescriptor)
    USBD_HS_USR_BOSDescriptor                0x0800d6d5   Thumb Code    10  usbd_desc.o(i.USBD_HS_USR_BOSDescriptor)
    USBD_Init                                0x0800d6e5   Thumb Code    68  usbd_core.o(i.USBD_Init)
    USBD_LL_ClearStallEP                     0x0800d729   Thumb Code    38  usbd_conf.o(i.USBD_LL_ClearStallEP)
    USBD_LL_CloseEP                          0x0800d74f   Thumb Code    38  usbd_conf.o(i.USBD_LL_CloseEP)
    USBD_LL_DataInStage                      0x0800d775   Thumb Code   230  usbd_core.o(i.USBD_LL_DataInStage)
    USBD_LL_DataOutStage                     0x0800d85b   Thumb Code   146  usbd_core.o(i.USBD_LL_DataOutStage)
    USBD_LL_DevConnected                     0x0800d8ed   Thumb Code     6  usbd_core.o(i.USBD_LL_DevConnected)
    USBD_LL_DevDisconnected                  0x0800d8f3   Thumb Code    32  usbd_core.o(i.USBD_LL_DevDisconnected)
    USBD_LL_GetRxDataSize                    0x0800d913   Thumb Code    18  usbd_conf.o(i.USBD_LL_GetRxDataSize)
    USBD_LL_Init                             0x0800d925   Thumb Code   110  usbd_conf.o(i.USBD_LL_Init)
    USBD_LL_IsStallEP                        0x0800d99d   Thumb Code    56  usbd_conf.o(i.USBD_LL_IsStallEP)
    USBD_LL_IsoINIncomplete                  0x0800d9d5   Thumb Code     6  usbd_core.o(i.USBD_LL_IsoINIncomplete)
    USBD_LL_IsoOUTIncomplete                 0x0800d9db   Thumb Code     6  usbd_core.o(i.USBD_LL_IsoOUTIncomplete)
    USBD_LL_OpenEP                           0x0800d9e1   Thumb Code    48  usbd_conf.o(i.USBD_LL_OpenEP)
    USBD_LL_PrepareReceive                   0x0800da11   Thumb Code    48  usbd_conf.o(i.USBD_LL_PrepareReceive)
    USBD_LL_Reset                            0x0800da41   Thumb Code    90  usbd_core.o(i.USBD_LL_Reset)
    USBD_LL_Resume                           0x0800da9b   Thumb Code    22  usbd_core.o(i.USBD_LL_Resume)
    USBD_LL_SOF                              0x0800dab1   Thumb Code    34  usbd_core.o(i.USBD_LL_SOF)
    USBD_LL_SetSpeed                         0x0800dad3   Thumb Code     8  usbd_core.o(i.USBD_LL_SetSpeed)
    USBD_LL_SetUSBAddress                    0x0800dadb   Thumb Code    38  usbd_conf.o(i.USBD_LL_SetUSBAddress)
    USBD_LL_SetupStage                       0x0800db01   Thumb Code   118  usbd_core.o(i.USBD_LL_SetupStage)
    USBD_LL_StallEP                          0x0800db77   Thumb Code    38  usbd_conf.o(i.USBD_LL_StallEP)
    USBD_LL_Start                            0x0800db9d   Thumb Code    30  usbd_conf.o(i.USBD_LL_Start)
    USBD_LL_Stop                             0x0800dbbb   Thumb Code    30  usbd_conf.o(i.USBD_LL_Stop)
    USBD_LL_Suspend                          0x0800dbd9   Thumb Code    20  usbd_core.o(i.USBD_LL_Suspend)
    USBD_LL_Transmit                         0x0800dbed   Thumb Code    48  usbd_conf.o(i.USBD_LL_Transmit)
    USBD_ParseSetupRequest                   0x0800dc1d   Thumb Code    54  usbd_ctlreq.o(i.USBD_ParseSetupRequest)
    USBD_RegisterClass                       0x0800dc53   Thumb Code    38  usbd_core.o(i.USBD_RegisterClass)
    USBD_RunTestMode                         0x0800dc79   Thumb Code     6  usbd_core.o(i.USBD_RunTestMode)
    USBD_SetClassConfig                      0x0800dcd9   Thumb Code    32  usbd_core.o(i.USBD_SetClassConfig)
    USBD_Start                               0x0800de0d   Thumb Code    12  usbd_core.o(i.USBD_Start)
    USBD_StdDevReq                           0x0800de19   Thumb Code   166  usbd_ctlreq.o(i.USBD_StdDevReq)
    USBD_StdEPReq                            0x0800debf   Thumb Code   554  usbd_ctlreq.o(i.USBD_StdEPReq)
    USBD_StdItfReq                           0x0800e0e9   Thumb Code   126  usbd_ctlreq.o(i.USBD_StdItfReq)
    USBD_Stop                                0x0800e167   Thumb Code    46  usbd_core.o(i.USBD_Stop)
    USB_ActivateEndpoint                     0x0800e195   Thumb Code   202  stm32f7xx_ll_usb.o(i.USB_ActivateEndpoint)
    USB_ActivateSetup                        0x0800e265   Thumb Code    40  stm32f7xx_ll_usb.o(i.USB_ActivateSetup)
    USB_CoreInit                             0x0800e28d   Thumb Code   114  stm32f7xx_ll_usb.o(i.USB_CoreInit)
    USB_DeactivateEndpoint                   0x0800e351   Thumb Code   318  stm32f7xx_ll_usb.o(i.USB_DeactivateEndpoint)
    USB_DevConnect                           0x0800e49d   Thumb Code    32  stm32f7xx_ll_usb.o(i.USB_DevConnect)
    USB_DevDisconnect                        0x0800e4bd   Thumb Code    32  stm32f7xx_ll_usb.o(i.USB_DevDisconnect)
    USB_DevInit                              0x0800e4dd   Thumb Code   494  stm32f7xx_ll_usb.o(i.USB_DevInit)
    USB_DisableGlobalInt                     0x0800e6d5   Thumb Code    14  stm32f7xx_ll_usb.o(i.USB_DisableGlobalInt)
    USB_EP0StartXfer                         0x0800e6e5   Thumb Code   468  stm32f7xx_ll_usb.o(i.USB_EP0StartXfer)
    USB_EP0_OutStart                         0x0800e8bd   Thumb Code   106  stm32f7xx_ll_usb.o(i.USB_EP0_OutStart)
    USB_EPClearStall                         0x0800e92d   Thumb Code   142  stm32f7xx_ll_usb.o(i.USB_EPClearStall)
    USB_EPSetStall                           0x0800e9bb   Thumb Code   154  stm32f7xx_ll_usb.o(i.USB_EPSetStall)
    USB_EPStartXfer                          0x0800ea55   Thumb Code   832  stm32f7xx_ll_usb.o(i.USB_EPStartXfer)
    USB_EnableGlobalInt                      0x0800ed99   Thumb Code    14  stm32f7xx_ll_usb.o(i.USB_EnableGlobalInt)
    USB_FlushRxFifo                          0x0800eda9   Thumb Code    38  stm32f7xx_ll_usb.o(i.USB_FlushRxFifo)
    USB_FlushTxFifo                          0x0800edd5   Thumb Code    44  stm32f7xx_ll_usb.o(i.USB_FlushTxFifo)
    USB_GetDevSpeed                          0x0800ee05   Thumb Code    38  stm32f7xx_ll_usb.o(i.USB_GetDevSpeed)
    USB_GetMode                              0x0800ee2b   Thumb Code    10  stm32f7xx_ll_usb.o(i.USB_GetMode)
    USB_ReadDevAllInEpInterrupt              0x0800ee35   Thumb Code    20  stm32f7xx_ll_usb.o(i.USB_ReadDevAllInEpInterrupt)
    USB_ReadDevAllOutEpInterrupt             0x0800ee49   Thumb Code    20  stm32f7xx_ll_usb.o(i.USB_ReadDevAllOutEpInterrupt)
    USB_ReadDevInEPInterrupt                 0x0800ee5d   Thumb Code    50  stm32f7xx_ll_usb.o(i.USB_ReadDevInEPInterrupt)
    USB_ReadDevOutEPInterrupt                0x0800ee8f   Thumb Code    26  stm32f7xx_ll_usb.o(i.USB_ReadDevOutEPInterrupt)
    USB_ReadInterrupts                       0x0800eea9   Thumb Code    10  stm32f7xx_ll_usb.o(i.USB_ReadInterrupts)
    USB_ReadPacket                           0x0800eeb3   Thumb Code    34  stm32f7xx_ll_usb.o(i.USB_ReadPacket)
    USB_SetCurrentMode                       0x0800eed5   Thumb Code    54  stm32f7xx_ll_usb.o(i.USB_SetCurrentMode)
    USB_SetDevAddress                        0x0800ef0b   Thumb Code    42  stm32f7xx_ll_usb.o(i.USB_SetDevAddress)
    USB_SetDevSpeed                          0x0800ef35   Thumb Code    18  stm32f7xx_ll_usb.o(i.USB_SetDevSpeed)
    USB_SetTurnaroundTime                    0x0800ef49   Thumb Code   192  stm32f7xx_ll_usb.o(i.USB_SetTurnaroundTime)
    USB_StopDevice                           0x0800f031   Thumb Code    92  stm32f7xx_ll_usb.o(i.USB_StopDevice)
    USB_WritePacket                          0x0800f08d   Thumb Code    60  stm32f7xx_ll_usb.o(i.USB_WritePacket)
    UsageFault_Handler                       0x0800f0c9   Thumb Code     4  stm32f7xx_it.o(i.UsageFault_Handler)
    __0printf$8                              0x0800f0cd   Thumb Code    22  printf8.o(i.__0printf$8)
    __1printf$8                              0x0800f0cd   Thumb Code     0  printf8.o(i.__0printf$8)
    __2printf                                0x0800f0cd   Thumb Code     0  printf8.o(i.__0printf$8)
    __aeabi_assert                           0x0800f125   Thumb Code   110  retarget_io.o(i.__aeabi_assert)
    __scatterload_copy                       0x0800f1c1   Thumb Code    14  handlers.o(i.__scatterload_copy)
    __scatterload_null                       0x0800f1cf   Thumb Code     2  handlers.o(i.__scatterload_null)
    __scatterload_zeroinit                   0x0800f1d1   Thumb Code    14  handlers.o(i.__scatterload_zeroinit)
    abort                                    0x0800f637   Thumb Code     4  retarget_io.o(i.abort)
    eOTAACmdJumpApp                          0x0800f63d   Thumb Code   100  main.o(i.eOTAACmdJumpApp)
    eOTAACmdReadID                           0x0800f6a5   Thumb Code   152  main.o(i.eOTAACmdReadID)
    eOTAACmd_DownloadDROM                    0x0800f741   Thumb Code     6  otaacmd_dwndrom.o(i.eOTAACmd_DownloadDROM)
    eOTAACmd_DownloadIROM                    0x0800f747   Thumb Code     6  otaacmd_dwnirom.o(i.eOTAACmd_DownloadIROM)
    eOTAACmd_FormatROM                       0x0800f74d   Thumb Code     6  otaacmd_formatrom.o(i.eOTAACmd_FormatROM)
    eOTAACmd_JumpApp                         0x0800f753   Thumb Code    22  otaacmd_jump.o(i.eOTAACmd_JumpApp)
    eOTAACmd_ReadCPUID                       0x0800f769   Thumb Code    30  otaacmd_readid.o(i.eOTAACmd_ReadCPUID)
    eOTAACmd_ReadNORID                       0x0800f787   Thumb Code    30  otaacmd_readid.o(i.eOTAACmd_ReadNORID)
    eOTAACmd_ReadQSPID                       0x0800f7a5   Thumb Code    30  otaacmd_readid.o(i.eOTAACmd_ReadQSPID)
    eOTAACmd_Restart                         0x0800f7c3   Thumb Code     6  otaacmd_restartcpu.o(i.eOTAACmd_Restart)
    eOTAACmd_SectorErase                     0x0800f7c9   Thumb Code     6  otaacmd_sectorerase.o(i.eOTAACmd_SectorErase)
    eOTAACmd_UploadDROM                      0x0800f7cf   Thumb Code     6  otaacmd_upddrom.o(i.eOTAACmd_UploadDROM)
    eOTAACmd_UploadIROM                      0x0800f7d5   Thumb Code     6  otaacmd_updirom.o(i.eOTAACmd_UploadIROM)
    eOTAAError2Exception                     0x0800f7db   Thumb Code    56  otaa.o(i.eOTAAError2Exception)
    eOTAAUSBInit                             0x0800f815   Thumb Code    54  otaausb.o(i.eOTAAUSBInit)
    eOTAAUSBReceive                          0x0800f895   Thumb Code   294  otaausb.o(i.eOTAAUSBReceive)
    eOTAAUSBStart                            0x0800fa1d   Thumb Code    18  otaausb.o(i.eOTAAUSBStart)
    eOTAAUSBTransmit                         0x0800fa31   Thumb Code   100  otaausb.o(i.eOTAAUSBTransmit)
    eOTAA_Enable                             0x0800fa99   Thumb Code    40  otaa.o(i.eOTAA_Enable)
    eOTAA_Init                               0x0800fac9   Thumb Code    64  otaa.o(i.eOTAA_Init)
    eOTAA_Poll                               0x0800fb19   Thumb Code   224  otaa.o(i.eOTAA_Poll)
    fputc                                    0x0800fc05   Thumb Code    26  retarget_io.o(i.fputc)
    fputs                                    0x0800fc25   Thumb Code    24  fputs.o(i.fputs)
    free                                     0x0800fc3d   Thumb Code    76  malloc.o(i.free)
    main                                     0x0800fc9d   Thumb Code    80  main.o(i.main)
    malloc                                   0x0800fd09   Thumb Code    92  malloc.o(i.malloc)
    osDelay                                  0x0800fd75   Thumb Code    24  cmsis_os.o(i.osDelay)
    osKernelStart                            0x0800fd8d   Thumb Code    10  cmsis_os.o(i.osKernelStart)
    osSemaphoreCreate                        0x0800fd97   Thumb Code    74  cmsis_os.o(i.osSemaphoreCreate)
    osSemaphoreRelease                       0x0800fde1   Thumb Code    76  cmsis_os.o(i.osSemaphoreRelease)
    osSemaphoreWait                          0x0800fe31   Thumb Code   100  cmsis_os.o(i.osSemaphoreWait)
    osThreadCreate                           0x0800fe99   Thumb Code    94  cmsis_os.o(i.osThreadCreate)
    pvPortMalloc                             0x08010525   Thumb Code   308  heap_4.o(i.pvPortMalloc)
    pvTaskIncrementMutexHeldCount            0x0801066d   Thumb Code    26  tasks.o(i.pvTaskIncrementMutexHeldCount)
    pxPortInitialiseStack                    0x0801068d   Thumb Code    38  port.o(i.pxPortInitialiseStack)
    usOTAACRC16                              0x080106c5   Thumb Code    48  otaacrc.o(i.usOTAACRC16)
    uxListRemove                             0x080106fd   Thumb Code    40  list.o(i.uxListRemove)
    vApplicationGetIdleTaskMemory            0x08010725   Thumb Code    14  freertos.o(i.vApplicationGetIdleTaskMemory)
    vListInitialise                          0x0801073d   Thumb Code    26  list.o(i.vListInitialise)
    vListInitialiseItem                      0x08010757   Thumb Code     6  list.o(i.vListInitialiseItem)
    vListInsert                              0x0801075d   Thumb Code    52  list.o(i.vListInsert)
    vListInsertEnd                           0x08010791   Thumb Code    24  list.o(i.vListInsertEnd)
    vPortEnterCritical                       0x080107a9   Thumb Code    84  port.o(i.vPortEnterCritical)
    vPortExitCritical                        0x08010805   Thumb Code    60  port.o(i.vPortExitCritical)
    vPortFree                                0x08010845   Thumb Code   148  heap_4.o(i.vPortFree)
    vPortSetupTimerInterrupt                 0x080108e1   Thumb Code    36  port.o(i.vPortSetupTimerInterrupt)
    vPortValidateInterruptPriority           0x08010909   Thumb Code   114  port.o(i.vPortValidateInterruptPriority)
    vTaskDelay                               0x08010989   Thumb Code    86  tasks.o(i.vTaskDelay)
    vTaskInternalSetTimeOutState             0x080109e9   Thumb Code    14  tasks.o(i.vTaskInternalSetTimeOutState)
    vTaskMissedYield                         0x08010a01   Thumb Code     8  tasks.o(i.vTaskMissedYield)
    vTaskPlaceOnEventList                    0x08010a0d   Thumb Code    56  tasks.o(i.vTaskPlaceOnEventList)
    vTaskPriorityDisinheritAfterTimeout      0x08010a49   Thumb Code   238  tasks.o(i.vTaskPriorityDisinheritAfterTimeout)
    vTaskStartScheduler                      0x08010b45   Thumb Code   154  tasks.o(i.vTaskStartScheduler)
    vTaskSuspendAll                          0x08010bfd   Thumb Code    12  tasks.o(i.vTaskSuspendAll)
    vTaskSwitchContext                       0x08010c0d   Thumb Code   122  tasks.o(i.vTaskSwitchContext)
    xOTAAPortEventGet                        0x08010c9d   Thumb Code    72  portevent.o(i.xOTAAPortEventGet)
    xOTAAPortEventInit                       0x08010ced   Thumb Code    28  portevent.o(i.xOTAAPortEventInit)
    xOTAAPortEventPost                       0x08010d11   Thumb Code    20  portevent.o(i.xOTAAPortEventPost)
    xOTAAPortTimersInit                      0x08010d2d   Thumb Code   116  porttimer.o(i.xOTAAPortTimersInit)
    xOTAAPortUSBEnable                       0x08010db9   Thumb Code    34  portusb.o(i.xOTAAPortUSBEnable)
    xOTAAPortUSBInit                         0x08010de1   Thumb Code    50  portusb.o(i.xOTAAPortUSBInit)
    xOTAAUSBReceiveFSM                       0x08010e25   Thumb Code    28  otaausb.o(i.xOTAAUSBReceiveFSM)
    xPortStartScheduler                      0x08010e49   Thumb Code   252  port.o(i.xPortStartScheduler)
    xPortSysTickHandler                      0x08010f5d   Thumb Code    50  port.o(i.xPortSysTickHandler)
    xQueueGenericCreate                      0x08010f95   Thumb Code   100  queue.o(i.xQueueGenericCreate)
    xQueueGenericCreateStatic                0x08010ff9   Thumb Code   244  queue.o(i.xQueueGenericCreateStatic)
    xQueueGenericReset                       0x080110ed   Thumb Code   150  queue.o(i.xQueueGenericReset)
    xQueueGenericSend                        0x08011189   Thumb Code   436  queue.o(i.xQueueGenericSend)
    xQueueGiveFromISR                        0x08011341   Thumb Code   240  queue.o(i.xQueueGiveFromISR)
    xQueueReceiveFromISR                     0x08011431   Thumb Code   214  queue.o(i.xQueueReceiveFromISR)
    xQueueSemaphoreTake                      0x08011509   Thumb Code   450  queue.o(i.xQueueSemaphoreTake)
    xTaskCheckForTimeOut                     0x080116d1   Thumb Code   140  tasks.o(i.xTaskCheckForTimeOut)
    xTaskCreate                              0x08011765   Thumb Code   100  tasks.o(i.xTaskCreate)
    xTaskCreateStatic                        0x080117c9   Thumb Code   198  tasks.o(i.xTaskCreateStatic)
    xTaskGetSchedulerState                   0x08011891   Thumb Code    24  tasks.o(i.xTaskGetSchedulerState)
    xTaskIncrementTick                       0x080118b1   Thumb Code   286  tasks.o(i.xTaskIncrementTick)
    xTaskPriorityDisinherit                  0x080119fd   Thumb Code   196  tasks.o(i.xTaskPriorityDisinherit)
    xTaskPriorityInherit                     0x08011acd   Thumb Code   186  tasks.o(i.xTaskPriorityInherit)
    xTaskRemoveFromEventList                 0x08011b95   Thumb Code   132  tasks.o(i.xTaskRemoveFromEventList)
    xTaskResumeAll                           0x08011c31   Thumb Code   228  tasks.o(i.xTaskResumeAll)
    AHBPrescTable                            0x08011d70   Data          16  system_stm32f7xx.o(.constdata)
    APBPrescTable                            0x08011d80   Data           8  system_stm32f7xx.o(.constdata)
    os_semaphore_def_xOTAASemaphore          0x08011f88   Data           8  portevent.o(.constdata)
    Region$$Table$$Base                      0x0801223c   Number         0  anon$$obj.o(Region$$Table)
    Region$$Table$$Limit                     0x0801225c   Number         0  anon$$obj.o(Region$$Table)
    HS_Desc                                  0x20000010   Data          32  usbd_desc.o(.data)
    USBD_HS_DeviceDesc                       0x20000030   Data          18  usbd_desc.o(.data)
    USBD_HS_BOSDesc                          0x20000044   Data          12  usbd_desc.o(.data)
    USBD_LangIDDesc                          0x20000050   Data           4  usbd_desc.o(.data)
    USBD_StringSerial                        0x20000054   Data          26  usbd_desc.o(.data)
    USBD_Interface_fops_HS                   0x20000070   Data          20  usbd_cdc_if.o(.data)
    SystemCoreClock                          0x20000084   Data           4  system_stm32f7xx.o(.data)
    uwTick                                   0x20000088   Data           4  stm32f7xx_hal.o(.data)
    uwTickPrio                               0x2000008c   Data           4  stm32f7xx_hal.o(.data)
    uwTickFreq                               0x20000090   Data           1  stm32f7xx_hal.o(.data)
    pxCurrentTCB                             0x200000a4   Data           4  tasks.o(.data)
    USBD_CDC                                 0x20000108   Data          60  usbd_cdc.o(.data)
    __stderr                                 0x20000288   Data           4  stderr.o(.data)
    __stdout                                 0x2000028c   Data           4  stdout.o(.data)
    __microlib_freelist                      0x20000290   Data           4  mvars.o(.data)
    __microlib_freelist_initialised          0x20000294   Data           4  mvars.o(.data)
    hpcd_USB_OTG_HS                          0x200004ec   Data        1028  usbd_conf.o(.bss)
    USBD_StrDesc                             0x200008f0   Data         512  usbd_desc.o(.bss)
    UserRxBufferHS                           0x20000af0   Data        1024  usbd_cdc_if.o(.bss)
    UserTxBufferHS                           0x20000ef0   Data        1024  usbd_cdc_if.o(.bss)
    QSPIHandle                               0x20001448   Data          76  stf7som_qspi.o(.bss)
    hUsbDeviceHS                             0x20005394   Data         720  portusb.o(.bss)
    __heap_base                              0x20005ea8   Data           0  startup_stm32f750xx.o(HEAP)
    __heap_limit                             0x20006ea8   Data           0  startup_stm32f750xx.o(HEAP)
    __initial_sp                             0x20007ea8   Data           0  startup_stm32f750xx.o(STACK)



==============================================================================

Memory Map of the image

  Image Entry point : 0x080081c9

  Load Region LR_IROM1 (Base: 0x08008000, Size: 0x0000a4f4, Max: 0x00018000, ABSOLUTE, COMPRESSED[0x0000a378])

    Execution Region ER_IROM1 (Exec base: 0x08008000, Load base: 0x08008000, Size: 0x0000a25c, Max: 0x00018000, ABSOLUTE)

    Exec Addr    Load Addr    Size         Type   Attr      Idx    E Section Name        Object

    0x08008000   0x08008000   0x000001c8   Data   RO          901    RESET               startup_stm32f750xx.o
    0x080081c8   0x080081c8   0x00000000   Code   RO         9618  * .ARM.Collect$$$$00000000  mc_w.l(entry.o)
    0x080081c8   0x080081c8   0x00000004   Code   RO         9925    .ARM.Collect$$$$00000001  mc_w.l(entry2.o)
    0x080081cc   0x080081cc   0x00000004   Code   RO         9928    .ARM.Collect$$$$00000004  mc_w.l(entry5.o)
    0x080081d0   0x080081d0   0x00000000   Code   RO         9930    .ARM.Collect$$$$00000008  mc_w.l(entry7b.o)
    0x080081d0   0x080081d0   0x00000000   Code   RO         9932    .ARM.Collect$$$$0000000A  mc_w.l(entry8b.o)
    0x080081d0   0x080081d0   0x00000008   Code   RO         9933    .ARM.Collect$$$$0000000B  mc_w.l(entry9a.o)
    0x080081d8   0x080081d8   0x00000004   Code   RO         9940    .ARM.Collect$$$$0000000E  mc_w.l(entry12b.o)
    0x080081dc   0x080081dc   0x00000000   Code   RO         9935    .ARM.Collect$$$$0000000F  mc_w.l(entry10a.o)
    0x080081dc   0x080081dc   0x00000000   Code   RO         9937    .ARM.Collect$$$$00000011  mc_w.l(entry11a.o)
    0x080081dc   0x080081dc   0x00000004   Code   RO         9926    .ARM.Collect$$$$00002712  mc_w.l(entry2.o)
    0x080081e0   0x080081e0   0x000000c2   Code   RO         7485    .emb_text           port.o
    0x080082a2   0x080082a2   0x00000002   PAD
    0x080082a4   0x080082a4   0x00000024   Code   RO          902    .text               startup_stm32f750xx.o
    0x080082c8   0x080082c8   0x00000062   Code   RO         9626    .text               mc_w.l(uldiv.o)
    0x0800832a   0x0800832a   0x00000024   Code   RO         9628    .text               mc_w.l(memcpya.o)
    0x0800834e   0x0800834e   0x00000024   Code   RO         9632    .text               mc_w.l(memseta.o)
    0x08008372   0x08008372   0x0000001e   Code   RO         9944    .text               mc_w.l(llshl.o)
    0x08008390   0x08008390   0x00000020   Code   RO         9946    .text               mc_w.l(llushr.o)
    0x080083b0   0x080083b0   0x00000024   Code   RO         9961    .text               mc_w.l(init.o)
    0x080083d4   0x080083d4   0x00000056   Code   RO         9975    .text               mc_w.l(__dczerorl2.o)
    0x0800842a   0x0800842a   0x00000002   PAD
    0x0800842c   0x0800842c   0x0000001c   Code   RO         1416    i.BSP_Bootloader_CheckForApplication  stf7som_bootloader.o
    0x08008448   0x08008448   0x00000020   Code   RO         1422    i.BSP_Bootloader_Get_BootTable  stf7som_bootloader.o
    0x08008468   0x08008468   0x00000030   Code   RO         1423    i.BSP_Bootloader_JumpToApplication  stf7som_bootloader.o
    0x08008498   0x08008498   0x0000008c   Code   RO         1426    i.BSP_Bootloader_VerifyChecksum  stf7som_bootloader.o
    0x08008524   0x08008524   0x00000060   Code   RO         1161    i.BSP_FMC_Init_CommonPins  stf7som_fmc.o
    0x08008584   0x08008584   0x00000128   Code   RO          911    i.BSP_GPIOCLK_Enable  stf7som.o
    0x080086ac   0x080086ac   0x000000a4   Code   RO         1062    i.BSP_NOR_Init      stf7som_nor.o
    0x08008750   0x08008750   0x00000054   Code   RO         1064    i.BSP_NOR_MspInit   stf7som_nor.o
    0x080087a4   0x080087a4   0x000000e4   Code   RO         1065    i.BSP_NOR_ReadBuffer  stf7som_nor.o
    0x08008888   0x08008888   0x0000001c   Code   RO         1067    i.BSP_NOR_Read_ID   stf7som_nor.o
    0x080088a4   0x080088a4   0x0000002c   Code   RO          915    i.BSP_PB_Init       stf7som.o
    0x080088d0   0x080088d0   0x0000004c   Code   RO         1198    i.BSP_QSPI_Init     stf7som_qspi.o
    0x0800891c   0x0800891c   0x00000074   Code   RO         1200    i.BSP_QSPI_ReadDeviceID  stf7som_qspi.o
    0x08008990   0x08008990   0x00000078   Code   RO         1201    i.BSP_QSPI_ReadID   stf7som_qspi.o
    0x08008a08   0x08008a08   0x0000007c   Code   RO         1202    i.BSP_QSPI_ReadUniqDevID  stf7som_qspi.o
    0x08008a84   0x08008a84   0x00000004   Code   RO          799    i.BusFault_Handler  stm32f7xx_it.o
    0x08008a88   0x08008a88   0x00000044   Code   RO          730    i.CDC_Control_HS    usbd_cdc_if.o
    0x08008acc   0x08008acc   0x00000004   Code   RO          731    i.CDC_DeInit_HS     usbd_cdc_if.o
    0x08008ad0   0x08008ad0   0x00000024   Code   RO          732    i.CDC_Init_HS       usbd_cdc_if.o
    0x08008af4   0x08008af4   0x00000024   Code   RO          733    i.CDC_Receive_HS    usbd_cdc_if.o
    0x08008b18   0x08008b18   0x0000000c   Code   RO          734    i.CDC_TransmitCplt_HS  usbd_cdc_if.o
    0x08008b24   0x08008b24   0x00000038   Code   RO          735    i.CDC_Transmit_HS   usbd_cdc_if.o
    0x08008b5c   0x08008b5c   0x0000003e   Code   RO         4656    i.CRC_Handle_16     stm32f7xx_hal_crc.o
    0x08008b9a   0x08008b9a   0x00000092   Code   RO         4657    i.CRC_Handle_8      stm32f7xx_hal_crc.o
    0x08008c2c   0x08008c2c   0x00000010   Code   RO          920    i.DMA2_Stream0_IRQHandler  stf7som.o
    0x08008c3c   0x08008c3c   0x00000002   Code   RO          800    i.DebugMon_Handler  stm32f7xx_it.o
    0x08008c3e   0x08008c3e   0x00000002   Code   RO            4    i.Error_Handler     main.o
    0x08008c40   0x08008c40   0x00000048   Code   RO         4967    i.FMC_NORSRAM_Extended_Timing_Init  stm32f7xx_ll_fmc.o
    0x08008c88   0x08008c88   0x00000080   Code   RO         4968    i.FMC_NORSRAM_Init  stm32f7xx_ll_fmc.o
    0x08008d08   0x08008d08   0x00000062   Code   RO         4969    i.FMC_NORSRAM_Timing_Init  stm32f7xx_ll_fmc.o
    0x08008d6a   0x08008d6a   0x00000002   PAD
    0x08008d6c   0x08008d6c   0x00000034   Code   RO          634    i.Get_SerialNum     usbd_desc.o
    0x08008da0   0x08008da0   0x00000066   Code   RO         4728    i.HAL_CRCEx_Polynomial_Set  stm32f7xx_hal_crc_ex.o
    0x08008e06   0x08008e06   0x00000070   Code   RO         4659    i.HAL_CRC_Calculate  stm32f7xx_hal_crc.o
    0x08008e76   0x08008e76   0x00000002   PAD
    0x08008e78   0x08008e78   0x00000084   Code   RO         4662    i.HAL_CRC_Init      stm32f7xx_hal_crc.o
    0x08008efc   0x08008efc   0x00000002   Code   RO         4664    i.HAL_CRC_MspInit   stm32f7xx_hal_crc.o
    0x08008efe   0x08008efe   0x000000aa   Code   RO         3124    i.HAL_DMA_Abort     stm32f7xx_hal_dma.o
    0x08008fa8   0x08008fa8   0x00000240   Code   RO         3129    i.HAL_DMA_IRQHandler  stm32f7xx_hal_dma.o
    0x080091e8   0x080091e8   0x00000044   Code   RO         3630    i.HAL_DeInit        stm32f7xx_hal.o
    0x0800922c   0x0800922c   0x00000028   Code   RO         3631    i.HAL_Delay         stm32f7xx_hal.o
    0x08009254   0x08009254   0x00000218   Code   RO         3058    i.HAL_GPIO_Init     stm32f7xx_hal_gpio.o
    0x0800946c   0x0800946c   0x0000000c   Code   RO         3639    i.HAL_GetTick       stm32f7xx_hal.o
    0x08009478   0x08009478   0x0000000c   Code   RO         3642    i.HAL_GetUIDw0      stm32f7xx_hal.o
    0x08009484   0x08009484   0x0000000c   Code   RO         3643    i.HAL_GetUIDw1      stm32f7xx_hal.o
    0x08009490   0x08009490   0x0000000c   Code   RO         3644    i.HAL_GetUIDw2      stm32f7xx_hal.o
    0x0800949c   0x0800949c   0x00000018   Code   RO         3645    i.HAL_IncTick       stm32f7xx_hal.o
    0x080094b4   0x080094b4   0x00000016   Code   RO         3646    i.HAL_Init          stm32f7xx_hal.o
    0x080094ca   0x080094ca   0x00000002   PAD
    0x080094cc   0x080094cc   0x0000004c   Code   RO         3647    i.HAL_InitTick      stm32f7xx_hal.o
    0x08009518   0x08009518   0x00000002   Code   RO         3648    i.HAL_MspDeInit     stm32f7xx_hal.o
    0x0800951a   0x0800951a   0x00000002   PAD
    0x0800951c   0x0800951c   0x00000050   Code   RO          878    i.HAL_MspInit       stm32f7xx_hal_msp.o
    0x0800956c   0x0800956c   0x00000074   Code   RO         5114    i.HAL_NOR_Init      stm32f7xx_hal_nor.o
    0x080095e0   0x080095e0   0x00000002   Code   RO         5116    i.HAL_NOR_MspInit   stm32f7xx_hal_nor.o
    0x080095e2   0x080095e2   0x00000002   PAD
    0x080095e4   0x080095e4   0x00000138   Code   RO         5123    i.HAL_NOR_Read_ID   stm32f7xx_hal_nor.o
    0x0800971c   0x0800971c   0x00000020   Code   RO         3489    i.HAL_NVIC_EnableIRQ  stm32f7xx_hal_cortex.o
    0x0800973c   0x0800973c   0x0000007c   Code   RO         3495    i.HAL_NVIC_SetPriority  stm32f7xx_hal_cortex.o
    0x080097b8   0x080097b8   0x00000028   Code   RO         3496    i.HAL_NVIC_SetPriorityGrouping  stm32f7xx_hal_cortex.o
    0x080097e0   0x080097e0   0x00000028   Code   RO         2306    i.HAL_PCDEx_ActivateLPM  stm32f7xx_hal_pcd_ex.o
    0x08009808   0x08009808   0x00000070   Code   RO          428    i.HAL_PCDEx_LPM_Callback  usbd_conf.o
    0x08009878   0x08009878   0x0000000a   Code   RO         2310    i.HAL_PCDEx_SetRxFiFo  stm32f7xx_hal_pcd_ex.o
    0x08009882   0x08009882   0x0000004e   Code   RO         2311    i.HAL_PCDEx_SetTxFiFo  stm32f7xx_hal_pcd_ex.o
    0x080098d0   0x080098d0   0x0000000e   Code   RO          429    i.HAL_PCD_ConnectCallback  usbd_conf.o
    0x080098de   0x080098de   0x00000020   Code   RO          430    i.HAL_PCD_DataInStageCallback  usbd_conf.o
    0x080098fe   0x080098fe   0x00000020   Code   RO          431    i.HAL_PCD_DataOutStageCallback  usbd_conf.o
    0x0800991e   0x0800991e   0x0000000e   Code   RO          432    i.HAL_PCD_DisconnectCallback  usbd_conf.o
    0x0800992c   0x0800992c   0x0000006a   Code   RO         2090    i.HAL_PCD_EP_Close  stm32f7xx_hal_pcd.o
    0x08009996   0x08009996   0x0000007c   Code   RO         2091    i.HAL_PCD_EP_ClrStall  stm32f7xx_hal_pcd.o
    0x08009a12   0x08009a12   0x00000016   Code   RO         2093    i.HAL_PCD_EP_GetRxCount  stm32f7xx_hal_pcd.o
    0x08009a28   0x08009a28   0x0000008c   Code   RO         2094    i.HAL_PCD_EP_Open   stm32f7xx_hal_pcd.o
    0x08009ab4   0x08009ab4   0x00000058   Code   RO         2095    i.HAL_PCD_EP_Receive  stm32f7xx_hal_pcd.o
    0x08009b0c   0x08009b0c   0x0000008a   Code   RO         2096    i.HAL_PCD_EP_SetStall  stm32f7xx_hal_pcd.o
    0x08009b96   0x08009b96   0x0000005a   Code   RO         2097    i.HAL_PCD_EP_Transmit  stm32f7xx_hal_pcd.o
    0x08009bf0   0x08009bf0   0x000005a0   Code   RO         2099    i.HAL_PCD_IRQHandler  stm32f7xx_hal_pcd.o
    0x0800a190   0x0800a190   0x00000012   Code   RO          433    i.HAL_PCD_ISOINIncompleteCallback  usbd_conf.o
    0x0800a1a2   0x0800a1a2   0x00000012   Code   RO          434    i.HAL_PCD_ISOOUTIncompleteCallback  usbd_conf.o
    0x0800a1b4   0x0800a1b4   0x00000172   Code   RO         2102    i.HAL_PCD_Init      stm32f7xx_hal_pcd.o
    0x0800a326   0x0800a326   0x00000002   PAD
    0x0800a328   0x0800a328   0x0000008c   Code   RO          436    i.HAL_PCD_MspInit   usbd_conf.o
    0x0800a3b4   0x0800a3b4   0x00000030   Code   RO          437    i.HAL_PCD_ResetCallback  usbd_conf.o
    0x0800a3e4   0x0800a3e4   0x0000000e   Code   RO          438    i.HAL_PCD_ResumeCallback  usbd_conf.o
    0x0800a3f2   0x0800a3f2   0x0000000e   Code   RO          439    i.HAL_PCD_SOFCallback  usbd_conf.o
    0x0800a400   0x0800a400   0x00000036   Code   RO         2108    i.HAL_PCD_SetAddress  stm32f7xx_hal_pcd.o
    0x0800a436   0x0800a436   0x00000012   Code   RO          440    i.HAL_PCD_SetupStageCallback  usbd_conf.o
    0x0800a448   0x0800a448   0x00000034   Code   RO         2110    i.HAL_PCD_Start     stm32f7xx_hal_pcd.o
    0x0800a47c   0x0800a47c   0x0000004a   Code   RO         2111    i.HAL_PCD_Stop      stm32f7xx_hal_pcd.o
    0x0800a4c6   0x0800a4c6   0x00000002   PAD
    0x0800a4c8   0x0800a4c8   0x00000034   Code   RO          441    i.HAL_PCD_SuspendCallback  usbd_conf.o
    0x0800a4fc   0x0800a4fc   0x00000090   Code   RO         3398    i.HAL_PWREx_EnableOverDrive  stm32f7xx_hal_pwr_ex.o
    0x0800a58c   0x0800a58c   0x0000009a   Code   RO         5686    i.HAL_QSPI_Abort    stm32f7xx_hal_qspi.o
    0x0800a626   0x0800a626   0x000000ca   Code   RO         5689    i.HAL_QSPI_AutoPolling  stm32f7xx_hal_qspi.o
    0x0800a6f0   0x0800a6f0   0x000000a4   Code   RO         5692    i.HAL_QSPI_Command  stm32f7xx_hal_qspi.o
    0x0800a794   0x0800a794   0x000000c0   Code   RO         5701    i.HAL_QSPI_Init     stm32f7xx_hal_qspi.o
    0x0800a854   0x0800a854   0x000000b0   Code   RO         1205    i.HAL_QSPI_MspInit  stf7som_qspi.o
    0x0800a904   0x0800a904   0x000000ec   Code   RO         5705    i.HAL_QSPI_Receive  stm32f7xx_hal_qspi.o
    0x0800a9f0   0x0800a9f0   0x00000004   Code   RO         5712    i.HAL_QSPI_SetTimeout  stm32f7xx_hal_qspi.o
    0x0800a9f4   0x0800a9f4   0x000000dc   Code   RO         5715    i.HAL_QSPI_Transmit  stm32f7xx_hal_qspi.o
    0x0800aad0   0x0800aad0   0x000006e0   Code   RO         2774    i.HAL_RCCEx_PeriphCLKConfig  stm32f7xx_hal_rcc_ex.o
    0x0800b1b0   0x0800b1b0   0x00000194   Code   RO         2667    i.HAL_RCC_ClockConfig  stm32f7xx_hal_rcc.o
    0x0800b344   0x0800b344   0x0000019c   Code   RO         2668    i.HAL_RCC_DeInit    stm32f7xx_hal_rcc.o
    0x0800b4e0   0x0800b4e0   0x00000014   Code   RO         2670    i.HAL_RCC_EnableCSS  stm32f7xx_hal_rcc.o
    0x0800b4f4   0x0800b4f4   0x0000000c   Code   RO         2672    i.HAL_RCC_GetHCLKFreq  stm32f7xx_hal_rcc.o
    0x0800b500   0x0800b500   0x000000b0   Code   RO         2676    i.HAL_RCC_GetSysClockFreq  stm32f7xx_hal_rcc.o
    0x0800b5b0   0x0800b5b0   0x00000504   Code   RO         2679    i.HAL_RCC_OscConfig  stm32f7xx_hal_rcc.o
    0x0800bab4   0x0800bab4   0x00000034   Code   RO         3500    i.HAL_SYSTICK_Config  stm32f7xx_hal_cortex.o
    0x0800bae8   0x0800bae8   0x00000002   Code   RO         7177    i.HAL_TIMEx_Break2Callback  stm32f7xx_hal_tim_ex.o
    0x0800baea   0x0800baea   0x00000002   Code   RO         7178    i.HAL_TIMEx_BreakCallback  stm32f7xx_hal_tim_ex.o
    0x0800baec   0x0800baec   0x00000002   Code   RO         7179    i.HAL_TIMEx_CommutCallback  stm32f7xx_hal_tim_ex.o
    0x0800baee   0x0800baee   0x00000034   Code   RO         6481    i.HAL_TIM_Base_Init  stm32f7xx_hal_tim.o
    0x0800bb22   0x0800bb22   0x00000002   Code   RO         6483    i.HAL_TIM_Base_MspInit  stm32f7xx_hal_tim.o
    0x0800bb24   0x0800bb24   0x00000002   Code   RO         6510    i.HAL_TIM_IC_CaptureCallback  stm32f7xx_hal_tim.o
    0x0800bb26   0x0800bb26   0x000001b8   Code   RO         6524    i.HAL_TIM_IRQHandler  stm32f7xx_hal_tim.o
    0x0800bcde   0x0800bcde   0x00000002   Code   RO         6527    i.HAL_TIM_OC_DelayElapsedCallback  stm32f7xx_hal_tim.o
    0x0800bce0   0x0800bce0   0x00000002   Code   RO         6554    i.HAL_TIM_PWM_PulseFinishedCallback  stm32f7xx_hal_tim.o
    0x0800bce2   0x0800bce2   0x0000000e   Code   RO         9263    i.HAL_TIM_PeriodElapsedCallback  porttimer.o
    0x0800bcf0   0x0800bcf0   0x00000002   Code   RO         6567    i.HAL_TIM_TriggerCallback  stm32f7xx_hal_tim.o
    0x0800bcf2   0x0800bcf2   0x0000001c   Code   RO          801    i.HardFault_Handler  stm32f7xx_it.o
    0x0800bd0e   0x0800bd0e   0x00000002   PAD
    0x0800bd10   0x0800bd10   0x00000030   Code   RO         9553    i.ITM_SendChar      retarget_io.o
    0x0800bd40   0x0800bd40   0x0000003e   Code   RO          635    i.IntToUnicode      usbd_desc.o
    0x0800bd7e   0x0800bd7e   0x00000004   Code   RO          802    i.MemManage_Handler  stm32f7xx_it.o
    0x0800bd82   0x0800bd82   0x00000002   Code   RO          803    i.NMI_Handler       stm32f7xx_it.o
    0x0800bd84   0x0800bd84   0x0000000a   Code   RO            6    i.OTAAUARTPollerTaskHandler  main.o
    0x0800bd8e   0x0800bd8e   0x00000002   PAD
    0x0800bd90   0x0800bd90   0x00000080   Code   RO            7    i.OTAAUSBPollerTaskHandler  main.o
    0x0800be10   0x0800be10   0x00000004   Code   RO         9480    i.OTAA_USBFrameExpiredTimerCB  otaausb.o
    0x0800be14   0x0800be14   0x00000010   Code   RO          804    i.OTG_HS_IRQHandler  stm32f7xx_it.o
    0x0800be24   0x0800be24   0x00000064   Code   RO         2113    i.PCD_EP_OutSetupPacket_int  stm32f7xx_hal_pcd.o
    0x0800be88   0x0800be88   0x0000017c   Code   RO         2114    i.PCD_EP_OutXfrComplete_int  stm32f7xx_hal_pcd.o
    0x0800c004   0x0800c004   0x000000b6   Code   RO         2115    i.PCD_WriteEmptyTxFifo  stm32f7xx_hal_pcd.o
    0x0800c0ba   0x0800c0ba   0x00000002   PAD
    0x0800c0bc   0x0800c0bc   0x00000060   Code   RO         1206    i.QSPI_AutoPollingMemReady  stf7som_qspi.o
    0x0800c11c   0x0800c11c   0x000001e8   Code   RO         5720    i.QSPI_Config       stm32f7xx_hal_qspi.o
    0x0800c304   0x0800c304   0x00000078   Code   RO         1207    i.QSPI_DummyCyclesCfg  stf7som_qspi.o
    0x0800c37c   0x0800c37c   0x00000064   Code   RO         1208    i.QSPI_ResetMemory  stf7som_qspi.o
    0x0800c3e0   0x0800c3e0   0x0000004c   Code   RO         5727    i.QSPI_WaitFlagStateUntilTimeout  stm32f7xx_hal_qspi.o
    0x0800c42c   0x0800c42c   0x00000078   Code   RO         1209    i.QSPI_WriteEnable  stf7som_qspi.o
    0x0800c4a4   0x0800c4a4   0x00000002   Code   RO          805    i.RCC_IRQHandler    stm32f7xx_it.o
    0x0800c4a6   0x0800c4a6   0x00000002   PAD
    0x0800c4a8   0x0800c4a8   0x0000065c   Code   RO         1604    i.ReportHardFault   faulthandler.o
    0x0800cb04   0x0800cb04   0x00000012   Code   RO         8872    i.SWAPBYTE          usbd_ctlreq.o
    0x0800cb16   0x0800cb16   0x00000014   Code   RO          806    i.SysTick_Handler   stm32f7xx_it.o
    0x0800cb2a   0x0800cb2a   0x00000008   Code   RO          442    i.SystemClockConfig_Resume  usbd_conf.o
    0x0800cb32   0x0800cb32   0x00000002   PAD
    0x0800cb34   0x0800cb34   0x000000f8   Code   RO            8    i.SystemClock_Config  main.o
    0x0800cc2c   0x0800cc2c   0x00000014   Code   RO         1630    i.SystemInit        system_stm32f7xx.o
    0x0800cc40   0x0800cc40   0x00000010   Code   RO         9264    i.TIM7_IRQHandler   porttimer.o
    0x0800cc50   0x0800cc50   0x000000d8   Code   RO         6569    i.TIM_Base_SetConfig  stm32f7xx_hal_tim.o
    0x0800cd28   0x0800cd28   0x0000008c   Code   RO         9035    i.USBD_CDC_DataIn   usbd_cdc.o
    0x0800cdb4   0x0800cdb4   0x00000034   Code   RO         9036    i.USBD_CDC_DataOut  usbd_cdc.o
    0x0800cde8   0x0800cde8   0x00000054   Code   RO         9037    i.USBD_CDC_DeInit   usbd_cdc.o
    0x0800ce3c   0x0800ce3c   0x00000032   Code   RO         9038    i.USBD_CDC_EP0_RxReady  usbd_cdc.o
    0x0800ce6e   0x0800ce6e   0x00000002   PAD
    0x0800ce70   0x0800ce70   0x00000010   Code   RO         9039    i.USBD_CDC_GetDeviceQualifierDescriptor  usbd_cdc.o
    0x0800ce80   0x0800ce80   0x00000010   Code   RO         9040    i.USBD_CDC_GetFSCfgDesc  usbd_cdc.o
    0x0800ce90   0x0800ce90   0x00000010   Code   RO         9041    i.USBD_CDC_GetHSCfgDesc  usbd_cdc.o
    0x0800cea0   0x0800cea0   0x00000010   Code   RO         9042    i.USBD_CDC_GetOtherSpeedCfgDesc  usbd_cdc.o
    0x0800ceb0   0x0800ceb0   0x000000c0   Code   RO         9043    i.USBD_CDC_Init     usbd_cdc.o
    0x0800cf70   0x0800cf70   0x0000003a   Code   RO         9044    i.USBD_CDC_ReceivePacket  usbd_cdc.o
    0x0800cfaa   0x0800cfaa   0x00000010   Code   RO         9045    i.USBD_CDC_RegisterInterface  usbd_cdc.o
    0x0800cfba   0x0800cfba   0x0000000e   Code   RO         9046    i.USBD_CDC_SetRxBuffer  usbd_cdc.o
    0x0800cfc8   0x0800cfc8   0x00000014   Code   RO         9047    i.USBD_CDC_SetTxBuffer  usbd_cdc.o
    0x0800cfdc   0x0800cfdc   0x000000fa   Code   RO         9048    i.USBD_CDC_Setup    usbd_cdc.o
    0x0800d0d6   0x0800d0d6   0x0000003c   Code   RO         9049    i.USBD_CDC_TransmitPacket  usbd_cdc.o
    0x0800d112   0x0800d112   0x0000001c   Code   RO         8734    i.USBD_ClrClassConfig  usbd_core.o
    0x0800d12e   0x0800d12e   0x0000003e   Code   RO         8873    i.USBD_ClrFeature   usbd_ctlreq.o
    0x0800d16c   0x0800d16c   0x00000018   Code   RO         8975    i.USBD_CtlContinueRx  usbd_ioreq.o
    0x0800d184   0x0800d184   0x00000018   Code   RO         8976    i.USBD_CtlContinueSendData  usbd_ioreq.o
    0x0800d19c   0x0800d19c   0x00000018   Code   RO         8874    i.USBD_CtlError     usbd_ctlreq.o
    0x0800d1b4   0x0800d1b4   0x00000028   Code   RO         8977    i.USBD_CtlPrepareRx  usbd_ioreq.o
    0x0800d1dc   0x0800d1dc   0x0000001a   Code   RO         8978    i.USBD_CtlReceiveStatus  usbd_ioreq.o
    0x0800d1f6   0x0800d1f6   0x00000022   Code   RO         8979    i.USBD_CtlSendData  usbd_ioreq.o
    0x0800d218   0x0800d218   0x0000001a   Code   RO         8980    i.USBD_CtlSendStatus  usbd_ioreq.o
    0x0800d232   0x0800d232   0x00000056   Code   RO         8875    i.USBD_GetConfig    usbd_ctlreq.o
    0x0800d288   0x0800d288   0x0000024c   Code   RO         8876    i.USBD_GetDescriptor  usbd_ctlreq.o
    0x0800d4d4   0x0800d4d4   0x00000016   Code   RO         8877    i.USBD_GetLen       usbd_ctlreq.o
    0x0800d4ea   0x0800d4ea   0x0000005a   Code   RO         8878    i.USBD_GetStatus    usbd_ctlreq.o
    0x0800d544   0x0800d544   0x00000054   Code   RO         8879    i.USBD_GetString    usbd_ctlreq.o
    0x0800d598   0x0800d598   0x0000002c   Code   RO          443    i.USBD_Get_USB_Status  usbd_conf.o
    0x0800d5c4   0x0800d5c4   0x00000034   Code   RO          636    i.USBD_HS_ConfigStrDescriptor  usbd_desc.o
    0x0800d5f8   0x0800d5f8   0x00000010   Code   RO          637    i.USBD_HS_DeviceDescriptor  usbd_desc.o
    0x0800d608   0x0800d608   0x00000038   Code   RO          638    i.USBD_HS_InterfaceStrDescriptor  usbd_desc.o
    0x0800d640   0x0800d640   0x00000010   Code   RO          639    i.USBD_HS_LangIDStrDescriptor  usbd_desc.o
    0x0800d650   0x0800d650   0x0000002c   Code   RO          640    i.USBD_HS_ManufacturerStrDescriptor  usbd_desc.o
    0x0800d67c   0x0800d67c   0x00000040   Code   RO          641    i.USBD_HS_ProductStrDescriptor  usbd_desc.o
    0x0800d6bc   0x0800d6bc   0x00000018   Code   RO          642    i.USBD_HS_SerialStrDescriptor  usbd_desc.o
    0x0800d6d4   0x0800d6d4   0x00000010   Code   RO          643    i.USBD_HS_USR_BOSDescriptor  usbd_desc.o
    0x0800d6e4   0x0800d6e4   0x00000044   Code   RO         8736    i.USBD_Init         usbd_core.o
    0x0800d728   0x0800d728   0x00000026   Code   RO          444    i.USBD_LL_ClearStallEP  usbd_conf.o
    0x0800d74e   0x0800d74e   0x00000026   Code   RO          445    i.USBD_LL_CloseEP   usbd_conf.o
    0x0800d774   0x0800d774   0x000000e6   Code   RO         8737    i.USBD_LL_DataInStage  usbd_core.o
    0x0800d85a   0x0800d85a   0x00000092   Code   RO         8738    i.USBD_LL_DataOutStage  usbd_core.o
    0x0800d8ec   0x0800d8ec   0x00000006   Code   RO         8739    i.USBD_LL_DevConnected  usbd_core.o
    0x0800d8f2   0x0800d8f2   0x00000020   Code   RO         8740    i.USBD_LL_DevDisconnected  usbd_core.o
    0x0800d912   0x0800d912   0x00000012   Code   RO          449    i.USBD_LL_GetRxDataSize  usbd_conf.o
    0x0800d924   0x0800d924   0x00000078   Code   RO          450    i.USBD_LL_Init      usbd_conf.o
    0x0800d99c   0x0800d99c   0x00000038   Code   RO          451    i.USBD_LL_IsStallEP  usbd_conf.o
    0x0800d9d4   0x0800d9d4   0x00000006   Code   RO         8741    i.USBD_LL_IsoINIncomplete  usbd_core.o
    0x0800d9da   0x0800d9da   0x00000006   Code   RO         8742    i.USBD_LL_IsoOUTIncomplete  usbd_core.o
    0x0800d9e0   0x0800d9e0   0x00000030   Code   RO          452    i.USBD_LL_OpenEP    usbd_conf.o
    0x0800da10   0x0800da10   0x00000030   Code   RO          453    i.USBD_LL_PrepareReceive  usbd_conf.o
    0x0800da40   0x0800da40   0x0000005a   Code   RO         8743    i.USBD_LL_Reset     usbd_core.o
    0x0800da9a   0x0800da9a   0x00000016   Code   RO         8744    i.USBD_LL_Resume    usbd_core.o
    0x0800dab0   0x0800dab0   0x00000022   Code   RO         8745    i.USBD_LL_SOF       usbd_core.o
    0x0800dad2   0x0800dad2   0x00000008   Code   RO         8746    i.USBD_LL_SetSpeed  usbd_core.o
    0x0800dada   0x0800dada   0x00000026   Code   RO          454    i.USBD_LL_SetUSBAddress  usbd_conf.o
    0x0800db00   0x0800db00   0x00000076   Code   RO         8747    i.USBD_LL_SetupStage  usbd_core.o
    0x0800db76   0x0800db76   0x00000026   Code   RO          455    i.USBD_LL_StallEP   usbd_conf.o
    0x0800db9c   0x0800db9c   0x0000001e   Code   RO          456    i.USBD_LL_Start     usbd_conf.o
    0x0800dbba   0x0800dbba   0x0000001e   Code   RO          457    i.USBD_LL_Stop      usbd_conf.o
    0x0800dbd8   0x0800dbd8   0x00000014   Code   RO         8748    i.USBD_LL_Suspend   usbd_core.o
    0x0800dbec   0x0800dbec   0x00000030   Code   RO          458    i.USBD_LL_Transmit  usbd_conf.o
    0x0800dc1c   0x0800dc1c   0x00000036   Code   RO         8880    i.USBD_ParseSetupRequest  usbd_ctlreq.o
    0x0800dc52   0x0800dc52   0x00000026   Code   RO         8749    i.USBD_RegisterClass  usbd_core.o
    0x0800dc78   0x0800dc78   0x00000006   Code   RO         8750    i.USBD_RunTestMode  usbd_core.o
    0x0800dc7e   0x0800dc7e   0x0000005a   Code   RO         8881    i.USBD_SetAddress   usbd_ctlreq.o
    0x0800dcd8   0x0800dcd8   0x00000020   Code   RO         8751    i.USBD_SetClassConfig  usbd_core.o
    0x0800dcf8   0x0800dcf8   0x000000fc   Code   RO         8882    i.USBD_SetConfig    usbd_ctlreq.o
    0x0800ddf4   0x0800ddf4   0x00000018   Code   RO         8883    i.USBD_SetFeature   usbd_ctlreq.o
    0x0800de0c   0x0800de0c   0x0000000c   Code   RO         8752    i.USBD_Start        usbd_core.o
    0x0800de18   0x0800de18   0x000000a6   Code   RO         8884    i.USBD_StdDevReq    usbd_ctlreq.o
    0x0800debe   0x0800debe   0x0000022a   Code   RO         8885    i.USBD_StdEPReq     usbd_ctlreq.o
    0x0800e0e8   0x0800e0e8   0x0000007e   Code   RO         8886    i.USBD_StdItfReq    usbd_ctlreq.o
    0x0800e166   0x0800e166   0x0000002e   Code   RO         8753    i.USBD_Stop         usbd_core.o
    0x0800e194   0x0800e194   0x000000d0   Code   RO         2361    i.USB_ActivateEndpoint  stm32f7xx_ll_usb.o
    0x0800e264   0x0800e264   0x00000028   Code   RO         2363    i.USB_ActivateSetup  stm32f7xx_ll_usb.o
    0x0800e28c   0x0800e28c   0x00000078   Code   RO         2365    i.USB_CoreInit      stm32f7xx_ll_usb.o
    0x0800e304   0x0800e304   0x0000004c   Code   RO         2366    i.USB_CoreReset     stm32f7xx_ll_usb.o
    0x0800e350   0x0800e350   0x0000014c   Code   RO         2369    i.USB_DeactivateEndpoint  stm32f7xx_ll_usb.o
    0x0800e49c   0x0800e49c   0x00000020   Code   RO         2370    i.USB_DevConnect    stm32f7xx_ll_usb.o
    0x0800e4bc   0x0800e4bc   0x00000020   Code   RO         2371    i.USB_DevDisconnect  stm32f7xx_ll_usb.o
    0x0800e4dc   0x0800e4dc   0x000001f8   Code   RO         2372    i.USB_DevInit       stm32f7xx_ll_usb.o
    0x0800e6d4   0x0800e6d4   0x0000000e   Code   RO         2373    i.USB_DisableGlobalInt  stm32f7xx_ll_usb.o
    0x0800e6e2   0x0800e6e2   0x00000002   PAD
    0x0800e6e4   0x0800e6e4   0x000001d8   Code   RO         2376    i.USB_EP0StartXfer  stm32f7xx_ll_usb.o
    0x0800e8bc   0x0800e8bc   0x00000070   Code   RO         2377    i.USB_EP0_OutStart  stm32f7xx_ll_usb.o
    0x0800e92c   0x0800e92c   0x0000008e   Code   RO         2378    i.USB_EPClearStall  stm32f7xx_ll_usb.o
    0x0800e9ba   0x0800e9ba   0x0000009a   Code   RO         2379    i.USB_EPSetStall    stm32f7xx_ll_usb.o
    0x0800ea54   0x0800ea54   0x00000344   Code   RO         2380    i.USB_EPStartXfer   stm32f7xx_ll_usb.o
    0x0800ed98   0x0800ed98   0x0000000e   Code   RO         2381    i.USB_EnableGlobalInt  stm32f7xx_ll_usb.o
    0x0800eda6   0x0800eda6   0x00000002   PAD
    0x0800eda8   0x0800eda8   0x0000002c   Code   RO         2382    i.USB_FlushRxFifo   stm32f7xx_ll_usb.o
    0x0800edd4   0x0800edd4   0x00000030   Code   RO         2383    i.USB_FlushTxFifo   stm32f7xx_ll_usb.o
    0x0800ee04   0x0800ee04   0x00000026   Code   RO         2385    i.USB_GetDevSpeed   stm32f7xx_ll_usb.o
    0x0800ee2a   0x0800ee2a   0x0000000a   Code   RO         2387    i.USB_GetMode       stm32f7xx_ll_usb.o
    0x0800ee34   0x0800ee34   0x00000014   Code   RO         2394    i.USB_ReadDevAllInEpInterrupt  stm32f7xx_ll_usb.o
    0x0800ee48   0x0800ee48   0x00000014   Code   RO         2395    i.USB_ReadDevAllOutEpInterrupt  stm32f7xx_ll_usb.o
    0x0800ee5c   0x0800ee5c   0x00000032   Code   RO         2396    i.USB_ReadDevInEPInterrupt  stm32f7xx_ll_usb.o
    0x0800ee8e   0x0800ee8e   0x0000001a   Code   RO         2397    i.USB_ReadDevOutEPInterrupt  stm32f7xx_ll_usb.o
    0x0800eea8   0x0800eea8   0x0000000a   Code   RO         2398    i.USB_ReadInterrupts  stm32f7xx_ll_usb.o
    0x0800eeb2   0x0800eeb2   0x00000022   Code   RO         2399    i.USB_ReadPacket    stm32f7xx_ll_usb.o
    0x0800eed4   0x0800eed4   0x00000036   Code   RO         2401    i.USB_SetCurrentMode  stm32f7xx_ll_usb.o
    0x0800ef0a   0x0800ef0a   0x0000002a   Code   RO         2402    i.USB_SetDevAddress  stm32f7xx_ll_usb.o
    0x0800ef34   0x0800ef34   0x00000012   Code   RO         2403    i.USB_SetDevSpeed   stm32f7xx_ll_usb.o
    0x0800ef46   0x0800ef46   0x00000002   PAD
    0x0800ef48   0x0800ef48   0x000000e8   Code   RO         2404    i.USB_SetTurnaroundTime  stm32f7xx_ll_usb.o
    0x0800f030   0x0800f030   0x0000005c   Code   RO         2405    i.USB_StopDevice    stm32f7xx_ll_usb.o
    0x0800f08c   0x0800f08c   0x0000003c   Code   RO         2407    i.USB_WritePacket   stm32f7xx_ll_usb.o
    0x0800f0c8   0x0800f0c8   0x00000004   Code   RO          807    i.UsageFault_Handler  stm32f7xx_it.o
    0x0800f0cc   0x0800f0cc   0x00000020   Code   RO         9843    i.__0printf$8       mc_w.l(printf8.o)
    0x0800f0ec   0x0800f0ec   0x00000010   Code   RO         3502    i.__NVIC_GetPriorityGrouping  stm32f7xx_hal_cortex.o
    0x0800f0fc   0x0800f0fc   0x00000028   Code   RO         3503    i.__NVIC_SetPriority  stm32f7xx_hal_cortex.o
    0x0800f124   0x0800f124   0x0000009c   Code   RO         9554    i.__aeabi_assert    retarget_io.o
    0x0800f1c0   0x0800f1c0   0x0000000e   Code   RO         9969    i.__scatterload_copy  mc_w.l(handlers.o)
    0x0800f1ce   0x0800f1ce   0x00000002   Code   RO         9970    i.__scatterload_null  mc_w.l(handlers.o)
    0x0800f1d0   0x0800f1d0   0x0000000e   Code   RO         9971    i.__scatterload_zeroinit  mc_w.l(handlers.o)
    0x0800f1de   0x0800f1de   0x00000002   PAD
    0x0800f1e0   0x0800f1e0   0x00000404   Code   RO         9850    i._printf_core      mc_w.l(printf8.o)
    0x0800f5e4   0x0800f5e4   0x00000024   Code   RO         9851    i._printf_post_padding  mc_w.l(printf8.o)
    0x0800f608   0x0800f608   0x0000002e   Code   RO         9852    i._printf_pre_padding  mc_w.l(printf8.o)
    0x0800f636   0x0800f636   0x00000004   Code   RO         9556    i.abort             retarget_io.o
    0x0800f63a   0x0800f63a   0x00000002   PAD
    0x0800f63c   0x0800f63c   0x00000068   Code   RO            9    i.eOTAACmdJumpApp   main.o
    0x0800f6a4   0x0800f6a4   0x0000009c   Code   RO           10    i.eOTAACmdReadID    main.o
    0x0800f740   0x0800f740   0x00000006   Code   RO         9345    i.eOTAACmd_DownloadDROM  otaacmd_dwndrom.o
    0x0800f746   0x0800f746   0x00000006   Code   RO         9357    i.eOTAACmd_DownloadIROM  otaacmd_dwnirom.o
    0x0800f74c   0x0800f74c   0x00000006   Code   RO         9369    i.eOTAACmd_FormatROM  otaacmd_formatrom.o
    0x0800f752   0x0800f752   0x00000016   Code   RO         9381    i.eOTAACmd_JumpApp  otaacmd_jump.o
    0x0800f768   0x0800f768   0x0000001e   Code   RO         9396    i.eOTAACmd_ReadCPUID  otaacmd_readid.o
    0x0800f786   0x0800f786   0x0000001e   Code   RO         9397    i.eOTAACmd_ReadNORID  otaacmd_readid.o
    0x0800f7a4   0x0800f7a4   0x0000001e   Code   RO         9398    i.eOTAACmd_ReadQSPID  otaacmd_readid.o
    0x0800f7c2   0x0800f7c2   0x00000006   Code   RO         9429    i.eOTAACmd_Restart  otaacmd_restartcpu.o
    0x0800f7c8   0x0800f7c8   0x00000006   Code   RO         9441    i.eOTAACmd_SectorErase  otaacmd_sectorerase.o
    0x0800f7ce   0x0800f7ce   0x00000006   Code   RO         9453    i.eOTAACmd_UploadDROM  otaacmd_upddrom.o
    0x0800f7d4   0x0800f7d4   0x00000006   Code   RO         9465    i.eOTAACmd_UploadIROM  otaacmd_updirom.o
    0x0800f7da   0x0800f7da   0x00000038   Code   RO         9137    i.eOTAAError2Exception  otaa.o
    0x0800f812   0x0800f812   0x00000002   PAD
    0x0800f814   0x0800f814   0x00000080   Code   RO         9481    i.eOTAAUSBInit      otaausb.o
    0x0800f894   0x0800f894   0x00000188   Code   RO         9482    i.eOTAAUSBReceive   otaausb.o
    0x0800fa1c   0x0800fa1c   0x00000012   Code   RO         9483    i.eOTAAUSBStart     otaausb.o
    0x0800fa2e   0x0800fa2e   0x00000002   PAD
    0x0800fa30   0x0800fa30   0x00000068   Code   RO         9485    i.eOTAAUSBTransmit  otaausb.o
    0x0800fa98   0x0800fa98   0x00000030   Code   RO         9138    i.eOTAA_Enable      otaa.o
    0x0800fac8   0x0800fac8   0x00000050   Code   RO         9139    i.eOTAA_Init        otaa.o
    0x0800fb18   0x0800fb18   0x000000ec   Code   RO         9140    i.eOTAA_Poll        otaa.o
    0x0800fc04   0x0800fc04   0x00000020   Code   RO         9558    i.fputc             retarget_io.o
    0x0800fc24   0x0800fc24   0x00000018   Code   RO         9621    i.fputs             mc_w.l(fputs.o)
    0x0800fc3c   0x0800fc3c   0x00000050   Code   RO         9897    i.free              mc_w.l(malloc.o)
    0x0800fc8c   0x0800fc8c   0x00000010   Code   RO         8147    i.inHandlerMode     cmsis_os.o
    0x0800fc9c   0x0800fc9c   0x0000005c   Code   RO           12    i.main              main.o
    0x0800fcf8   0x0800fcf8   0x0000000e   Code   RO         8149    i.makeFreeRtosPriority  cmsis_os.o
    0x0800fd06   0x0800fd06   0x00000002   PAD
    0x0800fd08   0x0800fd08   0x0000006c   Code   RO         9898    i.malloc            mc_w.l(malloc.o)
    0x0800fd74   0x0800fd74   0x00000018   Code   RO         8151    i.osDelay           cmsis_os.o
    0x0800fd8c   0x0800fd8c   0x0000000a   Code   RO         8154    i.osKernelStart     cmsis_os.o
    0x0800fd96   0x0800fd96   0x0000004a   Code   RO         8180    i.osSemaphoreCreate  cmsis_os.o
    0x0800fde0   0x0800fde0   0x00000050   Code   RO         8183    i.osSemaphoreRelease  cmsis_os.o
    0x0800fe30   0x0800fe30   0x00000068   Code   RO         8184    i.osSemaphoreWait   cmsis_os.o
    0x0800fe98   0x0800fe98   0x0000005e   Code   RO         8188    i.osThreadCreate    cmsis_os.o
    0x0800fef6   0x0800fef6   0x00000002   PAD
    0x0800fef8   0x0800fef8   0x00000098   Code   RO         7563    i.prvAddCurrentTaskToDelayedList  tasks.o
    0x0800ff90   0x0800ff90   0x000000b4   Code   RO         7564    i.prvAddNewTaskToReadyList  tasks.o
    0x08010044   0x08010044   0x00000048   Code   RO         7565    i.prvCheckTasksWaitingTermination  tasks.o
    0x0801008c   0x0801008c   0x0000002a   Code   RO         7888    i.prvCopyDataFromQueue  queue.o
    0x080100b6   0x080100b6   0x0000007e   Code   RO         7889    i.prvCopyDataToQueue  queue.o
    0x08010134   0x08010134   0x00000054   Code   RO         7566    i.prvDeleteTCB      tasks.o
    0x08010188   0x08010188   0x00000014   Code   RO         7890    i.prvGetDisinheritPriorityAfterTimeout  queue.o
    0x0801019c   0x0801019c   0x0000007c   Code   RO         8074    i.prvHeapInit       heap_4.o
    0x08010218   0x08010218   0x00000028   Code   RO         7567    i.prvIdleTask       tasks.o
    0x08010240   0x08010240   0x00000026   Code   RO         7892    i.prvInitialiseNewQueue  queue.o
    0x08010266   0x08010266   0x000000b8   Code   RO         7568    i.prvInitialiseNewTask  tasks.o
    0x0801031e   0x0801031e   0x00000002   PAD
    0x08010320   0x08010320   0x00000068   Code   RO         7569    i.prvInitialiseTaskLists  tasks.o
    0x08010388   0x08010388   0x00000068   Code   RO         8075    i.prvInsertBlockIntoFreeList  heap_4.o
    0x080103f0   0x080103f0   0x0000001a   Code   RO         7893    i.prvIsQueueEmpty   queue.o
    0x0801040a   0x0801040a   0x0000001e   Code   RO         7894    i.prvIsQueueFull    queue.o
    0x08010428   0x08010428   0x00000034   Code   RO         7570    i.prvResetNextTaskUnblockTime  tasks.o
    0x0801045c   0x0801045c   0x00000048   Code   RO         7486    i.prvTaskExitError  port.o
    0x080104a4   0x080104a4   0x0000007e   Code   RO         7895    i.prvUnlockQueue    queue.o
    0x08010522   0x08010522   0x00000002   PAD
    0x08010524   0x08010524   0x00000148   Code   RO         8076    i.pvPortMalloc      heap_4.o
    0x0801066c   0x0801066c   0x00000020   Code   RO         7572    i.pvTaskIncrementMutexHeldCount  tasks.o
    0x0801068c   0x0801068c   0x0000002c   Code   RO         7487    i.pxPortInitialiseStack  port.o
    0x080106b8   0x080106b8   0x0000000c   Code   RO         9559    i.stderr_putchar    retarget_io.o
    0x080106c4   0x080106c4   0x00000038   Code   RO         9182    i.usOTAACRC16       otaacrc.o
    0x080106fc   0x080106fc   0x00000028   Code   RO         7437    i.uxListRemove      list.o
    0x08010724   0x08010724   0x00000018   Code   RO          390    i.vApplicationGetIdleTaskMemory  freertos.o
    0x0801073c   0x0801073c   0x0000001a   Code   RO         7438    i.vListInitialise   list.o
    0x08010756   0x08010756   0x00000006   Code   RO         7439    i.vListInitialiseItem  list.o
    0x0801075c   0x0801075c   0x00000034   Code   RO         7440    i.vListInsert       list.o
    0x08010790   0x08010790   0x00000018   Code   RO         7441    i.vListInsertEnd    list.o
    0x080107a8   0x080107a8   0x0000005c   Code   RO         7489    i.vPortEnterCritical  port.o
    0x08010804   0x08010804   0x00000040   Code   RO         7490    i.vPortExitCritical  port.o
    0x08010844   0x08010844   0x0000009c   Code   RO         8077    i.vPortFree         heap_4.o
    0x080108e0   0x080108e0   0x00000028   Code   RO         7491    i.vPortSetupTimerInterrupt  port.o
    0x08010908   0x08010908   0x00000080   Code   RO         7492    i.vPortValidateInterruptPriority  port.o
    0x08010988   0x08010988   0x00000060   Code   RO         7578    i.vTaskDelay        tasks.o
    0x080109e8   0x080109e8   0x00000018   Code   RO         7581    i.vTaskInternalSetTimeOutState  tasks.o
    0x08010a00   0x08010a00   0x0000000c   Code   RO         7582    i.vTaskMissedYield  tasks.o
    0x08010a0c   0x08010a0c   0x0000003c   Code   RO         7584    i.vTaskPlaceOnEventList  tasks.o
    0x08010a48   0x08010a48   0x000000fc   Code   RO         7586    i.vTaskPriorityDisinheritAfterTimeout  tasks.o
    0x08010b44   0x08010b44   0x000000b8   Code   RO         7591    i.vTaskStartScheduler  tasks.o
    0x08010bfc   0x08010bfc   0x00000010   Code   RO         7593    i.vTaskSuspendAll   tasks.o
    0x08010c0c   0x08010c0c   0x00000090   Code   RO         7594    i.vTaskSwitchContext  tasks.o
    0x08010c9c   0x08010c9c   0x00000050   Code   RO         9317    i.xOTAAPortEventGet  portevent.o
    0x08010cec   0x08010cec   0x00000024   Code   RO         9318    i.xOTAAPortEventInit  portevent.o
    0x08010d10   0x08010d10   0x0000001c   Code   RO         9319    i.xOTAAPortEventPost  portevent.o
    0x08010d2c   0x08010d2c   0x0000008c   Code   RO         9268    i.xOTAAPortTimersInit  porttimer.o
    0x08010db8   0x08010db8   0x00000028   Code   RO         9218    i.xOTAAPortUSBEnable  portusb.o
    0x08010de0   0x08010de0   0x00000044   Code   RO         9219    i.xOTAAPortUSBInit  portusb.o
    0x08010e24   0x08010e24   0x00000024   Code   RO         9486    i.xOTAAUSBReceiveFSM  otaausb.o
    0x08010e48   0x08010e48   0x00000114   Code   RO         7493    i.xPortStartScheduler  port.o
    0x08010f5c   0x08010f5c   0x00000038   Code   RO         7494    i.xPortSysTickHandler  port.o
    0x08010f94   0x08010f94   0x00000064   Code   RO         7904    i.xQueueGenericCreate  queue.o
    0x08010ff8   0x08010ff8   0x000000f4   Code   RO         7905    i.xQueueGenericCreateStatic  queue.o
    0x080110ec   0x080110ec   0x0000009c   Code   RO         7906    i.xQueueGenericReset  queue.o
    0x08011188   0x08011188   0x000001b8   Code   RO         7907    i.xQueueGenericSend  queue.o
    0x08011340   0x08011340   0x000000f0   Code   RO         7909    i.xQueueGiveFromISR  queue.o
    0x08011430   0x08011430   0x000000d6   Code   RO         7915    i.xQueueReceiveFromISR  queue.o
    0x08011506   0x08011506   0x00000002   PAD
    0x08011508   0x08011508   0x000001c8   Code   RO         7916    i.xQueueSemaphoreTake  queue.o
    0x080116d0   0x080116d0   0x00000094   Code   RO         7595    i.xTaskCheckForTimeOut  tasks.o
    0x08011764   0x08011764   0x00000064   Code   RO         7596    i.xTaskCreate       tasks.o
    0x080117c8   0x080117c8   0x000000c6   Code   RO         7597    i.xTaskCreateStatic  tasks.o
    0x0801188e   0x0801188e   0x00000002   PAD
    0x08011890   0x08011890   0x00000020   Code   RO         7601    i.xTaskGetSchedulerState  tasks.o
    0x080118b0   0x080118b0   0x0000014c   Code   RO         7604    i.xTaskIncrementTick  tasks.o
    0x080119fc   0x080119fc   0x000000d0   Code   RO         7607    i.xTaskPriorityDisinherit  tasks.o
    0x08011acc   0x08011acc   0x000000c8   Code   RO         7608    i.xTaskPriorityInherit  tasks.o
    0x08011b94   0x08011b94   0x0000009c   Code   RO         7609    i.xTaskRemoveFromEventList  tasks.o
    0x08011c30   0x08011c30   0x00000108   Code   RO         7610    i.xTaskResumeAll    tasks.o
    0x08011d38   0x08011d38   0x00000038   Data   RO           13    .constdata          main.o
    0x08011d70   0x08011d70   0x00000018   Data   RO         1631    .constdata          system_stm32f7xx.o
    0x08011d88   0x08011d88   0x00000200   Data   RO         9183    .constdata          otaacrc.o
    0x08011f88   0x08011f88   0x00000008   Data   RO         9320    .constdata          portevent.o
    0x08011f90   0x08011f90   0x00000027   Data   RO           14    .conststring        main.o
    0x08011fb7   0x08011fb7   0x00000001   PAD
    0x08011fb8   0x08011fb8   0x00000282   Data   RO         1605    .conststring        faulthandler.o
    0x0801223a   0x0801223a   0x00000002   PAD
    0x0801223c   0x0801223c   0x00000020   Data   RO         9967    Region$$Table       anon$$obj.o


    Execution Region RW_IRAM1 (Exec base: 0x20000000, Load base: 0x0801225c, Size: 0x00007ea8, Max: 0x00050000, ABSOLUTE, COMPRESSED[0x0000011c])

    Exec Addr    Load Addr    Size         Type   Attr      Idx    E Section Name        Object

    0x20000000   COMPRESSED   0x00000010   Data   RW           15    .data               main.o
    0x20000010   COMPRESSED   0x0000005e   Data   RW          645    .data               usbd_desc.o
    0x2000006e   COMPRESSED   0x00000002   PAD
    0x20000070   COMPRESSED   0x00000014   Data   RW          737    .data               usbd_cdc_if.o
    0x20000084   COMPRESSED   0x00000004   Data   RW         1632    .data               system_stm32f7xx.o
    0x20000088   COMPRESSED   0x00000009   Data   RW         3653    .data               stm32f7xx_hal.o
    0x20000091   COMPRESSED   0x00000003   PAD
    0x20000094   COMPRESSED   0x00000004   Data   RW         5127    .data               stm32f7xx_hal_nor.o
    0x20000098   COMPRESSED   0x0000000c   Data   RW         7495    .data               port.o
    0x200000a4   COMPRESSED   0x0000003c   Data   RW         7613    .data               tasks.o
    0x200000e0   COMPRESSED   0x00000018   Data   RW         8082    .data               heap_4.o
    0x200000f8   COMPRESSED   0x00000001   Data   RW         8887    .data               usbd_ctlreq.o
    0x200000f9   COMPRESSED   0x00000003   PAD
    0x200000fc   COMPRESSED   0x00000113   Data   RW         9050    .data               usbd_cdc.o
    0x2000020f   COMPRESSED   0x00000001   PAD
    0x20000210   COMPRESSED   0x00000066   Data   RW         9142    .data               otaa.o
    0x20000276   COMPRESSED   0x00000002   PAD
    0x20000278   COMPRESSED   0x00000004   Data   RW         9270    .data               porttimer.o
    0x2000027c   COMPRESSED   0x00000008   Data   RW         9321    .data               portevent.o
    0x20000284   COMPRESSED   0x00000004   Data   RW         9488    .data               otaausb.o
    0x20000288   COMPRESSED   0x00000004   Data   RW         9625    .data               mc_w.l(stderr.o)
    0x2000028c   COMPRESSED   0x00000004   Data   RW         9941    .data               mc_w.l(stdout.o)
    0x20000290   COMPRESSED   0x00000004   Data   RW         9948    .data               mc_w.l(mvars.o)
    0x20000294   COMPRESSED   0x00000004   Data   RW         9949    .data               mc_w.l(mvars.o)
    0x20000298        -       0x00000254   Zero   RW          391    .bss                freertos.o
    0x200004ec        -       0x00000404   Zero   RW          459    .bss                usbd_conf.o
    0x200008f0        -       0x00000200   Zero   RW          644    .bss                usbd_desc.o
    0x20000af0        -       0x00000800   Zero   RW          736    .bss                usbd_cdc_if.o
    0x200012f0        -       0x000000f4   Zero   RW          930    .bss                stf7som.o
    0x200013e4        -       0x00000064   Zero   RW         1072    .bss                stf7som_nor.o
    0x20001448        -       0x0000004c   Zero   RW         1210    .bss                stf7som_qspi.o
    0x20001494        -       0x00000200   Zero   RW         1428    .bss                stf7som_bootloader.o
    0x20001694        -       0x000000f0   Zero   RW         7612    .bss                tasks.o
    0x20001784        -       0x00003c00   Zero   RW         8081    .bss                heap_4.o
    0x20005384        -       0x00000010   Zero   RW         9141    .bss                otaa.o
    0x20005394        -       0x000002d0   Zero   RW         9221    .bss                portusb.o
    0x20005664        -       0x00000040   Zero   RW         9269    .bss                porttimer.o
    0x200056a4        -       0x00000800   Zero   RW         9487    .bss                otaausb.o
    0x20005ea4   COMPRESSED   0x00000004   PAD
    0x20005ea8        -       0x00001000   Zero   RW          900    HEAP                startup_stm32f750xx.o
    0x20006ea8        -       0x00001000   Zero   RW          899    STACK               startup_stm32f750xx.o


==============================================================================

Image component sizes


      Code (inc. data)   RO Data    RW Data    ZI Data      Debug   Object Name

       416          8          0          0          0      31310   cmsis_os.o
      1628       1064        642          0          0       1730   faulthandler.o
        24         10          0          0        596       1280   freertos.o
       712         62          0         24      15360       7527   heap_4.o
       148          0          0          0          0       5174   list.o
       740         50         95         16          0     982541   main.o
       420         48          0        102         16       4300   otaa.o
         6          0          0          0          0       1048   otaacmd_dwndrom.o
         6          0          0          0          0       1048   otaacmd_dwnirom.o
         6          0          0          0          0       1049   otaacmd_formatrom.o
        22          0          0          0          0       1087   otaacmd_jump.o
        90          0          0          0          0       2567   otaacmd_readid.o
         6          0          0          0          0       1051   otaacmd_restartcpu.o
         6          0          0          0          0       1063   otaacmd_sectorerase.o
         6          0          0          0          0       1046   otaacmd_upddrom.o
         6          0          0          0          0       1046   otaacmd_updirom.o
        56          8        512          0          0       1362   otaacrc.o
       682        202          0          4       2048       5727   otaausb.o
       966         86          0         12          0      12213   port.o
       144         24          8          8          0       2820   portevent.o
       170         30          0          4         64       2932   porttimer.o
       108         24          0          0        720       1607   portusb.o
      2258         16          0          0          0      22456   queue.o
       252         58          0          0          0       3084   retarget_io.o
        36          8        456          0       8192        828   startup_stm32f750xx.o
       356         14          0          0        244       2925   stf7som.o
       248         22          0          0        512      10731   stf7som_bootloader.o
        96         18          0          0          0        682   stf7som_fmc.o
       504         42          0          0        100       4100   stf7som_nor.o
      1048         66          0          0         76       7671   stf7som_qspi.o
       280         52          0          9          0      12047   stm32f7xx_hal.o
       304         22          0          0          0      39575   stm32f7xx_hal_cortex.o
       454          4          0          0          0       4185   stm32f7xx_hal_crc.o
       102          0          0          0          0       1255   stm32f7xx_hal_crc_ex.o
       746          6          0          0          0       2505   stm32f7xx_hal_dma.o
       536         52          0          0          0       1812   stm32f7xx_hal_gpio.o
        80          4          0          0          0        874   stm32f7xx_hal_msp.o
       430          8          0          4          0       4019   stm32f7xx_hal_nor.o
      3360         14          0          0          0      13904   stm32f7xx_hal_pcd.o
       128          4          0          0          0       2568   stm32f7xx_hal_pcd_ex.o
       144          8          0          0          0       1316   stm32f7xx_hal_pwr_ex.o
      1736          8          0          0          0       8980   stm32f7xx_hal_qspi.o
      2308         84          0          0          0       5983   stm32f7xx_hal_rcc.o
      1760         18          0          0          0       2244   stm32f7xx_hal_rcc_ex.o
       718         46          0          0          0       5898   stm32f7xx_hal_tim.o
         6          0          0          0          0       2236   stm32f7xx_hal_tim_ex.o
        82          6          0          0          0       4484   stm32f7xx_it.o
       298         10          0          0          0       2872   stm32f7xx_ll_fmc.o
      3886        106          0          0          0      24203   stm32f7xx_ll_usb.o
        20          6         24          4          0       1191   system_stm32f7xx.o
      3326        374          0         60        240      43697   tasks.o
      1000         24          0        275          0      13909   usbd_cdc.o
       212         22          0         20       2048       4316   usbd_cdc_if.o
      1128         34          0          0       1028      18032   usbd_conf.o
       948          0          0          0          0      14357   usbd_core.o
      2240         20          0          1          0      17344   usbd_ctlreq.o
       402        128          0         94        512       7533   usbd_desc.o
       174          0          0          0          0       4872   usbd_ioreq.o

    ----------------------------------------------------------------------
     38026       2920       1772        648      31760    1390216   Object Totals
         0          0         32          0          0          0   (incl. Generated)
        52          0          3         11          4          0   (incl. Padding)

    ----------------------------------------------------------------------

      Code (inc. data)   RO Data    RW Data    ZI Data      Debug   Library Member Name

        86          0          0          0          0          0   __dczerorl2.o
         0          0          0          0          0          0   entry.o
         0          0          0          0          0          0   entry10a.o
         0          0          0          0          0          0   entry11a.o
         4          0          0          0          0          0   entry12b.o
         8          4          0          0          0          0   entry2.o
         4          0          0          0          0          0   entry5.o
         0          0          0          0          0          0   entry7b.o
         0          0          0          0          0          0   entry8b.o
         8          4          0          0          0          0   entry9a.o
        24          0          0          0          0         80   fputs.o
        30          0          0          0          0          0   handlers.o
        36          8          0          0          0         68   init.o
        30          0          0          0          0         68   llshl.o
        32          0          0          0          0         68   llushr.o
       188         20          0          0          0        160   malloc.o
        36          0          0          0          0         68   memcpya.o
        36          0          0          0          0        108   memseta.o
         0          0          0          8          0          0   mvars.o
      1142         54          0          0          0        352   printf8.o
         0          0          0          4          0          0   stderr.o
         0          0          0          4          0          0   stdout.o
        98          0          0          0          0         92   uldiv.o

    ----------------------------------------------------------------------
      1766         90          0         16          0       1064   Library Totals
         4          0          0          0          0          0   (incl. Padding)

    ----------------------------------------------------------------------

      Code (inc. data)   RO Data    RW Data    ZI Data      Debug   Library Name

      1762         90          0         16          0       1064   mc_w.l

    ----------------------------------------------------------------------
      1766         90          0         16          0       1064   Library Totals

    ----------------------------------------------------------------------

==============================================================================


      Code (inc. data)   RO Data    RW Data    ZI Data      Debug   

     39792       3010       1772        664      31760    1356944   Grand Totals
     39792       3010       1772        284      31760    1356944   ELF Image Totals (compressed)
     39792       3010       1772        284          0          0   ROM Totals

==============================================================================

    Total RO  Size (Code + RO Data)                41564 (  40.59kB)
    Total RW  Size (RW Data + ZI Data)             32424 (  31.66kB)
    Total ROM Size (Code + RO Data + RW Data)      41848 (  40.87kB)

==============================================================================

