Component: ARM Compiler 5.06 update 6 (build 750) Tool: armlink [4d35ed]

==============================================================================

Section Cross References

    main.o(i.CAN_Polling) refers to stm32f7xx_hal_can.o(i.HAL_CAN_Init) for HAL_CAN_Init
    main.o(i.CAN_Polling) refers to main.o(i.Error_Handler) for Error_Handler
    main.o(i.CAN_Polling) refers to stm32f7xx_hal_can.o(i.HAL_CAN_ConfigFilter) for HAL_CAN_ConfigFilter
    main.o(i.CAN_Polling) refers to stm32f7xx_hal_can.o(i.HAL_CAN_Start) for HAL_CAN_Start
    main.o(i.CAN_Polling) refers to stm32f7xx_hal_can.o(i.HAL_CAN_AddTxMessage) for HAL_CAN_AddTxMessage
    main.o(i.CAN_Polling) refers to stm32f7xx_hal_can.o(i.HAL_CAN_GetTxMailboxesFreeLevel) for HAL_CAN_GetTxMailboxesFreeLevel
    main.o(i.CAN_Polling) refers to stm32f7xx_hal_can.o(i.HAL_CAN_GetRxFifoFillLevel) for HAL_CAN_GetRxFifoFillLevel
    main.o(i.CAN_Polling) refers to stm32f7xx_hal_can.o(i.HAL_CAN_GetRxMessage) for HAL_CAN_GetRxMessage
    main.o(i.CAN_Polling) refers to main.o(.bss) for CanHandle
    main.o(i.CAN_Polling) refers to main.o(.data) for TxData
    main.o(i.HAL_CAN_MspDeInit) refers to stm32f7xx_hal_gpio.o(i.HAL_GPIO_DeInit) for HAL_GPIO_DeInit
    main.o(i.HAL_CAN_MspInit) refers to stm32f7xx_hal_gpio.o(i.HAL_GPIO_Init) for HAL_GPIO_Init
    main.o(i.SystemClock_Config) refers to memseta.o(.text) for __aeabi_memclr4
    main.o(i.SystemClock_Config) refers to stm32f7xx_hal_pwr.o(i.HAL_PWR_EnableBkUpAccess) for HAL_PWR_EnableBkUpAccess
    main.o(i.SystemClock_Config) refers to stm32f7xx_hal_rcc.o(i.HAL_RCC_OscConfig) for HAL_RCC_OscConfig
    main.o(i.SystemClock_Config) refers to main.o(i.Error_Handler) for Error_Handler
    main.o(i.SystemClock_Config) refers to stm32f7xx_hal_pwr_ex.o(i.HAL_PWREx_EnableOverDrive) for HAL_PWREx_EnableOverDrive
    main.o(i.SystemClock_Config) refers to stm32f7xx_hal_rcc.o(i.HAL_RCC_ClockConfig) for HAL_RCC_ClockConfig
    main.o(i.SystemClock_Config) refers to stm32f7xx_hal_rcc_ex.o(i.HAL_RCCEx_PeriphCLKConfig) for HAL_RCCEx_PeriphCLKConfig
    main.o(i.main) refers to stm32f7xx_hal.o(i.HAL_Init) for HAL_Init
    main.o(i.main) refers to main.o(i.SystemClock_Config) for SystemClock_Config
    main.o(i.main) refers to stf7som.o(i.BSP_PB_Init) for BSP_PB_Init
    main.o(i.main) refers to stf7som.o(i.BSP_GPIOCLK_Enable) for BSP_GPIOCLK_Enable
    main.o(i.main) refers to stf7som_lcd.o(i.BSP_LCD_Init) for BSP_LCD_Init
    main.o(i.main) refers to stf7som_lcd.o(i.BSP_LCD_LayerDefaultInit) for BSP_LCD_LayerDefaultInit
    main.o(i.main) refers to stf7som_lcd.o(i.BSP_LCD_GetXSize) for BSP_LCD_GetXSize
    main.o(i.main) refers to stf7som_lcd.o(i.BSP_LCD_GetYSize) for BSP_LCD_GetYSize
    main.o(i.main) refers to stf7som_lcd.o(i.BSP_LCD_DisplayOn) for BSP_LCD_DisplayOn
    main.o(i.main) refers to stf7som_lcd.o(i.BSP_LCD_SelectLayer) for BSP_LCD_SelectLayer
    main.o(i.main) refers to stf7som_lcd.o(i.BSP_LCD_Clear) for BSP_LCD_Clear
    main.o(i.main) refers to stf7som_lcd.o(i.BSP_LCD_SetTransparency) for BSP_LCD_SetTransparency
    main.o(i.main) refers to lcd_log.o(i.LCD_LOG_Init) for LCD_LOG_Init
    main.o(i.main) refers to lcd_log.o(i.LCD_LOG_SetHeader) for LCD_LOG_SetHeader
    main.o(i.main) refers to main.o(i.CAN_Polling) for CAN_Polling
    main.o(i.main) refers to printfb.o(i.__0printf$bare) for __2printf
    main.o(i.main) refers to lcd_log.o(.data) for LCD_LineColor
    stm32f7xx_it.o(i.CAN1_RX0_IRQHandler) refers to stm32f7xx_hal_can.o(i.HAL_CAN_IRQHandler) for HAL_CAN_IRQHandler
    stm32f7xx_it.o(i.CAN1_RX0_IRQHandler) refers to main.o(.bss) for CanHandle
    stm32f7xx_it.o(i.CAN1_RX1_IRQHandler) refers to stm32f7xx_hal_can.o(i.HAL_CAN_IRQHandler) for HAL_CAN_IRQHandler
    stm32f7xx_it.o(i.CAN1_RX1_IRQHandler) refers to main.o(.bss) for CanHandle
    stm32f7xx_it.o(i.CAN1_TX_IRQHandler) refers to stm32f7xx_hal_can.o(i.HAL_CAN_IRQHandler) for HAL_CAN_IRQHandler
    stm32f7xx_it.o(i.CAN1_TX_IRQHandler) refers to main.o(.bss) for CanHandle
    stm32f7xx_it.o(i.HardFault_Handler) refers to faulthandler.o(i.ReportHardFault) for ReportHardFault
    stm32f7xx_it.o(i.SysTick_Handler) refers to stm32f7xx_hal.o(i.HAL_IncTick) for HAL_IncTick
    stm32f7xx_hal_msp.o(i.HAL_ADC_MspDeInit) refers to stm32f7xx_hal_gpio.o(i.HAL_GPIO_DeInit) for HAL_GPIO_DeInit
    stm32f7xx_hal_msp.o(i.HAL_ADC_MspInit) refers to memseta.o(.text) for __aeabi_memclr4
    stm32f7xx_hal_msp.o(i.HAL_ADC_MspInit) refers to stm32f7xx_hal_gpio.o(i.HAL_GPIO_Init) for HAL_GPIO_Init
    stm32f7xx_hal_msp.o(i.HAL_MspInit) refers to stm32f7xx_hal_cortex.o(i.HAL_NVIC_SetPriority) for HAL_NVIC_SetPriority
    stm32f7xx_hal_msp.o(i.HAL_MspInit) refers to stm32f7xx_hal_cortex.o(i.HAL_NVIC_EnableIRQ) for HAL_NVIC_EnableIRQ
    startup_stm32f750xx.o(RESET) refers to startup_stm32f750xx.o(STACK) for __initial_sp
    startup_stm32f750xx.o(RESET) refers to startup_stm32f750xx.o(.text) for Reset_Handler
[...]
    Removing stm32f7xx_hal_adc_ex.o(i.ADC_MultiModeDMAError), (26 bytes).
    Removing stm32f7xx_hal_adc_ex.o(i.ADC_MultiModeDMAHalfConvCplt), (14 bytes).
    Removing stm32f7xx_hal_adc_ex.o(i.HAL_ADCEx_InjectedConfigChannel), (568 bytes).
    Removing stm32f7xx_hal_adc_ex.o(i.HAL_ADCEx_InjectedConvCpltCallback), (2 bytes).
    Removing stm32f7xx_hal_adc_ex.o(i.HAL_ADCEx_InjectedGetValue), (70 bytes).
    Removing stm32f7xx_hal_adc_ex.o(i.HAL_ADCEx_InjectedPollForConversion), (160 bytes).
    Removing stm32f7xx_hal_adc_ex.o(i.HAL_ADCEx_InjectedStart), (268 bytes).
    Removing stm32f7xx_hal_adc_ex.o(i.HAL_ADCEx_InjectedStart_IT), (280 bytes).
    Removing stm32f7xx_hal_adc_ex.o(i.HAL_ADCEx_InjectedStop), (104 bytes).
    Removing stm32f7xx_hal_adc_ex.o(i.HAL_ADCEx_InjectedStop_IT), (116 bytes).
    Removing stm32f7xx_hal_adc_ex.o(i.HAL_ADCEx_MultiModeConfigChannel), (136 bytes).
    Removing stm32f7xx_hal_adc_ex.o(i.HAL_ADCEx_MultiModeGetValue), (12 bytes).
    Removing stm32f7xx_hal_adc_ex.o(i.HAL_ADCEx_MultiModeStart_DMA), (312 bytes).
    Removing stm32f7xx_hal_adc_ex.o(i.HAL_ADCEx_MultiModeStop_DMA), (112 bytes).
    Removing stm32f7xx_hal_dma_ex.o(.rev16_text), (4 bytes).
    Removing stm32f7xx_hal_dma_ex.o(.revsh_text), (4 bytes).
    Removing stm32f7xx_hal_dma_ex.o(.rrx_text), (6 bytes).
    Removing stm32f7xx_hal_dma_ex.o(i.DMA_MultiBufferSetConfig), (32 bytes).
    Removing stm32f7xx_hal_dma_ex.o(i.HAL_DMAEx_ChangeMemory), (18 bytes).
    Removing stm32f7xx_hal_dma_ex.o(i.HAL_DMAEx_MultiBufferStart), (124 bytes).
    Removing stm32f7xx_hal_dma_ex.o(i.HAL_DMAEx_MultiBufferStart_IT), (4036 bytes).
    Removing stm32f7xx_hal_flash_ex.o(.rev16_text), (4 bytes).
    Removing stm32f7xx_hal_flash_ex.o(.revsh_text), (4 bytes).
    Removing stm32f7xx_hal_flash_ex.o(.rrx_text), (6 bytes).
    Removing stm32f7xx_hal_flash_ex.o(i.FLASH_Erase_Sector), (108 bytes).
    Removing stm32f7xx_hal_flash_ex.o(i.FLASH_MassErase), (64 bytes).
    Removing stm32f7xx_hal_flash_ex.o(i.FLASH_OB_BOR_LevelConfig), (24 bytes).
    Removing stm32f7xx_hal_flash_ex.o(i.FLASH_OB_BootAddressConfig), (60 bytes).
    Removing stm32f7xx_hal_flash_ex.o(i.FLASH_OB_DisableWRP), (36 bytes).
    Removing stm32f7xx_hal_flash_ex.o(i.FLASH_OB_EnableWRP), (36 bytes).
    Removing stm32f7xx_hal_flash_ex.o(i.FLASH_OB_GetBOR), (16 bytes).
    Removing stm32f7xx_hal_flash_ex.o(i.FLASH_OB_GetBootAddress), (28 bytes).
    Removing stm32f7xx_hal_flash_ex.o(i.FLASH_OB_GetRDP), (32 bytes).
    Removing stm32f7xx_hal_flash_ex.o(i.FLASH_OB_GetUser), (20 bytes).
    Removing stm32f7xx_hal_flash_ex.o(i.FLASH_OB_GetWRP), (16 bytes).
    Removing stm32f7xx_hal_flash_ex.o(i.FLASH_OB_RDP_LevelConfig), (32 bytes).
    Removing stm32f7xx_hal_flash_ex.o(i.FLASH_OB_UserConfig), (96 bytes).
    Removing stm32f7xx_hal_flash_ex.o(i.HAL_FLASHEx_Erase), (168 bytes).
    Removing stm32f7xx_hal_flash_ex.o(i.HAL_FLASHEx_Erase_IT), (116 bytes).
    Removing stm32f7xx_hal_flash_ex.o(i.HAL_FLASHEx_OBGetConfig), (50 bytes).
    Removing stm32f7xx_hal_flash_ex.o(i.HAL_FLASHEx_OBProgram), (200 bytes).
    Removing dadd.o(.text), (334 bytes).
    Removing dmul.o(.text), (228 bytes).
    Removing ddiv.o(.text), (222 bytes).
    Removing dfixul.o(.text), (48 bytes).
    Removing cdrcmple.o(.text), (48 bytes).
    Removing depilogue.o(.text), (186 bytes).

598 unused section(s) (total 53258 bytes) removed from the image.

==============================================================================

Image Symbol Table

    Local Symbols

    Symbol Name                              Value     Ov Type        Size  Object(Section)

    ../Drivers/STM32F7xx_HAL_Driver/Src/stm32f7xx_hal.c 0x00000000   Number         0  stm32f7xx_hal.o ABSOLUTE
    ../Drivers/STM32F7xx_HAL_Driver/Src/stm32f7xx_hal_adc.c 0x00000000   Number         0  stm32f7xx_hal_adc.o ABSOLUTE
    ../Drivers/STM32F7xx_HAL_Driver/Src/stm32f7xx_hal_adc_ex.c 0x00000000   Number         0  stm32f7xx_hal_adc_ex.o ABSOLUTE
    ../Drivers/STM32F7xx_HAL_Driver/Src/stm32f7xx_hal_cortex.c 0x00000000   Number         0  stm32f7xx_hal_cortex.o ABSOLUTE
    ../Drivers/STM32F7xx_HAL_Driver/Src/stm32f7xx_hal_dma.c 0x00000000   Number         0  stm32f7xx_hal_dma.o ABSOLUTE
    ../Drivers/STM32F7xx_HAL_Driver/Src/stm32f7xx_hal_dma_ex.c 0x00000000   Number         0  stm32f7xx_hal_dma_ex.o ABSOLUTE
    ../Drivers/STM32F7xx_HAL_Driver/Src/stm32f7xx_hal_flash.c 0x00000000   Number         0  stm32f7xx_hal_flash.o ABSOLUTE
    ../Drivers/STM32F7xx_HAL_Driver/Src/stm32f7xx_hal_flash_ex.c 0x00000000   Number         0  stm32f7xx_hal_flash_ex.o ABSOLUTE
    ../Drivers/STM32F7xx_HAL_Driver/Src/stm32f7xx_hal_gpio.c 0x00000000   Number         0  stm32f7xx_hal_gpio.o ABSOLUTE
    ../Drivers/STM32F7xx_HAL_Driver/Src/stm32f7xx_hal_pwr.c 0x00000000   Number         0  stm32f7xx_hal_pwr.o ABSOLUTE
    ../Drivers/STM32F7xx_HAL_Driver/Src/stm32f7xx_hal_pwr_ex.c 0x00000000   Number         0  stm32f7xx_hal_pwr_ex.o ABSOLUTE
    ../Drivers/STM32F7xx_HAL_Driver/Src/stm32f7xx_hal_rcc.c 0x00000000   Number         0  stm32f7xx_hal_rcc.o ABSOLUTE
    ../Drivers/STM32F7xx_HAL_Driver/Src/stm32f7xx_hal_rcc_ex.c 0x00000000   Number         0  stm32f7xx_hal_rcc_ex.o ABSOLUTE
    ../Src/main.c                            0x00000000   Number         0  main.o ABSOLUTE
    ../Src/stm32f7xx_hal_msp.c               0x00000000   Number         0  stm32f7xx_hal_msp.o ABSOLUTE
    ../Src/stm32f7xx_it.c                    0x00000000   Number         0  stm32f7xx_it.o ABSOLUTE
    ../Src/system_stm32f7xx.c                0x00000000   Number         0  system_stm32f7xx.o ABSOLUTE
    ../clib/microlib/division.c              0x00000000   Number         0  uidiv.o ABSOLUTE
    ../clib/microlib/division.c              0x00000000   Number         0  uldiv.o ABSOLUTE
    ../clib/microlib/init/entry.s            0x00000000   Number         0  entry11a.o ABSOLUTE
    ../clib/microlib/init/entry.s            0x00000000   Number         0  entry9a.o ABSOLUTE
    ../clib/microlib/init/entry.s            0x00000000   Number         0  entry9b.o ABSOLUTE
    ../clib/microlib/init/entry.s            0x00000000   Number         0  entry8b.o ABSOLUTE
    ../clib/microlib/init/entry.s            0x00000000   Number         0  entry7a.o ABSOLUTE
    ../clib/microlib/init/entry.s            0x00000000   Number         0  entry2.o ABSOLUTE
    ../clib/microlib/init/entry.s            0x00000000   Number         0  entry7b.o ABSOLUTE
    ../clib/microlib/init/entry.s            0x00000000   Number         0  entry10a.o ABSOLUTE
    ../clib/microlib/init/entry.s            0x00000000   Number         0  entry8a.o ABSOLUTE
    ../clib/microlib/init/entry.s            0x00000000   Number         0  entry10b.o ABSOLUTE
    ../clib/microlib/init/entry.s            0x00000000   Number         0  entry5.o ABSOLUTE
    ../clib/microlib/init/entry.s            0x00000000   Number         0  entry11b.o ABSOLUTE
    ../clib/microlib/init/entry.s            0x00000000   Number         0  entry.o ABSOLUTE
    ../clib/microlib/longlong.c              0x00000000   Number         0  llshl.o ABSOLUTE
    ../clib/microlib/longlong.c              0x00000000   Number         0  llsshr.o ABSOLUTE
    ../clib/microlib/longlong.c              0x00000000   Number         0  llushr.o ABSOLUTE
    ../clib/microlib/printf/printf.c         0x00000000   Number         0  printf8.o ABSOLUTE
    ../clib/microlib/printf/printf.c         0x00000000   Number         0  printf7.o ABSOLUTE
    ../clib/microlib/printf/printf.c         0x00000000   Number         0  printf6.o ABSOLUTE
    ../clib/microlib/printf/printf.c         0x00000000   Number         0  printf5.o ABSOLUTE
    ../clib/microlib/printf/printf.c         0x00000000   Number         0  printf4.o ABSOLUTE
    ../clib/microlib/printf/printf.c         0x00000000   Number         0  printf3.o ABSOLUTE
    ../clib/microlib/printf/printf.c         0x00000000   Number         0  printf2.o ABSOLUTE
    ../clib/microlib/printf/printf.c         0x00000000   Number         0  printf0.o ABSOLUTE
    ../clib/microlib/printf/printf.c         0x00000000   Number         0  printf1.o ABSOLUTE
    ../clib/microlib/printf/printf.c         0x00000000   Number         0  printfb.o ABSOLUTE
    ../clib/microlib/printf/printf.c         0x00000000   Number         0  printfa.o ABSOLUTE
    ../clib/microlib/stdio/streams.c         0x00000000   Number         0  stdout.o ABSOLUTE
    ../clib/microlib/string/memcpy.c         0x00000000   Number         0  memcpya.o ABSOLUTE
    ../clib/microlib/string/memcpy.c         0x00000000   Number         0  memcpyb.o ABSOLUTE
    ../clib/microlib/string/memset.c         0x00000000   Number         0  memseta.o ABSOLUTE
    ../clib/microlib/stubs.s                 0x00000000   Number         0  iusefp.o ABSOLUTE
    ../fplib/microlib/fpadd.c                0x00000000   Number         0  dadd.o ABSOLUTE
    ../fplib/microlib/fpdiv.c                0x00000000   Number         0  ddiv.o ABSOLUTE
    ../fplib/microlib/fpepilogue.c           0x00000000   Number         0  depilogue.o ABSOLUTE
    ../fplib/microlib/fpfix.c                0x00000000   Number         0  dfixul.o ABSOLUTE
    ../fplib/microlib/fpmul.c                0x00000000   Number         0  dmul.o ABSOLUTE
    ..\..\..\..\Board Support Package\BSP\Utilities\Log\lcd_log.c 0x00000000   Number         0  lcd_log.o ABSOLUTE
    ..\..\..\..\Board Support Package\BSP\faulthandler.c 0x00000000   Number         0  faulthandler.o ABSOLUTE
    ..\..\..\..\Board Support Package\BSP\stf7som.c 0x00000000   Number         0  stf7som.o ABSOLUTE
    ..\..\..\..\Board Support Package\BSP\stf7som_fmc.c 0x00000000   Number         0  stf7som_fmc.o ABSOLUTE
    ..\..\..\..\Board Support Package\BSP\stf7som_lcd.c 0x00000000   Number         0  stf7som_lcd.o ABSOLUTE
    ..\..\..\..\Board Support Package\BSP\stf7som_sdram.c 0x00000000   Number         0  stf7som_sdram.o ABSOLUTE
    ..\Drivers\STM32F7xx_HAL_Driver\Src\stm32f7xx_hal.c 0x00000000   Number         0  stm32f7xx_hal.o ABSOLUTE
    ..\Drivers\STM32F7xx_HAL_Driver\Src\stm32f7xx_hal_adc.c 0x00000000   Number         0  stm32f7xx_hal_adc.o ABSOLUTE
    ..\Drivers\STM32F7xx_HAL_Driver\Src\stm32f7xx_hal_adc_ex.c 0x00000000   Number         0  stm32f7xx_hal_adc_ex.o ABSOLUTE
    ..\Drivers\STM32F7xx_HAL_Driver\Src\stm32f7xx_hal_can.c 0x00000000   Number         0  stm32f7xx_hal_can.o ABSOLUTE
    ..\Drivers\STM32F7xx_HAL_Driver\Src\stm32f7xx_hal_cortex.c 0x00000000   Number         0  stm32f7xx_hal_cortex.o ABSOLUTE
    ..\Drivers\STM32F7xx_HAL_Driver\Src\stm32f7xx_hal_dma.c 0x00000000   Number         0  stm32f7xx_hal_dma.o ABSOLUTE
    ..\Drivers\STM32F7xx_HAL_Driver\Src\stm32f7xx_hal_dma2d.c 0x00000000   Number         0  stm32f7xx_hal_dma2d.o ABSOLUTE
    ..\Drivers\STM32F7xx_HAL_Driver\Src\stm32f7xx_hal_dma_ex.c 0x00000000   Number         0  stm32f7xx_hal_dma_ex.o ABSOLUTE
    ..\Drivers\STM32F7xx_HAL_Driver\Src\stm32f7xx_hal_flash.c 0x00000000   Number         0  stm32f7xx_hal_flash.o ABSOLUTE
    ..\Drivers\STM32F7xx_HAL_Driver\Src\stm32f7xx_hal_flash_ex.c 0x00000000   Number         0  stm32f7xx_hal_flash_ex.o ABSOLUTE
    ..\Drivers\STM32F7xx_HAL_Driver\Src\stm32f7xx_hal_gpio.c 0x00000000   Number         0  stm32f7xx_hal_gpio.o ABSOLUTE
    ..\Drivers\STM32F7xx_HAL_Driver\Src\stm32f7xx_hal_ltdc.c 0x00000000   Number         0  stm32f7xx_hal_ltdc.o ABSOLUTE
    ..\Drivers\STM32F7xx_HAL_Driver\Src\stm32f7xx_hal_ltdc_ex.c 0x00000000   Number         0  stm32f7xx_hal_ltdc_ex.o ABSOLUTE
    ..\Drivers\STM32F7xx_HAL_Driver\Src\stm32f7xx_hal_pwr.c 0x00000000   Number         0  stm32f7xx_hal_pwr.o ABSOLUTE
    ..\Drivers\STM32F7xx_HAL_Driver\Src\stm32f7xx_hal_pwr_ex.c 0x00000000   Number         0  stm32f7xx_hal_pwr_ex.o ABSOLUTE
    ..\Drivers\STM32F7xx_HAL_Driver\Src\stm32f7xx_hal_rcc.c 0x00000000   Number         0  stm32f7xx_hal_rcc.o ABSOLUTE
    ..\Drivers\STM32F7xx_HAL_Driver\Src\stm32f7xx_hal_rcc_ex.c 0x00000000   Number         0  stm32f7xx_hal_rcc_ex.o ABSOLUTE
    ..\Drivers\STM32F7xx_HAL_Driver\Src\stm32f7xx_hal_sdram.c 0x00000000   Number         0  stm32f7xx_hal_sdram.o ABSOLUTE
    ..\Drivers\STM32F7xx_HAL_Driver\Src\stm32f7xx_hal_tim.c 0x00000000   Number         0  stm32f7xx_hal_tim.o ABSOLUTE
    ..\Drivers\STM32F7xx_HAL_Driver\Src\stm32f7xx_hal_tim_ex.c 0x00000000   Number         0  stm32f7xx_hal_tim_ex.o ABSOLUTE
    ..\Drivers\STM32F7xx_HAL_Driver\Src\stm32f7xx_ll_fmc.c 0x00000000   Number         0  stm32f7xx_ll_fmc.o ABSOLUTE
    ..\Src\main.c                            0x00000000   Number         0  main.o ABSOLUTE
    ..\Src\stm32f7xx_hal_msp.c               0x00000000   Number         0  stm32f7xx_hal_msp.o ABSOLUTE
    ..\Src\stm32f7xx_it.c                    0x00000000   Number         0  stm32f7xx_it.o ABSOLUTE
    ..\Src\system_stm32f7xx.c                0x00000000   Number         0  system_stm32f7xx.o ABSOLUTE
    ..\\..\\..\\..\\Board Support Package\\BSP\\Utilities\\Log\\lcd_log.c 0x00000000   Number         0  lcd_log.o ABSOLUTE
    ..\\..\\..\\..\\Board Support Package\\BSP\\faulthandler.c 0x00000000   Number         0  faulthandler.o ABSOLUTE
    ..\\..\\..\\..\\Board Support Package\\BSP\\stf7som.c 0x00000000   Number         0  stf7som.o ABSOLUTE
    ..\\..\\..\\..\\Board Support Package\\BSP\\stf7som_fmc.c 0x00000000   Number         0  stf7som_fmc.o ABSOLUTE
    ..\\..\\..\\..\\Board Support Package\\BSP\\stf7som_lcd.c 0x00000000   Number         0  stf7som_lcd.o ABSOLUTE
    ..\\..\\..\\..\\Board Support Package\\BSP\\stf7som_sdram.c 0x00000000   Number         0  stf7som_sdram.o ABSOLUTE
    ..\\Drivers\\STM32F7xx_HAL_Driver\\Src\\stm32f7xx_hal_can.c 0x00000000   Number         0  stm32f7xx_hal_can.o ABSOLUTE
    ..\\Drivers\\STM32F7xx_HAL_Driver\\Src\\stm32f7xx_hal_dma2d.c 0x00000000   Number         0  stm32f7xx_hal_dma2d.o ABSOLUTE
    ..\\Drivers\\STM32F7xx_HAL_Driver\\Src\\stm32f7xx_hal_ltdc.c 0x00000000   Number         0  stm32f7xx_hal_ltdc.o ABSOLUTE
    ..\\Drivers\\STM32F7xx_HAL_Driver\\Src\\stm32f7xx_hal_ltdc_ex.c 0x00000000   Number         0  stm32f7xx_hal_ltdc_ex.o ABSOLUTE
    ..\\Drivers\\STM32F7xx_HAL_Driver\\Src\\stm32f7xx_hal_sdram.c 0x00000000   Number         0  stm32f7xx_hal_sdram.o ABSOLUTE
    ..\\Drivers\\STM32F7xx_HAL_Driver\\Src\\stm32f7xx_hal_tim.c 0x00000000   Number         0  stm32f7xx_hal_tim.o ABSOLUTE
    ..\\Drivers\\STM32F7xx_HAL_Driver\\Src\\stm32f7xx_hal_tim_ex.c 0x00000000   Number         0  stm32f7xx_hal_tim_ex.o ABSOLUTE
    ..\\Drivers\\STM32F7xx_HAL_Driver\\Src\\stm32f7xx_ll_fmc.c 0x00000000   Number         0  stm32f7xx_ll_fmc.o ABSOLUTE
    cdrcmple.s                               0x00000000   Number         0  cdrcmple.o ABSOLUTE
    dc.s                                     0x00000000   Number         0  dc.o ABSOLUTE
    handlers.s                               0x00000000   Number         0  handlers.o ABSOLUTE
    init.s                                   0x00000000   Number         0  init.o ABSOLUTE
    startup_stm32f750xx.s                    0x00000000   Number         0  startup_stm32f750xx.o ABSOLUTE
    RESET                                    0x08000000   Section      456  startup_stm32f750xx.o(RESET)
    .ARM.Collect$$$$00000000                 0x080001c8   Section        0  entry.o(.ARM.Collect$$$$00000000)
    .ARM.Collect$$$$00000001                 0x080001c8   Section        4  entry2.o(.ARM.Collect$$$$00000001)
    .ARM.Collect$$$$00000004                 0x080001cc   Section        4  entry5.o(.ARM.Collect$$$$00000004)
    .ARM.Collect$$$$00000008                 0x080001d0   Section        0  entry7b.o(.ARM.Collect$$$$00000008)
    .ARM.Collect$$$$0000000A                 0x080001d0   Section        0  entry8b.o(.ARM.Collect$$$$0000000A)
    .ARM.Collect$$$$0000000B                 0x080001d0   Section        8  entry9a.o(.ARM.Collect$$$$0000000B)
    .ARM.Collect$$$$0000000D                 0x080001d8   Section        0  entry10a.o(.ARM.Collect$$$$0000000D)
    .ARM.Collect$$$$0000000F                 0x080001d8   Section        0  entry11a.o(.ARM.Collect$$$$0000000F)
    .ARM.Collect$$$$00002712                 0x080001d8   Section        4  entry2.o(.ARM.Collect$$$$00002712)
    __lit__00000000                          0x080001d8   Data           4  entry2.o(.ARM.Collect$$$$00002712)
    .text                                    0x080001dc   Section       36  startup_stm32f750xx.o(.text)
    $v0                                      0x080001dc   Number         0  startup_stm32f750xx.o(.text)
    .text                                    0x08000200   Section        0  uldiv.o(.text)
    .text                                    0x08000262   Section        0  memcpya.o(.text)
    .text                                    0x08000286   Section        0  memseta.o(.text)
    .text                                    0x080002aa   Section        0  llshl.o(.text)
    .text                                    0x080002c8   Section        0  llushr.o(.text)
    .text                                    0x080002e8   Section       36  init.o(.text)
    i.BSP_FMC_Init_CommonPins                0x0800030c   Section        0  stf7som_fmc.o(i.BSP_FMC_Init_CommonPins)
    i.BSP_GPIOCLK_Enable                     0x0800036c   Section        0  stf7som.o(i.BSP_GPIOCLK_Enable)
    i.BSP_LCD_Clear                          0x08000494   Section        0  stf7som_lcd.o(i.BSP_LCD_Clear)
    i.BSP_LCD_ClockConfig                    0x080004d4   Section        0  stf7som_lcd.o(i.BSP_LCD_ClockConfig)
    i.BSP_LCD_DisplayChar                    0x080004f4   Section        0  stf7som_lcd.o(i.BSP_LCD_DisplayChar)
    i.BSP_LCD_DisplayOff                     0x0800055c   Section        0  stf7som_lcd.o(i.BSP_LCD_DisplayOff)
    i.BSP_LCD_DisplayOn                      0x0800057c   Section        0  stf7som_lcd.o(i.BSP_LCD_DisplayOn)
    i.BSP_LCD_DisplayStringAt                0x080005b0   Section        0  stf7som_lcd.o(i.BSP_LCD_DisplayStringAt)
    i.BSP_LCD_DisplayStringAtLine            0x080006d8   Section        0  stf7som_lcd.o(i.BSP_LCD_DisplayStringAtLine)
    i.BSP_LCD_DrawPixel                      0x080006f8   Section        0  stf7som_lcd.o(i.BSP_LCD_DrawPixel)
    i.BSP_LCD_FillRect                       0x08000764   Section        0  stf7som_lcd.o(i.BSP_LCD_FillRect)
    i.BSP_LCD_GetFont                        0x0800081c   Section        0  stf7som_lcd.o(i.BSP_LCD_GetFont)
    i.BSP_LCD_GetXSize                       0x08000838   Section        0  stf7som_lcd.o(i.BSP_LCD_GetXSize)
    i.BSP_LCD_GetYSize                       0x08000858   Section        0  stf7som_lcd.o(i.BSP_LCD_GetYSize)
    i.BSP_LCD_Init                           0x08000878   Section        0  stf7som_lcd.o(i.BSP_LCD_Init)
    i.BSP_LCD_LayerDefaultInit               0x08000900   Section        0  stf7som_lcd.o(i.BSP_LCD_LayerDefaultInit)
    i.BSP_LCD_MspInit                        0x08000990   Section        0  stf7som_lcd.o(i.BSP_LCD_MspInit)
    i.BSP_LCD_SelectLayer                    0x08000a54   Section        0  stf7som_lcd.o(i.BSP_LCD_SelectLayer)
    i.BSP_LCD_SetBackColor                   0x08000a60   Section        0  stf7som_lcd.o(i.BSP_LCD_SetBackColor)
    i.BSP_LCD_SetFont                        0x08000a7c   Section        0  stf7som_lcd.o(i.BSP_LCD_SetFont)
    i.BSP_LCD_SetTextColor                   0x08000a98   Section        0  stf7som_lcd.o(i.BSP_LCD_SetTextColor)
    i.BSP_LCD_SetTransparency                0x08000ab0   Section        0  stf7som_lcd.o(i.BSP_LCD_SetTransparency)
    i.BSP_PB_Init                            0x08000ac8   Section        0  stf7som.o(i.BSP_PB_Init)
    i.BSP_SDRAM_Init                         0x08000af4   Section        0  stf7som_sdram.o(i.BSP_SDRAM_Init)
    i.BSP_SDRAM_Initialization_sequence      0x08000b70   Section        0  stf7som_sdram.o(i.BSP_SDRAM_Initialization_sequence)
    i.BSP_SDRAM_MspInit                      0x08000c18   Section        0  stf7som_sdram.o(i.BSP_SDRAM_MspInit)
    i.BusFault_Handler                       0x08000c9c   Section        0  stm32f7xx_it.o(i.BusFault_Handler)
    i.CAN1_RX0_IRQHandler                    0x08000ca0   Section        0  stm32f7xx_it.o(i.CAN1_RX0_IRQHandler)
    i.CAN1_RX1_IRQHandler                    0x08000cb0   Section        0  stm32f7xx_it.o(i.CAN1_RX1_IRQHandler)
    i.CAN1_TX_IRQHandler                     0x08000cc0   Section        0  stm32f7xx_it.o(i.CAN1_TX_IRQHandler)
    i.CAN_Polling                            0x08000cd0   Section        0  main.o(i.CAN_Polling)
    CAN_Polling                              0x08000cd1   Thumb Code   266  main.o(i.CAN_Polling)
    i.DMA2D_SetConfig                        0x08000df8   Section        0  stm32f7xx_hal_dma2d.o(i.DMA2D_SetConfig)
    DMA2D_SetConfig                          0x08000df9   Thumb Code   230  stm32f7xx_hal_dma2d.o(i.DMA2D_SetConfig)
    i.DMA2_Stream0_IRQHandler                0x08000ee0   Section        0  stf7som.o(i.DMA2_Stream0_IRQHandler)
    i.DebugMon_Handler                       0x08000ef0   Section        0  stm32f7xx_it.o(i.DebugMon_Handler)
    i.DrawChar                               0x08000ef4   Section        0  stf7som_lcd.o(i.DrawChar)
    DrawChar                                 0x08000ef5   Thumb Code   252  stf7som_lcd.o(i.DrawChar)
    i.Error_Handler                          0x08000ff8   Section        0  main.o(i.Error_Handler)
    i.FMC_SDRAM_Init                         0x08000ffc   Section        0  stm32f7xx_ll_fmc.o(i.FMC_SDRAM_Init)
    i.FMC_SDRAM_ProgramRefreshRate           0x08001070   Section        0  stm32f7xx_ll_fmc.o(i.FMC_SDRAM_ProgramRefreshRate)
    i.FMC_SDRAM_SendCommand                  0x0800107e   Section        0  stm32f7xx_ll_fmc.o(i.FMC_SDRAM_SendCommand)
    i.FMC_SDRAM_Timing_Init                  0x080010a4   Section        0  stm32f7xx_ll_fmc.o(i.FMC_SDRAM_Timing_Init)
    i.HAL_CAN_AddTxMessage                   0x08001140   Section        0  stm32f7xx_hal_can.o(i.HAL_CAN_AddTxMessage)
    i.HAL_CAN_ConfigFilter                   0x08001298   Section        0  stm32f7xx_hal_can.o(i.HAL_CAN_ConfigFilter)
    i.HAL_CAN_ErrorCallback                  0x080013bc   Section        0  stm32f7xx_hal_can.o(i.HAL_CAN_ErrorCallback)
    i.HAL_CAN_GetRxFifoFillLevel             0x080013be   Section        0  stm32f7xx_hal_can.o(i.HAL_CAN_GetRxFifoFillLevel)
    i.HAL_CAN_GetRxMessage                   0x080013e6   Section        0  stm32f7xx_hal_can.o(i.HAL_CAN_GetRxMessage)
    i.HAL_CAN_GetTxMailboxesFreeLevel        0x08001560   Section        0  stm32f7xx_hal_can.o(i.HAL_CAN_GetTxMailboxesFreeLevel)
    i.HAL_CAN_IRQHandler                     0x08001596   Section        0  stm32f7xx_hal_can.o(i.HAL_CAN_IRQHandler)
    i.HAL_CAN_Init                           0x080017e4   Section        0  stm32f7xx_hal_can.o(i.HAL_CAN_Init)
    i.HAL_CAN_MspInit                        0x08001958   Section        0  main.o(i.HAL_CAN_MspInit)
    i.HAL_CAN_RxFifo0FullCallback            0x080019bc   Section        0  stm32f7xx_hal_can.o(i.HAL_CAN_RxFifo0FullCallback)
    i.HAL_CAN_RxFifo0MsgPendingCallback      0x080019be   Section        0  stm32f7xx_hal_can.o(i.HAL_CAN_RxFifo0MsgPendingCallback)
    i.HAL_CAN_RxFifo1FullCallback            0x080019c0   Section        0  stm32f7xx_hal_can.o(i.HAL_CAN_RxFifo1FullCallback)
    i.HAL_CAN_RxFifo1MsgPendingCallback      0x080019c2   Section        0  stm32f7xx_hal_can.o(i.HAL_CAN_RxFifo1MsgPendingCallback)
    i.HAL_CAN_SleepCallback                  0x080019c4   Section        0  stm32f7xx_hal_can.o(i.HAL_CAN_SleepCallback)
    i.HAL_CAN_Start                          0x080019c6   Section        0  stm32f7xx_hal_can.o(i.HAL_CAN_Start)
    i.HAL_CAN_TxMailbox0AbortCallback        0x08001a24   Section        0  stm32f7xx_hal_can.o(i.HAL_CAN_TxMailbox0AbortCallback)
    i.HAL_CAN_TxMailbox0CompleteCallback     0x08001a26   Section        0  stm32f7xx_hal_can.o(i.HAL_CAN_TxMailbox0CompleteCallback)
    i.HAL_CAN_TxMailbox1AbortCallback        0x08001a28   Section        0  stm32f7xx_hal_can.o(i.HAL_CAN_TxMailbox1AbortCallback)
    i.HAL_CAN_TxMailbox1CompleteCallback     0x08001a2a   Section        0  stm32f7xx_hal_can.o(i.HAL_CAN_TxMailbox1CompleteCallback)
    i.HAL_CAN_TxMailbox2AbortCallback        0x08001a2c   Section        0  stm32f7xx_hal_can.o(i.HAL_CAN_TxMailbox2AbortCallback)
    i.HAL_CAN_TxMailbox2CompleteCallback     0x08001a2e   Section        0  stm32f7xx_hal_can.o(i.HAL_CAN_TxMailbox2CompleteCallback)
    i.HAL_CAN_WakeUpFromRxMsgCallback        0x08001a30   Section        0  stm32f7xx_hal_can.o(i.HAL_CAN_WakeUpFromRxMsgCallback)
    i.HAL_DMA2D_ConfigLayer                  0x08001a34   Section        0  stm32f7xx_hal_dma2d.o(i.HAL_DMA2D_ConfigLayer)
    i.HAL_DMA2D_Init                         0x08001b00   Section        0  stm32f7xx_hal_dma2d.o(i.HAL_DMA2D_Init)
    i.HAL_DMA2D_MspInit                      0x08001b60   Section        0  stm32f7xx_hal_dma2d.o(i.HAL_DMA2D_MspInit)
    i.HAL_DMA2D_PollForTransfer              0x08001b62   Section        0  stm32f7xx_hal_dma2d.o(i.HAL_DMA2D_PollForTransfer)
    i.HAL_DMA2D_Start                        0x08001cc8   Section        0  stm32f7xx_hal_dma2d.o(i.HAL_DMA2D_Start)
    i.HAL_DMA_IRQHandler                     0x08001d18   Section        0  stm32f7xx_hal_dma.o(i.HAL_DMA_IRQHandler)
    i.HAL_Delay                              0x08001f58   Section        0  stm32f7xx_hal.o(i.HAL_Delay)
    i.HAL_GPIO_Init                          0x08001f80   Section        0  stm32f7xx_hal_gpio.o(i.HAL_GPIO_Init)
    i.HAL_GPIO_WritePin                      0x08002198   Section        0  stm32f7xx_hal_gpio.o(i.HAL_GPIO_WritePin)
    i.HAL_GetTick                            0x080021a4   Section        0  stm32f7xx_hal.o(i.HAL_GetTick)
    i.HAL_IncTick                            0x080021b0   Section        0  stm32f7xx_hal.o(i.HAL_IncTick)
    i.HAL_Init                               0x080021c8   Section        0  stm32f7xx_hal.o(i.HAL_Init)
    i.HAL_InitTick                           0x080021e0   Section        0  stm32f7xx_hal.o(i.HAL_InitTick)
    i.HAL_LTDC_ConfigLayer                   0x0800222c   Section        0  stm32f7xx_hal_ltdc.o(i.HAL_LTDC_ConfigLayer)
    i.HAL_LTDC_GetState                      0x0800228a   Section        0  stm32f7xx_hal_ltdc.o(i.HAL_LTDC_GetState)
    i.HAL_LTDC_Init                          0x08002294   Section        0  stm32f7xx_hal_ltdc.o(i.HAL_LTDC_Init)
    i.HAL_LTDC_MspInit                       0x080023ac   Section        0  stm32f7xx_hal_ltdc.o(i.HAL_LTDC_MspInit)
    i.HAL_LTDC_SetAlpha                      0x080023ae   Section        0  stm32f7xx_hal_ltdc.o(i.HAL_LTDC_SetAlpha)
    i.HAL_MspInit                            0x0800240c   Section        0  stm32f7xx_hal_msp.o(i.HAL_MspInit)
    i.HAL_NVIC_EnableIRQ                     0x0800245c   Section        0  stm32f7xx_hal_cortex.o(i.HAL_NVIC_EnableIRQ)
    i.HAL_NVIC_SetPriority                   0x0800247c   Section        0  stm32f7xx_hal_cortex.o(i.HAL_NVIC_SetPriority)
    i.HAL_NVIC_SetPriorityGrouping           0x080024f8   Section        0  stm32f7xx_hal_cortex.o(i.HAL_NVIC_SetPriorityGrouping)
    i.HAL_PWREx_EnableOverDrive              0x08002520   Section        0  stm32f7xx_hal_pwr_ex.o(i.HAL_PWREx_EnableOverDrive)
    i.HAL_PWR_EnableBkUpAccess               0x080025b0   Section        0  stm32f7xx_hal_pwr.o(i.HAL_PWR_EnableBkUpAccess)
    i.HAL_RCCEx_PeriphCLKConfig              0x080025c4   Section        0  stm32f7xx_hal_rcc_ex.o(i.HAL_RCCEx_PeriphCLKConfig)
    i.HAL_RCC_ClockConfig                    0x08002ca4   Section        0  stm32f7xx_hal_rcc.o(i.HAL_RCC_ClockConfig)
    i.HAL_RCC_GetSysClockFreq                0x08002e38   Section        0  stm32f7xx_hal_rcc.o(i.HAL_RCC_GetSysClockFreq)
    i.HAL_RCC_OscConfig                      0x08002ee8   Section        0  stm32f7xx_hal_rcc.o(i.HAL_RCC_OscConfig)
    i.HAL_SDRAM_Init                         0x080033ec   Section        0  stm32f7xx_hal_sdram.o(i.HAL_SDRAM_Init)
    i.HAL_SDRAM_MspInit                      0x0800342c   Section        0  stm32f7xx_hal_sdram.o(i.HAL_SDRAM_MspInit)
    i.HAL_SDRAM_ProgramRefreshRate           0x0800342e   Section        0  stm32f7xx_hal_sdram.o(i.HAL_SDRAM_ProgramRefreshRate)
    i.HAL_SDRAM_SendCommand                  0x08003456   Section        0  stm32f7xx_hal_sdram.o(i.HAL_SDRAM_SendCommand)
    i.HAL_SYSTICK_Config                     0x08003490   Section        0  stm32f7xx_hal_cortex.o(i.HAL_SYSTICK_Config)
    i.HAL_TIM_Base_Init                      0x080034c4   Section        0  stm32f7xx_hal_tim.o(i.HAL_TIM_Base_Init)
    i.HAL_TIM_Base_MspInit                   0x080034f8   Section        0  stm32f7xx_hal_tim.o(i.HAL_TIM_Base_MspInit)
    i.HAL_TIM_PWM_ConfigChannel              0x080034fa   Section        0  stm32f7xx_hal_tim.o(i.HAL_TIM_PWM_ConfigChannel)
    i.HAL_TIM_PWM_Init                       0x0800366e   Section        0  stm32f7xx_hal_tim.o(i.HAL_TIM_PWM_Init)
    i.HAL_TIM_PWM_MspInit                    0x080036a2   Section        0  stm32f7xx_hal_tim.o(i.HAL_TIM_PWM_MspInit)
    i.HAL_TIM_PWM_Start                      0x080036a4   Section        0  stm32f7xx_hal_tim.o(i.HAL_TIM_PWM_Start)
    i.HAL_TIM_PWM_Stop                       0x08003708   Section        0  stm32f7xx_hal_tim.o(i.HAL_TIM_PWM_Stop)
    i.HardFault_Handler                      0x08003790   Section        0  stm32f7xx_it.o(i.HardFault_Handler)
    i.Init_BacklightPWM                      0x080037ac   Section        0  stf7som_lcd.o(i.Init_BacklightPWM)
    Init_BacklightPWM                        0x080037ad   Thumb Code   166  stf7som_lcd.o(i.Init_BacklightPWM)
    i.LCD_LOG_DeInit                         0x08003864   Section        0  lcd_log.o(i.LCD_LOG_DeInit)
    i.LCD_LOG_Init                           0x080038cc   Section        0  lcd_log.o(i.LCD_LOG_Init)
    i.LCD_LOG_SetHeader                      0x080038dc   Section        0  lcd_log.o(i.LCD_LOG_SetHeader)
    i.LCD_LOG_UpdateDisplay                  0x08003948   Section        0  lcd_log.o(i.LCD_LOG_UpdateDisplay)
    i.LL_FillBuffer                          0x08003a0c   Section        0  stf7som_lcd.o(i.LL_FillBuffer)
    LL_FillBuffer                            0x08003a0d   Thumb Code   120  stf7som_lcd.o(i.LL_FillBuffer)
    i.LTDC_SetConfig                         0x08003a94   Section        0  stm32f7xx_hal_ltdc.o(i.LTDC_SetConfig)
    LTDC_SetConfig                           0x08003a95   Thumb Code   528  stm32f7xx_hal_ltdc.o(i.LTDC_SetConfig)
    i.MemManage_Handler                      0x08003ca4   Section        0  stm32f7xx_it.o(i.MemManage_Handler)
    i.NMI_Handler                            0x08003ca8   Section        0  stm32f7xx_it.o(i.NMI_Handler)
    i.PendSV_Handler                         0x08003caa   Section        0  stm32f7xx_it.o(i.PendSV_Handler)
    i.RCC_IRQHandler                         0x08003cac   Section        0  stm32f7xx_it.o(i.RCC_IRQHandler)
    i.ReportHardFault                        0x08003cb0   Section        0  faulthandler.o(i.ReportHardFault)
    i.SVC_Handler                            0x08003d04   Section        0  stm32f7xx_it.o(i.SVC_Handler)
    i.SysTick_Handler                        0x08003d06   Section        0  stm32f7xx_it.o(i.SysTick_Handler)
    i.SystemClock_Config                     0x08003d10   Section        0  main.o(i.SystemClock_Config)
    SystemClock_Config                       0x08003d11   Thumb Code   222  main.o(i.SystemClock_Config)
    i.SystemInit                             0x08003df8   Section        0  system_stm32f7xx.o(i.SystemInit)
    i.TIM_Base_SetConfig                     0x08003e5c   Section        0  stm32f7xx_hal_tim.o(i.TIM_Base_SetConfig)
    i.TIM_CCxChannelCmd                      0x08003f34   Section        0  stm32f7xx_hal_tim.o(i.TIM_CCxChannelCmd)
    i.TIM_OC1_SetConfig                      0x08003f58   Section        0  stm32f7xx_hal_tim.o(i.TIM_OC1_SetConfig)
    TIM_OC1_SetConfig                        0x08003f59   Thumb Code   104  stm32f7xx_hal_tim.o(i.TIM_OC1_SetConfig)
    i.TIM_OC2_SetConfig                      0x08003fcc   Section        0  stm32f7xx_hal_tim.o(i.TIM_OC2_SetConfig)
    i.TIM_OC3_SetConfig                      0x0800404c   Section        0  stm32f7xx_hal_tim.o(i.TIM_OC3_SetConfig)
    TIM_OC3_SetConfig                        0x0800404d   Thumb Code   112  stm32f7xx_hal_tim.o(i.TIM_OC3_SetConfig)
    i.TIM_OC4_SetConfig                      0x080040c8   Section        0  stm32f7xx_hal_tim.o(i.TIM_OC4_SetConfig)
    TIM_OC4_SetConfig                        0x080040c9   Thumb Code    74  stm32f7xx_hal_tim.o(i.TIM_OC4_SetConfig)
    i.TIM_OC5_SetConfig                      0x08004120   Section        0  stm32f7xx_hal_tim.o(i.TIM_OC5_SetConfig)
    TIM_OC5_SetConfig                        0x08004121   Thumb Code    68  stm32f7xx_hal_tim.o(i.TIM_OC5_SetConfig)
    i.TIM_OC6_SetConfig                      0x08004170   Section        0  stm32f7xx_hal_tim.o(i.TIM_OC6_SetConfig)
    TIM_OC6_SetConfig                        0x08004171   Thumb Code    70  stm32f7xx_hal_tim.o(i.TIM_OC6_SetConfig)
    i.UsageFault_Handler                     0x080041c4   Section        0  stm32f7xx_it.o(i.UsageFault_Handler)
    i.__0printf$bare                         0x080041c8   Section        0  printfb.o(i.__0printf$bare)
    i.__NVIC_GetPriorityGrouping             0x080041d8   Section        0  stm32f7xx_hal_cortex.o(i.__NVIC_GetPriorityGrouping)
    __NVIC_GetPriorityGrouping               0x080041d9   Thumb Code    10  stm32f7xx_hal_cortex.o(i.__NVIC_GetPriorityGrouping)
    i.__NVIC_SetPriority                     0x080041e8   Section        0  stm32f7xx_hal_cortex.o(i.__NVIC_SetPriority)
    __NVIC_SetPriority                       0x080041e9   Thumb Code    32  stm32f7xx_hal_cortex.o(i.__NVIC_SetPriority)
    i.__scatterload_copy                     0x08004210   Section       14  handlers.o(i.__scatterload_copy)
    i.__scatterload_null                     0x0800421e   Section        2  handlers.o(i.__scatterload_null)
    i.__scatterload_zeroinit                 0x08004220   Section       14  handlers.o(i.__scatterload_zeroinit)
    i._printf_core                           0x0800422e   Section        0  printfb.o(i._printf_core)
    _printf_core                             0x0800422f   Thumb Code    34  printfb.o(i._printf_core)
    i.fputc                                  0x08004250   Section        0  lcd_log.o(i.fputc)
    i.main                                   0x080043c8   Section        0  main.o(i.main)
    .constdata                               0x080044f0   Section    15580  stf7som_lcd.o(.constdata)
    .constdata                               0x080081cc   Section       24  system_stm32f7xx.o(.constdata)
    .data                                    0x20000000   Section       20  main.o(.data)
    .data                                    0x20000014   Section       22  lcd_log.o(.data)
    .data                                    0x2000002c   Section       44  stf7som_lcd.o(.data)
    ActiveLayer                              0x20000054   Data           4  stf7som_lcd.o(.data)
    .data                                    0x20000058   Section        4  system_stm32f7xx.o(.data)
    .data                                    0x2000005c   Section        9  stm32f7xx_hal.o(.data)
    .data                                    0x20000068   Section        4  stdout.o(.data)
    .bss                                     0x2000006c   Section       92  main.o(.bss)
    .bss                                     0x200000c8   Section    19272  lcd_log.o(.bss)
    .bss                                     0x20004c10   Section      168  stf7som.o(.bss)
    hdma_adc                                 0x20004c10   Data          96  stf7som.o(.bss)
    AdcHandle                                0x20004c70   Data          72  stf7som.o(.bss)
    .bss                                     0x20004cb8   Section      320  stf7som_lcd.o(.bss)
    DrawProp                                 0x20004cb8   Data          24  stf7som_lcd.o(.bss)
    htim11                                   0x20004cd0   Data          64  stf7som_lcd.o(.bss)
    hLtdcHandler                             0x20004d10   Data         168  stf7som_lcd.o(.bss)
    hDma2dHandler                            0x20004db8   Data          64  stf7som_lcd.o(.bss)
    .bss                                     0x20004df8   Section       96  stf7som_sdram.o(.bss)
    Timing                                   0x20004e2c   Data          28  stf7som_sdram.o(.bss)
    Command                                  0x20004e48   Data          16  stf7som_sdram.o(.bss)
    STACK                                    0x20004e58   Section     4096  startup_stm32f750xx.o(STACK)

    Global Symbols

    Symbol Name                              Value     Ov Type        Size  Object(Section)

    BuildAttributes$$THM_ISAv4$E$P$D$K$B$S$7EM$VFPi5$EXTD16$VFPS$VFMA$PE$PLD8$A:L22UL41UL21$X:L11$S22US41US21$IEEE1$IW$USESV6$~STKCKD$USESV7$~SHL$OSPACE$ROPI$EBA8$MICROLIB$REQ8$PRES8$EABIv2 0x00000000   Number         0  anon$$obj.o ABSOLUTE
    __ARM_use_no_argv                        0x00000000   Number         0  main.o ABSOLUTE
    __cpp_initialize__aeabi_                  - Undefined Weak Reference
    __cxa_finalize                            - Undefined Weak Reference
    __decompress                              - Undefined Weak Reference
    _clock_init                               - Undefined Weak Reference
    _microlib_exit                            - Undefined Weak Reference
    __Vectors_Size                           0x000001c8   Number         0  startup_stm32f750xx.o ABSOLUTE
    __Vectors                                0x08000000   Data           4  startup_stm32f750xx.o(RESET)
    __Vectors_End                            0x080001c8   Data           0  startup_stm32f750xx.o(RESET)
    __main                                   0x080001c9   Thumb Code     0  entry.o(.ARM.Collect$$$$00000000)
    _main_stk                                0x080001c9   Thumb Code     0  entry2.o(.ARM.Collect$$$$00000001)
    _main_scatterload                        0x080001cd   Thumb Code     0  entry5.o(.ARM.Collect$$$$00000004)
    __main_after_scatterload                 0x080001d1   Thumb Code     0  entry5.o(.ARM.Collect$$$$00000004)
    _main_clock                              0x080001d1   Thumb Code     0  entry7b.o(.ARM.Collect$$$$00000008)
    _main_cpp_init                           0x080001d1   Thumb Code     0  entry8b.o(.ARM.Collect$$$$0000000A)
    _main_init                               0x080001d1   Thumb Code     0  entry9a.o(.ARM.Collect$$$$0000000B)
    __rt_final_cpp                           0x080001d9   Thumb Code     0  entry10a.o(.ARM.Collect$$$$0000000D)
    __rt_final_exit                          0x080001d9   Thumb Code     0  entry11a.o(.ARM.Collect$$$$0000000F)
    Reset_Handler                            0x080001dd   Thumb Code     8  startup_stm32f750xx.o(.text)
    ADC_IRQHandler                           0x080001f7   Thumb Code     0  startup_stm32f750xx.o(.text)
    CAN1_SCE_IRQHandler                      0x080001f7   Thumb Code     0  startup_stm32f750xx.o(.text)
    CAN2_RX0_IRQHandler                      0x080001f7   Thumb Code     0  startup_stm32f750xx.o(.text)
    CAN2_RX1_IRQHandler                      0x080001f7   Thumb Code     0  startup_stm32f750xx.o(.text)
    CAN2_SCE_IRQHandler                      0x080001f7   Thumb Code     0  startup_stm32f750xx.o(.text)
    CAN2_TX_IRQHandler                       0x080001f7   Thumb Code     0  startup_stm32f750xx.o(.text)
    CEC_IRQHandler                           0x080001f7   Thumb Code     0  startup_stm32f750xx.o(.text)
    CRYP_IRQHandler                          0x080001f7   Thumb Code     0  startup_stm32f750xx.o(.text)
    DCMI_IRQHandler                          0x080001f7   Thumb Code     0  startup_stm32f750xx.o(.text)
    DMA1_Stream0_IRQHandler                  0x080001f7   Thumb Code     0  startup_stm32f750xx.o(.text)
    DMA1_Stream1_IRQHandler                  0x080001f7   Thumb Code     0  startup_stm32f750xx.o(.text)
    DMA1_Stream2_IRQHandler                  0x080001f7   Thumb Code     0  startup_stm32f750xx.o(.text)
    DMA1_Stream3_IRQHandler                  0x080001f7   Thumb Code     0  startup_stm32f750xx.o(.text)
    DMA1_Stream4_IRQHandler                  0x080001f7   Thumb Code     0  startup_stm32f750xx.o(.text)
    DMA1_Stream5_IRQHandler                  0x080001f7   Thumb Code     0  startup_stm32f750xx.o(.text)
    DMA1_Stream6_IRQHandler                  0x080001f7   Thumb Code     0  startup_stm32f750xx.o(.text)
    DMA1_Stream7_IRQHandler                  0x080001f7   Thumb Code     0  startup_stm32f750xx.o(.text)
    DMA2D_IRQHandler                         0x080001f7   Thumb Code     0  startup_stm32f750xx.o(.text)
    DMA2_Stream1_IRQHandler                  0x080001f7   Thumb Code     0  startup_stm32f750xx.o(.text)
    DMA2_Stream2_IRQHandler                  0x080001f7   Thumb Code     0  startup_stm32f750xx.o(.text)
    DMA2_Stream3_IRQHandler                  0x080001f7   Thumb Code     0  startup_stm32f750xx.o(.text)
    DMA2_Stream4_IRQHandler                  0x080001f7   Thumb Code     0  startup_stm32f750xx.o(.text)
    DMA2_Stream5_IRQHandler                  0x080001f7   Thumb Code     0  startup_stm32f750xx.o(.text)
    DMA2_Stream6_IRQHandler                  0x080001f7   Thumb Code     0  startup_stm32f750xx.o(.text)
    DMA2_Stream7_IRQHandler                  0x080001f7   Thumb Code     0  startup_stm32f750xx.o(.text)
    ETH_IRQHandler                           0x080001f7   Thumb Code     0  startup_stm32f750xx.o(.text)
    ETH_WKUP_IRQHandler                      0x080001f7   Thumb Code     0  startup_stm32f750xx.o(.text)
    EXTI0_IRQHandler                         0x080001f7   Thumb Code     0  startup_stm32f750xx.o(.text)
    EXTI15_10_IRQHandler                     0x080001f7   Thumb Code     0  startup_stm32f750xx.o(.text)
    EXTI1_IRQHandler                         0x080001f7   Thumb Code     0  startup_stm32f750xx.o(.text)
    EXTI2_IRQHandler                         0x080001f7   Thumb Code     0  startup_stm32f750xx.o(.text)
    EXTI3_IRQHandler                         0x080001f7   Thumb Code     0  startup_stm32f750xx.o(.text)
    EXTI4_IRQHandler                         0x080001f7   Thumb Code     0  startup_stm32f750xx.o(.text)
    EXTI9_5_IRQHandler                       0x080001f7   Thumb Code     0  startup_stm32f750xx.o(.text)
    FLASH_IRQHandler                         0x080001f7   Thumb Code     0  startup_stm32f750xx.o(.text)
    FMC_IRQHandler                           0x080001f7   Thumb Code     0  startup_stm32f750xx.o(.text)
    FPU_IRQHandler                           0x080001f7   Thumb Code     0  startup_stm32f750xx.o(.text)
    HASH_RNG_IRQHandler                      0x080001f7   Thumb Code     0  startup_stm32f750xx.o(.text)
    I2C1_ER_IRQHandler                       0x080001f7   Thumb Code     0  startup_stm32f750xx.o(.text)
    I2C1_EV_IRQHandler                       0x080001f7   Thumb Code     0  startup_stm32f750xx.o(.text)
    I2C2_ER_IRQHandler                       0x080001f7   Thumb Code     0  startup_stm32f750xx.o(.text)
    I2C2_EV_IRQHandler                       0x080001f7   Thumb Code     0  startup_stm32f750xx.o(.text)
    I2C3_ER_IRQHandler                       0x080001f7   Thumb Code     0  startup_stm32f750xx.o(.text)
    I2C3_EV_IRQHandler                       0x080001f7   Thumb Code     0  startup_stm32f750xx.o(.text)
    I2C4_ER_IRQHandler                       0x080001f7   Thumb Code     0  startup_stm32f750xx.o(.text)
    I2C4_EV_IRQHandler                       0x080001f7   Thumb Code     0  startup_stm32f750xx.o(.text)
    LPTIM1_IRQHandler                        0x080001f7   Thumb Code     0  startup_stm32f750xx.o(.text)
    LTDC_ER_IRQHandler                       0x080001f7   Thumb Code     0  startup_stm32f750xx.o(.text)
    LTDC_IRQHandler                          0x080001f7   Thumb Code     0  startup_stm32f750xx.o(.text)
    OTG_FS_IRQHandler                        0x080001f7   Thumb Code     0  startup_stm32f750xx.o(.text)
    OTG_FS_WKUP_IRQHandler                   0x080001f7   Thumb Code     0  startup_stm32f750xx.o(.text)
    OTG_HS_EP1_IN_IRQHandler                 0x080001f7   Thumb Code     0  startup_stm32f750xx.o(.text)
    OTG_HS_EP1_OUT_IRQHandler                0x080001f7   Thumb Code     0  startup_stm32f750xx.o(.text)
    OTG_HS_IRQHandler                        0x080001f7   Thumb Code     0  startup_stm32f750xx.o(.text)
    OTG_HS_WKUP_IRQHandler                   0x080001f7   Thumb Code     0  startup_stm32f750xx.o(.text)
    PVD_IRQHandler                           0x080001f7   Thumb Code     0  startup_stm32f750xx.o(.text)
    QUADSPI_IRQHandler                       0x080001f7   Thumb Code     0  startup_stm32f750xx.o(.text)
    RTC_Alarm_IRQHandler                     0x080001f7   Thumb Code     0  startup_stm32f750xx.o(.text)
    RTC_WKUP_IRQHandler                      0x080001f7   Thumb Code     0  startup_stm32f750xx.o(.text)
    SAI1_IRQHandler                          0x080001f7   Thumb Code     0  startup_stm32f750xx.o(.text)
    SAI2_IRQHandler                          0x080001f7   Thumb Code     0  startup_stm32f750xx.o(.text)
    SDMMC1_IRQHandler                        0x080001f7   Thumb Code     0  startup_stm32f750xx.o(.text)
    SPDIF_RX_IRQHandler                      0x080001f7   Thumb Code     0  startup_stm32f750xx.o(.text)
    SPI1_IRQHandler                          0x080001f7   Thumb Code     0  startup_stm32f750xx.o(.text)
    SPI2_IRQHandler                          0x080001f7   Thumb Code     0  startup_stm32f750xx.o(.text)
    SPI3_IRQHandler                          0x080001f7   Thumb Code     0  startup_stm32f750xx.o(.text)
    SPI4_IRQHandler                          0x080001f7   Thumb Code     0  startup_stm32f750xx.o(.text)
    SPI5_IRQHandler                          0x080001f7   Thumb Code     0  startup_stm32f750xx.o(.text)
    SPI6_IRQHandler                          0x080001f7   Thumb Code     0  startup_stm32f750xx.o(.text)
    TAMP_STAMP_IRQHandler                    0x080001f7   Thumb Code     0  startup_stm32f750xx.o(.text)
    TIM1_BRK_TIM9_IRQHandler                 0x080001f7   Thumb Code     0  startup_stm32f750xx.o(.text)
    TIM1_CC_IRQHandler                       0x080001f7   Thumb Code     0  startup_stm32f750xx.o(.text)
    TIM1_TRG_COM_TIM11_IRQHandler            0x080001f7   Thumb Code     0  startup_stm32f750xx.o(.text)
    TIM1_UP_TIM10_IRQHandler                 0x080001f7   Thumb Code     0  startup_stm32f750xx.o(.text)
    TIM2_IRQHandler                          0x080001f7   Thumb Code     0  startup_stm32f750xx.o(.text)
    TIM3_IRQHandler                          0x080001f7   Thumb Code     0  startup_stm32f750xx.o(.text)
    TIM4_IRQHandler                          0x080001f7   Thumb Code     0  startup_stm32f750xx.o(.text)
    TIM5_IRQHandler                          0x080001f7   Thumb Code     0  startup_stm32f750xx.o(.text)
    TIM6_DAC_IRQHandler                      0x080001f7   Thumb Code     0  startup_stm32f750xx.o(.text)
    TIM7_IRQHandler                          0x080001f7   Thumb Code     0  startup_stm32f750xx.o(.text)
    TIM8_BRK_TIM12_IRQHandler                0x080001f7   Thumb Code     0  startup_stm32f750xx.o(.text)
    TIM8_CC_IRQHandler                       0x080001f7   Thumb Code     0  startup_stm32f750xx.o(.text)
    TIM8_TRG_COM_TIM14_IRQHandler            0x080001f7   Thumb Code     0  startup_stm32f750xx.o(.text)
    TIM8_UP_TIM13_IRQHandler                 0x080001f7   Thumb Code     0  startup_stm32f750xx.o(.text)
    UART4_IRQHandler                         0x080001f7   Thumb Code     0  startup_stm32f750xx.o(.text)
    UART5_IRQHandler                         0x080001f7   Thumb Code     0  startup_stm32f750xx.o(.text)
    UART7_IRQHandler                         0x080001f7   Thumb Code     0  startup_stm32f750xx.o(.text)
    UART8_IRQHandler                         0x080001f7   Thumb Code     0  startup_stm32f750xx.o(.text)
    USART1_IRQHandler                        0x080001f7   Thumb Code     0  startup_stm32f750xx.o(.text)
    USART2_IRQHandler                        0x080001f7   Thumb Code     0  startup_stm32f750xx.o(.text)
    USART3_IRQHandler                        0x080001f7   Thumb Code     0  startup_stm32f750xx.o(.text)
    USART6_IRQHandler                        0x080001f7   Thumb Code     0  startup_stm32f750xx.o(.text)
    WWDG_IRQHandler                          0x080001f7   Thumb Code     0  startup_stm32f750xx.o(.text)
    __aeabi_uldivmod                         0x08000201   Thumb Code    98  uldiv.o(.text)
    __aeabi_memcpy                           0x08000263   Thumb Code    36  memcpya.o(.text)
    __aeabi_memcpy4                          0x08000263   Thumb Code     0  memcpya.o(.text)
    __aeabi_memcpy8                          0x08000263   Thumb Code     0  memcpya.o(.text)
    __aeabi_memset                           0x08000287   Thumb Code    14  memseta.o(.text)
    __aeabi_memset4                          0x08000287   Thumb Code     0  memseta.o(.text)
    __aeabi_memset8                          0x08000287   Thumb Code     0  memseta.o(.text)
    __aeabi_memclr                           0x08000295   Thumb Code     4  memseta.o(.text)
    __aeabi_memclr4                          0x08000295   Thumb Code     0  memseta.o(.text)
    __aeabi_memclr8                          0x08000295   Thumb Code     0  memseta.o(.text)
    _memset$wrapper                          0x08000299   Thumb Code    18  memseta.o(.text)
    __aeabi_llsl                             0x080002ab   Thumb Code    30  llshl.o(.text)
    _ll_shift_l                              0x080002ab   Thumb Code     0  llshl.o(.text)
    __aeabi_llsr                             0x080002c9   Thumb Code    32  llushr.o(.text)
    _ll_ushift_r                             0x080002c9   Thumb Code     0  llushr.o(.text)
    __scatterload                            0x080002e9   Thumb Code    28  init.o(.text)
    __scatterload_rt2                        0x080002e9   Thumb Code     0  init.o(.text)
    BSP_FMC_Init_CommonPins                  0x0800030d   Thumb Code    78  stf7som_fmc.o(i.BSP_FMC_Init_CommonPins)
    BSP_GPIOCLK_Enable                       0x0800036d   Thumb Code   292  stf7som.o(i.BSP_GPIOCLK_Enable)
    BSP_LCD_Clear                            0x08000495   Thumb Code    56  stf7som_lcd.o(i.BSP_LCD_Clear)
    BSP_LCD_ClockConfig                      0x080004d5   Thumb Code    32  stf7som_lcd.o(i.BSP_LCD_ClockConfig)
    BSP_LCD_DisplayChar                      0x080004f5   Thumb Code    96  stf7som_lcd.o(i.BSP_LCD_DisplayChar)
    BSP_LCD_DisplayOff                       0x0800055d   Thumb Code    24  stf7som_lcd.o(i.BSP_LCD_DisplayOff)
    BSP_LCD_DisplayOn                        0x0800057d   Thumb Code    38  stf7som_lcd.o(i.BSP_LCD_DisplayOn)
    BSP_LCD_DisplayStringAt                  0x080005b1   Thumb Code   286  stf7som_lcd.o(i.BSP_LCD_DisplayStringAt)
    BSP_LCD_DisplayStringAtLine              0x080006d9   Thumb Code    30  stf7som_lcd.o(i.BSP_LCD_DisplayStringAtLine)
    BSP_LCD_DrawPixel                        0x080006f9   Thumb Code    98  stf7som_lcd.o(i.BSP_LCD_DrawPixel)
    BSP_LCD_FillRect                         0x08000765   Thumb Code   170  stf7som_lcd.o(i.BSP_LCD_FillRect)
    BSP_LCD_GetFont                          0x0800081d   Thumb Code    18  stf7som_lcd.o(i.BSP_LCD_GetFont)
    BSP_LCD_GetXSize                         0x08000839   Thumb Code    22  stf7som_lcd.o(i.BSP_LCD_GetXSize)
    BSP_LCD_GetYSize                         0x08000859   Thumb Code    22  stf7som_lcd.o(i.BSP_LCD_GetYSize)
    BSP_LCD_Init                             0x08000879   Thumb Code   128  stf7som_lcd.o(i.BSP_LCD_Init)
    BSP_LCD_LayerDefaultInit                 0x08000901   Thumb Code   132  stf7som_lcd.o(i.BSP_LCD_LayerDefaultInit)
    BSP_LCD_MspInit                          0x08000991   Thumb Code   172  stf7som_lcd.o(i.BSP_LCD_MspInit)
    BSP_LCD_SelectLayer                      0x08000a55   Thumb Code     6  stf7som_lcd.o(i.BSP_LCD_SelectLayer)
    BSP_LCD_SetBackColor                     0x08000a61   Thumb Code    18  stf7som_lcd.o(i.BSP_LCD_SetBackColor)
    BSP_LCD_SetFont                          0x08000a7d   Thumb Code    18  stf7som_lcd.o(i.BSP_LCD_SetFont)
    BSP_LCD_SetTextColor                     0x08000a99   Thumb Code    16  stf7som_lcd.o(i.BSP_LCD_SetTextColor)
    BSP_LCD_SetTransparency                  0x08000ab1   Thumb Code    18  stf7som_lcd.o(i.BSP_LCD_SetTransparency)
    BSP_PB_Init                              0x08000ac9   Thumb Code    38  stf7som.o(i.BSP_PB_Init)
    BSP_SDRAM_Init                           0x08000af5   Thumb Code   112  stf7som_sdram.o(i.BSP_SDRAM_Init)
    BSP_SDRAM_Initialization_sequence        0x08000b71   Thumb Code   160  stf7som_sdram.o(i.BSP_SDRAM_Initialization_sequence)
    BSP_SDRAM_MspInit                        0x08000c19   Thumb Code   110  stf7som_sdram.o(i.BSP_SDRAM_MspInit)
    BusFault_Handler                         0x08000c9d   Thumb Code     4  stm32f7xx_it.o(i.BusFault_Handler)
    CAN1_RX0_IRQHandler                      0x08000ca1   Thumb Code    10  stm32f7xx_it.o(i.CAN1_RX0_IRQHandler)
    CAN1_RX1_IRQHandler                      0x08000cb1   Thumb Code    10  stm32f7xx_it.o(i.CAN1_RX1_IRQHandler)
    CAN1_TX_IRQHandler                       0x08000cc1   Thumb Code    10  stm32f7xx_it.o(i.CAN1_TX_IRQHandler)
    DMA2_Stream0_IRQHandler                  0x08000ee1   Thumb Code    12  stf7som.o(i.DMA2_Stream0_IRQHandler)
    DebugMon_Handler                         0x08000ef1   Thumb Code     2  stm32f7xx_it.o(i.DebugMon_Handler)
    Error_Handler                            0x08000ff9   Thumb Code     4  main.o(i.Error_Handler)
    FMC_SDRAM_Init                           0x08000ffd   Thumb Code   116  stm32f7xx_ll_fmc.o(i.FMC_SDRAM_Init)
    FMC_SDRAM_ProgramRefreshRate             0x08001071   Thumb Code    14  stm32f7xx_ll_fmc.o(i.FMC_SDRAM_ProgramRefreshRate)
    FMC_SDRAM_SendCommand                    0x0800107f   Thumb Code    38  stm32f7xx_ll_fmc.o(i.FMC_SDRAM_SendCommand)
    FMC_SDRAM_Timing_Init                    0x080010a5   Thumb Code   152  stm32f7xx_ll_fmc.o(i.FMC_SDRAM_Timing_Init)
    HAL_CAN_AddTxMessage                     0x08001141   Thumb Code   342  stm32f7xx_hal_can.o(i.HAL_CAN_AddTxMessage)
    HAL_CAN_ConfigFilter                     0x08001299   Thumb Code   286  stm32f7xx_hal_can.o(i.HAL_CAN_ConfigFilter)
    HAL_CAN_ErrorCallback                    0x080013bd   Thumb Code     2  stm32f7xx_hal_can.o(i.HAL_CAN_ErrorCallback)
    HAL_CAN_GetRxFifoFillLevel               0x080013bf   Thumb Code    40  stm32f7xx_hal_can.o(i.HAL_CAN_GetRxFifoFillLevel)
    HAL_CAN_GetRxMessage                     0x080013e7   Thumb Code   378  stm32f7xx_hal_can.o(i.HAL_CAN_GetRxMessage)
    HAL_CAN_GetTxMailboxesFreeLevel          0x08001561   Thumb Code    54  stm32f7xx_hal_can.o(i.HAL_CAN_GetTxMailboxesFreeLevel)
    HAL_CAN_IRQHandler                       0x08001597   Thumb Code   590  stm32f7xx_hal_can.o(i.HAL_CAN_IRQHandler)
    HAL_CAN_Init                             0x080017e5   Thumb Code   372  stm32f7xx_hal_can.o(i.HAL_CAN_Init)
    HAL_CAN_MspInit                          0x08001959   Thumb Code    92  main.o(i.HAL_CAN_MspInit)
    HAL_CAN_RxFifo0FullCallback              0x080019bd   Thumb Code     2  stm32f7xx_hal_can.o(i.HAL_CAN_RxFifo0FullCallback)
    HAL_CAN_RxFifo0MsgPendingCallback        0x080019bf   Thumb Code     2  stm32f7xx_hal_can.o(i.HAL_CAN_RxFifo0MsgPendingCallback)
    HAL_CAN_RxFifo1FullCallback              0x080019c1   Thumb Code     2  stm32f7xx_hal_can.o(i.HAL_CAN_RxFifo1FullCallback)
    HAL_CAN_RxFifo1MsgPendingCallback        0x080019c3   Thumb Code     2  stm32f7xx_hal_can.o(i.HAL_CAN_RxFifo1MsgPendingCallback)
    HAL_CAN_SleepCallback                    0x080019c5   Thumb Code     2  stm32f7xx_hal_can.o(i.HAL_CAN_SleepCallback)
    HAL_CAN_Start                            0x080019c7   Thumb Code    94  stm32f7xx_hal_can.o(i.HAL_CAN_Start)
    HAL_CAN_TxMailbox0AbortCallback          0x08001a25   Thumb Code     2  stm32f7xx_hal_can.o(i.HAL_CAN_TxMailbox0AbortCallback)
    HAL_CAN_TxMailbox0CompleteCallback       0x08001a27   Thumb Code     2  stm32f7xx_hal_can.o(i.HAL_CAN_TxMailbox0CompleteCallback)
    HAL_CAN_TxMailbox1AbortCallback          0x08001a29   Thumb Code     2  stm32f7xx_hal_can.o(i.HAL_CAN_TxMailbox1AbortCallback)
    HAL_CAN_TxMailbox1CompleteCallback       0x08001a2b   Thumb Code     2  stm32f7xx_hal_can.o(i.HAL_CAN_TxMailbox1CompleteCallback)
    HAL_CAN_TxMailbox2AbortCallback          0x08001a2d   Thumb Code     2  stm32f7xx_hal_can.o(i.HAL_CAN_TxMailbox2AbortCallback)
    HAL_CAN_TxMailbox2CompleteCallback       0x08001a2f   Thumb Code     2  stm32f7xx_hal_can.o(i.HAL_CAN_TxMailbox2CompleteCallback)
    HAL_CAN_WakeUpFromRxMsgCallback          0x08001a31   Thumb Code     2  stm32f7xx_hal_can.o(i.HAL_CAN_WakeUpFromRxMsgCallback)
    HAL_DMA2D_ConfigLayer                    0x08001a35   Thumb Code   198  stm32f7xx_hal_dma2d.o(i.HAL_DMA2D_ConfigLayer)
    HAL_DMA2D_Init                           0x08001b01   Thumb Code    96  stm32f7xx_hal_dma2d.o(i.HAL_DMA2D_Init)
    HAL_DMA2D_MspInit                        0x08001b61   Thumb Code     2  stm32f7xx_hal_dma2d.o(i.HAL_DMA2D_MspInit)
    HAL_DMA2D_PollForTransfer                0x08001b63   Thumb Code   358  stm32f7xx_hal_dma2d.o(i.HAL_DMA2D_PollForTransfer)
    HAL_DMA2D_Start                          0x08001cc9   Thumb Code    78  stm32f7xx_hal_dma2d.o(i.HAL_DMA2D_Start)
    HAL_DMA_IRQHandler                       0x08001d19   Thumb Code   570  stm32f7xx_hal_dma.o(i.HAL_DMA_IRQHandler)
    HAL_Delay                                0x08001f59   Thumb Code    36  stm32f7xx_hal.o(i.HAL_Delay)
    HAL_GPIO_Init                            0x08001f81   Thumb Code   484  stm32f7xx_hal_gpio.o(i.HAL_GPIO_Init)
    HAL_GPIO_WritePin                        0x08002199   Thumb Code    12  stm32f7xx_hal_gpio.o(i.HAL_GPIO_WritePin)
    HAL_GetTick                              0x080021a5   Thumb Code     6  stm32f7xx_hal.o(i.HAL_GetTick)
    HAL_IncTick                              0x080021b1   Thumb Code    16  stm32f7xx_hal.o(i.HAL_IncTick)
    HAL_Init                                 0x080021c9   Thumb Code    22  stm32f7xx_hal.o(i.HAL_Init)
    HAL_InitTick                             0x080021e1   Thumb Code    64  stm32f7xx_hal.o(i.HAL_InitTick)
    HAL_LTDC_ConfigLayer                     0x0800222d   Thumb Code    94  stm32f7xx_hal_ltdc.o(i.HAL_LTDC_ConfigLayer)
    HAL_LTDC_GetState                        0x0800228b   Thumb Code     8  stm32f7xx_hal_ltdc.o(i.HAL_LTDC_GetState)
    HAL_LTDC_Init                            0x08002295   Thumb Code   274  stm32f7xx_hal_ltdc.o(i.HAL_LTDC_Init)
    HAL_LTDC_MspInit                         0x080023ad   Thumb Code     2  stm32f7xx_hal_ltdc.o(i.HAL_LTDC_MspInit)
    HAL_LTDC_SetAlpha                        0x080023af   Thumb Code    92  stm32f7xx_hal_ltdc.o(i.HAL_LTDC_SetAlpha)
    HAL_MspInit                              0x0800240d   Thumb Code    76  stm32f7xx_hal_msp.o(i.HAL_MspInit)
    HAL_NVIC_EnableIRQ                       0x0800245d   Thumb Code    32  stm32f7xx_hal_cortex.o(i.HAL_NVIC_EnableIRQ)
    HAL_NVIC_SetPriority                     0x0800247d   Thumb Code   124  stm32f7xx_hal_cortex.o(i.HAL_NVIC_SetPriority)
    HAL_NVIC_SetPriorityGrouping             0x080024f9   Thumb Code    32  stm32f7xx_hal_cortex.o(i.HAL_NVIC_SetPriorityGrouping)
    HAL_PWREx_EnableOverDrive                0x08002521   Thumb Code   136  stm32f7xx_hal_pwr_ex.o(i.HAL_PWREx_EnableOverDrive)
    HAL_PWR_EnableBkUpAccess                 0x080025b1   Thumb Code    14  stm32f7xx_hal_pwr.o(i.HAL_PWR_EnableBkUpAccess)
    HAL_RCCEx_PeriphCLKConfig                0x080025c5   Thumb Code  1756  stm32f7xx_hal_rcc_ex.o(i.HAL_RCCEx_PeriphCLKConfig)
    HAL_RCC_ClockConfig                      0x08002ca5   Thumb Code   384  stm32f7xx_hal_rcc.o(i.HAL_RCC_ClockConfig)
    HAL_RCC_GetSysClockFreq                  0x08002e39   Thumb Code   162  stm32f7xx_hal_rcc.o(i.HAL_RCC_GetSysClockFreq)
    HAL_RCC_OscConfig                        0x08002ee9   Thumb Code  1278  stm32f7xx_hal_rcc.o(i.HAL_RCC_OscConfig)
    HAL_SDRAM_Init                           0x080033ed   Thumb Code    64  stm32f7xx_hal_sdram.o(i.HAL_SDRAM_Init)
    HAL_SDRAM_MspInit                        0x0800342d   Thumb Code     2  stm32f7xx_hal_sdram.o(i.HAL_SDRAM_MspInit)
    HAL_SDRAM_ProgramRefreshRate             0x0800342f   Thumb Code    40  stm32f7xx_hal_sdram.o(i.HAL_SDRAM_ProgramRefreshRate)
    HAL_SDRAM_SendCommand                    0x08003457   Thumb Code    58  stm32f7xx_hal_sdram.o(i.HAL_SDRAM_SendCommand)
    HAL_SYSTICK_Config                       0x08003491   Thumb Code    52  stm32f7xx_hal_cortex.o(i.HAL_SYSTICK_Config)
    HAL_TIM_Base_Init                        0x080034c5   Thumb Code    52  stm32f7xx_hal_tim.o(i.HAL_TIM_Base_Init)
    HAL_TIM_Base_MspInit                     0x080034f9   Thumb Code     2  stm32f7xx_hal_tim.o(i.HAL_TIM_Base_MspInit)
    HAL_TIM_PWM_ConfigChannel                0x080034fb   Thumb Code   372  stm32f7xx_hal_tim.o(i.HAL_TIM_PWM_ConfigChannel)
    HAL_TIM_PWM_Init                         0x0800366f   Thumb Code    52  stm32f7xx_hal_tim.o(i.HAL_TIM_PWM_Init)
    HAL_TIM_PWM_MspInit                      0x080036a3   Thumb Code     2  stm32f7xx_hal_tim.o(i.HAL_TIM_PWM_MspInit)
    HAL_TIM_PWM_Start                        0x080036a5   Thumb Code    88  stm32f7xx_hal_tim.o(i.HAL_TIM_PWM_Start)
    HAL_TIM_PWM_Stop                         0x08003709   Thumb Code   126  stm32f7xx_hal_tim.o(i.HAL_TIM_PWM_Stop)
    HardFault_Handler                        0x08003791   Thumb Code    26  stm32f7xx_it.o(i.HardFault_Handler)
    LCD_LOG_DeInit                           0x08003865   Thumb Code    56  lcd_log.o(i.LCD_LOG_DeInit)
    LCD_LOG_Init                             0x080038cd   Thumb Code    16  lcd_log.o(i.LCD_LOG_Init)
    LCD_LOG_SetHeader                        0x080038dd   Thumb Code    94  lcd_log.o(i.LCD_LOG_SetHeader)
    LCD_LOG_UpdateDisplay                    0x08003949   Thumb Code   182  lcd_log.o(i.LCD_LOG_UpdateDisplay)
    MemManage_Handler                        0x08003ca5   Thumb Code     4  stm32f7xx_it.o(i.MemManage_Handler)
    NMI_Handler                              0x08003ca9   Thumb Code     2  stm32f7xx_it.o(i.NMI_Handler)
    PendSV_Handler                           0x08003cab   Thumb Code     2  stm32f7xx_it.o(i.PendSV_Handler)
    RCC_IRQHandler                           0x08003cad   Thumb Code     4  stm32f7xx_it.o(i.RCC_IRQHandler)
    ReportHardFault                          0x08003cb1   Thumb Code    78  faulthandler.o(i.ReportHardFault)
    SVC_Handler                              0x08003d05   Thumb Code     2  stm32f7xx_it.o(i.SVC_Handler)
    SysTick_Handler                          0x08003d07   Thumb Code     8  stm32f7xx_it.o(i.SysTick_Handler)
    SystemInit                               0x08003df9   Thumb Code    82  system_stm32f7xx.o(i.SystemInit)
    TIM_Base_SetConfig                       0x08003e5d   Thumb Code   170  stm32f7xx_hal_tim.o(i.TIM_Base_SetConfig)
    TIM_CCxChannelCmd                        0x08003f35   Thumb Code    34  stm32f7xx_hal_tim.o(i.TIM_CCxChannelCmd)
    TIM_OC2_SetConfig                        0x08003fcd   Thumb Code   114  stm32f7xx_hal_tim.o(i.TIM_OC2_SetConfig)
    UsageFault_Handler                       0x080041c5   Thumb Code     4  stm32f7xx_it.o(i.UsageFault_Handler)
    __0printf$bare                           0x080041c9   Thumb Code     8  printfb.o(i.__0printf$bare)
    __1printf$bare                           0x080041c9   Thumb Code     0  printfb.o(i.__0printf$bare)
    __2printf                                0x080041c9   Thumb Code     0  printfb.o(i.__0printf$bare)
    __scatterload_copy                       0x08004211   Thumb Code    14  handlers.o(i.__scatterload_copy)
    __scatterload_null                       0x0800421f   Thumb Code     2  handlers.o(i.__scatterload_null)
    __scatterload_zeroinit                   0x08004221   Thumb Code    14  handlers.o(i.__scatterload_zeroinit)
    fputc                                    0x08004251   Thumb Code   326  lcd_log.o(i.fputc)
    main                                     0x080043c9   Thumb Code   178  main.o(i.main)
    Font8_Table                              0x080044f0   Data         760  stf7som_lcd.o(.constdata)
    Font24_Table                             0x080047e8   Data        6840  stf7som_lcd.o(.constdata)
    Font20_Table                             0x080062a0   Data        3800  stf7som_lcd.o(.constdata)
    Font16_Table                             0x08007178   Data        3040  stf7som_lcd.o(.constdata)
    Font12_Table                             0x08007d58   Data        1140  stf7som_lcd.o(.constdata)
    AHBPrescTable                            0x080081cc   Data          16  system_stm32f7xx.o(.constdata)
    APBPrescTable                            0x080081dc   Data           8  system_stm32f7xx.o(.constdata)
    Region$$Table$$Base                      0x080081e4   Number         0  anon$$obj.o(Region$$Table)
    Region$$Table$$Limit                     0x08008204   Number         0  anon$$obj.o(Region$$Table)
    TxData                                   0x20000000   Data           8  main.o(.data)
    RxData                                   0x20000008   Data           8  main.o(.data)
    TxMailbox                                0x20000010   Data           4  main.o(.data)
    LCD_ScrollBackStep                       0x20000014   Data           2  lcd_log.o(.data)
    LCD_LineColor                            0x20000018   Data           4  lcd_log.o(.data)
    LCD_CacheBuffer_xptr                     0x2000001c   Data           2  lcd_log.o(.data)
    LCD_CacheBuffer_yptr_top                 0x2000001e   Data           2  lcd_log.o(.data)
    LCD_CacheBuffer_yptr_bottom              0x20000020   Data           2  lcd_log.o(.data)
    LCD_CacheBuffer_yptr_top_bak             0x20000022   Data           2  lcd_log.o(.data)
    LCD_CacheBuffer_yptr_bottom_bak          0x20000024   Data           2  lcd_log.o(.data)
    LCD_Lock                                 0x20000026   Data           1  lcd_log.o(.data)
    LCD_Scrolled                             0x20000027   Data           1  lcd_log.o(.data)
    LCD_ScrollActive                         0x20000028   Data           1  lcd_log.o(.data)
    LCD_CacheBuffer_yptr_invert              0x20000029   Data           1  lcd_log.o(.data)
    Font8                                    0x2000002c   Data           8  stf7som_lcd.o(.data)
    Font24                                   0x20000034   Data           8  stf7som_lcd.o(.data)
    Font20                                   0x2000003c   Data           8  stf7som_lcd.o(.data)
    Font16                                   0x20000044   Data           8  stf7som_lcd.o(.data)
    Font12                                   0x2000004c   Data           8  stf7som_lcd.o(.data)
    SystemCoreClock                          0x20000058   Data           4  system_stm32f7xx.o(.data)
    uwTick                                   0x2000005c   Data           4  stm32f7xx_hal.o(.data)
    uwTickPrio                               0x20000060   Data           4  stm32f7xx_hal.o(.data)
    uwTickFreq                               0x20000064   Data           1  stm32f7xx_hal.o(.data)
    __stdout                                 0x20000068   Data           4  stdout.o(.data)
    TxHeader                                 0x2000006c   Data          24  main.o(.bss)
    RxHeader                                 0x20000084   Data          28  main.o(.bss)
    CanHandle                                0x200000a0   Data          40  main.o(.bss)
    LCD_CacheBuffer                          0x200000c8   Data       19272  lcd_log.o(.bss)
    sdramHandle                              0x20004df8   Data          52  stf7som_sdram.o(.bss)
    __initial_sp                             0x20005e58   Data           0  startup_stm32f750xx.o(STACK)



==============================================================================

Memory Map of the image

  Image Entry point : 0x080001c9

  Load Region LR_IROM1 (Base: 0x08000000, Size: 0x00008270, Max: 0x00010000, ABSOLUTE)

    Execution Region ER_IROM1 (Exec base: 0x08000000, Load base: 0x08000000, Size: 0x00008204, Max: 0x00010000, ABSOLUTE)

    Exec Addr    Load Addr    Size         Type   Attr      Idx    E Section Name        Object

    0x08000000   0x08000000   0x000001c8   Data   RO          345    RESET               startup_stm32f750xx.o
    0x080001c8   0x080001c8   0x00000000   Code   RO         4504  * .ARM.Collect$$$$00000000  mc_w.l(entry.o)
    0x080001c8   0x080001c8   0x00000004   Code   RO         4775    .ARM.Collect$$$$00000001  mc_w.l(entry2.o)
    0x080001cc   0x080001cc   0x00000004   Code   RO         4778    .ARM.Collect$$$$00000004  mc_w.l(entry5.o)
    0x080001d0   0x080001d0   0x00000000   Code   RO         4780    .ARM.Collect$$$$00000008  mc_w.l(entry7b.o)
    0x080001d0   0x080001d0   0x00000000   Code   RO         4782    .ARM.Collect$$$$0000000A  mc_w.l(entry8b.o)
    0x080001d0   0x080001d0   0x00000008   Code   RO         4783    .ARM.Collect$$$$0000000B  mc_w.l(entry9a.o)
    0x080001d8   0x080001d8   0x00000000   Code   RO         4785    .ARM.Collect$$$$0000000D  mc_w.l(entry10a.o)
    0x080001d8   0x080001d8   0x00000000   Code   RO         4787    .ARM.Collect$$$$0000000F  mc_w.l(entry11a.o)
    0x080001d8   0x080001d8   0x00000004   Code   RO         4776    .ARM.Collect$$$$00002712  mc_w.l(entry2.o)
    0x080001dc   0x080001dc   0x00000024   Code   RO          346    .text               startup_stm32f750xx.o
    0x08000200   0x08000200   0x00000062   Code   RO         4507    .text               mc_w.l(uldiv.o)
    0x08000262   0x08000262   0x00000024   Code   RO         4509    .text               mc_w.l(memcpya.o)
    0x08000286   0x08000286   0x00000024   Code   RO         4511    .text               mc_w.l(memseta.o)
    0x080002aa   0x080002aa   0x0000001e   Code   RO         4792    .text               mc_w.l(llshl.o)
    0x080002c8   0x080002c8   0x00000020   Code   RO         4794    .text               mc_w.l(llushr.o)
    0x080002e8   0x080002e8   0x00000024   Code   RO         4807    .text               mc_w.l(init.o)
    0x0800030c   0x0800030c   0x00000060   Code   RO          947    i.BSP_FMC_Init_CommonPins  stf7som_fmc.o
    0x0800036c   0x0800036c   0x00000128   Code   RO          441    i.BSP_GPIOCLK_Enable  stf7som.o
    0x08000494   0x08000494   0x00000040   Code   RO          560    i.BSP_LCD_Clear     stf7som_lcd.o
    0x080004d4   0x080004d4   0x00000020   Code   RO          562    i.BSP_LCD_ClockConfig  stf7som_lcd.o
    0x080004f4   0x080004f4   0x00000068   Code   RO          564    i.BSP_LCD_DisplayChar  stf7som_lcd.o
    0x0800055c   0x0800055c   0x00000020   Code   RO          565    i.BSP_LCD_DisplayOff  stf7som_lcd.o
    0x0800057c   0x0800057c   0x00000034   Code   RO          566    i.BSP_LCD_DisplayOn  stf7som_lcd.o
    0x080005b0   0x080005b0   0x00000128   Code   RO          567    i.BSP_LCD_DisplayStringAt  stf7som_lcd.o
    0x080006d8   0x080006d8   0x0000001e   Code   RO          568    i.BSP_LCD_DisplayStringAtLine  stf7som_lcd.o
    0x080006f6   0x080006f6   0x00000002   PAD
    0x080006f8   0x080006f8   0x0000006c   Code   RO          574    i.BSP_LCD_DrawPixel  stf7som_lcd.o
    0x08000764   0x08000764   0x000000b8   Code   RO          581    i.BSP_LCD_FillRect  stf7som_lcd.o
    0x0800081c   0x0800081c   0x0000001c   Code   RO          583    i.BSP_LCD_GetFont   stf7som_lcd.o
    0x08000838   0x08000838   0x00000020   Code   RO          585    i.BSP_LCD_GetXSize  stf7som_lcd.o
    0x08000858   0x08000858   0x00000020   Code   RO          586    i.BSP_LCD_GetYSize  stf7som_lcd.o
    0x08000878   0x08000878   0x00000088   Code   RO          587    i.BSP_LCD_Init      stf7som_lcd.o
    0x08000900   0x08000900   0x00000090   Code   RO          588    i.BSP_LCD_LayerDefaultInit  stf7som_lcd.o
    0x08000990   0x08000990   0x000000c4   Code   RO          591    i.BSP_LCD_MspInit   stf7som_lcd.o
    0x08000a54   0x08000a54   0x0000000c   Code   RO          596    i.BSP_LCD_SelectLayer  stf7som_lcd.o
    0x08000a60   0x08000a60   0x0000001c   Code   RO          597    i.BSP_LCD_SetBackColor  stf7som_lcd.o
    0x08000a7c   0x08000a7c   0x0000001c   Code   RO          600    i.BSP_LCD_SetFont   stf7som_lcd.o
    0x08000a98   0x08000a98   0x00000018   Code   RO          607    i.BSP_LCD_SetTextColor  stf7som_lcd.o
    0x08000ab0   0x08000ab0   0x00000018   Code   RO          608    i.BSP_LCD_SetTransparency  stf7som_lcd.o
    0x08000ac8   0x08000ac8   0x0000002c   Code   RO          445    i.BSP_PB_Init       stf7som.o
    0x08000af4   0x08000af4   0x0000007c   Code   RO          981    i.BSP_SDRAM_Init    stf7som_sdram.o
    0x08000b70   0x08000b70   0x000000a8   Code   RO          982    i.BSP_SDRAM_Initialization_sequence  stf7som_sdram.o
    0x08000c18   0x08000c18   0x00000084   Code   RO          984    i.BSP_SDRAM_MspInit  stf7som_sdram.o
    0x08000c9c   0x08000c9c   0x00000004   Code   RO          207    i.BusFault_Handler  stm32f7xx_it.o
    0x08000ca0   0x08000ca0   0x00000010   Code   RO          208    i.CAN1_RX0_IRQHandler  stm32f7xx_it.o
    0x08000cb0   0x08000cb0   0x00000010   Code   RO          209    i.CAN1_RX1_IRQHandler  stm32f7xx_it.o
    0x08000cc0   0x08000cc0   0x00000010   Code   RO          210    i.CAN1_TX_IRQHandler  stm32f7xx_it.o
    0x08000cd0   0x08000cd0   0x00000128   Code   RO            4    i.CAN_Polling       main.o
    0x08000df8   0x08000df8   0x000000e6   Code   RO         3881    i.DMA2D_SetConfig   stm32f7xx_hal_dma2d.o
    0x08000ede   0x08000ede   0x00000002   PAD
    0x08000ee0   0x08000ee0   0x00000010   Code   RO          446    i.DMA2_Stream0_IRQHandler  stf7som.o
    0x08000ef0   0x08000ef0   0x00000002   Code   RO          211    i.DebugMon_Handler  stm32f7xx_it.o
    0x08000ef2   0x08000ef2   0x00000002   PAD
    0x08000ef4   0x08000ef4   0x00000104   Code   RO          613    i.DrawChar          stf7som_lcd.o
    0x08000ff8   0x08000ff8   0x00000004   Code   RO            5    i.Error_Handler     main.o
    0x08000ffc   0x08000ffc   0x00000074   Code   RO         1316    i.FMC_SDRAM_Init    stm32f7xx_ll_fmc.o
    0x08001070   0x08001070   0x0000000e   Code   RO         1317    i.FMC_SDRAM_ProgramRefreshRate  stm32f7xx_ll_fmc.o
    0x0800107e   0x0800107e   0x00000026   Code   RO         1318    i.FMC_SDRAM_SendCommand  stm32f7xx_ll_fmc.o
    0x080010a4   0x080010a4   0x0000009c   Code   RO         1320    i.FMC_SDRAM_Timing_Init  stm32f7xx_ll_fmc.o
    0x08001140   0x08001140   0x00000156   Code   RO         2630    i.HAL_CAN_AddTxMessage  stm32f7xx_hal_can.o
    0x08001296   0x08001296   0x00000002   PAD
    0x08001298   0x08001298   0x00000124   Code   RO         2631    i.HAL_CAN_ConfigFilter  stm32f7xx_hal_can.o
    0x080013bc   0x080013bc   0x00000002   Code   RO         2634    i.HAL_CAN_ErrorCallback  stm32f7xx_hal_can.o
    0x080013be   0x080013be   0x00000028   Code   RO         2636    i.HAL_CAN_GetRxFifoFillLevel  stm32f7xx_hal_can.o
    0x080013e6   0x080013e6   0x0000017a   Code   RO         2637    i.HAL_CAN_GetRxMessage  stm32f7xx_hal_can.o
    0x08001560   0x08001560   0x00000036   Code   RO         2639    i.HAL_CAN_GetTxMailboxesFreeLevel  stm32f7xx_hal_can.o
    0x08001596   0x08001596   0x0000024e   Code   RO         2641    i.HAL_CAN_IRQHandler  stm32f7xx_hal_can.o
    0x080017e4   0x080017e4   0x00000174   Code   RO         2642    i.HAL_CAN_Init      stm32f7xx_hal_can.o
    0x08001958   0x08001958   0x00000064   Code   RO            7    i.HAL_CAN_MspInit   main.o
    0x080019bc   0x080019bc   0x00000002   Code   RO         2649    i.HAL_CAN_RxFifo0FullCallback  stm32f7xx_hal_can.o
    0x080019be   0x080019be   0x00000002   Code   RO         2650    i.HAL_CAN_RxFifo0MsgPendingCallback  stm32f7xx_hal_can.o
    0x080019c0   0x080019c0   0x00000002   Code   RO         2651    i.HAL_CAN_RxFifo1FullCallback  stm32f7xx_hal_can.o
    0x080019c2   0x080019c2   0x00000002   Code   RO         2652    i.HAL_CAN_RxFifo1MsgPendingCallback  stm32f7xx_hal_can.o
    0x080019c4   0x080019c4   0x00000002   Code   RO         2653    i.HAL_CAN_SleepCallback  stm32f7xx_hal_can.o
    0x080019c6   0x080019c6   0x0000005e   Code   RO         2654    i.HAL_CAN_Start     stm32f7xx_hal_can.o
    0x08001a24   0x08001a24   0x00000002   Code   RO         2656    i.HAL_CAN_TxMailbox0AbortCallback  stm32f7xx_hal_can.o
    0x08001a26   0x08001a26   0x00000002   Code   RO         2657    i.HAL_CAN_TxMailbox0CompleteCallback  stm32f7xx_hal_can.o
    0x08001a28   0x08001a28   0x00000002   Code   RO         2658    i.HAL_CAN_TxMailbox1AbortCallback  stm32f7xx_hal_can.o
    0x08001a2a   0x08001a2a   0x00000002   Code   RO         2659    i.HAL_CAN_TxMailbox1CompleteCallback  stm32f7xx_hal_can.o
    0x08001a2c   0x08001a2c   0x00000002   Code   RO         2660    i.HAL_CAN_TxMailbox2AbortCallback  stm32f7xx_hal_can.o
    0x08001a2e   0x08001a2e   0x00000002   Code   RO         2661    i.HAL_CAN_TxMailbox2CompleteCallback  stm32f7xx_hal_can.o
    0x08001a30   0x08001a30   0x00000002   Code   RO         2663    i.HAL_CAN_WakeUpFromRxMsgCallback  stm32f7xx_hal_can.o
    0x08001a32   0x08001a32   0x00000002   PAD
    0x08001a34   0x08001a34   0x000000cc   Code   RO         3893    i.HAL_DMA2D_ConfigLayer  stm32f7xx_hal_dma2d.o
    0x08001b00   0x08001b00   0x00000060   Code   RO         3901    i.HAL_DMA2D_Init    stm32f7xx_hal_dma2d.o
    0x08001b60   0x08001b60   0x00000002   Code   RO         3904    i.HAL_DMA2D_MspInit  stm32f7xx_hal_dma2d.o
    0x08001b62   0x08001b62   0x00000166   Code   RO         3905    i.HAL_DMA2D_PollForTransfer  stm32f7xx_hal_dma2d.o
    0x08001cc8   0x08001cc8   0x0000004e   Code   RO         3908    i.HAL_DMA2D_Start   stm32f7xx_hal_dma2d.o
    0x08001d16   0x08001d16   0x00000002   PAD
    0x08001d18   0x08001d18   0x00000240   Code   RO         3106    i.HAL_DMA_IRQHandler  stm32f7xx_hal_dma.o
    0x08001f58   0x08001f58   0x00000028   Code   RO         1110    i.HAL_Delay         stm32f7xx_hal.o
    0x08001f80   0x08001f80   0x00000218   Code   RO         3035    i.HAL_GPIO_Init     stm32f7xx_hal_gpio.o
    0x08002198   0x08002198   0x0000000c   Code   RO         3039    i.HAL_GPIO_WritePin  stm32f7xx_hal_gpio.o
    0x080021a4   0x080021a4   0x0000000c   Code   RO         1118    i.HAL_GetTick       stm32f7xx_hal.o
    0x080021b0   0x080021b0   0x00000018   Code   RO         1124    i.HAL_IncTick       stm32f7xx_hal.o
    0x080021c8   0x080021c8   0x00000016   Code   RO         1125    i.HAL_Init          stm32f7xx_hal.o
    0x080021de   0x080021de   0x00000002   PAD
    0x080021e0   0x080021e0   0x0000004c   Code   RO         1126    i.HAL_InitTick      stm32f7xx_hal.o
    0x0800222c   0x0800222c   0x0000005e   Code   RO         2374    i.HAL_LTDC_ConfigLayer  stm32f7xx_hal_ltdc.o
    0x0800228a   0x0800228a   0x00000008   Code   RO         2389    i.HAL_LTDC_GetState  stm32f7xx_hal_ltdc.o
    0x08002292   0x08002292   0x00000002   PAD
    0x08002294   0x08002294   0x00000118   Code   RO         2391    i.HAL_LTDC_Init     stm32f7xx_hal_ltdc.o
    0x080023ac   0x080023ac   0x00000002   Code   RO         2394    i.HAL_LTDC_MspInit  stm32f7xx_hal_ltdc.o
    0x080023ae   0x080023ae   0x0000005c   Code   RO         2400    i.HAL_LTDC_SetAlpha  stm32f7xx_hal_ltdc.o
    0x0800240a   0x0800240a   0x00000002   PAD
    0x0800240c   0x0800240c   0x00000050   Code   RO          312    i.HAL_MspInit       stm32f7xx_hal_msp.o
    0x0800245c   0x0800245c   0x00000020   Code   RO         3483    i.HAL_NVIC_EnableIRQ  stm32f7xx_hal_cortex.o
    0x0800247c   0x0800247c   0x0000007c   Code   RO         3489    i.HAL_NVIC_SetPriority  stm32f7xx_hal_cortex.o
    0x080024f8   0x080024f8   0x00000028   Code   RO         3490    i.HAL_NVIC_SetPriorityGrouping  stm32f7xx_hal_cortex.o
    0x08002520   0x08002520   0x00000090   Code   RO         4166    i.HAL_PWREx_EnableOverDrive  stm32f7xx_hal_pwr_ex.o
    0x080025b0   0x080025b0   0x00000014   Code   RO         2258    i.HAL_PWR_EnableBkUpAccess  stm32f7xx_hal_pwr.o
    0x080025c4   0x080025c4   0x000006e0   Code   RO         4084    i.HAL_RCCEx_PeriphCLKConfig  stm32f7xx_hal_rcc_ex.o
    0x08002ca4   0x08002ca4   0x00000194   Code   RO         2150    i.HAL_RCC_ClockConfig  stm32f7xx_hal_rcc.o
    0x08002e38   0x08002e38   0x000000b0   Code   RO         2159    i.HAL_RCC_GetSysClockFreq  stm32f7xx_hal_rcc.o
    0x08002ee8   0x08002ee8   0x00000504   Code   RO         2162    i.HAL_RCC_OscConfig  stm32f7xx_hal_rcc.o
    0x080033ec   0x080033ec   0x00000040   Code   RO         3328    i.HAL_SDRAM_Init    stm32f7xx_hal_sdram.o
    0x0800342c   0x0800342c   0x00000002   Code   RO         3330    i.HAL_SDRAM_MspInit  stm32f7xx_hal_sdram.o
    0x0800342e   0x0800342e   0x00000028   Code   RO         3331    i.HAL_SDRAM_ProgramRefreshRate  stm32f7xx_hal_sdram.o
    0x08003456   0x08003456   0x0000003a   Code   RO         3337    i.HAL_SDRAM_SendCommand  stm32f7xx_hal_sdram.o
    0x08003490   0x08003490   0x00000034   Code   RO         3494    i.HAL_SYSTICK_Config  stm32f7xx_hal_cortex.o
    0x080034c4   0x080034c4   0x00000034   Code   RO         1453    i.HAL_TIM_Base_Init  stm32f7xx_hal_tim.o
    0x080034f8   0x080034f8   0x00000002   Code   RO         1455    i.HAL_TIM_Base_MspInit  stm32f7xx_hal_tim.o
    0x080034fa   0x080034fa   0x00000174   Code   RO         1520    i.HAL_TIM_PWM_ConfigChannel  stm32f7xx_hal_tim.o
    0x0800366e   0x0800366e   0x00000034   Code   RO         1523    i.HAL_TIM_PWM_Init  stm32f7xx_hal_tim.o
    0x080036a2   0x080036a2   0x00000002   Code   RO         1525    i.HAL_TIM_PWM_MspInit  stm32f7xx_hal_tim.o
    0x080036a4   0x080036a4   0x00000064   Code   RO         1528    i.HAL_TIM_PWM_Start  stm32f7xx_hal_tim.o
    0x08003708   0x08003708   0x00000088   Code   RO         1531    i.HAL_TIM_PWM_Stop  stm32f7xx_hal_tim.o
    0x08003790   0x08003790   0x0000001a   Code   RO          212    i.HardFault_Handler  stm32f7xx_it.o
    0x080037aa   0x080037aa   0x00000002   PAD
    0x080037ac   0x080037ac   0x000000b8   Code   RO          615    i.Init_BacklightPWM  stf7som_lcd.o
    0x08003864   0x08003864   0x00000068   Code   RO          354    i.LCD_LOG_DeInit    lcd_log.o
    0x080038cc   0x080038cc   0x00000010   Code   RO          355    i.LCD_LOG_Init      lcd_log.o
    0x080038dc   0x080038dc   0x0000006c   Code   RO          359    i.LCD_LOG_SetHeader  lcd_log.o
    0x08003948   0x08003948   0x000000c4   Code   RO          360    i.LCD_LOG_UpdateDisplay  lcd_log.o
    0x08003a0c   0x08003a0c   0x00000088   Code   RO          617    i.LL_FillBuffer     stf7som_lcd.o
    0x08003a94   0x08003a94   0x00000210   Code   RO         2410    i.LTDC_SetConfig    stm32f7xx_hal_ltdc.o
    0x08003ca4   0x08003ca4   0x00000004   Code   RO          213    i.MemManage_Handler  stm32f7xx_it.o
    0x08003ca8   0x08003ca8   0x00000002   Code   RO          214    i.NMI_Handler       stm32f7xx_it.o
    0x08003caa   0x08003caa   0x00000002   Code   RO          215    i.PendSV_Handler    stm32f7xx_it.o
    0x08003cac   0x08003cac   0x00000004   Code   RO          216    i.RCC_IRQHandler    stm32f7xx_it.o
    0x08003cb0   0x08003cb0   0x00000054   Code   RO          536    i.ReportHardFault   faulthandler.o
    0x08003d04   0x08003d04   0x00000002   Code   RO          217    i.SVC_Handler       stm32f7xx_it.o
    0x08003d06   0x08003d06   0x00000008   Code   RO          218    i.SysTick_Handler   stm32f7xx_it.o
    0x08003d0e   0x08003d0e   0x00000002   PAD
    0x08003d10   0x08003d10   0x000000e8   Code   RO            8    i.SystemClock_Config  main.o
    0x08003df8   0x08003df8   0x00000064   Code   RO         1067    i.SystemInit        system_stm32f7xx.o
    0x08003e5c   0x08003e5c   0x000000d8   Code   RO         1541    i.TIM_Base_SetConfig  stm32f7xx_hal_tim.o
    0x08003f34   0x08003f34   0x00000022   Code   RO         1542    i.TIM_CCxChannelCmd  stm32f7xx_hal_tim.o
    0x08003f56   0x08003f56   0x00000002   PAD
    0x08003f58   0x08003f58   0x00000074   Code   RO         1554    i.TIM_OC1_SetConfig  stm32f7xx_hal_tim.o
    0x08003fcc   0x08003fcc   0x00000080   Code   RO         1555    i.TIM_OC2_SetConfig  stm32f7xx_hal_tim.o
    0x0800404c   0x0800404c   0x0000007c   Code   RO         1556    i.TIM_OC3_SetConfig  stm32f7xx_hal_tim.o
    0x080040c8   0x080040c8   0x00000058   Code   RO         1557    i.TIM_OC4_SetConfig  stm32f7xx_hal_tim.o
    0x08004120   0x08004120   0x00000050   Code   RO         1558    i.TIM_OC5_SetConfig  stm32f7xx_hal_tim.o
    0x08004170   0x08004170   0x00000054   Code   RO         1559    i.TIM_OC6_SetConfig  stm32f7xx_hal_tim.o
    0x080041c4   0x080041c4   0x00000004   Code   RO          219    i.UsageFault_Handler  stm32f7xx_it.o
    0x080041c8   0x080041c8   0x00000010   Code   RO         4516    i.__0printf$bare    mc_w.l(printfb.o)
    0x080041d8   0x080041d8   0x00000010   Code   RO         3496    i.__NVIC_GetPriorityGrouping  stm32f7xx_hal_cortex.o
    0x080041e8   0x080041e8   0x00000028   Code   RO         3497    i.__NVIC_SetPriority  stm32f7xx_hal_cortex.o
    0x08004210   0x08004210   0x0000000e   Code   RO         4815    i.__scatterload_copy  mc_w.l(handlers.o)
    0x0800421e   0x0800421e   0x00000002   Code   RO         4816    i.__scatterload_null  mc_w.l(handlers.o)
    0x08004220   0x08004220   0x0000000e   Code   RO         4817    i.__scatterload_zeroinit  mc_w.l(handlers.o)
    0x0800422e   0x0800422e   0x00000022   Code   RO         4523    i._printf_core      mc_w.l(printfb.o)
    0x08004250   0x08004250   0x00000178   Code   RO          361    i.fputc             lcd_log.o
    0x080043c8   0x080043c8   0x00000128   Code   RO            9    i.main              main.o
    0x080044f0   0x080044f0   0x00003cdc   Data   RO          619    .constdata          stf7som_lcd.o
    0x080081cc   0x080081cc   0x00000018   Data   RO         1068    .constdata          system_stm32f7xx.o
    0x080081e4   0x080081e4   0x00000020   Data   RO         4813    Region$$Table       anon$$obj.o


    Execution Region RW_IRAM1 (Exec base: 0x20000000, Load base: 0x08008204, Size: 0x00005e58, Max: 0x00050000, ABSOLUTE)

    Exec Addr    Load Addr    Size         Type   Attr      Idx    E Section Name        Object

    0x20000000   0x08008204   0x00000014   Data   RW           11    .data               main.o
    0x20000014   0x08008218   0x00000016   Data   RW          363    .data               lcd_log.o
    0x2000002a   0x0800822e   0x00000002   PAD
    0x2000002c   0x08008230   0x0000002c   Data   RW          620    .data               stf7som_lcd.o
    0x20000058   0x0800825c   0x00000004   Data   RW         1069    .data               system_stm32f7xx.o
    0x2000005c   0x08008260   0x00000009   Data   RW         1132    .data               stm32f7xx_hal.o
    0x20000065   0x08008269   0x00000003   PAD
    0x20000068   0x0800826c   0x00000004   Data   RW         4789    .data               mc_w.l(stdout.o)
    0x2000006c        -       0x0000005c   Zero   RW           10    .bss                main.o
    0x200000c8        -       0x00004b48   Zero   RW          362    .bss                lcd_log.o
    0x20004c10        -       0x000000a8   Zero   RW          451    .bss                stf7som.o
    0x20004cb8        -       0x00000140   Zero   RW          618    .bss                stf7som_lcd.o
    0x20004df8        -       0x00000060   Zero   RW          990    .bss                stf7som_sdram.o
    0x20004e58        -       0x00001000   Zero   RW          343    STACK               startup_stm32f750xx.o


==============================================================================

Image component sizes


      Code (inc. data)   RO Data    RW Data    ZI Data      Debug   Object Name

        84          6          0          0          0       1338   faulthandler.o
       800        126          0         22      19272       7273   lcd_log.o
       928        166          0         20         92     877411   main.o
        36          8        456          0       4096        832   startup_stm32f750xx.o
       356         14          0          0        168       2941   stf7som.o
        96         18          0          0          0        690   stf7som_fmc.o
      2166        228      15580         44        320      24044   stf7som_lcd.o
       424         42          0          0         96       3027   stf7som_sdram.o
       174         30          0          9          0       9245   stm32f7xx_hal.o
      2188          6          0          0          0      16191   stm32f7xx_hal_can.o
       304         22          0          0          0      39611   stm32f7xx_hal_cortex.o
       576          6          0          0          0       1665   stm32f7xx_hal_dma.o
       968          6          0          0          0       5863   stm32f7xx_hal_dma2d.o
       548         52          0          0          0       2504   stm32f7xx_hal_gpio.o
      1004          6          0          0          0       5030   stm32f7xx_hal_ltdc.o
        80          4          0          0          0        890   stm32f7xx_hal_msp.o
        20          6          0          0          0        575   stm32f7xx_hal_pwr.o
       144          8          0          0          0       1328   stm32f7xx_hal_pwr_ex.o
      1864         50          0          0          0       3972   stm32f7xx_hal_rcc.o
      1760         18          0          0          0       2252   stm32f7xx_hal_rcc_ex.o
       164          0          0          0          0       3432   stm32f7xx_hal_sdram.o
      1586        146          0          0          0      11576   stm32f7xx_hal_tim.o
       106         18          0          0          0       6500   stm32f7xx_it.o
       324          4          0          0          0       3528   stm32f7xx_ll_fmc.o
       100         18         24          4          0       1239   system_stm32f7xx.o

    ----------------------------------------------------------------------
     16824       1008      16092        104      24044    1032957   Object Totals
         0          0         32          0          0          0   (incl. Generated)
        24          0          0          5          0          0   (incl. Padding)

    ----------------------------------------------------------------------

      Code (inc. data)   RO Data    RW Data    ZI Data      Debug   Library Member Name

         0          0          0          0          0          0   entry.o
         0          0          0          0          0          0   entry10a.o
         0          0          0          0          0          0   entry11a.o
         8          4          0          0          0          0   entry2.o
         4          0          0          0          0          0   entry5.o
         0          0          0          0          0          0   entry7b.o
         0          0          0          0          0          0   entry8b.o
         8          4          0          0          0          0   entry9a.o
        30          0          0          0          0          0   handlers.o
        36          8          0          0          0         68   init.o
        30          0          0          0          0         68   llshl.o
        32          0          0          0          0         68   llushr.o
        36          0          0          0          0         68   memcpya.o
        36          0          0          0          0        108   memseta.o
        50          8          0          0          0        152   printfb.o
         0          0          0          4          0          0   stdout.o
        98          0          0          0          0         92   uldiv.o

    ----------------------------------------------------------------------
       368         24          0          4          0        624   Library Totals
         0          0          0          0          0          0   (incl. Padding)

    ----------------------------------------------------------------------

      Code (inc. data)   RO Data    RW Data    ZI Data      Debug   Library Name

       368         24          0          4          0        624   mc_w.l

    ----------------------------------------------------------------------
       368         24          0          4          0        624   Library Totals

    ----------------------------------------------------------------------

==============================================================================


      Code (inc. data)   RO Data    RW Data    ZI Data      Debug   

     17192       1032      16092        108      24044    1020925   Grand Totals
     17192       1032      16092        108      24044    1020925   ELF Image Totals
     17192       1032      16092        108          0          0   ROM Totals

==============================================================================

    Total RO  Size (Code + RO Data)                33284 (  32.50kB)
    Total RW  Size (RW Data + ZI Data)             24152 (  23.59kB)
    Total ROM Size (Code + RO Data + RW Data)      33392 (  32.61kB)

==============================================================================

