<html>
<body>
<pre>
<h1>µVision Build Log</h1>
<h2>Tool Versions:</h2>
IDE-Version: µVision V5.33.0.0
Copyright (C) 2020 ARM Ltd and ARM Germany GmbH. All rights reserved.
License Information: Muhammet YILDIZ, Company, LIC=CRMW3-AIRL4-9ZYWW-QCPCV-15VIU-LCT44
 
Tool Versions:
Toolchain:       MDK-ARM Professional  Version: 5.33.0.0
Toolchain Path:  C:\Keil_v5\ARM\ARMCC\Bin
C Compiler:      Armcc.exe V5.06 update 7 (build 960)
Assembler:       Armasm.exe V5.06 update 7 (build 960)
Linker/Locator:  ArmLink.exe V5.06 update 7 (build 960)
Library Manager: ArmAr.exe V5.06 update 7 (build 960)
Hex Converter:   FromElf.exe V5.06 update 7 (build 960)
CPU DLL:         SARMCM3.DLL V5.33.0.0
Dialog DLL:      DCM.DLL V1.17.3.0
Target DLL:      Segger\JL2CM3.dll V2.99.38.0
Dialog DLL:      TCM.DLL V1.48.0.0
 
<h2>Project:</h2>
P:\YILDIZIoT\STF7-SoM\Software\External Memory Bootloader\CustomHID\MDK-ARM\CustomHID.uvprojx
Project File Date:  02/14/2021

<h2>Output:</h2>
*** Using Compiler 'V5.06 update 7 (build 960)', folder: 'C:\Keil_v5\ARM\ARMCC\Bin'
Rebuild target 'CustomHID'
assembling startup_stm32f750xx.s...
compiling stm32f7xx_it.c...
compiling stm32f7xx_hal_msp.c...
compiling usbd_desc.c...
compiling usbd_custom_hid_if.c...
compiling usb_device.c...
compiling main.c...
compiling usbd_conf.c...
compiling stm32f7xx_hal_pcd_ex.c...
compiling stm32f7xx_hal_flash_ex.c...
compiling stm32f7xx_hal_pcd.c...
compiling stm32f7xx_hal_flash.c...
compiling stm32f7xx_ll_usb.c...
compiling stm32f7xx_hal_rcc_ex.c...
compiling stm32f7xx_hal_rcc.c...
compiling stm32f7xx_hal_gpio.c...
compiling stm32f7xx_hal_dma.c...
compiling stm32f7xx_hal_cortex.c...
compiling stm32f7xx_hal.c...
compiling stm32f7xx_hal_pwr.c...
compiling stm32f7xx_hal_pwr_ex.c...
compiling stm32f7xx_hal_dma_ex.c...
compiling stm32f7xx_hal_tim_ex.c...
compiling stm32f7xx_hal_exti.c...
compiling stm32f7xx_hal_i2c_ex.c...
compiling stm32f7xx_hal_tim.c...
compiling system_stm32f7xx.c...
compiling usbd_core.c...
compiling stm32f7xx_hal_i2c.c...
compiling usbd_ctlreq.c...
compiling usbd_customhid.c...
compiling usbd_ioreq.c...
linking...
Program Size: Code=18804 RO-data=512 RW-data=388 ZI-data=10516  
FromELF: creating hex file...
"CustomHID\CustomHID.axf" - 0 Error(s), 0 Warning(s).

<h2>Software Packages used:</h2>

Package Vendor: ARM
                http://www.keil.com/pack/ARM.CMSIS.5.7.0.pack
                ARM.CMSIS.5.7.0
                CMSIS (Cortex Microcontroller Software Interface Standard)
   * Component: CORE Version: 5.4.0

Package Vendor: Keil
                http://www.keil.com/pack/Keil.STM32F7xx_DFP.2.14.0.pack
                Keil.STM32F7xx_DFP.2.14.0
                STMicroelectronics STM32F7 Series Device Support, Drivers and Examples

<h2>Collection of Component include folders:</h2>
  .\RTE\_CustomHID
  C:\Users\muham\AppData\Local\Arm\Packs\ARM\CMSIS\5.7.0\CMSIS\Core\Include
  C:\Users\muham\AppData\Local\Arm\Packs\Keil\STM32F7xx_DFP\2.14.0\Drivers\CMSIS\Device\ST\STM32F7xx\Include

<h2>Collection of Component Files used:</h2>

   * Component: ARM::CMSIS:CORE:5.4.0
Build Time Elapsed:  00:01:22
</pre>
</body>
</html>
