<html>
<body>
<pre>
<h1>µVision Build Log</h1>
<h2>Tool Versions:</h2>
IDE-Version: µVision V5.32.0.0
Copyright (C) 2020 ARM Ltd and ARM Germany GmbH. All rights reserved.
License Information: mmai mami, mmai, LIC=7YKNN-Y3SFT-22HL4-FDS9R-F58IT-Z7T3B
 
Tool Versions:
Toolchain:       MDK-ARM Professional  Version: 5.32.0.0
Toolchain Path:  x:\Keil_v5\ARM\ARMCC\Bin
C Compiler:      Armcc.exe V5.06 update 7 (build 960)
Assembler:       Armasm.exe V5.06 update 7 (build 960)
Linker/Locator:  ArmLink.exe V5.06 update 7 (build 960)
Library Manager: ArmAr.exe V5.06 update 7 (build 960)
Hex Converter:   FromElf.exe V5.06 update 7 (build 960)
CPU DLL:         SARMCM3.DLL V5.32.0.0
Dialog DLL:      DCM.DLL V1.17.3.0
Target DLL:      Segger\JL2CM3.dll V2.99.38.0
Dialog DLL:      TCM.DLL V1.46.0.0
 
<h2>Project:</h2>
X:\STF7SoM\External Memory Bootloader\FirstStageBootloader\MDK-ARM\STF7-SoM.uvprojx
Project File Date:  12/09/2020

<h2>Output:</h2>
*** Using Compiler 'V5.06 update 7 (build 960)', folder: 'x:\Keil_v5\ARM\ARMCC\Bin'
Build target 'STF7-SoM'
assembling startup_stm32f750xx.s...
compiling stm32f7xx_hal_msp.c...
compiling stm32f7xx_it.c...
compiling main.c...
../Src/main.c(205): warning:  #177-D: function "MX_GPIO_Init"  was declared but never referenced
  static void MX_GPIO_Init(void)
../Src/main.c: 1 warning, 0 errors
compiling stf7som.c...
compiling stf7som_fmc.c...
compiling stf7som_nor.c...
..\..\..\Board Support Package\BSP\stf7som_nor.c(252): warning:  #1215-D: #warning directive: "After here, first WORD is ignoring and then address is increasing one step!"
  #warning "After here, first WORD is ignoring and then address is increasing one step!"
..\..\..\Board Support Package\BSP\stf7som_nor.c: 1 warning, 0 errors
compiling stf7som_sdram.c...
compiling stf7som_qspi.c...
compiling system_stm32f7xx.c...
compiling stm32f7xx_hal.c...
compiling stf7som_bootloader.c...
..\..\..\Board Support Package\BSP\stf7som_bootloader.c(35): warning:  #550-D: variable "flash_ptr"  was set but never used
  static uint32_t flash_ptr = APP_ADDRESS;
..\..\..\Board Support Package\BSP\stf7som_bootloader.c: 1 warning, 0 errors
compiling stm32f7xx_hal_sd.c...
compiling stm32f7xx_hal_nor.c...
compiling stm32f7xx_hal_crc.c...
compiling stm32f7xx_hal_tim.c...
compiling stm32f7xx_hal_i2c.c...
compiling stm32f7xx_hal_exti.c...
compiling stm32f7xx_hal_rcc.c...
compiling stm32f7xx_hal_pwr.c...
compiling stm32f7xx_hal_pcd.c...
compiling stm32f7xx_hal_ltdc.c...
compiling stm32f7xx_hal_qspi.c...
compiling stm32f7xx_hal_adc.c...
compiling stm32f7xx_hal_uart.c...
compiling stm32f7xx_hal_dma.c...
compiling stm32f7xx_hal_sdram.c...
compiling stm32f7xx_hal_gpio.c...
compiling stm32f7xx_hal_flash.c...
compiling stm32f7xx_hal_cortex.c...
compiling stm32f7xx_hal_i2c_ex.c...
compiling stm32f7xx_hal_tim_ex.c...
compiling stm32f7xx_hal_dma2d.c...
compiling stm32f7xx_hal_crc_ex.c...
compiling stm32f7xx_hal_pwr_ex.c...
compiling stm32f7xx_hal_ltdc_ex.c...
compiling stm32f7xx_hal_rcc_ex.c...
compiling stm32f7xx_hal_pcd_ex.c...
compiling stm32f7xx_hal_uart_ex.c...
compiling stm32f7xx_hal_adc_ex.c...
compiling stm32f7xx_hal_dma_ex.c...
compiling stm32f7xx_hal_flash_ex.c...
compiling stm32f7xx_ll_fmc.c...
compiling stm32f7xx_ll_exti.c...
compiling stm32f7xx_ll_usb.c...
compiling stm32f7xx_ll_sdmmc.c...
compiling stm32f7xx_ll_gpio.c...
linking...
Program Size: Code=8948 RO-data=512 RW-data=36 ZI-data=4988  
FromELF: creating hex file...
"STF7-SoM\STF7-SoM.axf" - 0 Error(s), 3 Warning(s).

<h2>Software Packages used:</h2>

Package Vendor: ARM
                http://www.keil.com/pack/ARM.CMSIS.5.7.0.pack
                ARM.CMSIS.5.7.0
                CMSIS (Cortex Microcontroller Software Interface Standard)
   * Component: CORE Version: 5.4.0

Package Vendor: Keil
                http://www.keil.com/pack/Keil.STM32F7xx_DFP.2.13.0.pack
                Keil.STM32F7xx_DFP.2.13.0
                STMicroelectronics STM32F7 Series Device Support, Drivers and Examples

<h2>Collection of Component include folders:</h2>
  .\RTE\_STF7-SoM
  x:\Keil_v5\ArmPacks\Packs\ARM\CMSIS\5.7.0\CMSIS\Core\Include
  x:\Keil_v5\ArmPacks\Packs\Keil\STM32F7xx_DFP\2.13.0\Drivers\CMSIS\Device\ST\STM32F7xx\Include

<h2>Collection of Component Files used:</h2>

   * Component: ARM::CMSIS:CORE:5.4.0
Build Time Elapsed:  00:03:07
</pre>
</body>
</html>
