<html>
<body>
<pre>
<h1>µVision Build Log</h1>
<h2>Tool Versions:</h2>
IDE-Version: µVision V5.33.0.0
Copyright (C) 2020 ARM Ltd and ARM Germany GmbH. All rights reserved.
License Information: Muhammet YILDIZ, Company, LIC=CRMW3-AIRL4-9ZYWW-QCPCV-15VIU-LCT44
 
Tool Versions:
Toolchain:       MDK-ARM Professional  Version: 5.33.0.0
Toolchain Path:  C:\Keil_v5\ARM\ARMCC\Bin
C Compiler:      Armcc.exe V5.06 update 7 (build 960)
Assembler:       Armasm.exe V5.06 update 7 (build 960)
Linker/Locator:  ArmLink.exe V5.06 update 7 (build 960)
Library Manager: ArmAr.exe V5.06 update 7 (build 960)
Hex Converter:   FromElf.exe V5.06 update 7 (build 960)
CPU DLL:         SARMCM3.DLL V5.33.0.0
Dialog DLL:      DCM.DLL V1.17.3.0
Target DLL:      Segger\JL2CM3.dll V2.99.38.0
Dialog DLL:      TCM.DLL V1.48.0.0
 
<h2>Project:</h2>
P:\YILDIZIoT\STF7-SoM\Software\stf7-som-examples-ltdc_test\MDK-ARM\LTDC_PWM.uvprojx
Project File Date:  07/10/2021

<h2>Output:</h2>
*** Using Compiler 'V5.06 update 7 (build 960)', folder: 'C:\Keil_v5\ARM\ARMCC\Bin'
Build target 'LTDC_PWM'
compiling main.c...
../Src/main.c(486): warning:  #177-D: function "MX_GPIO_Init"  was declared but never referenced
  static void MX_GPIO_Init(void)
../Src/main.c(225): warning:  #177-D: function "MX_ADC1_Init"  was declared but never referenced
  static void MX_ADC1_Init(void)
../Src/main.c(393): warning:  #177-D: function "MX_TIM11_Init"  was declared but never referenced
  static void MX_TIM11_Init(void)
../Src/main.c(275): warning:  #177-D: function "MX_DMA2D_Init"  was declared but never referenced
  static void MX_DMA2D_Init(void)
../Src/main.c(435): warning:  #177-D: function "MX_FMC_Init"  was declared but never referenced
  static void MX_FMC_Init(void)
../Src/main.c(312): warning:  #177-D: function "MX_LTDC_Init"  was declared but never referenced
  static void MX_LTDC_Init(void)
../Src/main.c(900): warning:  #177-D: function "MPU_ConfigNOR"  was declared but never referenced
  static void MPU_ConfigNOR(void)
../Src/main.c(938): warning:  #177-D: function "CPU_CACHE_Enable"  was declared but never referenced
  static void CPU_CACHE_Enable(void)
../Src/main.c: 8 warnings, 0 errors
linking...
Program Size: Code=14512 RO-data=16092 RW-data=88 ZI-data=24208  
FromELF: creating hex file...
"LTDC_PWM\LTDC_PWM.axf" - 0 Error(s), 8 Warning(s).

<h2>Software Packages used:</h2>

Package Vendor: ARM
                http://www.keil.com/pack/ARM.CMSIS.5.7.0.pack
                ARM.CMSIS.5.7.0
                CMSIS (Cortex Microcontroller Software Interface Standard)
   * Component: CORE Version: 5.4.0

Package Vendor: Keil
                http://www.keil.com/pack/Keil.STM32F7xx_DFP.2.14.0.pack
                Keil.STM32F7xx_DFP.2.14.0
                STMicroelectronics STM32F7 Series Device Support, Drivers and Examples

<h2>Collection of Component include folders:</h2>
  .\RTE\_LTDC_PWM
  C:\Users\muham\AppData\Local\Arm\Packs\ARM\CMSIS\5.7.0\CMSIS\Core\Include
  C:\Users\muham\AppData\Local\Arm\Packs\Keil\STM32F7xx_DFP\2.14.0\Drivers\CMSIS\Device\ST\STM32F7xx\Include

<h2>Collection of Component Files used:</h2>

   * Component: ARM::CMSIS:CORE:5.4.0
Build Time Elapsed:  00:00:03
</pre>
</body>
</html>
