<html>
<body>
<pre>
<h1>µVision Build Log</h1>
<h2>Tool Versions:</h2>
IDE-Version: µVision V5.32.0.0
Copyright (C) 2020 ARM Ltd and ARM Germany GmbH. All rights reserved.
License Information: Muhammet YILDIZ, Epsilon Elektronik, LIC=SDA01-CXNU2-30QNC-7LJHI-PH1EY-2N8VA
 
Tool Versions:
Toolchain:       MDK-ARM Plus  Version: 5.32.0.0
Toolchain Path:  C:\Keil_v5\ARM\ARMCC\Bin
C Compiler:      Armcc.exe V5.06 update 7 (build 960)
Assembler:       Armasm.exe V5.06 update 7 (build 960)
Linker/Locator:  ArmLink.exe V5.06 update 7 (build 960)
Library Manager: ArmAr.exe V5.06 update 7 (build 960)
Hex Converter:   FromElf.exe V5.06 update 7 (build 960)
CPU DLL:         SARMCM3.DLL V5.32.0.0
Dialog DLL:      DCM.DLL V1.17.3.0
Target DLL:      Segger\JL2CM3.dll V2.99.38.0
Dialog DLL:      TCM.DLL V1.46.0.0
 
<h2>Project:</h2>
P:\YILDIZIoT\STF7-SoM\Examples\Porjects\Examples\BSP\MDK-ARM\BSP.uvprojx
Project File Date:  06/04/2021

<h2>Output:</h2>
*** Using Compiler 'V5.06 update 7 (build 960)', folder: 'C:\Keil_v5\ARM\ARMCC\Bin'
Build target 'BSP'
compiling main.c...
../Src/main.c(228): warning:  #177-D: variable "index"  was declared but never referenced
      uint32_t index = 0, width = 47, height = 136, bit_pixel = DMA2D_INPUT_RGB565;
../Src/main.c(228): warning:  #177-D: variable "bit_pixel"  was declared but never referenced
      uint32_t index = 0, width = 47, height = 136, bit_pixel = DMA2D_INPUT_RGB565;
../Src/main.c(229): warning:  #177-D: variable "address"  was declared but never referenced
      uint32_t address;
../Src/main.c(230): warning:  #177-D: variable "input_color_mode"  was declared but never referenced
      uint32_t input_color_mode = 0;
../Src/main.c(196): warning:  #177-D: function "LL_ConvertLineToARGB8888"  was declared but never referenced
  static void LL_ConvertLineToARGB8888(void *pSrc, void *pDst, uint32_t xSize, uint32_t ColorMode)
../Src/main.c: 5 warnings, 0 errors
linking...
Program Size: Code=33608 RO-data=28896 RW-data=480 ZI-data=78728  
FromELF: creating hex file...
".\STF7-SoM\BSP.axf" - 0 Error(s), 5 Warning(s).

<h2>Software Packages used:</h2>

Package Vendor: ARM
                http://www.keil.com/pack/ARM.CMSIS.5.7.0.pack
                ARM.CMSIS.5.7.0
                CMSIS (Cortex Microcontroller Software Interface Standard)
   * Component: CORE Version: 5.4.0

Package Vendor: Keil
                http://www.keil.com/pack/Keil.STM32F7xx_DFP.2.14.0.pack
                Keil.STM32F7xx_DFP.2.14.0
                STMicroelectronics STM32F7 Series Device Support, Drivers and Examples

<h2>Collection of Component include folders:</h2>
  .\RTE\_BSP
  C:\Users\muhammet.yildiz\AppData\Local\Arm\Packs\ARM\CMSIS\5.7.0\CMSIS\Core\Include
  C:\Users\muhammet.yildiz\AppData\Local\Arm\Packs\Keil\STM32F7xx_DFP\2.14.0\Drivers\CMSIS\Device\ST\STM32F7xx\Include

<h2>Collection of Component Files used:</h2>

   * Component: ARM::CMSIS:CORE:5.4.0
Build Time Elapsed:  00:00:06
</pre>
</body>
</html>
