<html>
<body>
<pre>
<h1>µVision Build Log</h1>
<h2>Tool Versions:</h2>
IDE-Version: µVision V5.28.0.0
Copyright (C) 2019 ARM Ltd and ARM Germany GmbH. All rights reserved.
License Information: sf asdf, asdf, LIC=NHY74-F3D5J-48XFA-11UVQ-KKDDD-Y0BKW
 
Tool Versions:
Toolchain:       MDK-ARM Professional  Version: 5.28.0.0
Toolchain Path:  x:\Keil_v5\ARM\ARMCC\Bin
C Compiler:      Armcc.exe V5.06 update 6 (build 750)
Assembler:       Armasm.exe V5.06 update 6 (build 750)
Linker/Locator:  ArmLink.exe V5.06 update 6 (build 750)
Library Manager: ArmAr.exe V5.06 update 6 (build 750)
Hex Converter:   FromElf.exe V5.06 update 6 (build 750)
CPU DLL:         SARMCM3.DLL V5.28.0.0
Dialog DLL:      DCM.DLL V1.17.3.0
Target DLL:      Segger\JL2CM3.dll V2.99.36.0
Dialog DLL:      TCM.DLL V1.36.2.0
 
<h2>Project:</h2>
P:\YILDIZIoT\STF7-SoM\Software\STF7SoM_Examples\Applications\LTDC_PicturesfromSDCard\MDK-ARM\Project.uvprojx
Project File Date:  08/07/2020

<h2>Output:</h2>
*** Using Compiler 'V5.06 update 6 (build 750)', folder: 'x:\Keil_v5\ARM\ARMCC\Bin'
Build target 'STF7SoM'
compiling stm32f7xx_it.c...
../Src/stm32f7xx_it.c(96): warning:  #1267-D: Implicit physical register R0 should be defined as a variable
              "TST    LR, #0x04;      	"
../Src/stm32f7xx_it.c(96): warning:  #1267-D: Implicit physical register R1 should be defined as a variable
              "TST    LR, #0x04;      	"
../Src/stm32f7xx_it.c: 2 warnings, 0 errors
compiling stm32f7xx_hal_msp.c...
compiling usbd_desc.c...
compiling usbd_conf.c...
compiling usbd_cdc_if.c...
compiling usb_device.c...
compiling main.c...
../Src/main.c(169): warning:  #177-D: variable "PeriphClkInitStruct"  was declared but never referenced
    RCC_PeriphCLKInitTypeDef PeriphClkInitStruct = {0};
../Src/main.c: 1 warning, 0 errors
compiling system_stm32f7xx.c...
compiling stm32f7xx_hal_pcd_ex.c...
compiling faulthandler.c...
compiling fatfs_storage.c...
..\Src\fatfs_storage.c(92): warning:  #223-D: function "BSP_SD_Init" declared implicitly
    BSP_SD_Init();
..\Src\fatfs_storage.c: 1 warning, 0 errors
compiling stf7som_sd.c...
compiling stm32f7xx_hal_pcd.c...
compiling stf7som.c...
compiling stm32f7xx_hal_tim.c...
compiling stm32f7xx_hal_cortex.c...
compiling stm32f7xx_ll_sdmmc.c...
compiling stm32f7xx_hal_adc_ex.c...
compiling stm32f7xx_hal_sd.c...
compiling stm32f7xx_hal_adc.c...
compiling stm32f7xx_ll_usb.c...
compiling stm32f7xx_hal_tim_ex.c...
compiling stm32f7xx_hal_dma.c...
compiling stm32f7xx_hal_flash.c...
compiling stm32f7xx_hal_flash_ex.c...
compiling stm32f7xx_hal_gpio.c...
compiling stm32f7xx_hal_rcc_ex.c...
compiling stm32f7xx_hal_rcc.c...
compiling stm32f7xx_hal.c...
compiling stm32f7xx_hal_dma_ex.c...
compiling stm32f7xx_hal_exti.c...
compiling stm32f7xx_hal_pwr_ex.c...
compiling stm32f7xx_hal_i2c_ex.c...
compiling stm32f7xx_hal_pwr.c...
compiling stm32f7xx_hal_i2c.c...
compiling stm32f7xx_hal_uart_ex.c...
compiling sd_diskio.c...
compiling stm32f7xx_hal_uart.c...
compiling usbd_core.c...
compiling usbd_ioreq.c...
compiling usbd_ctlreq.c...
compiling usbd_cdc.c...
linking...
Program Size: Code=32550 RO-data=1654 RW-data=440 ZI-data=17800  
FromELF: creating hex file...
".\STF7SoM\STF7SoM.axf" - 0 Error(s), 4 Warning(s).

<h2>Software Packages used:</h2>

Package Vendor: ARM
                http://www.keil.com/pack/ARM.CMSIS.5.7.0.pack
                ARM.CMSIS.5.7.0
                CMSIS (Cortex Microcontroller Software Interface Standard)
   * Component: CORE Version: 5.4.0

Package Vendor: Keil
                https://www.keil.com/pack/Keil.STM32F7xx_DFP.2.12.0.pack
                Keil.STM32F7xx_DFP.2.12.0
                STMicroelectronics STM32F7 Series Device Support, Drivers and Examples

<h2>Collection of Component include folders:</h2>
  .\RTE\_STF7SoM
  x:\Keil_v5\Arm\Packs\ARM\CMSIS\5.7.0\CMSIS\Core\Include
  x:\Keil_v5\Arm\Packs\Keil\STM32F7xx_DFP\2.12.0\Drivers\CMSIS\Device\ST\STM32F7xx\Include

<h2>Collection of Component Files used:</h2>

   * Component: ARM::CMSIS:CORE:5.4.0
Build Time Elapsed:  00:02:22
</pre>
</body>
</html>
