<!doctype html public "-//w3c//dtd html 4.0 transitional//en">
<html><head>
<title>Static Call Graph - [.\Out\ParallelNORLoader.axf]</title></head>
<body><HR>
<H1>Static Call Graph for image .\Out\ParallelNORLoader.axf</H1><HR>
<BR><P>#&#060CALLGRAPH&#062# ARM Linker, 5060750: Last Updated: Mon Aug 31 21:18:46 2020
<BR><P>
<H3>Maximum Stack Usage =         32 bytes + Unknown(Untraceable Function Pointers)</H3><H3>
Call chain for Maximum Stack Depth:</H3>
QSPI_DMAError &rArr; HAL_QSPI_Abort_IT
<P>
<H3>
Function Pointers
</H3><UL>
 <LI><a href="#[0]">QSPI_DMAAbortCplt</a> from stm32f7xx_hal_qspi.o(.text) referenced 2 times from stm32f7xx_hal_qspi.o(.text)
 <LI><a href="#[3]">QSPI_DMAError</a> from stm32f7xx_hal_qspi.o(.text) referenced 2 times from stm32f7xx_hal_qspi.o(.text)
 <LI><a href="#[4]">QSPI_DMARxCplt</a> from stm32f7xx_hal_qspi.o(.text) referenced from stm32f7xx_hal_qspi.o(.text)
 <LI><a href="#[5]">QSPI_DMARxHalfCplt</a> from stm32f7xx_hal_qspi.o(.text) referenced from stm32f7xx_hal_qspi.o(.text)
 <LI><a href="#[1]">QSPI_DMATxCplt</a> from stm32f7xx_hal_qspi.o(.text) referenced from stm32f7xx_hal_qspi.o(.text)
 <LI><a href="#[2]">QSPI_DMATxHalfCplt</a> from stm32f7xx_hal_qspi.o(.text) referenced from stm32f7xx_hal_qspi.o(.text)
</UL>
<P>
<H3>
Global Symbols
</H3>
<P><STRONG><a name="[93]"></a>__asm___10_FlashPrg_c_46d2cbbe____REV16</STRONG> (Thumb, 4 bytes, Stack size 0 bytes, flashprg.o(.rev16_text), UNUSED)

<P><STRONG><a name="[94]"></a>__asm___13_stf7som_nor_c_607dec35____REV16</STRONG> (Thumb, 4 bytes, Stack size 0 bytes, stf7som_nor.o(.rev16_text), UNUSED)

<P><STRONG><a name="[95]"></a>__asm___13_stf7som_fmc_c_8fa6b536____REV16</STRONG> (Thumb, 4 bytes, Stack size 0 bytes, stf7som_fmc.o(.rev16_text), UNUSED)

<P><STRONG><a name="[96]"></a>__asm___14_stf7som_qspi_c_907b669a____REV16</STRONG> (Thumb, 4 bytes, Stack size 0 bytes, stf7som_qspi.o(.rev16_text), UNUSED)

<P><STRONG><a name="[97]"></a>__asm___18_system_stm32f7xx_c_5d646a67____REV16</STRONG> (Thumb, 4 bytes, Stack size 0 bytes, system_stm32f7xx.o(.rev16_text), UNUSED)

<P><STRONG><a name="[98]"></a>__asm___15_stm32f7xx_hal_c_HAL_Init____REV16</STRONG> (Thumb, 4 bytes, Stack size 0 bytes, stm32f7xx_hal.o(.rev16_text), UNUSED)

<P><STRONG><a name="[99]"></a>__asm___18_stm32f7xx_ll_fmc_c_65a710dd____REV16</STRONG> (Thumb, 4 bytes, Stack size 0 bytes, stm32f7xx_ll_fmc.o(.rev16_text), UNUSED)

<P><STRONG><a name="[9a]"></a>__asm___19_stm32f7xx_hal_nor_c_41421838____REV16</STRONG> (Thumb, 4 bytes, Stack size 0 bytes, stm32f7xx_hal_nor.o(.rev16_text), UNUSED)

<P><STRONG><a name="[9b]"></a>__asm___19_stm32f7xx_hal_rcc_c_c7d3f187____REV16</STRONG> (Thumb, 4 bytes, Stack size 0 bytes, stm32f7xx_hal_rcc.o(.rev16_text), UNUSED)

<P><STRONG><a name="[9c]"></a>__asm___19_stm32f7xx_hal_pwr_c_f2cfe8be____REV16</STRONG> (Thumb, 4 bytes, Stack size 0 bytes, stm32f7xx_hal_pwr.o(.rev16_text), UNUSED)

<P><STRONG><a name="[9d]"></a>__asm___20_stm32f7xx_hal_qspi_c_9f327679____REV16</STRONG> (Thumb, 4 bytes, Stack size 0 bytes, stm32f7xx_hal_qspi.o(.rev16_text), UNUSED)

<P><STRONG><a name="[9e]"></a>__asm___19_stm32f7xx_hal_dma_c_c25f65ec____REV16</STRONG> (Thumb, 4 bytes, Stack size 0 bytes, stm32f7xx_hal_dma.o(.rev16_text), UNUSED)

<P><STRONG><a name="[9f]"></a>__asm___20_stm32f7xx_hal_gpio_c_ea787061____REV16</STRONG> (Thumb, 4 bytes, Stack size 0 bytes, stm32f7xx_hal_gpio.o(.rev16_text), UNUSED)

<P><STRONG><a name="[a0]"></a>__asm___22_stm32f7xx_hal_cortex_c_2992dbc0____REV16</STRONG> (Thumb, 4 bytes, Stack size 0 bytes, stm32f7xx_hal_cortex.o(.rev16_text), UNUSED)

<P><STRONG><a name="[a1]"></a>__asm___22_stm32f7xx_hal_rcc_ex_c_bed13b44____REV16</STRONG> (Thumb, 4 bytes, Stack size 0 bytes, stm32f7xx_hal_rcc_ex.o(.rev16_text), UNUSED)

<P><STRONG><a name="[a2]"></a>__asm___22_stm32f7xx_hal_pwr_ex_c_1028ebfa____REV16</STRONG> (Thumb, 4 bytes, Stack size 0 bytes, stm32f7xx_hal_pwr_ex.o(.rev16_text), UNUSED)

<P><STRONG><a name="[a3]"></a>__asm___10_FlashPrg_c_46d2cbbe____REVSH</STRONG> (Thumb, 4 bytes, Stack size 0 bytes, flashprg.o(.revsh_text), UNUSED)

<P><STRONG><a name="[a4]"></a>__asm___13_stf7som_nor_c_607dec35____REVSH</STRONG> (Thumb, 4 bytes, Stack size 0 bytes, stf7som_nor.o(.revsh_text), UNUSED)

<P><STRONG><a name="[a5]"></a>__asm___13_stf7som_fmc_c_8fa6b536____REVSH</STRONG> (Thumb, 4 bytes, Stack size 0 bytes, stf7som_fmc.o(.revsh_text), UNUSED)

<P><STRONG><a name="[a6]"></a>__asm___14_stf7som_qspi_c_907b669a____REVSH</STRONG> (Thumb, 4 bytes, Stack size 0 bytes, stf7som_qspi.o(.revsh_text), UNUSED)

<P><STRONG><a name="[a7]"></a>__asm___18_system_stm32f7xx_c_5d646a67____REVSH</STRONG> (Thumb, 4 bytes, Stack size 0 bytes, system_stm32f7xx.o(.revsh_text), UNUSED)

<P><STRONG><a name="[a8]"></a>__asm___15_stm32f7xx_hal_c_HAL_Init____REVSH</STRONG> (Thumb, 4 bytes, Stack size 0 bytes, stm32f7xx_hal.o(.revsh_text), UNUSED)

<P><STRONG><a name="[a9]"></a>__asm___18_stm32f7xx_ll_fmc_c_65a710dd____REVSH</STRONG> (Thumb, 4 bytes, Stack size 0 bytes, stm32f7xx_ll_fmc.o(.revsh_text), UNUSED)

<P><STRONG><a name="[aa]"></a>__asm___19_stm32f7xx_hal_nor_c_41421838____REVSH</STRONG> (Thumb, 4 bytes, Stack size 0 bytes, stm32f7xx_hal_nor.o(.revsh_text), UNUSED)

<P><STRONG><a name="[ab]"></a>__asm___19_stm32f7xx_hal_rcc_c_c7d3f187____REVSH</STRONG> (Thumb, 4 bytes, Stack size 0 bytes, stm32f7xx_hal_rcc.o(.revsh_text), UNUSED)

<P><STRONG><a name="[ac]"></a>__asm___19_stm32f7xx_hal_pwr_c_f2cfe8be____REVSH</STRONG> (Thumb, 4 bytes, Stack size 0 bytes, stm32f7xx_hal_pwr.o(.revsh_text), UNUSED)

<P><STRONG><a name="[ad]"></a>__asm___20_stm32f7xx_hal_qspi_c_9f327679____REVSH</STRONG> (Thumb, 4 bytes, Stack size 0 bytes, stm32f7xx_hal_qspi.o(.revsh_text), UNUSED)

<P><STRONG><a name="[ae]"></a>__asm___19_stm32f7xx_hal_dma_c_c25f65ec____REVSH</STRONG> (Thumb, 4 bytes, Stack size 0 bytes, stm32f7xx_hal_dma.o(.revsh_text), UNUSED)

<P><STRONG><a name="[af]"></a>__asm___20_stm32f7xx_hal_gpio_c_ea787061____REVSH</STRONG> (Thumb, 4 bytes, Stack size 0 bytes, stm32f7xx_hal_gpio.o(.revsh_text), UNUSED)

<P><STRONG><a name="[b0]"></a>__asm___22_stm32f7xx_hal_cortex_c_2992dbc0____REVSH</STRONG> (Thumb, 4 bytes, Stack size 0 bytes, stm32f7xx_hal_cortex.o(.revsh_text), UNUSED)

<P><STRONG><a name="[b1]"></a>__asm___22_stm32f7xx_hal_rcc_ex_c_bed13b44____REVSH</STRONG> (Thumb, 4 bytes, Stack size 0 bytes, stm32f7xx_hal_rcc_ex.o(.revsh_text), UNUSED)

<P><STRONG><a name="[b2]"></a>__asm___22_stm32f7xx_hal_pwr_ex_c_1028ebfa____REVSH</STRONG> (Thumb, 4 bytes, Stack size 0 bytes, stm32f7xx_hal_pwr_ex.o(.revsh_text), UNUSED)

<P><STRONG><a name="[b3]"></a>__asm___10_FlashPrg_c_46d2cbbe____RRX</STRONG> (Thumb, 6 bytes, Stack size 0 bytes, flashprg.o(.rrx_text), UNUSED)

<P><STRONG><a name="[b4]"></a>__asm___13_stf7som_nor_c_607dec35____RRX</STRONG> (Thumb, 6 bytes, Stack size 0 bytes, stf7som_nor.o(.rrx_text), UNUSED)

<P><STRONG><a name="[b5]"></a>__asm___13_stf7som_fmc_c_8fa6b536____RRX</STRONG> (Thumb, 6 bytes, Stack size 0 bytes, stf7som_fmc.o(.rrx_text), UNUSED)

<P><STRONG><a name="[b6]"></a>__asm___14_stf7som_qspi_c_907b669a____RRX</STRONG> (Thumb, 6 bytes, Stack size 0 bytes, stf7som_qspi.o(.rrx_text), UNUSED)

<P><STRONG><a name="[b7]"></a>__asm___18_system_stm32f7xx_c_5d646a67____RRX</STRONG> (Thumb, 6 bytes, Stack size 0 bytes, system_stm32f7xx.o(.rrx_text), UNUSED)

<P><STRONG><a name="[b8]"></a>__asm___15_stm32f7xx_hal_c_HAL_Init____RRX</STRONG> (Thumb, 6 bytes, Stack size 0 bytes, stm32f7xx_hal.o(.rrx_text), UNUSED)

<P><STRONG><a name="[b9]"></a>__asm___18_stm32f7xx_ll_fmc_c_65a710dd____RRX</STRONG> (Thumb, 6 bytes, Stack size 0 bytes, stm32f7xx_ll_fmc.o(.rrx_text), UNUSED)

<P><STRONG><a name="[ba]"></a>__asm___19_stm32f7xx_hal_nor_c_41421838____RRX</STRONG> (Thumb, 6 bytes, Stack size 0 bytes, stm32f7xx_hal_nor.o(.rrx_text), UNUSED)

<P><STRONG><a name="[bb]"></a>__asm___19_stm32f7xx_hal_rcc_c_c7d3f187____RRX</STRONG> (Thumb, 6 bytes, Stack size 0 bytes, stm32f7xx_hal_rcc.o(.rrx_text), UNUSED)

<P><STRONG><a name="[bc]"></a>__asm___19_stm32f7xx_hal_pwr_c_f2cfe8be____RRX</STRONG> (Thumb, 6 bytes, Stack size 0 bytes, stm32f7xx_hal_pwr.o(.rrx_text), UNUSED)

<P><STRONG><a name="[bd]"></a>__asm___20_stm32f7xx_hal_qspi_c_9f327679____RRX</STRONG> (Thumb, 6 bytes, Stack size 0 bytes, stm32f7xx_hal_qspi.o(.rrx_text), UNUSED)

<P><STRONG><a name="[be]"></a>__asm___19_stm32f7xx_hal_dma_c_c25f65ec____RRX</STRONG> (Thumb, 6 bytes, Stack size 0 bytes, stm32f7xx_hal_dma.o(.rrx_text), UNUSED)

<P><STRONG><a name="[bf]"></a>__asm___20_stm32f7xx_hal_gpio_c_ea787061____RRX</STRONG> (Thumb, 6 bytes, Stack size 0 bytes, stm32f7xx_hal_gpio.o(.rrx_text), UNUSED)

<P><STRONG><a name="[c0]"></a>__asm___22_stm32f7xx_hal_cortex_c_2992dbc0____RRX</STRONG> (Thumb, 6 bytes, Stack size 0 bytes, stm32f7xx_hal_cortex.o(.rrx_text), UNUSED)

<P><STRONG><a name="[c1]"></a>__asm___22_stm32f7xx_hal_rcc_ex_c_bed13b44____RRX</STRONG> (Thumb, 6 bytes, Stack size 0 bytes, stm32f7xx_hal_rcc_ex.o(.rrx_text), UNUSED)

<P><STRONG><a name="[c2]"></a>__asm___22_stm32f7xx_hal_pwr_ex_c_1028ebfa____RRX</STRONG> (Thumb, 6 bytes, Stack size 0 bytes, stm32f7xx_hal_pwr_ex.o(.rrx_text), UNUSED)

<P><STRONG><a name="[d]"></a>BSP_GPIOCLK_Enable</STRONG> (Thumb, 296 bytes, Stack size 8 bytes, flashprg.o(.text), UNUSED)
<BR><BR>[Called By]<UL><LI><a href="#[a]">&gt;&gt;</a>&nbsp;&nbsp;&nbsp;Init
</UL>

<P><STRONG><a name="[a]"></a>Init</STRONG> (Thumb, 48 bytes, Stack size 24 bytes, flashprg.o(.text), UNUSED)
<BR><BR>[Calls]<UL><LI><a href="#[c]">&gt;&gt;</a>&nbsp;&nbsp;&nbsp;SystemInit
<LI><a href="#[b]">&gt;&gt;</a>&nbsp;&nbsp;&nbsp;HAL_Init
<LI><a href="#[e]">&gt;&gt;</a>&nbsp;&nbsp;&nbsp;BSP_QSPI_Init
<LI><a href="#[d]">&gt;&gt;</a>&nbsp;&nbsp;&nbsp;BSP_GPIOCLK_Enable
<LI><a href="#[6]">&gt;&gt;</a>&nbsp;&nbsp;&nbsp;SystemClock_Config
</UL>

<P><STRONG><a name="[c3]"></a>UnInit</STRONG> (Thumb, 6 bytes, Stack size 0 bytes, flashprg.o(.text), UNUSED)

<P><STRONG><a name="[f]"></a>EraseChip</STRONG> (Thumb, 8 bytes, Stack size 8 bytes, flashprg.o(.text), UNUSED)
<BR><BR>[Calls]<UL><LI><a href="#[10]">&gt;&gt;</a>&nbsp;&nbsp;&nbsp;BSP_QSPI_Erase_Chip
</UL>

<P><STRONG><a name="[11]"></a>EraseSector</STRONG> (Thumb, 60 bytes, Stack size 24 bytes, flashprg.o(.text), UNUSED)
<BR><BR>[Calls]<UL><LI><a href="#[12]">&gt;&gt;</a>&nbsp;&nbsp;&nbsp;BSP_QSPI_Erase_Block
</UL>

<P><STRONG><a name="[c4]"></a>BlankCheck</STRONG> (Thumb, 6 bytes, Stack size 0 bytes, flashprg.o(.text), UNUSED)

<P><STRONG><a name="[13]"></a>ProgramPage</STRONG> (Thumb, 34 bytes, Stack size 16 bytes, flashprg.o(.text), UNUSED)
<BR><BR>[Calls]<UL><LI><a href="#[14]">&gt;&gt;</a>&nbsp;&nbsp;&nbsp;BSP_QSPI_Write
</UL>

<P><STRONG><a name="[15]"></a>Verify</STRONG> (Thumb, 68 bytes, Stack size 32 bytes, flashprg.o(.text), UNUSED)
<BR><BR>[Calls]<UL><LI><a href="#[16]">&gt;&gt;</a>&nbsp;&nbsp;&nbsp;BSP_QSPI_EnableMemoryMappedMode
</UL>

<P><STRONG><a name="[17]"></a>BSP_NOR_MspInit</STRONG> (Thumb, 70 bytes, Stack size 32 bytes, stf7som_nor.o(.text), UNUSED)
<BR><BR>[Calls]<UL><LI><a href="#[19]">&gt;&gt;</a>&nbsp;&nbsp;&nbsp;HAL_GPIO_Init
<LI><a href="#[18]">&gt;&gt;</a>&nbsp;&nbsp;&nbsp;BSP_FMC_Init_CommonPins
</UL>
<BR>[Called By]<UL><LI><a href="#[1a]">&gt;&gt;</a>&nbsp;&nbsp;&nbsp;BSP_NOR_Init
</UL>

<P><STRONG><a name="[1a]"></a>BSP_NOR_Init</STRONG> (Thumb, 158 bytes, Stack size 16 bytes, stf7som_nor.o(.text), UNUSED)
<BR><BR>[Calls]<UL><LI><a href="#[17]">&gt;&gt;</a>&nbsp;&nbsp;&nbsp;BSP_NOR_MspInit
<LI><a href="#[1b]">&gt;&gt;</a>&nbsp;&nbsp;&nbsp;HAL_NOR_Init
</UL>

<P><STRONG><a name="[1c]"></a>BSP_NOR_MspDeInit</STRONG> (Thumb, 50 bytes, Stack size 16 bytes, stf7som_nor.o(.text), UNUSED)
<BR><BR>[Calls]<UL><LI><a href="#[1e]">&gt;&gt;</a>&nbsp;&nbsp;&nbsp;HAL_GPIO_DeInit
<LI><a href="#[1d]">&gt;&gt;</a>&nbsp;&nbsp;&nbsp;BSP_FMC_DeInit_CommonPins
</UL>
<BR>[Called By]<UL><LI><a href="#[1f]">&gt;&gt;</a>&nbsp;&nbsp;&nbsp;BSP_NOR_DeInit
</UL>

<P><STRONG><a name="[1f]"></a>BSP_NOR_DeInit</STRONG> (Thumb, 46 bytes, Stack size 8 bytes, stf7som_nor.o(.text), UNUSED)
<BR><BR>[Calls]<UL><LI><a href="#[1c]">&gt;&gt;</a>&nbsp;&nbsp;&nbsp;BSP_NOR_MspDeInit
<LI><a href="#[20]">&gt;&gt;</a>&nbsp;&nbsp;&nbsp;HAL_NOR_DeInit
</UL>

<P><STRONG><a name="[21]"></a>BSP_NOR_ReadData</STRONG> (Thumb, 34 bytes, Stack size 16 bytes, stf7som_nor.o(.text), UNUSED)
<BR><BR>[Calls]<UL><LI><a href="#[22]">&gt;&gt;</a>&nbsp;&nbsp;&nbsp;HAL_NOR_ReadBuffer
</UL>

<P><STRONG><a name="[c5]"></a>BSP_NOR_ReadBuffer</STRONG> (Thumb, 238 bytes, Stack size 20 bytes, stf7som_nor.o(.text), UNUSED)

<P><STRONG><a name="[23]"></a>BSP_NOR_ReturnToReadMode</STRONG> (Thumb, 12 bytes, Stack size 8 bytes, stf7som_nor.o(.text), UNUSED)
<BR><BR>[Calls]<UL><LI><a href="#[24]">&gt;&gt;</a>&nbsp;&nbsp;&nbsp;HAL_NOR_ReturnToReadMode
</UL>

<P><STRONG><a name="[25]"></a>BSP_NOR_WriteData</STRONG> (Thumb, 66 bytes, Stack size 24 bytes, stf7som_nor.o(.text), UNUSED)
<BR><BR>[Calls]<UL><LI><a href="#[26]">&gt;&gt;</a>&nbsp;&nbsp;&nbsp;HAL_NOR_Program
<LI><a href="#[27]">&gt;&gt;</a>&nbsp;&nbsp;&nbsp;HAL_NOR_GetStatus
</UL>

<P><STRONG><a name="[28]"></a>BSP_NOR_WriteBuffer</STRONG> (Thumb, 50 bytes, Stack size 16 bytes, stf7som_nor.o(.text), UNUSED)
<BR><BR>[Calls]<UL><LI><a href="#[29]">&gt;&gt;</a>&nbsp;&nbsp;&nbsp;HAL_NOR_ProgramBuffer
<LI><a href="#[27]">&gt;&gt;</a>&nbsp;&nbsp;&nbsp;HAL_NOR_GetStatus
</UL>

<P><STRONG><a name="[2a]"></a>BSP_NOR_Erase_Block</STRONG> (Thumb, 44 bytes, Stack size 8 bytes, stf7som_nor.o(.text), UNUSED)
<BR><BR>[Calls]<UL><LI><a href="#[27]">&gt;&gt;</a>&nbsp;&nbsp;&nbsp;HAL_NOR_GetStatus
<LI><a href="#[2b]">&gt;&gt;</a>&nbsp;&nbsp;&nbsp;HAL_NOR_Erase_Block
</UL>

<P><STRONG><a name="[2c]"></a>BSP_NOR_Erase_Chip</STRONG> (Thumb, 38 bytes, Stack size 8 bytes, stf7som_nor.o(.text), UNUSED)
<BR><BR>[Calls]<UL><LI><a href="#[27]">&gt;&gt;</a>&nbsp;&nbsp;&nbsp;HAL_NOR_GetStatus
<LI><a href="#[2d]">&gt;&gt;</a>&nbsp;&nbsp;&nbsp;HAL_NOR_Erase_Chip
</UL>

<P><STRONG><a name="[2e]"></a>BSP_NOR_Read_ID</STRONG> (Thumb, 24 bytes, Stack size 8 bytes, stf7som_nor.o(.text), UNUSED)
<BR><BR>[Calls]<UL><LI><a href="#[2f]">&gt;&gt;</a>&nbsp;&nbsp;&nbsp;HAL_NOR_Read_ID
</UL>

<P><STRONG><a name="[30]"></a>HAL_NOR_MspWait</STRONG> (Thumb, 50 bytes, Stack size 16 bytes, stf7som_nor.o(.text), UNUSED)
<BR><BR>[Calls]<UL><LI><a href="#[31]">&gt;&gt;</a>&nbsp;&nbsp;&nbsp;HAL_GPIO_ReadPin
</UL>
<BR>[Called By]<UL><LI><a href="#[27]">&gt;&gt;</a>&nbsp;&nbsp;&nbsp;HAL_NOR_GetStatus
</UL>

<P><STRONG><a name="[18]"></a>BSP_FMC_Init_CommonPins</STRONG> (Thumb, 78 bytes, Stack size 24 bytes, stf7som_fmc.o(.text), UNUSED)
<BR><BR>[Calls]<UL><LI><a href="#[19]">&gt;&gt;</a>&nbsp;&nbsp;&nbsp;HAL_GPIO_Init
</UL>
<BR>[Called By]<UL><LI><a href="#[17]">&gt;&gt;</a>&nbsp;&nbsp;&nbsp;BSP_NOR_MspInit
</UL>

<P><STRONG><a name="[1d]"></a>BSP_FMC_DeInit_CommonPins</STRONG> (Thumb, 42 bytes, Stack size 8 bytes, stf7som_fmc.o(.text), UNUSED)
<BR><BR>[Calls]<UL><LI><a href="#[1e]">&gt;&gt;</a>&nbsp;&nbsp;&nbsp;HAL_GPIO_DeInit
</UL>
<BR>[Called By]<UL><LI><a href="#[1c]">&gt;&gt;</a>&nbsp;&nbsp;&nbsp;BSP_NOR_MspDeInit
</UL>

<P><STRONG><a name="[39]"></a>HAL_QSPI_MspInit</STRONG> (Thumb, 158 bytes, Stack size 32 bytes, stf7som_qspi.o(.text), UNUSED)
<BR><BR>[Calls]<UL><LI><a href="#[7]">&gt;&gt;</a>&nbsp;&nbsp;&nbsp;__aeabi_memclr4
<LI><a href="#[19]">&gt;&gt;</a>&nbsp;&nbsp;&nbsp;HAL_GPIO_Init
</UL>
<BR>[Called By]<UL><LI><a href="#[3b]">&gt;&gt;</a>&nbsp;&nbsp;&nbsp;HAL_QSPI_Init
</UL>

<P><STRONG><a name="[3a]"></a>HAL_QSPI_MspDeInit</STRONG> (Thumb, 70 bytes, Stack size 8 bytes, stf7som_qspi.o(.text), UNUSED)
<BR><BR>[Calls]<UL><LI><a href="#[1e]">&gt;&gt;</a>&nbsp;&nbsp;&nbsp;HAL_GPIO_DeInit
</UL>
<BR>[Called By]<UL><LI><a href="#[3d]">&gt;&gt;</a>&nbsp;&nbsp;&nbsp;HAL_QSPI_DeInit
</UL>

<P><STRONG><a name="[e]"></a>BSP_QSPI_Init</STRONG> (Thumb, 70 bytes, Stack size 8 bytes, stf7som_qspi.o(.text), UNUSED)
<BR><BR>[Calls]<UL><LI><a href="#[3b]">&gt;&gt;</a>&nbsp;&nbsp;&nbsp;HAL_QSPI_Init
<LI><a href="#[37]">&gt;&gt;</a>&nbsp;&nbsp;&nbsp;QSPI_DummyCyclesCfg
<LI><a href="#[34]">&gt;&gt;</a>&nbsp;&nbsp;&nbsp;QSPI_ResetMemory
</UL>
<BR>[Called By]<UL><LI><a href="#[16]">&gt;&gt;</a>&nbsp;&nbsp;&nbsp;BSP_QSPI_EnableMemoryMappedMode
<LI><a href="#[a]">&gt;&gt;</a>&nbsp;&nbsp;&nbsp;Init
</UL>

<P><STRONG><a name="[3c]"></a>BSP_QSPI_DeInit</STRONG> (Thumb, 122 bytes, Stack size 8 bytes, stf7som_qspi.o(.text), UNUSED)
<BR><BR>[Calls]<UL><LI><a href="#[3d]">&gt;&gt;</a>&nbsp;&nbsp;&nbsp;HAL_QSPI_DeInit
<LI><a href="#[3e]">&gt;&gt;</a>&nbsp;&nbsp;&nbsp;HAL_NVIC_DisableIRQ
<LI><a href="#[1e]">&gt;&gt;</a>&nbsp;&nbsp;&nbsp;HAL_GPIO_DeInit
</UL>
<BR>[Called By]<UL><LI><a href="#[16]">&gt;&gt;</a>&nbsp;&nbsp;&nbsp;BSP_QSPI_EnableMemoryMappedMode
</UL>

<P><STRONG><a name="[3f]"></a>BSP_QSPI_GetStatus</STRONG> (Thumb, 102 bytes, Stack size 64 bytes, stf7som_qspi.o(.text), UNUSED)
<BR><BR>[Calls]<UL><LI><a href="#[40]">&gt;&gt;</a>&nbsp;&nbsp;&nbsp;HAL_QSPI_Receive
<LI><a href="#[35]">&gt;&gt;</a>&nbsp;&nbsp;&nbsp;HAL_QSPI_Command
</UL>

<P><STRONG><a name="[10]"></a>BSP_QSPI_Erase_Chip</STRONG> (Thumb, 82 bytes, Stack size 64 bytes, stf7som_qspi.o(.text), UNUSED)
<BR><BR>[Calls]<UL><LI><a href="#[35]">&gt;&gt;</a>&nbsp;&nbsp;&nbsp;HAL_QSPI_Command
<LI><a href="#[36]">&gt;&gt;</a>&nbsp;&nbsp;&nbsp;QSPI_WriteEnable
<LI><a href="#[32]">&gt;&gt;</a>&nbsp;&nbsp;&nbsp;QSPI_AutoPollingMemReady
</UL>
<BR>[Called By]<UL><LI><a href="#[f]">&gt;&gt;</a>&nbsp;&nbsp;&nbsp;EraseChip
</UL>

<P><STRONG><a name="[41]"></a>BSP_QSPI_Enable_QPIMode</STRONG> (Thumb, 294 bytes, Stack size 88 bytes, stf7som_qspi.o(.text), UNUSED)
<BR><BR>[Calls]<UL><LI><a href="#[7]">&gt;&gt;</a>&nbsp;&nbsp;&nbsp;__aeabi_memclr4
<LI><a href="#[38]">&gt;&gt;</a>&nbsp;&nbsp;&nbsp;HAL_QSPI_Transmit
<LI><a href="#[40]">&gt;&gt;</a>&nbsp;&nbsp;&nbsp;HAL_QSPI_Receive
<LI><a href="#[35]">&gt;&gt;</a>&nbsp;&nbsp;&nbsp;HAL_QSPI_Command
<LI><a href="#[42]">&gt;&gt;</a>&nbsp;&nbsp;&nbsp;HAL_GPIO_WritePin
<LI><a href="#[36]">&gt;&gt;</a>&nbsp;&nbsp;&nbsp;QSPI_WriteEnable
<LI><a href="#[32]">&gt;&gt;</a>&nbsp;&nbsp;&nbsp;QSPI_AutoPollingMemReady
<LI><a href="#[19]">&gt;&gt;</a>&nbsp;&nbsp;&nbsp;HAL_GPIO_Init
</UL>
<BR>[Called By]<UL><LI><a href="#[4a]">&gt;&gt;</a>&nbsp;&nbsp;&nbsp;BSP_QSPI_Read
<LI><a href="#[43]">&gt;&gt;</a>&nbsp;&nbsp;&nbsp;BSP_QSPI_Enter_QPIMode
<LI><a href="#[16]">&gt;&gt;</a>&nbsp;&nbsp;&nbsp;BSP_QSPI_EnableMemoryMappedMode
</UL>

<P><STRONG><a name="[43]"></a>BSP_QSPI_Enter_QPIMode</STRONG> (Thumb, 106 bytes, Stack size 64 bytes, stf7som_qspi.o(.text), UNUSED)
<BR><BR>[Calls]<UL><LI><a href="#[7]">&gt;&gt;</a>&nbsp;&nbsp;&nbsp;__aeabi_memclr4
<LI><a href="#[35]">&gt;&gt;</a>&nbsp;&nbsp;&nbsp;HAL_QSPI_Command
<LI><a href="#[41]">&gt;&gt;</a>&nbsp;&nbsp;&nbsp;BSP_QSPI_Enable_QPIMode
<LI><a href="#[37]">&gt;&gt;</a>&nbsp;&nbsp;&nbsp;QSPI_DummyCyclesCfg
</UL>

<P><STRONG><a name="[44]"></a>BSP_QSPI_ReadID</STRONG> (Thumb, 120 bytes, Stack size 72 bytes, stf7som_qspi.o(.text), UNUSED)
<BR><BR>[Calls]<UL><LI><a href="#[40]">&gt;&gt;</a>&nbsp;&nbsp;&nbsp;HAL_QSPI_Receive
<LI><a href="#[35]">&gt;&gt;</a>&nbsp;&nbsp;&nbsp;HAL_QSPI_Command
</UL>

<P><STRONG><a name="[45]"></a>BSP_QSPI_ReadDeviceID</STRONG> (Thumb, 114 bytes, Stack size 72 bytes, stf7som_qspi.o(.text), UNUSED)
<BR><BR>[Calls]<UL><LI><a href="#[7]">&gt;&gt;</a>&nbsp;&nbsp;&nbsp;__aeabi_memclr4
<LI><a href="#[40]">&gt;&gt;</a>&nbsp;&nbsp;&nbsp;HAL_QSPI_Receive
<LI><a href="#[35]">&gt;&gt;</a>&nbsp;&nbsp;&nbsp;HAL_QSPI_Command
</UL>

<P><STRONG><a name="[46]"></a>BSP_QSPI_ReadUniqDevID</STRONG> (Thumb, 124 bytes, Stack size 72 bytes, stf7som_qspi.o(.text), UNUSED)
<BR><BR>[Calls]<UL><LI><a href="#[7]">&gt;&gt;</a>&nbsp;&nbsp;&nbsp;__aeabi_memclr4
<LI><a href="#[40]">&gt;&gt;</a>&nbsp;&nbsp;&nbsp;HAL_QSPI_Receive
<LI><a href="#[35]">&gt;&gt;</a>&nbsp;&nbsp;&nbsp;HAL_QSPI_Command
</UL>

<P><STRONG><a name="[16]"></a>BSP_QSPI_EnableMemoryMappedMode</STRONG> (Thumb, 154 bytes, Stack size 72 bytes, stf7som_qspi.o(.text), UNUSED)
<BR><BR>[Calls]<UL><LI><a href="#[7]">&gt;&gt;</a>&nbsp;&nbsp;&nbsp;__aeabi_memclr4
<LI><a href="#[47]">&gt;&gt;</a>&nbsp;&nbsp;&nbsp;HAL_QSPI_MemoryMapped
<LI><a href="#[48]">&gt;&gt;</a>&nbsp;&nbsp;&nbsp;HAL_QSPI_Abort
<LI><a href="#[41]">&gt;&gt;</a>&nbsp;&nbsp;&nbsp;BSP_QSPI_Enable_QPIMode
<LI><a href="#[3c]">&gt;&gt;</a>&nbsp;&nbsp;&nbsp;BSP_QSPI_DeInit
<LI><a href="#[e]">&gt;&gt;</a>&nbsp;&nbsp;&nbsp;BSP_QSPI_Init
</UL>
<BR>[Called By]<UL><LI><a href="#[15]">&gt;&gt;</a>&nbsp;&nbsp;&nbsp;Verify
</UL>

<P><STRONG><a name="[49]"></a>BSP_QSPI_Erase_Sector</STRONG> (Thumb, 94 bytes, Stack size 64 bytes, stf7som_qspi.o(.text), UNUSED)
<BR><BR>[Calls]<UL><LI><a href="#[35]">&gt;&gt;</a>&nbsp;&nbsp;&nbsp;HAL_QSPI_Command
<LI><a href="#[36]">&gt;&gt;</a>&nbsp;&nbsp;&nbsp;QSPI_WriteEnable
<LI><a href="#[32]">&gt;&gt;</a>&nbsp;&nbsp;&nbsp;QSPI_AutoPollingMemReady
</UL>

<P><STRONG><a name="[12]"></a>BSP_QSPI_Erase_Block</STRONG> (Thumb, 122 bytes, Stack size 72 bytes, stf7som_qspi.o(.text), UNUSED)
<BR><BR>[Calls]<UL><LI><a href="#[35]">&gt;&gt;</a>&nbsp;&nbsp;&nbsp;HAL_QSPI_Command
<LI><a href="#[36]">&gt;&gt;</a>&nbsp;&nbsp;&nbsp;QSPI_WriteEnable
<LI><a href="#[32]">&gt;&gt;</a>&nbsp;&nbsp;&nbsp;QSPI_AutoPollingMemReady
</UL>
<BR>[Called By]<UL><LI><a href="#[11]">&gt;&gt;</a>&nbsp;&nbsp;&nbsp;EraseSector
</UL>

<P><STRONG><a name="[14]"></a>BSP_QSPI_Write</STRONG> (Thumb, 192 bytes, Stack size 88 bytes, stf7som_qspi.o(.text), UNUSED)
<BR><BR>[Calls]<UL><LI><a href="#[38]">&gt;&gt;</a>&nbsp;&nbsp;&nbsp;HAL_QSPI_Transmit
<LI><a href="#[35]">&gt;&gt;</a>&nbsp;&nbsp;&nbsp;HAL_QSPI_Command
<LI><a href="#[36]">&gt;&gt;</a>&nbsp;&nbsp;&nbsp;QSPI_WriteEnable
<LI><a href="#[32]">&gt;&gt;</a>&nbsp;&nbsp;&nbsp;QSPI_AutoPollingMemReady
</UL>
<BR>[Called By]<UL><LI><a href="#[13]">&gt;&gt;</a>&nbsp;&nbsp;&nbsp;ProgramPage
</UL>

<P><STRONG><a name="[4a]"></a>BSP_QSPI_Read</STRONG> (Thumb, 322 bytes, Stack size 80 bytes, stf7som_qspi.o(.text), UNUSED)
<BR><BR>[Calls]<UL><LI><a href="#[7]">&gt;&gt;</a>&nbsp;&nbsp;&nbsp;__aeabi_memclr4
<LI><a href="#[40]">&gt;&gt;</a>&nbsp;&nbsp;&nbsp;HAL_QSPI_Receive
<LI><a href="#[35]">&gt;&gt;</a>&nbsp;&nbsp;&nbsp;HAL_QSPI_Command
<LI><a href="#[41]">&gt;&gt;</a>&nbsp;&nbsp;&nbsp;BSP_QSPI_Enable_QPIMode
</UL>

<P><STRONG><a name="[c]"></a>SystemInit</STRONG> (Thumb, 82 bytes, Stack size 0 bytes, system_stm32f7xx.o(.text), UNUSED)
<BR><BR>[Called By]<UL><LI><a href="#[a]">&gt;&gt;</a>&nbsp;&nbsp;&nbsp;Init
</UL>

<P><STRONG><a name="[c6]"></a>SystemCoreClockUpdate</STRONG> (Thumb, 188 bytes, Stack size 16 bytes, system_stm32f7xx.o(.text), UNUSED)

<P><STRONG><a name="[4f]"></a>HAL_MspInit</STRONG> (Thumb, 2 bytes, Stack size 0 bytes, stm32f7xx_hal.o(.text), UNUSED)
<BR><BR>[Called By]<UL><LI><a href="#[b]">&gt;&gt;</a>&nbsp;&nbsp;&nbsp;HAL_Init
</UL>

<P><STRONG><a name="[4b]"></a>HAL_InitTick</STRONG> (Thumb, 38 bytes, Stack size 16 bytes, stm32f7xx_hal.o(.text), UNUSED)
<BR><BR>[Calls]<UL><LI><a href="#[4c]">&gt;&gt;</a>&nbsp;&nbsp;&nbsp;HAL_SYSTICK_Config
<LI><a href="#[4d]">&gt;&gt;</a>&nbsp;&nbsp;&nbsp;HAL_NVIC_SetPriority
</UL>
<BR>[Called By]<UL><LI><a href="#[9]">&gt;&gt;</a>&nbsp;&nbsp;&nbsp;HAL_RCC_ClockConfig
<LI><a href="#[b]">&gt;&gt;</a>&nbsp;&nbsp;&nbsp;HAL_Init
</UL>

<P><STRONG><a name="[b]"></a>HAL_Init</STRONG> (Thumb, 22 bytes, Stack size 8 bytes, stm32f7xx_hal.o(.text), UNUSED)
<BR><BR>[Calls]<UL><LI><a href="#[4b]">&gt;&gt;</a>&nbsp;&nbsp;&nbsp;HAL_InitTick
<LI><a href="#[4f]">&gt;&gt;</a>&nbsp;&nbsp;&nbsp;HAL_MspInit
<LI><a href="#[4e]">&gt;&gt;</a>&nbsp;&nbsp;&nbsp;HAL_NVIC_SetPriorityGrouping
</UL>
<BR>[Called By]<UL><LI><a href="#[a]">&gt;&gt;</a>&nbsp;&nbsp;&nbsp;Init
</UL>

<P><STRONG><a name="[51]"></a>HAL_MspDeInit</STRONG> (Thumb, 2 bytes, Stack size 0 bytes, stm32f7xx_hal.o(.text), UNUSED)
<BR><BR>[Called By]<UL><LI><a href="#[50]">&gt;&gt;</a>&nbsp;&nbsp;&nbsp;HAL_DeInit
</UL>

<P><STRONG><a name="[50]"></a>HAL_DeInit</STRONG> (Thumb, 64 bytes, Stack size 8 bytes, stm32f7xx_hal.o(.text), UNUSED)
<BR><BR>[Calls]<UL><LI><a href="#[51]">&gt;&gt;</a>&nbsp;&nbsp;&nbsp;HAL_MspDeInit
</UL>

<P><STRONG><a name="[c7]"></a>HAL_IncTick</STRONG> (Thumb, 16 bytes, Stack size 0 bytes, stm32f7xx_hal.o(.text), UNUSED)

<P><STRONG><a name="[53]"></a>HAL_GetTick</STRONG> (Thumb, 8 bytes, Stack size 0 bytes, stm32f7xx_hal.o(.text), UNUSED)
<BR><BR>[Called By]<UL><LI><a href="#[92]">&gt;&gt;</a>&nbsp;&nbsp;&nbsp;HAL_PWREx_ControlVoltageScaling
<LI><a href="#[91]">&gt;&gt;</a>&nbsp;&nbsp;&nbsp;HAL_PWREx_EnterUnderDriveSTOPMode
<LI><a href="#[90]">&gt;&gt;</a>&nbsp;&nbsp;&nbsp;HAL_PWREx_DisableOverDrive
<LI><a href="#[8f]">&gt;&gt;</a>&nbsp;&nbsp;&nbsp;HAL_PWREx_EnableOverDrive
<LI><a href="#[8e]">&gt;&gt;</a>&nbsp;&nbsp;&nbsp;HAL_PWREx_DisableBkUpReg
<LI><a href="#[8d]">&gt;&gt;</a>&nbsp;&nbsp;&nbsp;HAL_PWREx_EnableBkUpReg
<LI><a href="#[8c]">&gt;&gt;</a>&nbsp;&nbsp;&nbsp;HAL_RCCEx_PeriphCLKConfig
<LI><a href="#[86]">&gt;&gt;</a>&nbsp;&nbsp;&nbsp;HAL_DMA_PollForTransfer
<LI><a href="#[80]">&gt;&gt;</a>&nbsp;&nbsp;&nbsp;HAL_DMA_Init
<LI><a href="#[78]">&gt;&gt;</a>&nbsp;&nbsp;&nbsp;HAL_DMA_Abort
<LI><a href="#[7f]">&gt;&gt;</a>&nbsp;&nbsp;&nbsp;HAL_QSPI_AutoPolling_IT
<LI><a href="#[77]">&gt;&gt;</a>&nbsp;&nbsp;&nbsp;HAL_QSPI_Command_IT
<LI><a href="#[69]">&gt;&gt;</a>&nbsp;&nbsp;&nbsp;QSPI_WaitFlagStateUntilTimeout
<LI><a href="#[55]">&gt;&gt;</a>&nbsp;&nbsp;&nbsp;FMC_SDRAM_SendCommand
<LI><a href="#[54]">&gt;&gt;</a>&nbsp;&nbsp;&nbsp;FMC_NAND_GetECC
<LI><a href="#[52]">&gt;&gt;</a>&nbsp;&nbsp;&nbsp;HAL_Delay
<LI><a href="#[38]">&gt;&gt;</a>&nbsp;&nbsp;&nbsp;HAL_QSPI_Transmit
<LI><a href="#[40]">&gt;&gt;</a>&nbsp;&nbsp;&nbsp;HAL_QSPI_Receive
<LI><a href="#[47]">&gt;&gt;</a>&nbsp;&nbsp;&nbsp;HAL_QSPI_MemoryMapped
<LI><a href="#[3b]">&gt;&gt;</a>&nbsp;&nbsp;&nbsp;HAL_QSPI_Init
<LI><a href="#[35]">&gt;&gt;</a>&nbsp;&nbsp;&nbsp;HAL_QSPI_Command
<LI><a href="#[33]">&gt;&gt;</a>&nbsp;&nbsp;&nbsp;HAL_QSPI_AutoPolling
<LI><a href="#[48]">&gt;&gt;</a>&nbsp;&nbsp;&nbsp;HAL_QSPI_Abort
<LI><a href="#[27]">&gt;&gt;</a>&nbsp;&nbsp;&nbsp;HAL_NOR_GetStatus
<LI><a href="#[8]">&gt;&gt;</a>&nbsp;&nbsp;&nbsp;HAL_RCC_OscConfig
<LI><a href="#[9]">&gt;&gt;</a>&nbsp;&nbsp;&nbsp;HAL_RCC_ClockConfig
</UL>

<P><STRONG><a name="[52]"></a>HAL_Delay</STRONG> (Thumb, 26 bytes, Stack size 16 bytes, stm32f7xx_hal.o(.text), UNUSED)
<BR><BR>[Calls]<UL><LI><a href="#[53]">&gt;&gt;</a>&nbsp;&nbsp;&nbsp;HAL_GetTick
</UL>

<P><STRONG><a name="[c8]"></a>HAL_SuspendTick</STRONG> (Thumb, 18 bytes, Stack size 0 bytes, stm32f7xx_hal.o(.text), UNUSED)

<P><STRONG><a name="[c9]"></a>HAL_ResumeTick</STRONG> (Thumb, 18 bytes, Stack size 0 bytes, stm32f7xx_hal.o(.text), UNUSED)

<P><STRONG><a name="[ca]"></a>HAL_GetHalVersion</STRONG> (Thumb, 4 bytes, Stack size 0 bytes, stm32f7xx_hal.o(.text), UNUSED)

<P><STRONG><a name="[cb]"></a>HAL_GetREVID</STRONG> (Thumb, 8 bytes, Stack size 0 bytes, stm32f7xx_hal.o(.text), UNUSED)

<P><STRONG><a name="[cc]"></a>HAL_GetDEVID</STRONG> (Thumb, 10 bytes, Stack size 0 bytes, stm32f7xx_hal.o(.text), UNUSED)

<P><STRONG><a name="[cd]"></a>HAL_GetUIDw0</STRONG> (Thumb, 6 bytes, Stack size 0 bytes, stm32f7xx_hal.o(.text), UNUSED)

<P><STRONG><a name="[ce]"></a>HAL_GetUIDw1</STRONG> (Thumb, 8 bytes, Stack size 0 bytes, stm32f7xx_hal.o(.text), UNUSED)

<P><STRONG><a name="[cf]"></a>HAL_GetUIDw2</STRONG> (Thumb, 8 bytes, Stack size 0 bytes, stm32f7xx_hal.o(.text), UNUSED)

<P><STRONG><a name="[d0]"></a>HAL_DBGMCU_EnableDBGSleepMode</STRONG> (Thumb, 14 bytes, Stack size 0 bytes, stm32f7xx_hal.o(.text), UNUSED)

<P><STRONG><a name="[d1]"></a>HAL_DBGMCU_DisableDBGSleepMode</STRONG> (Thumb, 14 bytes, Stack size 0 bytes, stm32f7xx_hal.o(.text), UNUSED)

<P><STRONG><a name="[d2]"></a>HAL_DBGMCU_EnableDBGStopMode</STRONG> (Thumb, 14 bytes, Stack size 0 bytes, stm32f7xx_hal.o(.text), UNUSED)

<P><STRONG><a name="[d3]"></a>HAL_DBGMCU_DisableDBGStopMode</STRONG> (Thumb, 14 bytes, Stack size 0 bytes, stm32f7xx_hal.o(.text), UNUSED)

<P><STRONG><a name="[d4]"></a>HAL_DBGMCU_EnableDBGStandbyMode</STRONG> (Thumb, 14 bytes, Stack size 0 bytes, stm32f7xx_hal.o(.text), UNUSED)

<P><STRONG><a name="[d5]"></a>HAL_DBGMCU_DisableDBGStandbyMode</STRONG> (Thumb, 14 bytes, Stack size 0 bytes, stm32f7xx_hal.o(.text), UNUSED)

<P><STRONG><a name="[d6]"></a>HAL_EnableCompensationCell</STRONG> (Thumb, 14 bytes, Stack size 0 bytes, stm32f7xx_hal.o(.text), UNUSED)

<P><STRONG><a name="[d7]"></a>HAL_DisableCompensationCell</STRONG> (Thumb, 14 bytes, Stack size 0 bytes, stm32f7xx_hal.o(.text), UNUSED)

<P><STRONG><a name="[d8]"></a>HAL_EnableFMCMemorySwapping</STRONG> (Thumb, 18 bytes, Stack size 0 bytes, stm32f7xx_hal.o(.text), UNUSED)

<P><STRONG><a name="[d9]"></a>HAL_DisableFMCMemorySwapping</STRONG> (Thumb, 18 bytes, Stack size 0 bytes, stm32f7xx_hal.o(.text), UNUSED)

<P><STRONG><a name="[57]"></a>FMC_NORSRAM_Init</STRONG> (Thumb, 124 bytes, Stack size 8 bytes, stm32f7xx_ll_fmc.o(.text), UNUSED)
<BR><BR>[Called By]<UL><LI><a href="#[1b]">&gt;&gt;</a>&nbsp;&nbsp;&nbsp;HAL_NOR_Init
</UL>

<P><STRONG><a name="[5b]"></a>FMC_NORSRAM_DeInit</STRONG> (Thumb, 56 bytes, Stack size 8 bytes, stm32f7xx_ll_fmc.o(.text), UNUSED)
<BR><BR>[Called By]<UL><LI><a href="#[20]">&gt;&gt;</a>&nbsp;&nbsp;&nbsp;HAL_NOR_DeInit
</UL>

<P><STRONG><a name="[58]"></a>FMC_NORSRAM_Timing_Init</STRONG> (Thumb, 94 bytes, Stack size 12 bytes, stm32f7xx_ll_fmc.o(.text), UNUSED)
<BR><BR>[Called By]<UL><LI><a href="#[1b]">&gt;&gt;</a>&nbsp;&nbsp;&nbsp;HAL_NOR_Init
</UL>

<P><STRONG><a name="[59]"></a>FMC_NORSRAM_Extended_Timing_Init</STRONG> (Thumb, 66 bytes, Stack size 16 bytes, stm32f7xx_ll_fmc.o(.text), UNUSED)
<BR><BR>[Called By]<UL><LI><a href="#[1b]">&gt;&gt;</a>&nbsp;&nbsp;&nbsp;HAL_NOR_Init
</UL>

<P><STRONG><a name="[5d]"></a>FMC_NORSRAM_WriteOperation_Enable</STRONG> (Thumb, 18 bytes, Stack size 0 bytes, stm32f7xx_ll_fmc.o(.text), UNUSED)
<BR><BR>[Called By]<UL><LI><a href="#[5c]">&gt;&gt;</a>&nbsp;&nbsp;&nbsp;HAL_NOR_WriteOperation_Enable
</UL>

<P><STRONG><a name="[5f]"></a>FMC_NORSRAM_WriteOperation_Disable</STRONG> (Thumb, 18 bytes, Stack size 0 bytes, stm32f7xx_ll_fmc.o(.text), UNUSED)
<BR><BR>[Called By]<UL><LI><a href="#[5e]">&gt;&gt;</a>&nbsp;&nbsp;&nbsp;HAL_NOR_WriteOperation_Disable
</UL>

<P><STRONG><a name="[da]"></a>FMC_NAND_Init</STRONG> (Thumb, 50 bytes, Stack size 8 bytes, stm32f7xx_ll_fmc.o(.text), UNUSED)

<P><STRONG><a name="[db]"></a>FMC_NAND_CommonSpace_Timing_Init</STRONG> (Thumb, 40 bytes, Stack size 12 bytes, stm32f7xx_ll_fmc.o(.text), UNUSED)

<P><STRONG><a name="[dc]"></a>FMC_NAND_AttributeSpace_Timing_Init</STRONG> (Thumb, 40 bytes, Stack size 12 bytes, stm32f7xx_ll_fmc.o(.text), UNUSED)

<P><STRONG><a name="[dd]"></a>FMC_NAND_DeInit</STRONG> (Thumb, 30 bytes, Stack size 0 bytes, stm32f7xx_ll_fmc.o(.text), UNUSED)

<P><STRONG><a name="[de]"></a>FMC_NAND_ECC_Enable</STRONG> (Thumb, 14 bytes, Stack size 0 bytes, stm32f7xx_ll_fmc.o(.text), UNUSED)

<P><STRONG><a name="[df]"></a>FMC_NAND_ECC_Disable</STRONG> (Thumb, 14 bytes, Stack size 0 bytes, stm32f7xx_ll_fmc.o(.text), UNUSED)

<P><STRONG><a name="[54]"></a>FMC_NAND_GetECC</STRONG> (Thumb, 62 bytes, Stack size 24 bytes, stm32f7xx_ll_fmc.o(.text), UNUSED)
<BR><BR>[Calls]<UL><LI><a href="#[53]">&gt;&gt;</a>&nbsp;&nbsp;&nbsp;HAL_GetTick
</UL>

<P><STRONG><a name="[e0]"></a>FMC_SDRAM_Init</STRONG> (Thumb, 116 bytes, Stack size 12 bytes, stm32f7xx_ll_fmc.o(.text), UNUSED)

<P><STRONG><a name="[e1]"></a>FMC_SDRAM_Timing_Init</STRONG> (Thumb, 152 bytes, Stack size 16 bytes, stm32f7xx_ll_fmc.o(.text), UNUSED)

<P><STRONG><a name="[e2]"></a>FMC_SDRAM_DeInit</STRONG> (Thumb, 32 bytes, Stack size 0 bytes, stm32f7xx_ll_fmc.o(.text), UNUSED)

<P><STRONG><a name="[e3]"></a>FMC_SDRAM_WriteProtection_Enable</STRONG> (Thumb, 18 bytes, Stack size 0 bytes, stm32f7xx_ll_fmc.o(.text), UNUSED)

<P><STRONG><a name="[e4]"></a>FMC_SDRAM_WriteProtection_Disable</STRONG> (Thumb, 18 bytes, Stack size 0 bytes, stm32f7xx_ll_fmc.o(.text), UNUSED)

<P><STRONG><a name="[55]"></a>FMC_SDRAM_SendCommand</STRONG> (Thumb, 100 bytes, Stack size 24 bytes, stm32f7xx_ll_fmc.o(.text), UNUSED)
<BR><BR>[Calls]<UL><LI><a href="#[53]">&gt;&gt;</a>&nbsp;&nbsp;&nbsp;HAL_GetTick
</UL>

<P><STRONG><a name="[e5]"></a>FMC_SDRAM_ProgramRefreshRate</STRONG> (Thumb, 14 bytes, Stack size 0 bytes, stm32f7xx_ll_fmc.o(.text), UNUSED)

<P><STRONG><a name="[e6]"></a>FMC_SDRAM_SetAutoRefreshNumber</STRONG> (Thumb, 14 bytes, Stack size 0 bytes, stm32f7xx_ll_fmc.o(.text), UNUSED)

<P><STRONG><a name="[e7]"></a>FMC_SDRAM_GetModeStatus</STRONG> (Thumb, 24 bytes, Stack size 0 bytes, stm32f7xx_ll_fmc.o(.text), UNUSED)

<P><STRONG><a name="[56]"></a>HAL_NOR_MspInit</STRONG> (Thumb, 2 bytes, Stack size 0 bytes, stm32f7xx_hal_nor.o(.text), UNUSED)
<BR><BR>[Called By]<UL><LI><a href="#[1b]">&gt;&gt;</a>&nbsp;&nbsp;&nbsp;HAL_NOR_Init
</UL>

<P><STRONG><a name="[1b]"></a>HAL_NOR_Init</STRONG> (Thumb, 116 bytes, Stack size 16 bytes, stm32f7xx_hal_nor.o(.text), UNUSED)
<BR><BR>[Calls]<UL><LI><a href="#[56]">&gt;&gt;</a>&nbsp;&nbsp;&nbsp;HAL_NOR_MspInit
<LI><a href="#[59]">&gt;&gt;</a>&nbsp;&nbsp;&nbsp;FMC_NORSRAM_Extended_Timing_Init
<LI><a href="#[58]">&gt;&gt;</a>&nbsp;&nbsp;&nbsp;FMC_NORSRAM_Timing_Init
<LI><a href="#[57]">&gt;&gt;</a>&nbsp;&nbsp;&nbsp;FMC_NORSRAM_Init
</UL>
<BR>[Called By]<UL><LI><a href="#[1a]">&gt;&gt;</a>&nbsp;&nbsp;&nbsp;BSP_NOR_Init
</UL>

<P><STRONG><a name="[5a]"></a>HAL_NOR_MspDeInit</STRONG> (Thumb, 2 bytes, Stack size 0 bytes, stm32f7xx_hal_nor.o(.text), UNUSED)
<BR><BR>[Called By]<UL><LI><a href="#[20]">&gt;&gt;</a>&nbsp;&nbsp;&nbsp;HAL_NOR_DeInit
</UL>

<P><STRONG><a name="[20]"></a>HAL_NOR_DeInit</STRONG> (Thumb, 34 bytes, Stack size 8 bytes, stm32f7xx_hal_nor.o(.text), UNUSED)
<BR><BR>[Calls]<UL><LI><a href="#[5a]">&gt;&gt;</a>&nbsp;&nbsp;&nbsp;HAL_NOR_MspDeInit
<LI><a href="#[5b]">&gt;&gt;</a>&nbsp;&nbsp;&nbsp;FMC_NORSRAM_DeInit
</UL>
<BR>[Called By]<UL><LI><a href="#[1f]">&gt;&gt;</a>&nbsp;&nbsp;&nbsp;BSP_NOR_DeInit
</UL>

<P><STRONG><a name="[2f]"></a>HAL_NOR_Read_ID</STRONG> (Thumb, 322 bytes, Stack size 8 bytes, stm32f7xx_hal_nor.o(.text), UNUSED)
<BR><BR>[Called By]<UL><LI><a href="#[2e]">&gt;&gt;</a>&nbsp;&nbsp;&nbsp;BSP_NOR_Read_ID
</UL>

<P><STRONG><a name="[24]"></a>HAL_NOR_ReturnToReadMode</STRONG> (Thumb, 118 bytes, Stack size 0 bytes, stm32f7xx_hal_nor.o(.text), UNUSED)
<BR><BR>[Called By]<UL><LI><a href="#[23]">&gt;&gt;</a>&nbsp;&nbsp;&nbsp;BSP_NOR_ReturnToReadMode
</UL>

<P><STRONG><a name="[e8]"></a>HAL_NOR_Read</STRONG> (Thumb, 240 bytes, Stack size 12 bytes, stm32f7xx_hal_nor.o(.text), UNUSED)

<P><STRONG><a name="[26]"></a>HAL_NOR_Program</STRONG> (Thumb, 264 bytes, Stack size 12 bytes, stm32f7xx_hal_nor.o(.text), UNUSED)
<BR><BR>[Called By]<UL><LI><a href="#[25]">&gt;&gt;</a>&nbsp;&nbsp;&nbsp;BSP_NOR_WriteData
</UL>

<P><STRONG><a name="[22]"></a>HAL_NOR_ReadBuffer</STRONG> (Thumb, 252 bytes, Stack size 16 bytes, stm32f7xx_hal_nor.o(.text), UNUSED)
<BR><BR>[Called By]<UL><LI><a href="#[21]">&gt;&gt;</a>&nbsp;&nbsp;&nbsp;BSP_NOR_ReadData
</UL>

<P><STRONG><a name="[29]"></a>HAL_NOR_ProgramBuffer</STRONG> (Thumb, 382 bytes, Stack size 24 bytes, stm32f7xx_hal_nor.o(.text), UNUSED)
<BR><BR>[Called By]<UL><LI><a href="#[28]">&gt;&gt;</a>&nbsp;&nbsp;&nbsp;BSP_NOR_WriteBuffer
</UL>

<P><STRONG><a name="[2b]"></a>HAL_NOR_Erase_Block</STRONG> (Thumb, 348 bytes, Stack size 12 bytes, stm32f7xx_hal_nor.o(.text), UNUSED)
<BR><BR>[Called By]<UL><LI><a href="#[2a]">&gt;&gt;</a>&nbsp;&nbsp;&nbsp;BSP_NOR_Erase_Block
</UL>

<P><STRONG><a name="[2d]"></a>HAL_NOR_Erase_Chip</STRONG> (Thumb, 374 bytes, Stack size 8 bytes, stm32f7xx_hal_nor.o(.text), UNUSED)
<BR><BR>[Called By]<UL><LI><a href="#[2c]">&gt;&gt;</a>&nbsp;&nbsp;&nbsp;BSP_NOR_Erase_Chip
</UL>

<P><STRONG><a name="[e9]"></a>HAL_NOR_Read_CFI</STRONG> (Thumb, 244 bytes, Stack size 8 bytes, stm32f7xx_hal_nor.o(.text), UNUSED)

<P><STRONG><a name="[5c]"></a>HAL_NOR_WriteOperation_Enable</STRONG> (Thumb, 54 bytes, Stack size 8 bytes, stm32f7xx_hal_nor.o(.text), UNUSED)
<BR><BR>[Calls]<UL><LI><a href="#[5d]">&gt;&gt;</a>&nbsp;&nbsp;&nbsp;FMC_NORSRAM_WriteOperation_Enable
</UL>

<P><STRONG><a name="[5e]"></a>HAL_NOR_WriteOperation_Disable</STRONG> (Thumb, 60 bytes, Stack size 8 bytes, stm32f7xx_hal_nor.o(.text), UNUSED)
<BR><BR>[Calls]<UL><LI><a href="#[5f]">&gt;&gt;</a>&nbsp;&nbsp;&nbsp;FMC_NORSRAM_WriteOperation_Disable
</UL>

<P><STRONG><a name="[ea]"></a>HAL_NOR_GetState</STRONG> (Thumb, 8 bytes, Stack size 0 bytes, stm32f7xx_hal_nor.o(.text), UNUSED)

<P><STRONG><a name="[27]"></a>HAL_NOR_GetStatus</STRONG> (Thumb, 132 bytes, Stack size 32 bytes, stm32f7xx_hal_nor.o(.text), UNUSED)
<BR><BR>[Calls]<UL><LI><a href="#[53]">&gt;&gt;</a>&nbsp;&nbsp;&nbsp;HAL_GetTick
<LI><a href="#[30]">&gt;&gt;</a>&nbsp;&nbsp;&nbsp;HAL_NOR_MspWait
</UL>
<BR>[Called By]<UL><LI><a href="#[2c]">&gt;&gt;</a>&nbsp;&nbsp;&nbsp;BSP_NOR_Erase_Chip
<LI><a href="#[2a]">&gt;&gt;</a>&nbsp;&nbsp;&nbsp;BSP_NOR_Erase_Block
<LI><a href="#[28]">&gt;&gt;</a>&nbsp;&nbsp;&nbsp;BSP_NOR_WriteBuffer
<LI><a href="#[25]">&gt;&gt;</a>&nbsp;&nbsp;&nbsp;BSP_NOR_WriteData
</UL>

<P><STRONG><a name="[eb]"></a>HAL_RCC_DeInit</STRONG> (Thumb, 96 bytes, Stack size 0 bytes, stm32f7xx_hal_rcc.o(.text), UNUSED)

<P><STRONG><a name="[8]"></a>HAL_RCC_OscConfig</STRONG> (Thumb, 1256 bytes, Stack size 16 bytes, stm32f7xx_hal_rcc.o(.text), UNUSED)
<BR><BR>[Calls]<UL><LI><a href="#[53]">&gt;&gt;</a>&nbsp;&nbsp;&nbsp;HAL_GetTick
</UL>
<BR>[Called By]<UL><LI><a href="#[6]">&gt;&gt;</a>&nbsp;&nbsp;&nbsp;SystemClock_Config
</UL>

<P><STRONG><a name="[9]"></a>HAL_RCC_ClockConfig</STRONG> (Thumb, 644 bytes, Stack size 16 bytes, stm32f7xx_hal_rcc.o(.text), UNUSED)
<BR><BR>[Calls]<UL><LI><a href="#[53]">&gt;&gt;</a>&nbsp;&nbsp;&nbsp;HAL_GetTick
<LI><a href="#[4b]">&gt;&gt;</a>&nbsp;&nbsp;&nbsp;HAL_InitTick
</UL>
<BR>[Called By]<UL><LI><a href="#[6]">&gt;&gt;</a>&nbsp;&nbsp;&nbsp;SystemClock_Config
</UL>

<P><STRONG><a name="[60]"></a>HAL_RCC_MCOConfig</STRONG> (Thumb, 180 bytes, Stack size 40 bytes, stm32f7xx_hal_rcc.o(.text), UNUSED)
<BR><BR>[Calls]<UL><LI><a href="#[19]">&gt;&gt;</a>&nbsp;&nbsp;&nbsp;HAL_GPIO_Init
</UL>

<P><STRONG><a name="[ec]"></a>HAL_RCC_EnableCSS</STRONG> (Thumb, 18 bytes, Stack size 0 bytes, stm32f7xx_hal_rcc.o(.text), UNUSED)

<P><STRONG><a name="[ed]"></a>HAL_RCC_DisableCSS</STRONG> (Thumb, 18 bytes, Stack size 0 bytes, stm32f7xx_hal_rcc.o(.text), UNUSED)

<P><STRONG><a name="[62]"></a>HAL_RCC_GetSysClockFreq</STRONG> (Thumb, 168 bytes, Stack size 16 bytes, stm32f7xx_hal_rcc.o(.text), UNUSED)
<BR><BR>[Called By]<UL><LI><a href="#[61]">&gt;&gt;</a>&nbsp;&nbsp;&nbsp;HAL_RCC_GetHCLKFreq
</UL>

<P><STRONG><a name="[61]"></a>HAL_RCC_GetHCLKFreq</STRONG> (Thumb, 46 bytes, Stack size 4 bytes, stm32f7xx_hal_rcc.o(.text), UNUSED)
<BR><BR>[Calls]<UL><LI><a href="#[62]">&gt;&gt;</a>&nbsp;&nbsp;&nbsp;HAL_RCC_GetSysClockFreq
</UL>
<BR>[Called By]<UL><LI><a href="#[64]">&gt;&gt;</a>&nbsp;&nbsp;&nbsp;HAL_RCC_GetPCLK2Freq
<LI><a href="#[63]">&gt;&gt;</a>&nbsp;&nbsp;&nbsp;HAL_RCC_GetPCLK1Freq
</UL>

<P><STRONG><a name="[63]"></a>HAL_RCC_GetPCLK1Freq</STRONG> (Thumb, 40 bytes, Stack size 4 bytes, stm32f7xx_hal_rcc.o(.text), UNUSED)
<BR><BR>[Calls]<UL><LI><a href="#[61]">&gt;&gt;</a>&nbsp;&nbsp;&nbsp;HAL_RCC_GetHCLKFreq
</UL>

<P><STRONG><a name="[64]"></a>HAL_RCC_GetPCLK2Freq</STRONG> (Thumb, 40 bytes, Stack size 4 bytes, stm32f7xx_hal_rcc.o(.text), UNUSED)
<BR><BR>[Calls]<UL><LI><a href="#[61]">&gt;&gt;</a>&nbsp;&nbsp;&nbsp;HAL_RCC_GetHCLKFreq
</UL>

<P><STRONG><a name="[ee]"></a>HAL_RCC_GetOscConfig</STRONG> (Thumb, 300 bytes, Stack size 0 bytes, stm32f7xx_hal_rcc.o(.text), UNUSED)

<P><STRONG><a name="[ef]"></a>HAL_RCC_GetClockConfig</STRONG> (Thumb, 58 bytes, Stack size 0 bytes, stm32f7xx_hal_rcc.o(.text), UNUSED)

<P><STRONG><a name="[66]"></a>HAL_RCC_CSSCallback</STRONG> (Thumb, 10 bytes, Stack size 8 bytes, stm32f7xx_hal_rcc.o(.text), UNUSED)
<BR><BR>[Called By]<UL><LI><a href="#[65]">&gt;&gt;</a>&nbsp;&nbsp;&nbsp;HAL_RCC_NMI_IRQHandler
</UL>

<P><STRONG><a name="[65]"></a>HAL_RCC_NMI_IRQHandler</STRONG> (Thumb, 30 bytes, Stack size 8 bytes, stm32f7xx_hal_rcc.o(.text), UNUSED)
<BR><BR>[Calls]<UL><LI><a href="#[66]">&gt;&gt;</a>&nbsp;&nbsp;&nbsp;HAL_RCC_CSSCallback
</UL>

<P><STRONG><a name="[f0]"></a>HAL_PWR_DeInit</STRONG> (Thumb, 24 bytes, Stack size 0 bytes, stm32f7xx_hal_pwr.o(.text), UNUSED)

<P><STRONG><a name="[f1]"></a>HAL_PWR_EnableBkUpAccess</STRONG> (Thumb, 14 bytes, Stack size 0 bytes, stm32f7xx_hal_pwr.o(.text), UNUSED)

<P><STRONG><a name="[f2]"></a>HAL_PWR_DisableBkUpAccess</STRONG> (Thumb, 14 bytes, Stack size 0 bytes, stm32f7xx_hal_pwr.o(.text), UNUSED)

<P><STRONG><a name="[f3]"></a>HAL_PWR_ConfigPVD</STRONG> (Thumb, 172 bytes, Stack size 0 bytes, stm32f7xx_hal_pwr.o(.text), UNUSED)

<P><STRONG><a name="[f4]"></a>HAL_PWR_EnablePVD</STRONG> (Thumb, 14 bytes, Stack size 0 bytes, stm32f7xx_hal_pwr.o(.text), UNUSED)

<P><STRONG><a name="[f5]"></a>HAL_PWR_DisablePVD</STRONG> (Thumb, 14 bytes, Stack size 0 bytes, stm32f7xx_hal_pwr.o(.text), UNUSED)

<P><STRONG><a name="[f6]"></a>HAL_PWR_EnableWakeUpPin</STRONG> (Thumb, 34 bytes, Stack size 0 bytes, stm32f7xx_hal_pwr.o(.text), UNUSED)

<P><STRONG><a name="[f7]"></a>HAL_PWR_DisableWakeUpPin</STRONG> (Thumb, 12 bytes, Stack size 0 bytes, stm32f7xx_hal_pwr.o(.text), UNUSED)

<P><STRONG><a name="[f8]"></a>HAL_PWR_EnterSLEEPMode</STRONG> (Thumb, 28 bytes, Stack size 0 bytes, stm32f7xx_hal_pwr.o(.text), UNUSED)

<P><STRONG><a name="[f9]"></a>HAL_PWR_EnterSTOPMode</STRONG> (Thumb, 58 bytes, Stack size 8 bytes, stm32f7xx_hal_pwr.o(.text), UNUSED)

<P><STRONG><a name="[fa]"></a>HAL_PWR_EnterSTANDBYMode</STRONG> (Thumb, 32 bytes, Stack size 0 bytes, stm32f7xx_hal_pwr.o(.text), UNUSED)

<P><STRONG><a name="[68]"></a>HAL_PWR_PVDCallback</STRONG> (Thumb, 2 bytes, Stack size 0 bytes, stm32f7xx_hal_pwr.o(.text), UNUSED)
<BR><BR>[Called By]<UL><LI><a href="#[67]">&gt;&gt;</a>&nbsp;&nbsp;&nbsp;HAL_PWR_PVD_IRQHandler
</UL>

<P><STRONG><a name="[67]"></a>HAL_PWR_PVD_IRQHandler</STRONG> (Thumb, 30 bytes, Stack size 8 bytes, stm32f7xx_hal_pwr.o(.text), UNUSED)
<BR><BR>[Calls]<UL><LI><a href="#[68]">&gt;&gt;</a>&nbsp;&nbsp;&nbsp;HAL_PWR_PVDCallback
</UL>

<P><STRONG><a name="[fb]"></a>HAL_PWR_EnableSleepOnExit</STRONG> (Thumb, 14 bytes, Stack size 0 bytes, stm32f7xx_hal_pwr.o(.text), UNUSED)

<P><STRONG><a name="[fc]"></a>HAL_PWR_DisableSleepOnExit</STRONG> (Thumb, 14 bytes, Stack size 0 bytes, stm32f7xx_hal_pwr.o(.text), UNUSED)

<P><STRONG><a name="[fd]"></a>HAL_PWR_EnableSEVOnPend</STRONG> (Thumb, 14 bytes, Stack size 0 bytes, stm32f7xx_hal_pwr.o(.text), UNUSED)

<P><STRONG><a name="[fe]"></a>HAL_PWR_DisableSEVOnPend</STRONG> (Thumb, 14 bytes, Stack size 0 bytes, stm32f7xx_hal_pwr.o(.text), UNUSED)

<P><STRONG><a name="[6a]"></a>HAL_QSPI_SetTimeout</STRONG> (Thumb, 4 bytes, Stack size 0 bytes, stm32f7xx_hal_qspi.o(.text), UNUSED)
<BR><BR>[Called By]<UL><LI><a href="#[3b]">&gt;&gt;</a>&nbsp;&nbsp;&nbsp;HAL_QSPI_Init
</UL>

<P><STRONG><a name="[3b]"></a>HAL_QSPI_Init</STRONG> (Thumb, 208 bytes, Stack size 24 bytes, stm32f7xx_hal_qspi.o(.text), UNUSED)
<BR><BR>[Calls]<UL><LI><a href="#[6a]">&gt;&gt;</a>&nbsp;&nbsp;&nbsp;HAL_QSPI_SetTimeout
<LI><a href="#[69]">&gt;&gt;</a>&nbsp;&nbsp;&nbsp;QSPI_WaitFlagStateUntilTimeout
<LI><a href="#[53]">&gt;&gt;</a>&nbsp;&nbsp;&nbsp;HAL_GetTick
<LI><a href="#[39]">&gt;&gt;</a>&nbsp;&nbsp;&nbsp;HAL_QSPI_MspInit
</UL>
<BR>[Called By]<UL><LI><a href="#[e]">&gt;&gt;</a>&nbsp;&nbsp;&nbsp;BSP_QSPI_Init
</UL>

<P><STRONG><a name="[3d]"></a>HAL_QSPI_DeInit</STRONG> (Thumb, 70 bytes, Stack size 8 bytes, stm32f7xx_hal_qspi.o(.text), UNUSED)
<BR><BR>[Calls]<UL><LI><a href="#[3a]">&gt;&gt;</a>&nbsp;&nbsp;&nbsp;HAL_QSPI_MspDeInit
</UL>
<BR>[Called By]<UL><LI><a href="#[3c]">&gt;&gt;</a>&nbsp;&nbsp;&nbsp;BSP_QSPI_DeInit
</UL>

<P><STRONG><a name="[75]"></a>HAL_QSPI_TimeOutCallback</STRONG> (Thumb, 2 bytes, Stack size 0 bytes, stm32f7xx_hal_qspi.o(.text), UNUSED)
<BR><BR>[Called By]<UL><LI><a href="#[6e]">&gt;&gt;</a>&nbsp;&nbsp;&nbsp;HAL_QSPI_IRQHandler
</UL>

<P><STRONG><a name="[6b]"></a>HAL_QSPI_ErrorCallback</STRONG> (Thumb, 2 bytes, Stack size 0 bytes, stm32f7xx_hal_qspi.o(.text))
<BR><BR>[Called By]<UL><LI><a href="#[6e]">&gt;&gt;</a>&nbsp;&nbsp;&nbsp;HAL_QSPI_IRQHandler
<LI><a href="#[0]">&gt;&gt;</a>&nbsp;&nbsp;&nbsp;QSPI_DMAAbortCplt
</UL>

<P><STRONG><a name="[74]"></a>HAL_QSPI_StatusMatchCallback</STRONG> (Thumb, 2 bytes, Stack size 0 bytes, stm32f7xx_hal_qspi.o(.text), UNUSED)
<BR><BR>[Called By]<UL><LI><a href="#[6e]">&gt;&gt;</a>&nbsp;&nbsp;&nbsp;HAL_QSPI_IRQHandler
</UL>

<P><STRONG><a name="[73]"></a>HAL_QSPI_AbortCpltCallback</STRONG> (Thumb, 2 bytes, Stack size 0 bytes, stm32f7xx_hal_qspi.o(.text), UNUSED)
<BR><BR>[Called By]<UL><LI><a href="#[6e]">&gt;&gt;</a>&nbsp;&nbsp;&nbsp;HAL_QSPI_IRQHandler
</UL>

<P><STRONG><a name="[72]"></a>HAL_QSPI_CmdCpltCallback</STRONG> (Thumb, 2 bytes, Stack size 0 bytes, stm32f7xx_hal_qspi.o(.text), UNUSED)
<BR><BR>[Called By]<UL><LI><a href="#[6e]">&gt;&gt;</a>&nbsp;&nbsp;&nbsp;HAL_QSPI_IRQHandler
</UL>

<P><STRONG><a name="[71]"></a>HAL_QSPI_RxCpltCallback</STRONG> (Thumb, 2 bytes, Stack size 0 bytes, stm32f7xx_hal_qspi.o(.text), UNUSED)
<BR><BR>[Called By]<UL><LI><a href="#[6e]">&gt;&gt;</a>&nbsp;&nbsp;&nbsp;HAL_QSPI_IRQHandler
</UL>

<P><STRONG><a name="[6c]"></a>HAL_QSPI_Abort_IT</STRONG> (Thumb, 116 bytes, Stack size 16 bytes, stm32f7xx_hal_qspi.o(.text))
<BR><BR>[Stack]<UL><LI>Max Depth = 16<LI>Call Chain = HAL_QSPI_Abort_IT
</UL>
<BR>[Calls]<UL><LI><a href="#[6d]">&gt;&gt;</a>&nbsp;&nbsp;&nbsp;HAL_DMA_Abort_IT
</UL>
<BR>[Called By]<UL><LI><a href="#[6e]">&gt;&gt;</a>&nbsp;&nbsp;&nbsp;HAL_QSPI_IRQHandler
<LI><a href="#[3]">&gt;&gt;</a>&nbsp;&nbsp;&nbsp;QSPI_DMAError
</UL>

<P><STRONG><a name="[70]"></a>HAL_QSPI_TxCpltCallback</STRONG> (Thumb, 2 bytes, Stack size 0 bytes, stm32f7xx_hal_qspi.o(.text), UNUSED)
<BR><BR>[Called By]<UL><LI><a href="#[6e]">&gt;&gt;</a>&nbsp;&nbsp;&nbsp;HAL_QSPI_IRQHandler
</UL>

<P><STRONG><a name="[6f]"></a>HAL_QSPI_FifoThresholdCallback</STRONG> (Thumb, 2 bytes, Stack size 0 bytes, stm32f7xx_hal_qspi.o(.text), UNUSED)
<BR><BR>[Called By]<UL><LI><a href="#[6e]">&gt;&gt;</a>&nbsp;&nbsp;&nbsp;HAL_QSPI_IRQHandler
</UL>

<P><STRONG><a name="[6e]"></a>HAL_QSPI_IRQHandler</STRONG> (Thumb, 608 bytes, Stack size 24 bytes, stm32f7xx_hal_qspi.o(.text), UNUSED)
<BR><BR>[Calls]<UL><LI><a href="#[6f]">&gt;&gt;</a>&nbsp;&nbsp;&nbsp;HAL_QSPI_FifoThresholdCallback
<LI><a href="#[70]">&gt;&gt;</a>&nbsp;&nbsp;&nbsp;HAL_QSPI_TxCpltCallback
<LI><a href="#[71]">&gt;&gt;</a>&nbsp;&nbsp;&nbsp;HAL_QSPI_RxCpltCallback
<LI><a href="#[72]">&gt;&gt;</a>&nbsp;&nbsp;&nbsp;HAL_QSPI_CmdCpltCallback
<LI><a href="#[73]">&gt;&gt;</a>&nbsp;&nbsp;&nbsp;HAL_QSPI_AbortCpltCallback
<LI><a href="#[74]">&gt;&gt;</a>&nbsp;&nbsp;&nbsp;HAL_QSPI_StatusMatchCallback
<LI><a href="#[6b]">&gt;&gt;</a>&nbsp;&nbsp;&nbsp;HAL_QSPI_ErrorCallback
<LI><a href="#[75]">&gt;&gt;</a>&nbsp;&nbsp;&nbsp;HAL_QSPI_TimeOutCallback
<LI><a href="#[6d]">&gt;&gt;</a>&nbsp;&nbsp;&nbsp;HAL_DMA_Abort_IT
<LI><a href="#[6c]">&gt;&gt;</a>&nbsp;&nbsp;&nbsp;HAL_QSPI_Abort_IT
</UL>

<P><STRONG><a name="[35]"></a>HAL_QSPI_Command</STRONG> (Thumb, 166 bytes, Stack size 32 bytes, stm32f7xx_hal_qspi.o(.text), UNUSED)
<BR><BR>[Calls]<UL><LI><a href="#[76]">&gt;&gt;</a>&nbsp;&nbsp;&nbsp;QSPI_Config
<LI><a href="#[69]">&gt;&gt;</a>&nbsp;&nbsp;&nbsp;QSPI_WaitFlagStateUntilTimeout
<LI><a href="#[53]">&gt;&gt;</a>&nbsp;&nbsp;&nbsp;HAL_GetTick
</UL>
<BR>[Called By]<UL><LI><a href="#[4a]">&gt;&gt;</a>&nbsp;&nbsp;&nbsp;BSP_QSPI_Read
<LI><a href="#[49]">&gt;&gt;</a>&nbsp;&nbsp;&nbsp;BSP_QSPI_Erase_Sector
<LI><a href="#[46]">&gt;&gt;</a>&nbsp;&nbsp;&nbsp;BSP_QSPI_ReadUniqDevID
<LI><a href="#[45]">&gt;&gt;</a>&nbsp;&nbsp;&nbsp;BSP_QSPI_ReadDeviceID
<LI><a href="#[44]">&gt;&gt;</a>&nbsp;&nbsp;&nbsp;BSP_QSPI_ReadID
<LI><a href="#[43]">&gt;&gt;</a>&nbsp;&nbsp;&nbsp;BSP_QSPI_Enter_QPIMode
<LI><a href="#[41]">&gt;&gt;</a>&nbsp;&nbsp;&nbsp;BSP_QSPI_Enable_QPIMode
<LI><a href="#[3f]">&gt;&gt;</a>&nbsp;&nbsp;&nbsp;BSP_QSPI_GetStatus
<LI><a href="#[37]">&gt;&gt;</a>&nbsp;&nbsp;&nbsp;QSPI_DummyCyclesCfg
<LI><a href="#[36]">&gt;&gt;</a>&nbsp;&nbsp;&nbsp;QSPI_WriteEnable
<LI><a href="#[34]">&gt;&gt;</a>&nbsp;&nbsp;&nbsp;QSPI_ResetMemory
<LI><a href="#[14]">&gt;&gt;</a>&nbsp;&nbsp;&nbsp;BSP_QSPI_Write
<LI><a href="#[10]">&gt;&gt;</a>&nbsp;&nbsp;&nbsp;BSP_QSPI_Erase_Chip
<LI><a href="#[12]">&gt;&gt;</a>&nbsp;&nbsp;&nbsp;BSP_QSPI_Erase_Block
</UL>

<P><STRONG><a name="[77]"></a>HAL_QSPI_Command_IT</STRONG> (Thumb, 182 bytes, Stack size 24 bytes, stm32f7xx_hal_qspi.o(.text), UNUSED)
<BR><BR>[Calls]<UL><LI><a href="#[76]">&gt;&gt;</a>&nbsp;&nbsp;&nbsp;QSPI_Config
<LI><a href="#[69]">&gt;&gt;</a>&nbsp;&nbsp;&nbsp;QSPI_WaitFlagStateUntilTimeout
<LI><a href="#[53]">&gt;&gt;</a>&nbsp;&nbsp;&nbsp;HAL_GetTick
</UL>

<P><STRONG><a name="[48]"></a>HAL_QSPI_Abort</STRONG> (Thumb, 142 bytes, Stack size 24 bytes, stm32f7xx_hal_qspi.o(.text), UNUSED)
<BR><BR>[Calls]<UL><LI><a href="#[78]">&gt;&gt;</a>&nbsp;&nbsp;&nbsp;HAL_DMA_Abort
<LI><a href="#[69]">&gt;&gt;</a>&nbsp;&nbsp;&nbsp;QSPI_WaitFlagStateUntilTimeout
<LI><a href="#[53]">&gt;&gt;</a>&nbsp;&nbsp;&nbsp;HAL_GetTick
</UL>
<BR>[Called By]<UL><LI><a href="#[38]">&gt;&gt;</a>&nbsp;&nbsp;&nbsp;HAL_QSPI_Transmit
<LI><a href="#[40]">&gt;&gt;</a>&nbsp;&nbsp;&nbsp;HAL_QSPI_Receive
<LI><a href="#[16]">&gt;&gt;</a>&nbsp;&nbsp;&nbsp;BSP_QSPI_EnableMemoryMappedMode
</UL>

<P><STRONG><a name="[38]"></a>HAL_QSPI_Transmit</STRONG> (Thumb, 218 bytes, Stack size 32 bytes, stm32f7xx_hal_qspi.o(.text), UNUSED)
<BR><BR>[Calls]<UL><LI><a href="#[69]">&gt;&gt;</a>&nbsp;&nbsp;&nbsp;QSPI_WaitFlagStateUntilTimeout
<LI><a href="#[53]">&gt;&gt;</a>&nbsp;&nbsp;&nbsp;HAL_GetTick
<LI><a href="#[48]">&gt;&gt;</a>&nbsp;&nbsp;&nbsp;HAL_QSPI_Abort
</UL>
<BR>[Called By]<UL><LI><a href="#[41]">&gt;&gt;</a>&nbsp;&nbsp;&nbsp;BSP_QSPI_Enable_QPIMode
<LI><a href="#[37]">&gt;&gt;</a>&nbsp;&nbsp;&nbsp;QSPI_DummyCyclesCfg
<LI><a href="#[14]">&gt;&gt;</a>&nbsp;&nbsp;&nbsp;BSP_QSPI_Write
</UL>

<P><STRONG><a name="[40]"></a>HAL_QSPI_Receive</STRONG> (Thumb, 234 bytes, Stack size 40 bytes, stm32f7xx_hal_qspi.o(.text), UNUSED)
<BR><BR>[Calls]<UL><LI><a href="#[69]">&gt;&gt;</a>&nbsp;&nbsp;&nbsp;QSPI_WaitFlagStateUntilTimeout
<LI><a href="#[53]">&gt;&gt;</a>&nbsp;&nbsp;&nbsp;HAL_GetTick
<LI><a href="#[48]">&gt;&gt;</a>&nbsp;&nbsp;&nbsp;HAL_QSPI_Abort
</UL>
<BR>[Called By]<UL><LI><a href="#[4a]">&gt;&gt;</a>&nbsp;&nbsp;&nbsp;BSP_QSPI_Read
<LI><a href="#[46]">&gt;&gt;</a>&nbsp;&nbsp;&nbsp;BSP_QSPI_ReadUniqDevID
<LI><a href="#[45]">&gt;&gt;</a>&nbsp;&nbsp;&nbsp;BSP_QSPI_ReadDeviceID
<LI><a href="#[44]">&gt;&gt;</a>&nbsp;&nbsp;&nbsp;BSP_QSPI_ReadID
<LI><a href="#[41]">&gt;&gt;</a>&nbsp;&nbsp;&nbsp;BSP_QSPI_Enable_QPIMode
<LI><a href="#[3f]">&gt;&gt;</a>&nbsp;&nbsp;&nbsp;BSP_QSPI_GetStatus
</UL>

<P><STRONG><a name="[ff]"></a>HAL_QSPI_Transmit_IT</STRONG> (Thumb, 144 bytes, Stack size 8 bytes, stm32f7xx_hal_qspi.o(.text), UNUSED)

<P><STRONG><a name="[100]"></a>HAL_QSPI_Receive_IT</STRONG> (Thumb, 156 bytes, Stack size 12 bytes, stm32f7xx_hal_qspi.o(.text), UNUSED)

<P><STRONG><a name="[7a]"></a>HAL_QSPI_TxHalfCpltCallback</STRONG> (Thumb, 2 bytes, Stack size 0 bytes, stm32f7xx_hal_qspi.o(.text))
<BR><BR>[Called By]<UL><LI><a href="#[2]">&gt;&gt;</a>&nbsp;&nbsp;&nbsp;QSPI_DMATxHalfCplt
</UL>

<P><STRONG><a name="[7b]"></a>HAL_QSPI_Transmit_DMA</STRONG> (Thumb, 356 bytes, Stack size 32 bytes, stm32f7xx_hal_qspi.o(.text), UNUSED)
<BR><BR>[Calls]<UL><LI><a href="#[7c]">&gt;&gt;</a>&nbsp;&nbsp;&nbsp;HAL_DMA_Start_IT
</UL>

<P><STRONG><a name="[7d]"></a>HAL_QSPI_RxHalfCpltCallback</STRONG> (Thumb, 2 bytes, Stack size 0 bytes, stm32f7xx_hal_qspi.o(.text))
<BR><BR>[Called By]<UL><LI><a href="#[5]">&gt;&gt;</a>&nbsp;&nbsp;&nbsp;QSPI_DMARxHalfCplt
</UL>

<P><STRONG><a name="[7e]"></a>HAL_QSPI_Receive_DMA</STRONG> (Thumb, 372 bytes, Stack size 32 bytes, stm32f7xx_hal_qspi.o(.text), UNUSED)
<BR><BR>[Calls]<UL><LI><a href="#[7c]">&gt;&gt;</a>&nbsp;&nbsp;&nbsp;HAL_DMA_Start_IT
</UL>

<P><STRONG><a name="[33]"></a>HAL_QSPI_AutoPolling</STRONG> (Thumb, 212 bytes, Stack size 32 bytes, stm32f7xx_hal_qspi.o(.text), UNUSED)
<BR><BR>[Calls]<UL><LI><a href="#[76]">&gt;&gt;</a>&nbsp;&nbsp;&nbsp;QSPI_Config
<LI><a href="#[69]">&gt;&gt;</a>&nbsp;&nbsp;&nbsp;QSPI_WaitFlagStateUntilTimeout
<LI><a href="#[53]">&gt;&gt;</a>&nbsp;&nbsp;&nbsp;HAL_GetTick
</UL>
<BR>[Called By]<UL><LI><a href="#[36]">&gt;&gt;</a>&nbsp;&nbsp;&nbsp;QSPI_WriteEnable
<LI><a href="#[32]">&gt;&gt;</a>&nbsp;&nbsp;&nbsp;QSPI_AutoPollingMemReady
</UL>

<P><STRONG><a name="[7f]"></a>HAL_QSPI_AutoPolling_IT</STRONG> (Thumb, 208 bytes, Stack size 32 bytes, stm32f7xx_hal_qspi.o(.text), UNUSED)
<BR><BR>[Calls]<UL><LI><a href="#[76]">&gt;&gt;</a>&nbsp;&nbsp;&nbsp;QSPI_Config
<LI><a href="#[69]">&gt;&gt;</a>&nbsp;&nbsp;&nbsp;QSPI_WaitFlagStateUntilTimeout
<LI><a href="#[53]">&gt;&gt;</a>&nbsp;&nbsp;&nbsp;HAL_GetTick
</UL>

<P><STRONG><a name="[47]"></a>HAL_QSPI_MemoryMapped</STRONG> (Thumb, 200 bytes, Stack size 32 bytes, stm32f7xx_hal_qspi.o(.text), UNUSED)
<BR><BR>[Calls]<UL><LI><a href="#[76]">&gt;&gt;</a>&nbsp;&nbsp;&nbsp;QSPI_Config
<LI><a href="#[69]">&gt;&gt;</a>&nbsp;&nbsp;&nbsp;QSPI_WaitFlagStateUntilTimeout
<LI><a href="#[53]">&gt;&gt;</a>&nbsp;&nbsp;&nbsp;HAL_GetTick
</UL>
<BR>[Called By]<UL><LI><a href="#[16]">&gt;&gt;</a>&nbsp;&nbsp;&nbsp;BSP_QSPI_EnableMemoryMappedMode
</UL>

<P><STRONG><a name="[101]"></a>HAL_QSPI_GetState</STRONG> (Thumb, 8 bytes, Stack size 0 bytes, stm32f7xx_hal_qspi.o(.text), UNUSED)

<P><STRONG><a name="[102]"></a>HAL_QSPI_GetError</STRONG> (Thumb, 6 bytes, Stack size 0 bytes, stm32f7xx_hal_qspi.o(.text), UNUSED)

<P><STRONG><a name="[103]"></a>HAL_QSPI_SetFifoThreshold</STRONG> (Thumb, 76 bytes, Stack size 8 bytes, stm32f7xx_hal_qspi.o(.text), UNUSED)

<P><STRONG><a name="[104]"></a>HAL_QSPI_GetFifoThreshold</STRONG> (Thumb, 14 bytes, Stack size 0 bytes, stm32f7xx_hal_qspi.o(.text), UNUSED)

<P><STRONG><a name="[80]"></a>HAL_DMA_Init</STRONG> (Thumb, 232 bytes, Stack size 24 bytes, stm32f7xx_hal_dma.o(.text), UNUSED)
<BR><BR>[Calls]<UL><LI><a href="#[81]">&gt;&gt;</a>&nbsp;&nbsp;&nbsp;DMA_CheckFifoParam
<LI><a href="#[82]">&gt;&gt;</a>&nbsp;&nbsp;&nbsp;DMA_CalcBaseAndBitshift
<LI><a href="#[53]">&gt;&gt;</a>&nbsp;&nbsp;&nbsp;HAL_GetTick
</UL>

<P><STRONG><a name="[83]"></a>HAL_DMA_DeInit</STRONG> (Thumb, 98 bytes, Stack size 16 bytes, stm32f7xx_hal_dma.o(.text), UNUSED)
<BR><BR>[Calls]<UL><LI><a href="#[82]">&gt;&gt;</a>&nbsp;&nbsp;&nbsp;DMA_CalcBaseAndBitshift
</UL>

<P><STRONG><a name="[84]"></a>HAL_DMA_Start</STRONG> (Thumb, 102 bytes, Stack size 24 bytes, stm32f7xx_hal_dma.o(.text), UNUSED)
<BR><BR>[Calls]<UL><LI><a href="#[85]">&gt;&gt;</a>&nbsp;&nbsp;&nbsp;DMA_SetConfig
</UL>

<P><STRONG><a name="[7c]"></a>HAL_DMA_Start_IT</STRONG> (Thumb, 158 bytes, Stack size 32 bytes, stm32f7xx_hal_dma.o(.text), UNUSED)
<BR><BR>[Calls]<UL><LI><a href="#[85]">&gt;&gt;</a>&nbsp;&nbsp;&nbsp;DMA_SetConfig
</UL>
<BR>[Called By]<UL><LI><a href="#[7e]">&gt;&gt;</a>&nbsp;&nbsp;&nbsp;HAL_QSPI_Receive_DMA
<LI><a href="#[7b]">&gt;&gt;</a>&nbsp;&nbsp;&nbsp;HAL_QSPI_Transmit_DMA
</UL>

<P><STRONG><a name="[78]"></a>HAL_DMA_Abort</STRONG> (Thumb, 180 bytes, Stack size 16 bytes, stm32f7xx_hal_dma.o(.text), UNUSED)
<BR><BR>[Calls]<UL><LI><a href="#[53]">&gt;&gt;</a>&nbsp;&nbsp;&nbsp;HAL_GetTick
</UL>
<BR>[Called By]<UL><LI><a href="#[86]">&gt;&gt;</a>&nbsp;&nbsp;&nbsp;HAL_DMA_PollForTransfer
<LI><a href="#[48]">&gt;&gt;</a>&nbsp;&nbsp;&nbsp;HAL_QSPI_Abort
</UL>

<P><STRONG><a name="[6d]"></a>HAL_DMA_Abort_IT</STRONG> (Thumb, 40 bytes, Stack size 0 bytes, stm32f7xx_hal_dma.o(.text))
<BR><BR>[Called By]<UL><LI><a href="#[6e]">&gt;&gt;</a>&nbsp;&nbsp;&nbsp;HAL_QSPI_IRQHandler
<LI><a href="#[6c]">&gt;&gt;</a>&nbsp;&nbsp;&nbsp;HAL_QSPI_Abort_IT
</UL>

<P><STRONG><a name="[86]"></a>HAL_DMA_PollForTransfer</STRONG> (Thumb, 350 bytes, Stack size 40 bytes, stm32f7xx_hal_dma.o(.text), UNUSED)
<BR><BR>[Calls]<UL><LI><a href="#[78]">&gt;&gt;</a>&nbsp;&nbsp;&nbsp;HAL_DMA_Abort
<LI><a href="#[53]">&gt;&gt;</a>&nbsp;&nbsp;&nbsp;HAL_GetTick
</UL>

<P><STRONG><a name="[105]"></a>HAL_DMA_IRQHandler</STRONG> (Thumb, 576 bytes, Stack size 24 bytes, stm32f7xx_hal_dma.o(.text), UNUSED)

<P><STRONG><a name="[106]"></a>HAL_DMA_RegisterCallback</STRONG> (Thumb, 94 bytes, Stack size 8 bytes, stm32f7xx_hal_dma.o(.text), UNUSED)

<P><STRONG><a name="[107]"></a>HAL_DMA_UnRegisterCallback</STRONG> (Thumb, 124 bytes, Stack size 0 bytes, stm32f7xx_hal_dma.o(.text), UNUSED)

<P><STRONG><a name="[108]"></a>HAL_DMA_GetState</STRONG> (Thumb, 8 bytes, Stack size 0 bytes, stm32f7xx_hal_dma.o(.text), UNUSED)

<P><STRONG><a name="[79]"></a>HAL_DMA_GetError</STRONG> (Thumb, 6 bytes, Stack size 0 bytes, stm32f7xx_hal_dma.o(.text))
<BR><BR>[Called By]<UL><LI><a href="#[3]">&gt;&gt;</a>&nbsp;&nbsp;&nbsp;QSPI_DMAError
</UL>

<P><STRONG><a name="[19]"></a>HAL_GPIO_Init</STRONG> (Thumb, 484 bytes, Stack size 24 bytes, stm32f7xx_hal_gpio.o(.text), UNUSED)
<BR><BR>[Called By]<UL><LI><a href="#[60]">&gt;&gt;</a>&nbsp;&nbsp;&nbsp;HAL_RCC_MCOConfig
<LI><a href="#[41]">&gt;&gt;</a>&nbsp;&nbsp;&nbsp;BSP_QSPI_Enable_QPIMode
<LI><a href="#[39]">&gt;&gt;</a>&nbsp;&nbsp;&nbsp;HAL_QSPI_MspInit
<LI><a href="#[17]">&gt;&gt;</a>&nbsp;&nbsp;&nbsp;BSP_NOR_MspInit
<LI><a href="#[18]">&gt;&gt;</a>&nbsp;&nbsp;&nbsp;BSP_FMC_Init_CommonPins
</UL>

<P><STRONG><a name="[1e]"></a>HAL_GPIO_DeInit</STRONG> (Thumb, 336 bytes, Stack size 20 bytes, stm32f7xx_hal_gpio.o(.text), UNUSED)
<BR><BR>[Called By]<UL><LI><a href="#[3c]">&gt;&gt;</a>&nbsp;&nbsp;&nbsp;BSP_QSPI_DeInit
<LI><a href="#[3a]">&gt;&gt;</a>&nbsp;&nbsp;&nbsp;HAL_QSPI_MspDeInit
<LI><a href="#[1c]">&gt;&gt;</a>&nbsp;&nbsp;&nbsp;BSP_NOR_MspDeInit
<LI><a href="#[1d]">&gt;&gt;</a>&nbsp;&nbsp;&nbsp;BSP_FMC_DeInit_CommonPins
</UL>

<P><STRONG><a name="[31]"></a>HAL_GPIO_ReadPin</STRONG> (Thumb, 16 bytes, Stack size 0 bytes, stm32f7xx_hal_gpio.o(.text), UNUSED)
<BR><BR>[Called By]<UL><LI><a href="#[30]">&gt;&gt;</a>&nbsp;&nbsp;&nbsp;HAL_NOR_MspWait
</UL>

<P><STRONG><a name="[42]"></a>HAL_GPIO_WritePin</STRONG> (Thumb, 12 bytes, Stack size 0 bytes, stm32f7xx_hal_gpio.o(.text), UNUSED)
<BR><BR>[Called By]<UL><LI><a href="#[41]">&gt;&gt;</a>&nbsp;&nbsp;&nbsp;BSP_QSPI_Enable_QPIMode
</UL>

<P><STRONG><a name="[4e]"></a>HAL_NVIC_SetPriorityGrouping</STRONG> (Thumb, 36 bytes, Stack size 0 bytes, stm32f7xx_hal_cortex.o(.text), UNUSED)
<BR><BR>[Called By]<UL><LI><a href="#[b]">&gt;&gt;</a>&nbsp;&nbsp;&nbsp;HAL_Init
</UL>

<P><STRONG><a name="[4d]"></a>HAL_NVIC_SetPriority</STRONG> (Thumb, 124 bytes, Stack size 32 bytes, stm32f7xx_hal_cortex.o(.text), UNUSED)
<BR><BR>[Calls]<UL><LI><a href="#[87]">&gt;&gt;</a>&nbsp;&nbsp;&nbsp;NVIC_GetPriorityGrouping
<LI><a href="#[88]">&gt;&gt;</a>&nbsp;&nbsp;&nbsp;NVIC_SetPriority
</UL>
<BR>[Called By]<UL><LI><a href="#[4b]">&gt;&gt;</a>&nbsp;&nbsp;&nbsp;HAL_InitTick
</UL>

<P><STRONG><a name="[109]"></a>HAL_NVIC_EnableIRQ</STRONG> (Thumb, 26 bytes, Stack size 0 bytes, stm32f7xx_hal_cortex.o(.text), UNUSED)

<P><STRONG><a name="[3e]"></a>HAL_NVIC_DisableIRQ</STRONG> (Thumb, 22 bytes, Stack size 0 bytes, stm32f7xx_hal_cortex.o(.text), UNUSED)
<BR><BR>[Called By]<UL><LI><a href="#[3c]">&gt;&gt;</a>&nbsp;&nbsp;&nbsp;BSP_QSPI_DeInit
</UL>

<P><STRONG><a name="[10a]"></a>HAL_NVIC_SystemReset</STRONG> (Thumb, 64 bytes, Stack size 0 bytes, stm32f7xx_hal_cortex.o(.text), UNUSED)

<P><STRONG><a name="[4c]"></a>HAL_SYSTICK_Config</STRONG> (Thumb, 52 bytes, Stack size 16 bytes, stm32f7xx_hal_cortex.o(.text), UNUSED)
<BR><BR>[Calls]<UL><LI><a href="#[88]">&gt;&gt;</a>&nbsp;&nbsp;&nbsp;NVIC_SetPriority
</UL>
<BR>[Called By]<UL><LI><a href="#[4b]">&gt;&gt;</a>&nbsp;&nbsp;&nbsp;HAL_InitTick
</UL>

<P><STRONG><a name="[10b]"></a>HAL_MPU_Disable</STRONG> (Thumb, 42 bytes, Stack size 0 bytes, stm32f7xx_hal_cortex.o(.text), UNUSED)

<P><STRONG><a name="[10c]"></a>HAL_MPU_Enable</STRONG> (Thumb, 60 bytes, Stack size 0 bytes, stm32f7xx_hal_cortex.o(.text), UNUSED)

<P><STRONG><a name="[10d]"></a>HAL_MPU_ConfigRegion</STRONG> (Thumb, 90 bytes, Stack size 0 bytes, stm32f7xx_hal_cortex.o(.text), UNUSED)

<P><STRONG><a name="[89]"></a>HAL_NVIC_GetPriorityGrouping</STRONG> (Thumb, 8 bytes, Stack size 8 bytes, stm32f7xx_hal_cortex.o(.text), UNUSED)
<BR><BR>[Calls]<UL><LI><a href="#[87]">&gt;&gt;</a>&nbsp;&nbsp;&nbsp;NVIC_GetPriorityGrouping
</UL>

<P><STRONG><a name="[10e]"></a>HAL_NVIC_GetPriority</STRONG> (Thumb, 138 bytes, Stack size 28 bytes, stm32f7xx_hal_cortex.o(.text), UNUSED)

<P><STRONG><a name="[10f]"></a>HAL_NVIC_SetPendingIRQ</STRONG> (Thumb, 24 bytes, Stack size 0 bytes, stm32f7xx_hal_cortex.o(.text), UNUSED)

<P><STRONG><a name="[110]"></a>HAL_NVIC_GetPendingIRQ</STRONG> (Thumb, 38 bytes, Stack size 8 bytes, stm32f7xx_hal_cortex.o(.text), UNUSED)

<P><STRONG><a name="[111]"></a>HAL_NVIC_ClearPendingIRQ</STRONG> (Thumb, 22 bytes, Stack size 0 bytes, stm32f7xx_hal_cortex.o(.text), UNUSED)

<P><STRONG><a name="[112]"></a>HAL_NVIC_GetActive</STRONG> (Thumb, 38 bytes, Stack size 8 bytes, stm32f7xx_hal_cortex.o(.text), UNUSED)

<P><STRONG><a name="[113]"></a>HAL_SYSTICK_CLKSourceConfig</STRONG> (Thumb, 40 bytes, Stack size 0 bytes, stm32f7xx_hal_cortex.o(.text), UNUSED)

<P><STRONG><a name="[8b]"></a>HAL_SYSTICK_Callback</STRONG> (Thumb, 2 bytes, Stack size 0 bytes, stm32f7xx_hal_cortex.o(.text), UNUSED)
<BR><BR>[Called By]<UL><LI><a href="#[8a]">&gt;&gt;</a>&nbsp;&nbsp;&nbsp;HAL_SYSTICK_IRQHandler
</UL>

<P><STRONG><a name="[8a]"></a>HAL_SYSTICK_IRQHandler</STRONG> (Thumb, 8 bytes, Stack size 8 bytes, stm32f7xx_hal_cortex.o(.text), UNUSED)
<BR><BR>[Calls]<UL><LI><a href="#[8b]">&gt;&gt;</a>&nbsp;&nbsp;&nbsp;HAL_SYSTICK_Callback
</UL>

<P><STRONG><a name="[8c]"></a>HAL_RCCEx_PeriphCLKConfig</STRONG> (Thumb, 1752 bytes, Stack size 32 bytes, stm32f7xx_hal_rcc_ex.o(.text), UNUSED)
<BR><BR>[Calls]<UL><LI><a href="#[53]">&gt;&gt;</a>&nbsp;&nbsp;&nbsp;HAL_GetTick
</UL>

<P><STRONG><a name="[114]"></a>HAL_RCCEx_GetPeriphCLKConfig</STRONG> (Thumb, 422 bytes, Stack size 0 bytes, stm32f7xx_hal_rcc_ex.o(.text), UNUSED)

<P><STRONG><a name="[115]"></a>HAL_RCCEx_GetPeriphCLKFreq</STRONG> (Thumb, 454 bytes, Stack size 16 bytes, stm32f7xx_hal_rcc_ex.o(.text), UNUSED)

<P><STRONG><a name="[8d]"></a>HAL_PWREx_EnableBkUpReg</STRONG> (Thumb, 66 bytes, Stack size 8 bytes, stm32f7xx_hal_pwr_ex.o(.text), UNUSED)
<BR><BR>[Calls]<UL><LI><a href="#[53]">&gt;&gt;</a>&nbsp;&nbsp;&nbsp;HAL_GetTick
</UL>

<P><STRONG><a name="[8e]"></a>HAL_PWREx_DisableBkUpReg</STRONG> (Thumb, 66 bytes, Stack size 8 bytes, stm32f7xx_hal_pwr_ex.o(.text), UNUSED)
<BR><BR>[Calls]<UL><LI><a href="#[53]">&gt;&gt;</a>&nbsp;&nbsp;&nbsp;HAL_GetTick
</UL>

<P><STRONG><a name="[116]"></a>HAL_PWREx_EnableFlashPowerDown</STRONG> (Thumb, 14 bytes, Stack size 0 bytes, stm32f7xx_hal_pwr_ex.o(.text), UNUSED)

<P><STRONG><a name="[117]"></a>HAL_PWREx_DisableFlashPowerDown</STRONG> (Thumb, 14 bytes, Stack size 0 bytes, stm32f7xx_hal_pwr_ex.o(.text), UNUSED)

<P><STRONG><a name="[118]"></a>HAL_PWREx_EnableMainRegulatorLowVoltage</STRONG> (Thumb, 14 bytes, Stack size 0 bytes, stm32f7xx_hal_pwr_ex.o(.text), UNUSED)

<P><STRONG><a name="[119]"></a>HAL_PWREx_DisableMainRegulatorLowVoltage</STRONG> (Thumb, 14 bytes, Stack size 0 bytes, stm32f7xx_hal_pwr_ex.o(.text), UNUSED)

<P><STRONG><a name="[11a]"></a>HAL_PWREx_EnableLowRegulatorLowVoltage</STRONG> (Thumb, 14 bytes, Stack size 0 bytes, stm32f7xx_hal_pwr_ex.o(.text), UNUSED)

<P><STRONG><a name="[11b]"></a>HAL_PWREx_DisableLowRegulatorLowVoltage</STRONG> (Thumb, 14 bytes, Stack size 0 bytes, stm32f7xx_hal_pwr_ex.o(.text), UNUSED)

<P><STRONG><a name="[8f]"></a>HAL_PWREx_EnableOverDrive</STRONG> (Thumb, 136 bytes, Stack size 16 bytes, stm32f7xx_hal_pwr_ex.o(.text), UNUSED)
<BR><BR>[Calls]<UL><LI><a href="#[53]">&gt;&gt;</a>&nbsp;&nbsp;&nbsp;HAL_GetTick
</UL>

<P><STRONG><a name="[90]"></a>HAL_PWREx_DisableOverDrive</STRONG> (Thumb, 136 bytes, Stack size 16 bytes, stm32f7xx_hal_pwr_ex.o(.text), UNUSED)
<BR><BR>[Calls]<UL><LI><a href="#[53]">&gt;&gt;</a>&nbsp;&nbsp;&nbsp;HAL_GetTick
</UL>

<P><STRONG><a name="[91]"></a>HAL_PWREx_EnterUnderDriveSTOPMode</STRONG> (Thumb, 152 bytes, Stack size 24 bytes, stm32f7xx_hal_pwr_ex.o(.text), UNUSED)
<BR><BR>[Calls]<UL><LI><a href="#[53]">&gt;&gt;</a>&nbsp;&nbsp;&nbsp;HAL_GetTick
</UL>

<P><STRONG><a name="[11c]"></a>HAL_PWREx_GetVoltageRange</STRONG> (Thumb, 10 bytes, Stack size 0 bytes, stm32f7xx_hal_pwr_ex.o(.text), UNUSED)

<P><STRONG><a name="[92]"></a>HAL_PWREx_ControlVoltageScaling</STRONG> (Thumb, 228 bytes, Stack size 16 bytes, stm32f7xx_hal_pwr_ex.o(.text), UNUSED)
<BR><BR>[Calls]<UL><LI><a href="#[53]">&gt;&gt;</a>&nbsp;&nbsp;&nbsp;HAL_GetTick
</UL>

<P><STRONG><a name="[7]"></a>__aeabi_memclr4</STRONG> (Thumb, 0 bytes, Stack size 4 bytes, rt_memclr_w.o(.text), UNUSED)
<BR><BR>[Called By]<UL><LI><a href="#[4a]">&gt;&gt;</a>&nbsp;&nbsp;&nbsp;BSP_QSPI_Read
<LI><a href="#[46]">&gt;&gt;</a>&nbsp;&nbsp;&nbsp;BSP_QSPI_ReadUniqDevID
<LI><a href="#[45]">&gt;&gt;</a>&nbsp;&nbsp;&nbsp;BSP_QSPI_ReadDeviceID
<LI><a href="#[43]">&gt;&gt;</a>&nbsp;&nbsp;&nbsp;BSP_QSPI_Enter_QPIMode
<LI><a href="#[41]">&gt;&gt;</a>&nbsp;&nbsp;&nbsp;BSP_QSPI_Enable_QPIMode
<LI><a href="#[39]">&gt;&gt;</a>&nbsp;&nbsp;&nbsp;HAL_QSPI_MspInit
<LI><a href="#[37]">&gt;&gt;</a>&nbsp;&nbsp;&nbsp;QSPI_DummyCyclesCfg
<LI><a href="#[16]">&gt;&gt;</a>&nbsp;&nbsp;&nbsp;BSP_QSPI_EnableMemoryMappedMode
<LI><a href="#[6]">&gt;&gt;</a>&nbsp;&nbsp;&nbsp;SystemClock_Config
</UL>

<P><STRONG><a name="[11d]"></a>__aeabi_memclr8</STRONG> (Thumb, 0 bytes, Stack size 4 bytes, rt_memclr_w.o(.text), UNUSED)

<P><STRONG><a name="[11e]"></a>__rt_memclr_w</STRONG> (Thumb, 78 bytes, Stack size 4 bytes, rt_memclr_w.o(.text), UNUSED)

<P><STRONG><a name="[11f]"></a>_memset_w</STRONG> (Thumb, 0 bytes, Stack size unknown bytes, rt_memclr_w.o(.text), UNUSED)
<P>
<H3>
Local Symbols
</H3>
<P><STRONG><a name="[6]"></a>SystemClock_Config</STRONG> (Thumb, 150 bytes, Stack size 80 bytes, flashprg.o(.text), UNUSED)
<BR><BR>[Calls]<UL><LI><a href="#[7]">&gt;&gt;</a>&nbsp;&nbsp;&nbsp;__aeabi_memclr4
<LI><a href="#[8]">&gt;&gt;</a>&nbsp;&nbsp;&nbsp;HAL_RCC_OscConfig
<LI><a href="#[9]">&gt;&gt;</a>&nbsp;&nbsp;&nbsp;HAL_RCC_ClockConfig
</UL>
<BR>[Called By]<UL><LI><a href="#[a]">&gt;&gt;</a>&nbsp;&nbsp;&nbsp;Init
</UL>

<P><STRONG><a name="[32]"></a>QSPI_AutoPollingMemReady</STRONG> (Thumb, 92 bytes, Stack size 88 bytes, stf7som_qspi.o(.text), UNUSED)
<BR><BR>[Calls]<UL><LI><a href="#[33]">&gt;&gt;</a>&nbsp;&nbsp;&nbsp;HAL_QSPI_AutoPolling
</UL>
<BR>[Called By]<UL><LI><a href="#[49]">&gt;&gt;</a>&nbsp;&nbsp;&nbsp;BSP_QSPI_Erase_Sector
<LI><a href="#[41]">&gt;&gt;</a>&nbsp;&nbsp;&nbsp;BSP_QSPI_Enable_QPIMode
<LI><a href="#[37]">&gt;&gt;</a>&nbsp;&nbsp;&nbsp;QSPI_DummyCyclesCfg
<LI><a href="#[34]">&gt;&gt;</a>&nbsp;&nbsp;&nbsp;QSPI_ResetMemory
<LI><a href="#[14]">&gt;&gt;</a>&nbsp;&nbsp;&nbsp;BSP_QSPI_Write
<LI><a href="#[10]">&gt;&gt;</a>&nbsp;&nbsp;&nbsp;BSP_QSPI_Erase_Chip
<LI><a href="#[12]">&gt;&gt;</a>&nbsp;&nbsp;&nbsp;BSP_QSPI_Erase_Block
</UL>

<P><STRONG><a name="[34]"></a>QSPI_ResetMemory</STRONG> (Thumb, 98 bytes, Stack size 64 bytes, stf7som_qspi.o(.text), UNUSED)
<BR><BR>[Calls]<UL><LI><a href="#[35]">&gt;&gt;</a>&nbsp;&nbsp;&nbsp;HAL_QSPI_Command
<LI><a href="#[32]">&gt;&gt;</a>&nbsp;&nbsp;&nbsp;QSPI_AutoPollingMemReady
</UL>
<BR>[Called By]<UL><LI><a href="#[e]">&gt;&gt;</a>&nbsp;&nbsp;&nbsp;BSP_QSPI_Init
</UL>

<P><STRONG><a name="[36]"></a>QSPI_WriteEnable</STRONG> (Thumb, 118 bytes, Stack size 88 bytes, stf7som_qspi.o(.text), UNUSED)
<BR><BR>[Calls]<UL><LI><a href="#[35]">&gt;&gt;</a>&nbsp;&nbsp;&nbsp;HAL_QSPI_Command
<LI><a href="#[33]">&gt;&gt;</a>&nbsp;&nbsp;&nbsp;HAL_QSPI_AutoPolling
</UL>
<BR>[Called By]<UL><LI><a href="#[49]">&gt;&gt;</a>&nbsp;&nbsp;&nbsp;BSP_QSPI_Erase_Sector
<LI><a href="#[41]">&gt;&gt;</a>&nbsp;&nbsp;&nbsp;BSP_QSPI_Enable_QPIMode
<LI><a href="#[37]">&gt;&gt;</a>&nbsp;&nbsp;&nbsp;QSPI_DummyCyclesCfg
<LI><a href="#[14]">&gt;&gt;</a>&nbsp;&nbsp;&nbsp;BSP_QSPI_Write
<LI><a href="#[10]">&gt;&gt;</a>&nbsp;&nbsp;&nbsp;BSP_QSPI_Erase_Chip
<LI><a href="#[12]">&gt;&gt;</a>&nbsp;&nbsp;&nbsp;BSP_QSPI_Erase_Block
</UL>

<P><STRONG><a name="[37]"></a>QSPI_DummyCyclesCfg</STRONG> (Thumb, 118 bytes, Stack size 64 bytes, stf7som_qspi.o(.text), UNUSED)
<BR><BR>[Calls]<UL><LI><a href="#[7]">&gt;&gt;</a>&nbsp;&nbsp;&nbsp;__aeabi_memclr4
<LI><a href="#[38]">&gt;&gt;</a>&nbsp;&nbsp;&nbsp;HAL_QSPI_Transmit
<LI><a href="#[35]">&gt;&gt;</a>&nbsp;&nbsp;&nbsp;HAL_QSPI_Command
<LI><a href="#[36]">&gt;&gt;</a>&nbsp;&nbsp;&nbsp;QSPI_WriteEnable
<LI><a href="#[32]">&gt;&gt;</a>&nbsp;&nbsp;&nbsp;QSPI_AutoPollingMemReady
</UL>
<BR>[Called By]<UL><LI><a href="#[43]">&gt;&gt;</a>&nbsp;&nbsp;&nbsp;BSP_QSPI_Enter_QPIMode
<LI><a href="#[e]">&gt;&gt;</a>&nbsp;&nbsp;&nbsp;BSP_QSPI_Init
</UL>

<P><STRONG><a name="[69]"></a>QSPI_WaitFlagStateUntilTimeout</STRONG> (Thumb, 76 bytes, Stack size 24 bytes, stm32f7xx_hal_qspi.o(.text), UNUSED)
<BR><BR>[Calls]<UL><LI><a href="#[53]">&gt;&gt;</a>&nbsp;&nbsp;&nbsp;HAL_GetTick
</UL>
<BR>[Called By]<UL><LI><a href="#[7f]">&gt;&gt;</a>&nbsp;&nbsp;&nbsp;HAL_QSPI_AutoPolling_IT
<LI><a href="#[77]">&gt;&gt;</a>&nbsp;&nbsp;&nbsp;HAL_QSPI_Command_IT
<LI><a href="#[38]">&gt;&gt;</a>&nbsp;&nbsp;&nbsp;HAL_QSPI_Transmit
<LI><a href="#[40]">&gt;&gt;</a>&nbsp;&nbsp;&nbsp;HAL_QSPI_Receive
<LI><a href="#[47]">&gt;&gt;</a>&nbsp;&nbsp;&nbsp;HAL_QSPI_MemoryMapped
<LI><a href="#[3b]">&gt;&gt;</a>&nbsp;&nbsp;&nbsp;HAL_QSPI_Init
<LI><a href="#[35]">&gt;&gt;</a>&nbsp;&nbsp;&nbsp;HAL_QSPI_Command
<LI><a href="#[33]">&gt;&gt;</a>&nbsp;&nbsp;&nbsp;HAL_QSPI_AutoPolling
<LI><a href="#[48]">&gt;&gt;</a>&nbsp;&nbsp;&nbsp;HAL_QSPI_Abort
</UL>

<P><STRONG><a name="[0]"></a>QSPI_DMAAbortCplt</STRONG> (Thumb, 66 bytes, Stack size 16 bytes, stm32f7xx_hal_qspi.o(.text))
<BR><BR>[Stack]<UL><LI>Max Depth = 16<LI>Call Chain = QSPI_DMAAbortCplt
</UL>
<BR>[Calls]<UL><LI><a href="#[6b]">&gt;&gt;</a>&nbsp;&nbsp;&nbsp;HAL_QSPI_ErrorCallback
</UL>
<BR>[Address Reference Count : 1]<UL><LI> stm32f7xx_hal_qspi.o(.text)
</UL>
<P><STRONG><a name="[76]"></a>QSPI_Config</STRONG> (Thumb, 510 bytes, Stack size 8 bytes, stm32f7xx_hal_qspi.o(.text), UNUSED)
<BR><BR>[Called By]<UL><LI><a href="#[7f]">&gt;&gt;</a>&nbsp;&nbsp;&nbsp;HAL_QSPI_AutoPolling_IT
<LI><a href="#[77]">&gt;&gt;</a>&nbsp;&nbsp;&nbsp;HAL_QSPI_Command_IT
<LI><a href="#[47]">&gt;&gt;</a>&nbsp;&nbsp;&nbsp;HAL_QSPI_MemoryMapped
<LI><a href="#[35]">&gt;&gt;</a>&nbsp;&nbsp;&nbsp;HAL_QSPI_Command
<LI><a href="#[33]">&gt;&gt;</a>&nbsp;&nbsp;&nbsp;HAL_QSPI_AutoPolling
</UL>

<P><STRONG><a name="[3]"></a>QSPI_DMAError</STRONG> (Thumb, 50 bytes, Stack size 16 bytes, stm32f7xx_hal_qspi.o(.text))
<BR><BR>[Stack]<UL><LI>Max Depth = 32<LI>Call Chain = QSPI_DMAError &rArr; HAL_QSPI_Abort_IT
</UL>
<BR>[Calls]<UL><LI><a href="#[79]">&gt;&gt;</a>&nbsp;&nbsp;&nbsp;HAL_DMA_GetError
<LI><a href="#[6c]">&gt;&gt;</a>&nbsp;&nbsp;&nbsp;HAL_QSPI_Abort_IT
</UL>
<BR>[Address Reference Count : 1]<UL><LI> stm32f7xx_hal_qspi.o(.text)
</UL>
<P><STRONG><a name="[2]"></a>QSPI_DMATxHalfCplt</STRONG> (Thumb, 14 bytes, Stack size 16 bytes, stm32f7xx_hal_qspi.o(.text))
<BR><BR>[Stack]<UL><LI>Max Depth = 16<LI>Call Chain = QSPI_DMATxHalfCplt
</UL>
<BR>[Calls]<UL><LI><a href="#[7a]">&gt;&gt;</a>&nbsp;&nbsp;&nbsp;HAL_QSPI_TxHalfCpltCallback
</UL>
<BR>[Address Reference Count : 1]<UL><LI> stm32f7xx_hal_qspi.o(.text)
</UL>
<P><STRONG><a name="[1]"></a>QSPI_DMATxCplt</STRONG> (Thumb, 22 bytes, Stack size 0 bytes, stm32f7xx_hal_qspi.o(.text))
<BR>[Address Reference Count : 1]<UL><LI> stm32f7xx_hal_qspi.o(.text)
</UL>
<P><STRONG><a name="[5]"></a>QSPI_DMARxHalfCplt</STRONG> (Thumb, 14 bytes, Stack size 16 bytes, stm32f7xx_hal_qspi.o(.text))
<BR><BR>[Stack]<UL><LI>Max Depth = 16<LI>Call Chain = QSPI_DMARxHalfCplt
</UL>
<BR>[Calls]<UL><LI><a href="#[7d]">&gt;&gt;</a>&nbsp;&nbsp;&nbsp;HAL_QSPI_RxHalfCpltCallback
</UL>
<BR>[Address Reference Count : 1]<UL><LI> stm32f7xx_hal_qspi.o(.text)
</UL>
<P><STRONG><a name="[4]"></a>QSPI_DMARxCplt</STRONG> (Thumb, 22 bytes, Stack size 0 bytes, stm32f7xx_hal_qspi.o(.text))
<BR>[Address Reference Count : 1]<UL><LI> stm32f7xx_hal_qspi.o(.text)
</UL>
<P><STRONG><a name="[82]"></a>DMA_CalcBaseAndBitshift</STRONG> (Thumb, 48 bytes, Stack size 0 bytes, stm32f7xx_hal_dma.o(.text), UNUSED)
<BR><BR>[Called By]<UL><LI><a href="#[83]">&gt;&gt;</a>&nbsp;&nbsp;&nbsp;HAL_DMA_DeInit
<LI><a href="#[80]">&gt;&gt;</a>&nbsp;&nbsp;&nbsp;HAL_DMA_Init
</UL>

<P><STRONG><a name="[81]"></a>DMA_CheckFifoParam</STRONG> (Thumb, 170 bytes, Stack size 0 bytes, stm32f7xx_hal_dma.o(.text), UNUSED)
<BR><BR>[Called By]<UL><LI><a href="#[80]">&gt;&gt;</a>&nbsp;&nbsp;&nbsp;HAL_DMA_Init
</UL>

<P><STRONG><a name="[85]"></a>DMA_SetConfig</STRONG> (Thumb, 44 bytes, Stack size 12 bytes, stm32f7xx_hal_dma.o(.text), UNUSED)
<BR><BR>[Called By]<UL><LI><a href="#[84]">&gt;&gt;</a>&nbsp;&nbsp;&nbsp;HAL_DMA_Start
<LI><a href="#[7c]">&gt;&gt;</a>&nbsp;&nbsp;&nbsp;HAL_DMA_Start_IT
</UL>

<P><STRONG><a name="[88]"></a>NVIC_SetPriority</STRONG> (Thumb, 32 bytes, Stack size 8 bytes, stm32f7xx_hal_cortex.o(.text), UNUSED)
<BR><BR>[Called By]<UL><LI><a href="#[4c]">&gt;&gt;</a>&nbsp;&nbsp;&nbsp;HAL_SYSTICK_Config
<LI><a href="#[4d]">&gt;&gt;</a>&nbsp;&nbsp;&nbsp;HAL_NVIC_SetPriority
</UL>

<P><STRONG><a name="[87]"></a>NVIC_GetPriorityGrouping</STRONG> (Thumb, 12 bytes, Stack size 0 bytes, stm32f7xx_hal_cortex.o(.text), UNUSED)
<BR><BR>[Called By]<UL><LI><a href="#[89]">&gt;&gt;</a>&nbsp;&nbsp;&nbsp;HAL_NVIC_GetPriorityGrouping
<LI><a href="#[4d]">&gt;&gt;</a>&nbsp;&nbsp;&nbsp;HAL_NVIC_SetPriority
</UL>
<P>
<H3>
Undefined Global Symbols
</H3><HR></body></html>
