Component: ARM Compiler 5.06 update 7 (build 960) Tool: armlink [4d3601]

==============================================================================

Section Cross References

    flashprg.o(.text) refers to rt_memclr_w.o(.text) for __aeabi_memclr4
    flashprg.o(.text) refers to stm32f7xx_hal_pwr.o(.text) for HAL_PWR_EnableBkUpAccess
    flashprg.o(.text) refers to stm32f7xx_hal_rcc.o(.text) for HAL_RCC_OscConfig
    flashprg.o(.text) refers to stm32f7xx_hal_pwr_ex.o(.text) for HAL_PWREx_EnableOverDrive
    flashprg.o(.text) refers to stm32f7xx_hal_rcc_ex.o(.text) for HAL_RCCEx_PeriphCLKConfig
    flashprg.o(.text) refers to system_stm32f7xx.o(.data) for SystemCoreClock
    flashprg.o(.text) refers to flashprg.o(.data) for ticks
    flashprg.o(.text) refers to flashprg.o(.bss) for QUADSPI_ComConfig_InitStructure
    flashprg.o(.text) refers to system_stm32f7xx.o(.text) for SystemInit
    stf7som_nor.o(.text) refers to stf7som_fmc.o(.text) for BSP_FMC_Init_CommonPins
    stf7som_nor.o(.text) refers to stm32f7xx_hal_gpio.o(.text) for HAL_GPIO_Init
    stf7som_nor.o(.text) refers to stm32f7xx_hal_nor.o(.text) for HAL_NOR_Init
    stf7som_nor.o(.text) refers to stf7som_nor.o(.bss) for norHandle
    stf7som_fmc.o(.text) refers to stm32f7xx_hal_gpio.o(.text) for HAL_GPIO_Init
    stf7som_qspi.o(.text) refers to stm32f7xx_hal_qspi.o(.text) for HAL_QSPI_AutoPolling
    stf7som_qspi.o(.text) refers to rt_memclr_w.o(.text) for __aeabi_memclr4
    stf7som_qspi.o(.text) refers to stm32f7xx_hal_gpio.o(.text) for HAL_GPIO_Init
    stf7som_qspi.o(.text) refers to stm32f7xx_hal_cortex.o(.text) for HAL_NVIC_DisableIRQ
    stf7som_qspi.o(.text) refers to stf7som_qspi.o(.bss) for QSPIHandle
    stf7som_qspi.o(.text) refers to stf7som_qspi.o(.data) for QPIMode_Entered
    system_stm32f7xx.o(.text) refers to system_stm32f7xx.o(.data) for SystemCoreClock
    system_stm32f7xx.o(.text) refers to system_stm32f7xx.o(.constdata) for AHBPrescTable
    stm32f7xx_hal.o(.text) refers to stm32f7xx_hal_cortex.o(.text) for HAL_NVIC_SetPriorityGrouping
    stm32f7xx_hal.o(.text) refers to flashprg.o(.text) for HAL_InitTick
    stm32f7xx_hal.o(.text) refers to stm32f7xx_hal.o(.data) for uwTick
    stm32f7xx_ll_fmc.o(.text) refers to flashprg.o(.text) for HAL_GetTick
    stm32f7xx_hal_nor.o(.text) refers to stm32f7xx_ll_fmc.o(.text) for FMC_NORSRAM_Init
    stm32f7xx_hal_nor.o(.text) refers to stm32f7xx_hal_nor.o(.data) for uwNORMemoryDataWidth
    stm32f7xx_hal_nor.o(.text) refers to stf7som_nor.o(.text) for HAL_NOR_MspWait
    stm32f7xx_hal_nor.o(.text) refers to flashprg.o(.text) for HAL_GetTick
    stm32f7xx_hal_rcc.o(.text) refers to flashprg.o(.text) for HAL_GetTick
    stm32f7xx_hal_rcc.o(.text) refers to stm32f7xx_hal_gpio.o(.text) for HAL_GPIO_Init
    stm32f7xx_hal_rcc.o(.text) refers to stm32f7xx_hal_rcc.o(.constdata) for APBAHBPrescTable
    stm32f7xx_hal_rcc.o(.text) refers to system_stm32f7xx.o(.data) for SystemCoreClock
    stm32f7xx_hal_qspi.o(.text) refers to flashprg.o(.text) for HAL_GetTick
    stm32f7xx_hal_qspi.o(.text) refers to stf7som_qspi.o(.text) for HAL_QSPI_MspInit
    stm32f7xx_hal_qspi.o(.text) refers to stm32f7xx_hal_dma.o(.text) for HAL_DMA_Abort_IT
    stm32f7xx_hal_dma.o(.text) refers to flashprg.o(.text) for HAL_GetTick
    stm32f7xx_hal_dma.o(.text) refers to stm32f7xx_hal_dma.o(.constdata) for flagBitshiftOffset
    stm32f7xx_hal_dma.o(.text) refers to system_stm32f7xx.o(.data) for SystemCoreClock
    stm32f7xx_hal_rcc_ex.o(.text) refers to flashprg.o(.text) for HAL_GetTick
    stm32f7xx_hal_pwr_ex.o(.text) refers to flashprg.o(.text) for HAL_GetTick


==============================================================================

Image Symbol Table

    Local Symbols

    Symbol Name                              Value     Ov Type        Size  Object(Section)

    .rev16_text                              0x00000000   Section        4  flashprg.o(.rev16_text)
    $v0                                      0x00000000   Number         0  flashprg.o(.rev16_text)
    ../clib/memcpset.s                       0x00000000   Number         0  rt_memclr_w.o ABSOLUTE
    ..\..\Board Support Package\BSP\stf7som_fmc.c 0x00000000   Number         0  stf7som_fmc.o ABSOLUTE
    ..\..\Board Support Package\BSP\stf7som_nor.c 0x00000000   Number         0  stf7som_nor.o ABSOLUTE
    ..\..\Board Support Package\BSP\stf7som_qspi.c 0x00000000   Number         0  stf7som_qspi.o ABSOLUTE
    ..\Drivers\STM32F7xx_HAL_Driver\Src\stm32f7xx_hal.c 0x00000000   Number         0  stm32f7xx_hal.o ABSOLUTE
    ..\Drivers\STM32F7xx_HAL_Driver\Src\stm32f7xx_hal_cortex.c 0x00000000   Number         0  stm32f7xx_hal_cortex.o ABSOLUTE
    ..\Drivers\STM32F7xx_HAL_Driver\Src\stm32f7xx_hal_dma.c 0x00000000   Number         0  stm32f7xx_hal_dma.o ABSOLUTE
    ..\Drivers\STM32F7xx_HAL_Driver\Src\stm32f7xx_hal_gpio.c 0x00000000   Number         0  stm32f7xx_hal_gpio.o ABSOLUTE
    ..\Drivers\STM32F7xx_HAL_Driver\Src\stm32f7xx_hal_nor.c 0x00000000   Number         0  stm32f7xx_hal_nor.o ABSOLUTE
    ..\Drivers\STM32F7xx_HAL_Driver\Src\stm32f7xx_hal_pwr.c 0x00000000   Number         0  stm32f7xx_hal_pwr.o ABSOLUTE
    ..\Drivers\STM32F7xx_HAL_Driver\Src\stm32f7xx_hal_pwr_ex.c 0x00000000   Number         0  stm32f7xx_hal_pwr_ex.o ABSOLUTE
    ..\Drivers\STM32F7xx_HAL_Driver\Src\stm32f7xx_hal_qspi.c 0x00000000   Number         0  stm32f7xx_hal_qspi.o ABSOLUTE
    ..\Drivers\STM32F7xx_HAL_Driver\Src\stm32f7xx_hal_rcc.c 0x00000000   Number         0  stm32f7xx_hal_rcc.o ABSOLUTE
    ..\Drivers\STM32F7xx_HAL_Driver\Src\stm32f7xx_hal_rcc_ex.c 0x00000000   Number         0  stm32f7xx_hal_rcc_ex.o ABSOLUTE
    ..\Drivers\STM32F7xx_HAL_Driver\Src\stm32f7xx_ll_fmc.c 0x00000000   Number         0  stm32f7xx_ll_fmc.o ABSOLUTE
    ..\Src\FlashDev.c                        0x00000000   Number         0  flashdev.o ABSOLUTE
    ..\Src\FlashPrg.c                        0x00000000   Number         0  flashprg.o ABSOLUTE
    ..\Src\system_stm32f7xx.c                0x00000000   Number         0  system_stm32f7xx.o ABSOLUTE
    ..\\..\\Board Support Package\\BSP\\stf7som_fmc.c 0x00000000   Number         0  stf7som_fmc.o ABSOLUTE
    ..\\..\\Board Support Package\\BSP\\stf7som_nor.c 0x00000000   Number         0  stf7som_nor.o ABSOLUTE
    ..\\..\\Board Support Package\\BSP\\stf7som_qspi.c 0x00000000   Number         0  stf7som_qspi.o ABSOLUTE
    ..\\Drivers\\STM32F7xx_HAL_Driver\\Src\\stm32f7xx_hal.c 0x00000000   Number         0  stm32f7xx_hal.o ABSOLUTE
    ..\\Drivers\\STM32F7xx_HAL_Driver\\Src\\stm32f7xx_hal_cortex.c 0x00000000   Number         0  stm32f7xx_hal_cortex.o ABSOLUTE
    ..\\Drivers\\STM32F7xx_HAL_Driver\\Src\\stm32f7xx_hal_dma.c 0x00000000   Number         0  stm32f7xx_hal_dma.o ABSOLUTE
    ..\\Drivers\\STM32F7xx_HAL_Driver\\Src\\stm32f7xx_hal_gpio.c 0x00000000   Number         0  stm32f7xx_hal_gpio.o ABSOLUTE
    ..\\Drivers\\STM32F7xx_HAL_Driver\\Src\\stm32f7xx_hal_nor.c 0x00000000   Number         0  stm32f7xx_hal_nor.o ABSOLUTE
    ..\\Drivers\\STM32F7xx_HAL_Driver\\Src\\stm32f7xx_hal_pwr.c 0x00000000   Number         0  stm32f7xx_hal_pwr.o ABSOLUTE
    ..\\Drivers\\STM32F7xx_HAL_Driver\\Src\\stm32f7xx_hal_pwr_ex.c 0x00000000   Number         0  stm32f7xx_hal_pwr_ex.o ABSOLUTE
    ..\\Drivers\\STM32F7xx_HAL_Driver\\Src\\stm32f7xx_hal_qspi.c 0x00000000   Number         0  stm32f7xx_hal_qspi.o ABSOLUTE
    ..\\Drivers\\STM32F7xx_HAL_Driver\\Src\\stm32f7xx_hal_rcc.c 0x00000000   Number         0  stm32f7xx_hal_rcc.o ABSOLUTE
    ..\\Drivers\\STM32F7xx_HAL_Driver\\Src\\stm32f7xx_hal_rcc_ex.c 0x00000000   Number         0  stm32f7xx_hal_rcc_ex.o ABSOLUTE
    ..\\Drivers\\STM32F7xx_HAL_Driver\\Src\\stm32f7xx_ll_fmc.c 0x00000000   Number         0  stm32f7xx_ll_fmc.o ABSOLUTE
    ..\\Src\\FlashPrg.c                      0x00000000   Number         0  flashprg.o ABSOLUTE
    ..\\Src\\system_stm32f7xx.c              0x00000000   Number         0  system_stm32f7xx.o ABSOLUTE
    dc.s                                     0x00000000   Number         0  dc.o ABSOLUTE
    .rev16_text                              0x00000004   Section        4  stf7som_nor.o(.rev16_text)
    $v0                                      0x00000004   Number         0  stf7som_nor.o(.rev16_text)
    .rev16_text                              0x00000008   Section        4  stf7som_fmc.o(.rev16_text)
    $v0                                      0x00000008   Number         0  stf7som_fmc.o(.rev16_text)
    .rev16_text                              0x0000000c   Section        4  stf7som_qspi.o(.rev16_text)
    $v0                                      0x0000000c   Number         0  stf7som_qspi.o(.rev16_text)
    .rev16_text                              0x00000010   Section        4  system_stm32f7xx.o(.rev16_text)
    $v0                                      0x00000010   Number         0  system_stm32f7xx.o(.rev16_text)
    .rev16_text                              0x00000014   Section        4  stm32f7xx_hal.o(.rev16_text)
    $v0                                      0x00000014   Number         0  stm32f7xx_hal.o(.rev16_text)
    .rev16_text                              0x00000018   Section        4  stm32f7xx_ll_fmc.o(.rev16_text)
    $v0                                      0x00000018   Number         0  stm32f7xx_ll_fmc.o(.rev16_text)
    .rev16_text                              0x0000001c   Section        4  stm32f7xx_hal_nor.o(.rev16_text)
    $v0                                      0x0000001c   Number         0  stm32f7xx_hal_nor.o(.rev16_text)
    .rev16_text                              0x00000020   Section        4  stm32f7xx_hal_rcc.o(.rev16_text)
    $v0                                      0x00000020   Number         0  stm32f7xx_hal_rcc.o(.rev16_text)
    .rev16_text                              0x00000024   Section        4  stm32f7xx_hal_pwr.o(.rev16_text)
    $v0                                      0x00000024   Number         0  stm32f7xx_hal_pwr.o(.rev16_text)
    .rev16_text                              0x00000028   Section        4  stm32f7xx_hal_qspi.o(.rev16_text)
    $v0                                      0x00000028   Number         0  stm32f7xx_hal_qspi.o(.rev16_text)
    .rev16_text                              0x0000002c   Section        4  stm32f7xx_hal_dma.o(.rev16_text)
    $v0                                      0x0000002c   Number         0  stm32f7xx_hal_dma.o(.rev16_text)
    .rev16_text                              0x00000030   Section        4  stm32f7xx_hal_gpio.o(.rev16_text)
    $v0                                      0x00000030   Number         0  stm32f7xx_hal_gpio.o(.rev16_text)
    .rev16_text                              0x00000034   Section        4  stm32f7xx_hal_cortex.o(.rev16_text)
    $v0                                      0x00000034   Number         0  stm32f7xx_hal_cortex.o(.rev16_text)
    .rev16_text                              0x00000038   Section        4  stm32f7xx_hal_rcc_ex.o(.rev16_text)
    $v0                                      0x00000038   Number         0  stm32f7xx_hal_rcc_ex.o(.rev16_text)
    .rev16_text                              0x0000003c   Section        4  stm32f7xx_hal_pwr_ex.o(.rev16_text)
    $v0                                      0x0000003c   Number         0  stm32f7xx_hal_pwr_ex.o(.rev16_text)
    .revsh_text                              0x00000040   Section        4  flashprg.o(.revsh_text)
    $v0                                      0x00000040   Number         0  flashprg.o(.revsh_text)
    .revsh_text                              0x00000044   Section        4  stf7som_nor.o(.revsh_text)
    $v0                                      0x00000044   Number         0  stf7som_nor.o(.revsh_text)
    .revsh_text                              0x00000048   Section        4  stf7som_fmc.o(.revsh_text)
    $v0                                      0x00000048   Number         0  stf7som_fmc.o(.revsh_text)
    .revsh_text                              0x0000004c   Section        4  stf7som_qspi.o(.revsh_text)
    $v0                                      0x0000004c   Number         0  stf7som_qspi.o(.revsh_text)
    .revsh_text                              0x00000050   Section        4  system_stm32f7xx.o(.revsh_text)
    $v0                                      0x00000050   Number         0  system_stm32f7xx.o(.revsh_text)
    .revsh_text                              0x00000054   Section        4  stm32f7xx_hal.o(.revsh_text)
    $v0                                      0x00000054   Number         0  stm32f7xx_hal.o(.revsh_text)
    .revsh_text                              0x00000058   Section        4  stm32f7xx_ll_fmc.o(.revsh_text)
    $v0                                      0x00000058   Number         0  stm32f7xx_ll_fmc.o(.revsh_text)
    .revsh_text                              0x0000005c   Section        4  stm32f7xx_hal_nor.o(.revsh_text)
    $v0                                      0x0000005c   Number         0  stm32f7xx_hal_nor.o(.revsh_text)
    .revsh_text                              0x00000060   Section        4  stm32f7xx_hal_rcc.o(.revsh_text)
    $v0                                      0x00000060   Number         0  stm32f7xx_hal_rcc.o(.revsh_text)
    .revsh_text                              0x00000064   Section        4  stm32f7xx_hal_pwr.o(.revsh_text)
    $v0                                      0x00000064   Number         0  stm32f7xx_hal_pwr.o(.revsh_text)
    .revsh_text                              0x00000068   Section        4  stm32f7xx_hal_qspi.o(.revsh_text)
    $v0                                      0x00000068   Number         0  stm32f7xx_hal_qspi.o(.revsh_text)
    .revsh_text                              0x0000006c   Section        4  stm32f7xx_hal_dma.o(.revsh_text)
    $v0                                      0x0000006c   Number         0  stm32f7xx_hal_dma.o(.revsh_text)
    .revsh_text                              0x00000070   Section        4  stm32f7xx_hal_gpio.o(.revsh_text)
    $v0                                      0x00000070   Number         0  stm32f7xx_hal_gpio.o(.revsh_text)
    .revsh_text                              0x00000074   Section        4  stm32f7xx_hal_cortex.o(.revsh_text)
    $v0                                      0x00000074   Number         0  stm32f7xx_hal_cortex.o(.revsh_text)
    .revsh_text                              0x00000078   Section        4  stm32f7xx_hal_rcc_ex.o(.revsh_text)
    $v0                                      0x00000078   Number         0  stm32f7xx_hal_rcc_ex.o(.revsh_text)
    .revsh_text                              0x0000007c   Section        4  stm32f7xx_hal_pwr_ex.o(.revsh_text)
    $v0                                      0x0000007c   Number         0  stm32f7xx_hal_pwr_ex.o(.revsh_text)
    .rrx_text                                0x00000080   Section        6  flashprg.o(.rrx_text)
    $v0                                      0x00000080   Number         0  flashprg.o(.rrx_text)
    .rrx_text                                0x00000088   Section        6  stf7som_nor.o(.rrx_text)
    $v0                                      0x00000088   Number         0  stf7som_nor.o(.rrx_text)
    .rrx_text                                0x00000090   Section        6  stf7som_fmc.o(.rrx_text)
    $v0                                      0x00000090   Number         0  stf7som_fmc.o(.rrx_text)
    .rrx_text                                0x00000098   Section        6  stf7som_qspi.o(.rrx_text)
    $v0                                      0x00000098   Number         0  stf7som_qspi.o(.rrx_text)
    .rrx_text                                0x000000a0   Section        6  system_stm32f7xx.o(.rrx_text)
    $v0                                      0x000000a0   Number         0  system_stm32f7xx.o(.rrx_text)
    .rrx_text                                0x000000a8   Section        6  stm32f7xx_hal.o(.rrx_text)
    $v0                                      0x000000a8   Number         0  stm32f7xx_hal.o(.rrx_text)
    .rrx_text                                0x000000b0   Section        6  stm32f7xx_ll_fmc.o(.rrx_text)
    $v0                                      0x000000b0   Number         0  stm32f7xx_ll_fmc.o(.rrx_text)
    .rrx_text                                0x000000b8   Section        6  stm32f7xx_hal_nor.o(.rrx_text)
    $v0                                      0x000000b8   Number         0  stm32f7xx_hal_nor.o(.rrx_text)
    .rrx_text                                0x000000c0   Section        6  stm32f7xx_hal_rcc.o(.rrx_text)
    $v0                                      0x000000c0   Number         0  stm32f7xx_hal_rcc.o(.rrx_text)
    .rrx_text                                0x000000c8   Section        6  stm32f7xx_hal_pwr.o(.rrx_text)
    $v0                                      0x000000c8   Number         0  stm32f7xx_hal_pwr.o(.rrx_text)
    .rrx_text                                0x000000d0   Section        6  stm32f7xx_hal_qspi.o(.rrx_text)
    $v0                                      0x000000d0   Number         0  stm32f7xx_hal_qspi.o(.rrx_text)
    .rrx_text                                0x000000d8   Section        6  stm32f7xx_hal_dma.o(.rrx_text)
    $v0                                      0x000000d8   Number         0  stm32f7xx_hal_dma.o(.rrx_text)
    .rrx_text                                0x000000e0   Section        6  stm32f7xx_hal_gpio.o(.rrx_text)
    $v0                                      0x000000e0   Number         0  stm32f7xx_hal_gpio.o(.rrx_text)
    .rrx_text                                0x000000e8   Section        6  stm32f7xx_hal_cortex.o(.rrx_text)
    $v0                                      0x000000e8   Number         0  stm32f7xx_hal_cortex.o(.rrx_text)
    .rrx_text                                0x000000f0   Section        6  stm32f7xx_hal_rcc_ex.o(.rrx_text)
    $v0                                      0x000000f0   Number         0  stm32f7xx_hal_rcc_ex.o(.rrx_text)
    .rrx_text                                0x000000f8   Section        6  stm32f7xx_hal_pwr_ex.o(.rrx_text)
    $v0                                      0x000000f8   Number         0  stm32f7xx_hal_pwr_ex.o(.rrx_text)
    .text                                    0x00000100   Section        0  flashprg.o(.text)
    SystemClock_Config                       0x00000101   Thumb Code   194  flashprg.o(.text)
    .text                                    0x00000c98   Section        0  stf7som_nor.o(.text)
    .text                                    0x00001084   Section        0  stf7som_fmc.o(.text)
    .text                                    0x0000110c   Section        0  stf7som_qspi.o(.text)
    QSPI_AutoPollingMemReady                 0x0000110d   Thumb Code    92  stf7som_qspi.o(.text)
    QSPI_ResetMemory                         0x00001169   Thumb Code    98  stf7som_qspi.o(.text)
    QSPI_WriteEnable                         0x000011cb   Thumb Code   118  stf7som_qspi.o(.text)
    QSPI_DummyCyclesCfg                      0x00001241   Thumb Code   118  stf7som_qspi.o(.text)
    .text                                    0x00001b78   Section        0  system_stm32f7xx.o(.text)
    SetSysClock                              0x00001b79   Thumb Code   214  system_stm32f7xx.o(.text)
    .text                                    0x00001d8c   Section        0  stm32f7xx_hal.o(.text)
    .text                                    0x00001f14   Section        0  stm32f7xx_ll_fmc.o(.text)
    .text                                    0x00002370   Section        0  stm32f7xx_hal_nor.o(.text)
    .text                                    0x00002f00   Section        0  stm32f7xx_hal_rcc.o(.text)
    .text                                    0x00003a78   Section        0  stm32f7xx_hal_pwr.o(.text)
    .text                                    0x00003c80   Section        0  stm32f7xx_hal_qspi.o(.text)
    QSPI_WaitFlagStateUntilTimeout           0x00003c81   Thumb Code    76  stm32f7xx_hal_qspi.o(.text)
    QSPI_DMAAbortCplt                        0x00003def   Thumb Code    66  stm32f7xx_hal_qspi.o(.text)
    QSPI_Config                              0x00004111   Thumb Code   510  stm32f7xx_hal_qspi.o(.text)
    QSPI_DMAError                            0x000047e9   Thumb Code    50  stm32f7xx_hal_qspi.o(.text)
    QSPI_DMATxHalfCplt                       0x0000481d   Thumb Code    14  stm32f7xx_hal_qspi.o(.text)
    QSPI_DMATxCplt                           0x0000482b   Thumb Code    22  stm32f7xx_hal_qspi.o(.text)
    QSPI_DMARxHalfCplt                       0x000049a7   Thumb Code    14  stm32f7xx_hal_qspi.o(.text)
    QSPI_DMARxCplt                           0x000049b5   Thumb Code    22  stm32f7xx_hal_qspi.o(.text)
    .text                                    0x00004e14   Section        0  stm32f7xx_hal_dma.o(.text)
    DMA_CalcBaseAndBitshift                  0x00004e15   Thumb Code    48  stm32f7xx_hal_dma.o(.text)
    DMA_CheckFifoParam                       0x00004e45   Thumb Code   170  stm32f7xx_hal_dma.o(.text)
    DMA_SetConfig                            0x00005039   Thumb Code    44  stm32f7xx_hal_dma.o(.text)
    .text                                    0x000056d4   Section        0  stm32f7xx_hal_gpio.o(.text)
    .text                                    0x00005a58   Section        0  stm32f7xx_hal_cortex.o(.text)
    NVIC_SetPriority                         0x00005a59   Thumb Code    32  stm32f7xx_hal_cortex.o(.text)
    NVIC_GetPriorityGrouping                 0x00005dbb   Thumb Code    12  stm32f7xx_hal_cortex.o(.text)
    .text                                    0x00005ddc   Section        0  stm32f7xx_hal_rcc_ex.o(.text)
    .text                                    0x00006830   Section        0  stm32f7xx_hal_pwr_ex.o(.text)
    .text                                    0x00006bac   Section       78  rt_memclr_w.o(.text)
    .constdata                               0x00006bfa   Section       24  system_stm32f7xx.o(.constdata)
    .constdata                               0x00006c12   Section       16  stm32f7xx_hal_rcc.o(.constdata)
    .constdata                               0x00006c22   Section        8  stm32f7xx_hal_dma.o(.constdata)
    flagBitshiftOffset                       0x00006c22   Data           8  stm32f7xx_hal_dma.o(.constdata)
    .data                                    0x00006c30   Section       12  flashprg.o(.data)
    ticks                                    0x00006c38   Data           4  flashprg.o(.data)
    .data                                    0x00006c3c   Section        1  stf7som_qspi.o(.data)
    .data                                    0x00006c40   Section        4  system_stm32f7xx.o(.data)
    .data                                    0x00006c44   Section        4  stm32f7xx_hal.o(.data)
    .data                                    0x00006c48   Section        4  stm32f7xx_hal_nor.o(.data)
    uwNORMemoryDataWidth                     0x00006c48   Data           4  stm32f7xx_hal_nor.o(.data)
    .bss                                     0x00006c4c   Section      204  flashprg.o(.bss)
    .constdata                               0x00006c4c   Section     4256  flashdev.o(.constdata)
    .bss                                     0x00006d18   Section      100  stf7som_nor.o(.bss)
    Timing                                   0x00006d18   Data          28  stf7som_nor.o(.bss)
    norHandle                                0x00006d34   Data          72  stf7som_nor.o(.bss)
    .bss                                     0x00006d7c   Section       76  stf7som_qspi.o(.bss)

    Global Symbols

    Symbol Name                              Value     Ov Type        Size  Object(Section)

    BuildAttributes$$THM_ISAv4$E$P$D$K$B$S$7EM$VFPi5$EXTD16$VFPS$VFMA$PE$PLD8$A:L22UL41UL21$X:L11$S22US41US21$IEEE1$IW$RWPI$~STKCKD$USESV7$~SHL$OSPACE$ROPI$EBA8$STANDARDLIB$REQ8$PRES8$EABIv2 0x00000000   Number         0  anon$$obj.o ABSOLUTE
    __asm___10_FlashPrg_c_46d2cbbe____REV16  0x00000001   Thumb Code     4  flashprg.o(.rev16_text)
    __asm___13_stf7som_nor_c_607dec35____REV16 0x00000005   Thumb Code     4  stf7som_nor.o(.rev16_text)
    __asm___13_stf7som_fmc_c_8fa6b536____REV16 0x00000009   Thumb Code     4  stf7som_fmc.o(.rev16_text)
    __asm___14_stf7som_qspi_c_907b669a____REV16 0x0000000d   Thumb Code     4  stf7som_qspi.o(.rev16_text)
    __asm___18_system_stm32f7xx_c_5d646a67____REV16 0x00000011   Thumb Code     4  system_stm32f7xx.o(.rev16_text)
    __asm___15_stm32f7xx_hal_c_HAL_Init____REV16 0x00000015   Thumb Code     4  stm32f7xx_hal.o(.rev16_text)
    __asm___18_stm32f7xx_ll_fmc_c_65a710dd____REV16 0x00000019   Thumb Code     4  stm32f7xx_ll_fmc.o(.rev16_text)
    __asm___19_stm32f7xx_hal_nor_c_41421838____REV16 0x0000001d   Thumb Code     4  stm32f7xx_hal_nor.o(.rev16_text)
    __asm___19_stm32f7xx_hal_rcc_c_c7d3f187____REV16 0x00000021   Thumb Code     4  stm32f7xx_hal_rcc.o(.rev16_text)
    __asm___19_stm32f7xx_hal_pwr_c_f2cfe8be____REV16 0x00000025   Thumb Code     4  stm32f7xx_hal_pwr.o(.rev16_text)
    __asm___20_stm32f7xx_hal_qspi_c_9f327679____REV16 0x00000029   Thumb Code     4  stm32f7xx_hal_qspi.o(.rev16_text)
    __asm___19_stm32f7xx_hal_dma_c_c25f65ec____REV16 0x0000002d   Thumb Code     4  stm32f7xx_hal_dma.o(.rev16_text)
    __asm___20_stm32f7xx_hal_gpio_c_ea787061____REV16 0x00000031   Thumb Code     4  stm32f7xx_hal_gpio.o(.rev16_text)
    __asm___22_stm32f7xx_hal_cortex_c_2992dbc0____REV16 0x00000035   Thumb Code     4  stm32f7xx_hal_cortex.o(.rev16_text)
    __asm___22_stm32f7xx_hal_rcc_ex_c_bed13b44____REV16 0x00000039   Thumb Code     4  stm32f7xx_hal_rcc_ex.o(.rev16_text)
    __asm___22_stm32f7xx_hal_pwr_ex_c_1028ebfa____REV16 0x0000003d   Thumb Code     4  stm32f7xx_hal_pwr_ex.o(.rev16_text)
    __asm___10_FlashPrg_c_46d2cbbe____REVSH  0x00000041   Thumb Code     4  flashprg.o(.revsh_text)
    __asm___13_stf7som_nor_c_607dec35____REVSH 0x00000045   Thumb Code     4  stf7som_nor.o(.revsh_text)
    __asm___13_stf7som_fmc_c_8fa6b536____REVSH 0x00000049   Thumb Code     4  stf7som_fmc.o(.revsh_text)
    __asm___14_stf7som_qspi_c_907b669a____REVSH 0x0000004d   Thumb Code     4  stf7som_qspi.o(.revsh_text)
    __asm___18_system_stm32f7xx_c_5d646a67____REVSH 0x00000051   Thumb Code     4  system_stm32f7xx.o(.revsh_text)
    __asm___15_stm32f7xx_hal_c_HAL_Init____REVSH 0x00000055   Thumb Code     4  stm32f7xx_hal.o(.revsh_text)
    __asm___18_stm32f7xx_ll_fmc_c_65a710dd____REVSH 0x00000059   Thumb Code     4  stm32f7xx_ll_fmc.o(.revsh_text)
    __asm___19_stm32f7xx_hal_nor_c_41421838____REVSH 0x0000005d   Thumb Code     4  stm32f7xx_hal_nor.o(.revsh_text)
    __asm___19_stm32f7xx_hal_rcc_c_c7d3f187____REVSH 0x00000061   Thumb Code     4  stm32f7xx_hal_rcc.o(.revsh_text)
    __asm___19_stm32f7xx_hal_pwr_c_f2cfe8be____REVSH 0x00000065   Thumb Code     4  stm32f7xx_hal_pwr.o(.revsh_text)
    __asm___20_stm32f7xx_hal_qspi_c_9f327679____REVSH 0x00000069   Thumb Code     4  stm32f7xx_hal_qspi.o(.revsh_text)
    __asm___19_stm32f7xx_hal_dma_c_c25f65ec____REVSH 0x0000006d   Thumb Code     4  stm32f7xx_hal_dma.o(.revsh_text)
    __asm___20_stm32f7xx_hal_gpio_c_ea787061____REVSH 0x00000071   Thumb Code     4  stm32f7xx_hal_gpio.o(.revsh_text)
    __asm___22_stm32f7xx_hal_cortex_c_2992dbc0____REVSH 0x00000075   Thumb Code     4  stm32f7xx_hal_cortex.o(.revsh_text)
    __asm___22_stm32f7xx_hal_rcc_ex_c_bed13b44____REVSH 0x00000079   Thumb Code     4  stm32f7xx_hal_rcc_ex.o(.revsh_text)
    __asm___22_stm32f7xx_hal_pwr_ex_c_1028ebfa____REVSH 0x0000007d   Thumb Code     4  stm32f7xx_hal_pwr_ex.o(.revsh_text)
    __asm___10_FlashPrg_c_46d2cbbe____RRX    0x00000081   Thumb Code     6  flashprg.o(.rrx_text)
    __asm___13_stf7som_nor_c_607dec35____RRX 0x00000089   Thumb Code     6  stf7som_nor.o(.rrx_text)
    __asm___13_stf7som_fmc_c_8fa6b536____RRX 0x00000091   Thumb Code     6  stf7som_fmc.o(.rrx_text)
    __asm___14_stf7som_qspi_c_907b669a____RRX 0x00000099   Thumb Code     6  stf7som_qspi.o(.rrx_text)
    __asm___18_system_stm32f7xx_c_5d646a67____RRX 0x000000a1   Thumb Code     6  system_stm32f7xx.o(.rrx_text)
    __asm___15_stm32f7xx_hal_c_HAL_Init____RRX 0x000000a9   Thumb Code     6  stm32f7xx_hal.o(.rrx_text)
    __asm___18_stm32f7xx_ll_fmc_c_65a710dd____RRX 0x000000b1   Thumb Code     6  stm32f7xx_ll_fmc.o(.rrx_text)
    __asm___19_stm32f7xx_hal_nor_c_41421838____RRX 0x000000b9   Thumb Code     6  stm32f7xx_hal_nor.o(.rrx_text)
    __asm___19_stm32f7xx_hal_rcc_c_c7d3f187____RRX 0x000000c1   Thumb Code     6  stm32f7xx_hal_rcc.o(.rrx_text)
    __asm___19_stm32f7xx_hal_pwr_c_f2cfe8be____RRX 0x000000c9   Thumb Code     6  stm32f7xx_hal_pwr.o(.rrx_text)
    __asm___20_stm32f7xx_hal_qspi_c_9f327679____RRX 0x000000d1   Thumb Code     6  stm32f7xx_hal_qspi.o(.rrx_text)
    __asm___19_stm32f7xx_hal_dma_c_c25f65ec____RRX 0x000000d9   Thumb Code     6  stm32f7xx_hal_dma.o(.rrx_text)
    __asm___20_stm32f7xx_hal_gpio_c_ea787061____RRX 0x000000e1   Thumb Code     6  stm32f7xx_hal_gpio.o(.rrx_text)
    __asm___22_stm32f7xx_hal_cortex_c_2992dbc0____RRX 0x000000e9   Thumb Code     6  stm32f7xx_hal_cortex.o(.rrx_text)
    __asm___22_stm32f7xx_hal_rcc_ex_c_bed13b44____RRX 0x000000f1   Thumb Code     6  stm32f7xx_hal_rcc_ex.o(.rrx_text)
    __asm___22_stm32f7xx_hal_pwr_ex_c_1028ebfa____RRX 0x000000f9   Thumb Code     6  stm32f7xx_hal_pwr_ex.o(.rrx_text)
    HAL_InitTick                             0x000001c3   Thumb Code     6  flashprg.o(.text)
    HAL_GetTick                              0x000001c9   Thumb Code    56  flashprg.o(.text)
    HAL_Delay                                0x00000201   Thumb Code    34  flashprg.o(.text)
    BSP_GPIOCLK_Enable                       0x00000223   Thumb Code   296  flashprg.o(.text)
    RCC_HCLKConfig                           0x0000034b   Thumb Code    20  flashprg.o(.text)
    RCC_AHB1PeriphClockCmd                   0x0000035f   Thumb Code    34  flashprg.o(.text)
    RCC_AHB3PeriphResetCmd                   0x00000381   Thumb Code    34  flashprg.o(.text)
    RCC_APB2PeriphClockCmd                   0x000003a3   Thumb Code    34  flashprg.o(.text)
    GPIO_PinAFConfig                         0x000003c5   Thumb Code    70  flashprg.o(.text)
    GPIO_Init                                0x0000040b   Thumb Code   144  flashprg.o(.text)
    QUADSPI_GetFlagStatus                    0x0000049b   Thumb Code    20  flashprg.o(.text)
    QUADSPI_ClearFlag                        0x000004af   Thumb Code     6  flashprg.o(.text)
    QUADSPI_DeInit                           0x000004b5   Thumb Code    20  flashprg.o(.text)
    QUADSPI_SendData8                        0x000004c9   Thumb Code    10  flashprg.o(.text)
    QUADSPI_Cmd                              0x000004d3   Thumb Code    30  flashprg.o(.text)
    QUADSPI_SetAddress                       0x000004f1   Thumb Code    36  flashprg.o(.text)
    QUADSPI_SetAlternateByte                 0x00000515   Thumb Code    16  flashprg.o(.text)
    QUADSPI_SetDataLength                    0x00000525   Thumb Code    16  flashprg.o(.text)
    QUADSPI_Init                             0x00000535   Thumb Code    58  flashprg.o(.text)
    QUADSPI_SetFIFOThreshold                 0x0000056f   Thumb Code    20  flashprg.o(.text)
    QUADSPI_AutoPollingModeStopCmd           0x00000583   Thumb Code    40  flashprg.o(.text)
    QUADSPI_ComConfig_Init                   0x000005ab   Thumb Code    66  flashprg.o(.text)
    QUADSPI_AutoPollingMode_Config           0x000005ed   Thumb Code    46  flashprg.o(.text)
    QUADSPI_ComConfig_StructInit             0x0000061b   Thumb Code    28  flashprg.o(.text)
    QUADSPI_Valid_WriteEnable_PH             0x00000637   Thumb Code   162  flashprg.o(.text)
    QUADSPI_Valid_BulkErase                  0x000006d9   Thumb Code   160  flashprg.o(.text)
    QUADSPI_Valid_EraseSector                0x00000779   Thumb Code   164  flashprg.o(.text)
    QUADSPI_Valid_WritePage                  0x0000081d   Thumb Code   260  flashprg.o(.text)
    QUADSPI_Valid_WriteBuffer                0x00000921   Thumb Code   280  flashprg.o(.text)
    Init                                     0x00000a39   Thumb Code   492  flashprg.o(.text)
    UnInit                                   0x00000c25   Thumb Code     6  flashprg.o(.text)
    EraseChip                                0x00000c2b   Thumb Code    10  flashprg.o(.text)
    EraseSector                              0x00000c35   Thumb Code    26  flashprg.o(.text)
    BlankCheck                               0x00000c4f   Thumb Code     6  flashprg.o(.text)
    ProgramPage                              0x00000c55   Thumb Code    34  flashprg.o(.text)
    BSP_NOR_MspInit                          0x00000c99   Thumb Code    70  stf7som_nor.o(.text)
    BSP_NOR_Init                             0x00000cdf   Thumb Code   158  stf7som_nor.o(.text)
    BSP_NOR_MspDeInit                        0x00000d7d   Thumb Code    50  stf7som_nor.o(.text)
    BSP_NOR_DeInit                           0x00000daf   Thumb Code    46  stf7som_nor.o(.text)
    BSP_NOR_ReadData                         0x00000ddd   Thumb Code    34  stf7som_nor.o(.text)
    BSP_NOR_ReadBuffer                       0x00000dff   Thumb Code   230  stf7som_nor.o(.text)
    BSP_NOR_ReturnToReadMode                 0x00000ee5   Thumb Code   114  stf7som_nor.o(.text)
    BSP_NOR_WriteData                        0x00000f57   Thumb Code    66  stf7som_nor.o(.text)
    BSP_NOR_WriteBuffer                      0x00000f99   Thumb Code    50  stf7som_nor.o(.text)
    BSP_NOR_Erase_Block                      0x00000fcb   Thumb Code    44  stf7som_nor.o(.text)
    BSP_NOR_Erase_Chip                       0x00000ff7   Thumb Code    38  stf7som_nor.o(.text)
    BSP_NOR_Read_ID                          0x0000101d   Thumb Code    24  stf7som_nor.o(.text)
    HAL_NOR_MspWait                          0x00001035   Thumb Code    50  stf7som_nor.o(.text)
    BSP_FMC_Init_CommonPins                  0x00001085   Thumb Code    78  stf7som_fmc.o(.text)
    BSP_FMC_DeInit_CommonPins                0x000010d3   Thumb Code    42  stf7som_fmc.o(.text)
    HAL_QSPI_MspInit                         0x000012b7   Thumb Code   158  stf7som_qspi.o(.text)
    HAL_QSPI_MspDeInit                       0x00001355   Thumb Code    70  stf7som_qspi.o(.text)
    BSP_QSPI_Init                            0x0000139b   Thumb Code    70  stf7som_qspi.o(.text)
    BSP_QSPI_DeInit                          0x000013e1   Thumb Code   122  stf7som_qspi.o(.text)
    BSP_QSPI_GetStatus                       0x0000145b   Thumb Code   102  stf7som_qspi.o(.text)
    BSP_QSPI_Erase_Chip                      0x000014c1   Thumb Code    82  stf7som_qspi.o(.text)
    BSP_QSPI_Enable_QPIMode                  0x00001513   Thumb Code   294  stf7som_qspi.o(.text)
    BSP_QSPI_Enter_QPIMode                   0x00001639   Thumb Code   106  stf7som_qspi.o(.text)
    BSP_QSPI_ReadID                          0x000016a3   Thumb Code   120  stf7som_qspi.o(.text)
    BSP_QSPI_ReadDeviceID                    0x0000171b   Thumb Code   114  stf7som_qspi.o(.text)
    BSP_QSPI_ReadUniqDevID                   0x0000178d   Thumb Code   124  stf7som_qspi.o(.text)
    BSP_QSPI_EnableMemoryMappedMode          0x00001809   Thumb Code   144  stf7som_qspi.o(.text)
    BSP_QSPI_Erase_Sector                    0x00001899   Thumb Code    94  stf7som_qspi.o(.text)
    BSP_QSPI_Erase_Block                     0x000018f7   Thumb Code   120  stf7som_qspi.o(.text)
    BSP_QSPI_Write                           0x0000196f   Thumb Code   192  stf7som_qspi.o(.text)
    BSP_QSPI_Read                            0x00001a2f   Thumb Code   322  stf7som_qspi.o(.text)
    SystemInit                               0x00001c4f   Thumb Code    88  system_stm32f7xx.o(.text)
    SystemCoreClockUpdate                    0x00001ca7   Thumb Code   188  system_stm32f7xx.o(.text)
    HAL_MspInit                              0x00001d8d   Thumb Code     2  stm32f7xx_hal.o(.text)
    HAL_Init                                 0x00001d8f   Thumb Code    22  stm32f7xx_hal.o(.text)
    HAL_MspDeInit                            0x00001da5   Thumb Code     2  stm32f7xx_hal.o(.text)
    HAL_DeInit                               0x00001da7   Thumb Code    64  stm32f7xx_hal.o(.text)
    HAL_IncTick                              0x00001de7   Thumb Code    16  stm32f7xx_hal.o(.text)
    HAL_SuspendTick                          0x00001e19   Thumb Code    18  stm32f7xx_hal.o(.text)
    HAL_ResumeTick                           0x00001e2b   Thumb Code    18  stm32f7xx_hal.o(.text)
    HAL_GetHalVersion                        0x00001e3d   Thumb Code     4  stm32f7xx_hal.o(.text)
    HAL_GetREVID                             0x00001e41   Thumb Code     8  stm32f7xx_hal.o(.text)
    HAL_GetDEVID                             0x00001e49   Thumb Code    10  stm32f7xx_hal.o(.text)
    HAL_GetUIDw0                             0x00001e53   Thumb Code     6  stm32f7xx_hal.o(.text)
    HAL_GetUIDw1                             0x00001e59   Thumb Code     8  stm32f7xx_hal.o(.text)
    HAL_GetUIDw2                             0x00001e61   Thumb Code     8  stm32f7xx_hal.o(.text)
    HAL_DBGMCU_EnableDBGSleepMode            0x00001e69   Thumb Code    14  stm32f7xx_hal.o(.text)
    HAL_DBGMCU_DisableDBGSleepMode           0x00001e77   Thumb Code    14  stm32f7xx_hal.o(.text)
    HAL_DBGMCU_EnableDBGStopMode             0x00001e85   Thumb Code    14  stm32f7xx_hal.o(.text)
    HAL_DBGMCU_DisableDBGStopMode            0x00001e93   Thumb Code    14  stm32f7xx_hal.o(.text)
    HAL_DBGMCU_EnableDBGStandbyMode          0x00001ea1   Thumb Code    14  stm32f7xx_hal.o(.text)
    HAL_DBGMCU_DisableDBGStandbyMode         0x00001eaf   Thumb Code    14  stm32f7xx_hal.o(.text)
    HAL_EnableCompensationCell               0x00001ebd   Thumb Code    14  stm32f7xx_hal.o(.text)
    HAL_DisableCompensationCell              0x00001ecb   Thumb Code    14  stm32f7xx_hal.o(.text)
    HAL_EnableFMCMemorySwapping              0x00001ed9   Thumb Code    18  stm32f7xx_hal.o(.text)
    HAL_DisableFMCMemorySwapping             0x00001eeb   Thumb Code    18  stm32f7xx_hal.o(.text)
    FMC_NORSRAM_Init                         0x00001f15   Thumb Code   124  stm32f7xx_ll_fmc.o(.text)
    FMC_NORSRAM_DeInit                       0x00001f91   Thumb Code    56  stm32f7xx_ll_fmc.o(.text)
    FMC_NORSRAM_Timing_Init                  0x00001fc9   Thumb Code    94  stm32f7xx_ll_fmc.o(.text)
    FMC_NORSRAM_Extended_Timing_Init         0x00002027   Thumb Code    66  stm32f7xx_ll_fmc.o(.text)
    FMC_NORSRAM_WriteOperation_Enable        0x00002069   Thumb Code    18  stm32f7xx_ll_fmc.o(.text)
    FMC_NORSRAM_WriteOperation_Disable       0x0000207b   Thumb Code    18  stm32f7xx_ll_fmc.o(.text)
    FMC_NAND_Init                            0x0000208d   Thumb Code    50  stm32f7xx_ll_fmc.o(.text)
    FMC_NAND_CommonSpace_Timing_Init         0x000020bf   Thumb Code    40  stm32f7xx_ll_fmc.o(.text)
    FMC_NAND_AttributeSpace_Timing_Init      0x000020e7   Thumb Code    40  stm32f7xx_ll_fmc.o(.text)
    FMC_NAND_DeInit                          0x0000210f   Thumb Code    30  stm32f7xx_ll_fmc.o(.text)
    FMC_NAND_ECC_Enable                      0x0000212d   Thumb Code    14  stm32f7xx_ll_fmc.o(.text)
    FMC_NAND_ECC_Disable                     0x0000213b   Thumb Code    14  stm32f7xx_ll_fmc.o(.text)
    FMC_NAND_GetECC                          0x00002149   Thumb Code    62  stm32f7xx_ll_fmc.o(.text)
    FMC_SDRAM_Init                           0x00002187   Thumb Code   116  stm32f7xx_ll_fmc.o(.text)
    FMC_SDRAM_Timing_Init                    0x000021fb   Thumb Code   152  stm32f7xx_ll_fmc.o(.text)
    FMC_SDRAM_DeInit                         0x00002293   Thumb Code    32  stm32f7xx_ll_fmc.o(.text)
    FMC_SDRAM_WriteProtection_Enable         0x000022b3   Thumb Code    18  stm32f7xx_ll_fmc.o(.text)
    FMC_SDRAM_WriteProtection_Disable        0x000022c5   Thumb Code    18  stm32f7xx_ll_fmc.o(.text)
    FMC_SDRAM_SendCommand                    0x000022d7   Thumb Code   100  stm32f7xx_ll_fmc.o(.text)
    FMC_SDRAM_ProgramRefreshRate             0x0000233b   Thumb Code    14  stm32f7xx_ll_fmc.o(.text)
    FMC_SDRAM_SetAutoRefreshNumber           0x00002349   Thumb Code    14  stm32f7xx_ll_fmc.o(.text)
    FMC_SDRAM_GetModeStatus                  0x00002357   Thumb Code    24  stm32f7xx_ll_fmc.o(.text)
    HAL_NOR_MspInit                          0x00002371   Thumb Code     2  stm32f7xx_hal_nor.o(.text)
    HAL_NOR_Init                             0x00002373   Thumb Code   116  stm32f7xx_hal_nor.o(.text)
    HAL_NOR_MspDeInit                        0x000023e7   Thumb Code     2  stm32f7xx_hal_nor.o(.text)
    HAL_NOR_DeInit                           0x000023e9   Thumb Code    34  stm32f7xx_hal_nor.o(.text)
    HAL_NOR_Read_ID                          0x0000240d   Thumb Code   322  stm32f7xx_hal_nor.o(.text)
    HAL_NOR_ReturnToReadMode                 0x0000254f   Thumb Code   118  stm32f7xx_hal_nor.o(.text)
    HAL_NOR_Read                             0x000025c5   Thumb Code   240  stm32f7xx_hal_nor.o(.text)
    HAL_NOR_Program                          0x000026b5   Thumb Code   264  stm32f7xx_hal_nor.o(.text)
    HAL_NOR_ReadBuffer                       0x000027bd   Thumb Code   252  stm32f7xx_hal_nor.o(.text)
    HAL_NOR_ProgramBuffer                    0x000028b9   Thumb Code   382  stm32f7xx_hal_nor.o(.text)
    HAL_NOR_Erase_Block                      0x00002a37   Thumb Code   348  stm32f7xx_hal_nor.o(.text)
    HAL_NOR_Erase_Chip                       0x00002b93   Thumb Code   374  stm32f7xx_hal_nor.o(.text)
    HAL_NOR_Read_CFI                         0x00002d09   Thumb Code   244  stm32f7xx_hal_nor.o(.text)
    HAL_NOR_WriteOperation_Enable            0x00002dfd   Thumb Code    54  stm32f7xx_hal_nor.o(.text)
    HAL_NOR_WriteOperation_Disable           0x00002e33   Thumb Code    60  stm32f7xx_hal_nor.o(.text)
    HAL_NOR_GetState                         0x00002e6f   Thumb Code     8  stm32f7xx_hal_nor.o(.text)
    HAL_NOR_GetStatus                        0x00002e77   Thumb Code   132  stm32f7xx_hal_nor.o(.text)
    HAL_RCC_DeInit                           0x00002f01   Thumb Code    96  stm32f7xx_hal_rcc.o(.text)
    HAL_RCC_OscConfig                        0x00002f61   Thumb Code  1256  stm32f7xx_hal_rcc.o(.text)
    HAL_RCC_ClockConfig                      0x00003449   Thumb Code   644  stm32f7xx_hal_rcc.o(.text)
    HAL_RCC_MCOConfig                        0x000036cd   Thumb Code   180  stm32f7xx_hal_rcc.o(.text)
    HAL_RCC_EnableCSS                        0x00003781   Thumb Code    18  stm32f7xx_hal_rcc.o(.text)
    HAL_RCC_DisableCSS                       0x00003793   Thumb Code    18  stm32f7xx_hal_rcc.o(.text)
    HAL_RCC_GetSysClockFreq                  0x000037a5   Thumb Code   168  stm32f7xx_hal_rcc.o(.text)
    HAL_RCC_GetHCLKFreq                      0x0000384d   Thumb Code    46  stm32f7xx_hal_rcc.o(.text)
    HAL_RCC_GetPCLK1Freq                     0x0000387b   Thumb Code    40  stm32f7xx_hal_rcc.o(.text)
    HAL_RCC_GetPCLK2Freq                     0x000038a3   Thumb Code    40  stm32f7xx_hal_rcc.o(.text)
    HAL_RCC_GetOscConfig                     0x000038cb   Thumb Code   300  stm32f7xx_hal_rcc.o(.text)
    HAL_RCC_GetClockConfig                   0x000039f7   Thumb Code    58  stm32f7xx_hal_rcc.o(.text)
    HAL_RCC_CSSCallback                      0x00003a31   Thumb Code    10  stm32f7xx_hal_rcc.o(.text)
    HAL_RCC_NMI_IRQHandler                   0x00003a3b   Thumb Code    30  stm32f7xx_hal_rcc.o(.text)
    HAL_PWR_DeInit                           0x00003a79   Thumb Code    24  stm32f7xx_hal_pwr.o(.text)
    HAL_PWR_EnableBkUpAccess                 0x00003a91   Thumb Code    14  stm32f7xx_hal_pwr.o(.text)
    HAL_PWR_DisableBkUpAccess                0x00003a9f   Thumb Code    14  stm32f7xx_hal_pwr.o(.text)
    HAL_PWR_ConfigPVD                        0x00003aad   Thumb Code   172  stm32f7xx_hal_pwr.o(.text)
    HAL_PWR_EnablePVD                        0x00003b59   Thumb Code    14  stm32f7xx_hal_pwr.o(.text)
    HAL_PWR_DisablePVD                       0x00003b67   Thumb Code    14  stm32f7xx_hal_pwr.o(.text)
    HAL_PWR_EnableWakeUpPin                  0x00003b75   Thumb Code    34  stm32f7xx_hal_pwr.o(.text)
    HAL_PWR_DisableWakeUpPin                 0x00003b97   Thumb Code    12  stm32f7xx_hal_pwr.o(.text)
    HAL_PWR_EnterSLEEPMode                   0x00003ba3   Thumb Code    28  stm32f7xx_hal_pwr.o(.text)
    HAL_PWR_EnterSTOPMode                    0x00003bbf   Thumb Code    58  stm32f7xx_hal_pwr.o(.text)
    HAL_PWR_EnterSTANDBYMode                 0x00003bf9   Thumb Code    32  stm32f7xx_hal_pwr.o(.text)
    HAL_PWR_PVDCallback                      0x00003c19   Thumb Code     2  stm32f7xx_hal_pwr.o(.text)
    HAL_PWR_PVD_IRQHandler                   0x00003c1b   Thumb Code    30  stm32f7xx_hal_pwr.o(.text)
    HAL_PWR_EnableSleepOnExit                0x00003c39   Thumb Code    14  stm32f7xx_hal_pwr.o(.text)
    HAL_PWR_DisableSleepOnExit               0x00003c47   Thumb Code    14  stm32f7xx_hal_pwr.o(.text)
    HAL_PWR_EnableSEVOnPend                  0x00003c55   Thumb Code    14  stm32f7xx_hal_pwr.o(.text)
    HAL_PWR_DisableSEVOnPend                 0x00003c63   Thumb Code    14  stm32f7xx_hal_pwr.o(.text)
    HAL_QSPI_SetTimeout                      0x00003ccd   Thumb Code     4  stm32f7xx_hal_qspi.o(.text)
    HAL_QSPI_Init                            0x00003cd3   Thumb Code   208  stm32f7xx_hal_qspi.o(.text)
    HAL_QSPI_DeInit                          0x00003da5   Thumb Code    70  stm32f7xx_hal_qspi.o(.text)
    HAL_QSPI_TimeOutCallback                 0x00003deb   Thumb Code     2  stm32f7xx_hal_qspi.o(.text)
    HAL_QSPI_ErrorCallback                   0x00003ded   Thumb Code     2  stm32f7xx_hal_qspi.o(.text)
    HAL_QSPI_StatusMatchCallback             0x00003e31   Thumb Code     2  stm32f7xx_hal_qspi.o(.text)
    HAL_QSPI_AbortCpltCallback               0x00003e33   Thumb Code     2  stm32f7xx_hal_qspi.o(.text)
    HAL_QSPI_CmdCpltCallback                 0x00003e35   Thumb Code     2  stm32f7xx_hal_qspi.o(.text)
    HAL_QSPI_RxCpltCallback                  0x00003e37   Thumb Code     2  stm32f7xx_hal_qspi.o(.text)
    HAL_QSPI_Abort_IT                        0x00003e39   Thumb Code   116  stm32f7xx_hal_qspi.o(.text)
    HAL_QSPI_TxCpltCallback                  0x00003ead   Thumb Code     2  stm32f7xx_hal_qspi.o(.text)
    HAL_QSPI_FifoThresholdCallback           0x00003eaf   Thumb Code     2  stm32f7xx_hal_qspi.o(.text)
    HAL_QSPI_IRQHandler                      0x00003eb1   Thumb Code   608  stm32f7xx_hal_qspi.o(.text)
    HAL_QSPI_Command                         0x0000430f   Thumb Code   166  stm32f7xx_hal_qspi.o(.text)
    HAL_QSPI_Command_IT                      0x000043b5   Thumb Code   182  stm32f7xx_hal_qspi.o(.text)
    HAL_QSPI_Abort                           0x0000446b   Thumb Code   142  stm32f7xx_hal_qspi.o(.text)
    HAL_QSPI_Transmit                        0x000044f9   Thumb Code   218  stm32f7xx_hal_qspi.o(.text)
    HAL_QSPI_Receive                         0x000045d3   Thumb Code   234  stm32f7xx_hal_qspi.o(.text)
    HAL_QSPI_Transmit_IT                     0x000046bd   Thumb Code   144  stm32f7xx_hal_qspi.o(.text)
    HAL_QSPI_Receive_IT                      0x0000474d   Thumb Code   156  stm32f7xx_hal_qspi.o(.text)
    HAL_QSPI_TxHalfCpltCallback              0x0000481b   Thumb Code     2  stm32f7xx_hal_qspi.o(.text)
    HAL_QSPI_Transmit_DMA                    0x00004841   Thumb Code   356  stm32f7xx_hal_qspi.o(.text)
    HAL_QSPI_RxHalfCpltCallback              0x000049a5   Thumb Code     2  stm32f7xx_hal_qspi.o(.text)
    HAL_QSPI_Receive_DMA                     0x000049cb   Thumb Code   372  stm32f7xx_hal_qspi.o(.text)
    HAL_QSPI_AutoPolling                     0x00004b3f   Thumb Code   212  stm32f7xx_hal_qspi.o(.text)
    HAL_QSPI_AutoPolling_IT                  0x00004c13   Thumb Code   208  stm32f7xx_hal_qspi.o(.text)
    HAL_QSPI_MemoryMapped                    0x00004ce3   Thumb Code   200  stm32f7xx_hal_qspi.o(.text)
    HAL_QSPI_GetState                        0x00004dab   Thumb Code     8  stm32f7xx_hal_qspi.o(.text)
    HAL_QSPI_GetError                        0x00004db3   Thumb Code     6  stm32f7xx_hal_qspi.o(.text)
    HAL_QSPI_SetFifoThreshold                0x00004db9   Thumb Code    76  stm32f7xx_hal_qspi.o(.text)
    HAL_QSPI_GetFifoThreshold                0x00004e05   Thumb Code    14  stm32f7xx_hal_qspi.o(.text)
    HAL_DMA_Init                             0x00004eef   Thumb Code   232  stm32f7xx_hal_dma.o(.text)
    HAL_DMA_DeInit                           0x00004fd7   Thumb Code    98  stm32f7xx_hal_dma.o(.text)
    HAL_DMA_Start                            0x00005065   Thumb Code   102  stm32f7xx_hal_dma.o(.text)
    HAL_DMA_Start_IT                         0x000050cb   Thumb Code   158  stm32f7xx_hal_dma.o(.text)
    HAL_DMA_Abort                            0x00005169   Thumb Code   180  stm32f7xx_hal_dma.o(.text)
    HAL_DMA_Abort_IT                         0x0000521d   Thumb Code    40  stm32f7xx_hal_dma.o(.text)
    HAL_DMA_PollForTransfer                  0x00005245   Thumb Code   350  stm32f7xx_hal_dma.o(.text)
    HAL_DMA_IRQHandler                       0x000053a3   Thumb Code   576  stm32f7xx_hal_dma.o(.text)
    HAL_DMA_RegisterCallback                 0x000055e3   Thumb Code    94  stm32f7xx_hal_dma.o(.text)
    HAL_DMA_UnRegisterCallback               0x00005641   Thumb Code   124  stm32f7xx_hal_dma.o(.text)
    HAL_DMA_GetState                         0x000056bd   Thumb Code     8  stm32f7xx_hal_dma.o(.text)
    HAL_DMA_GetError                         0x000056c5   Thumb Code     6  stm32f7xx_hal_dma.o(.text)
    HAL_GPIO_Init                            0x000056d5   Thumb Code   484  stm32f7xx_hal_gpio.o(.text)
    HAL_GPIO_DeInit                          0x000058b9   Thumb Code   336  stm32f7xx_hal_gpio.o(.text)
    HAL_GPIO_ReadPin                         0x00005a09   Thumb Code    16  stm32f7xx_hal_gpio.o(.text)
    HAL_GPIO_WritePin                        0x00005a19   Thumb Code    12  stm32f7xx_hal_gpio.o(.text)
    HAL_NVIC_SetPriorityGrouping             0x00005a79   Thumb Code    36  stm32f7xx_hal_cortex.o(.text)
    HAL_NVIC_SetPriority                     0x00005a9d   Thumb Code   124  stm32f7xx_hal_cortex.o(.text)
    HAL_NVIC_EnableIRQ                       0x00005b19   Thumb Code    26  stm32f7xx_hal_cortex.o(.text)
    HAL_NVIC_DisableIRQ                      0x00005b33   Thumb Code    22  stm32f7xx_hal_cortex.o(.text)
    HAL_NVIC_SystemReset                     0x00005b49   Thumb Code    64  stm32f7xx_hal_cortex.o(.text)
    HAL_SYSTICK_Config                       0x00005b89   Thumb Code    52  stm32f7xx_hal_cortex.o(.text)
    HAL_MPU_Disable                          0x00005bbd   Thumb Code    42  stm32f7xx_hal_cortex.o(.text)
    HAL_MPU_Enable                           0x00005be7   Thumb Code    60  stm32f7xx_hal_cortex.o(.text)
    HAL_MPU_ConfigRegion                     0x00005c23   Thumb Code    90  stm32f7xx_hal_cortex.o(.text)
    HAL_NVIC_GetPriorityGrouping             0x00005c7d   Thumb Code     8  stm32f7xx_hal_cortex.o(.text)
    HAL_NVIC_GetPriority                     0x00005c85   Thumb Code   138  stm32f7xx_hal_cortex.o(.text)
    HAL_NVIC_SetPendingIRQ                   0x00005d0f   Thumb Code    24  stm32f7xx_hal_cortex.o(.text)
    HAL_NVIC_GetPendingIRQ                   0x00005d27   Thumb Code    38  stm32f7xx_hal_cortex.o(.text)
    HAL_NVIC_ClearPendingIRQ                 0x00005d4d   Thumb Code    22  stm32f7xx_hal_cortex.o(.text)
    HAL_NVIC_GetActive                       0x00005d63   Thumb Code    38  stm32f7xx_hal_cortex.o(.text)
    HAL_SYSTICK_CLKSourceConfig              0x00005d89   Thumb Code    40  stm32f7xx_hal_cortex.o(.text)
    HAL_SYSTICK_Callback                     0x00005db1   Thumb Code     2  stm32f7xx_hal_cortex.o(.text)
    HAL_SYSTICK_IRQHandler                   0x00005db3   Thumb Code     8  stm32f7xx_hal_cortex.o(.text)
    HAL_RCCEx_PeriphCLKConfig                0x00005ddd   Thumb Code  1752  stm32f7xx_hal_rcc_ex.o(.text)
    HAL_RCCEx_GetPeriphCLKConfig             0x000064b5   Thumb Code   422  stm32f7xx_hal_rcc_ex.o(.text)
    HAL_RCCEx_GetPeriphCLKFreq               0x0000665b   Thumb Code   454  stm32f7xx_hal_rcc_ex.o(.text)
    HAL_PWREx_EnableBkUpReg                  0x00006831   Thumb Code    66  stm32f7xx_hal_pwr_ex.o(.text)
    HAL_PWREx_DisableBkUpReg                 0x00006873   Thumb Code    66  stm32f7xx_hal_pwr_ex.o(.text)
    HAL_PWREx_EnableFlashPowerDown           0x000068b5   Thumb Code    14  stm32f7xx_hal_pwr_ex.o(.text)
    HAL_PWREx_DisableFlashPowerDown          0x000068c3   Thumb Code    14  stm32f7xx_hal_pwr_ex.o(.text)
    HAL_PWREx_EnableMainRegulatorLowVoltage  0x000068d1   Thumb Code    14  stm32f7xx_hal_pwr_ex.o(.text)
    HAL_PWREx_DisableMainRegulatorLowVoltage 0x000068df   Thumb Code    14  stm32f7xx_hal_pwr_ex.o(.text)
    HAL_PWREx_EnableLowRegulatorLowVoltage   0x000068ed   Thumb Code    14  stm32f7xx_hal_pwr_ex.o(.text)
    HAL_PWREx_DisableLowRegulatorLowVoltage  0x000068fb   Thumb Code    14  stm32f7xx_hal_pwr_ex.o(.text)
    HAL_PWREx_EnableOverDrive                0x00006909   Thumb Code   136  stm32f7xx_hal_pwr_ex.o(.text)
    HAL_PWREx_DisableOverDrive               0x00006991   Thumb Code   136  stm32f7xx_hal_pwr_ex.o(.text)
    HAL_PWREx_EnterUnderDriveSTOPMode        0x00006a19   Thumb Code   152  stm32f7xx_hal_pwr_ex.o(.text)
    HAL_PWREx_GetVoltageRange                0x00006ab1   Thumb Code    10  stm32f7xx_hal_pwr_ex.o(.text)
    HAL_PWREx_ControlVoltageScaling          0x00006abb   Thumb Code   228  stm32f7xx_hal_pwr_ex.o(.text)
    __aeabi_memclr4                          0x00006bad   Thumb Code     0  rt_memclr_w.o(.text)
    __aeabi_memclr8                          0x00006bad   Thumb Code     0  rt_memclr_w.o(.text)
    __rt_memclr_w                            0x00006bad   Thumb Code    78  rt_memclr_w.o(.text)
    _memset_w                                0x00006bb1   Thumb Code     0  rt_memclr_w.o(.text)
    AHBPrescTable                            0x00006bfa   Data          16  system_stm32f7xx.o(.constdata)
    APBPrescTable                            0x00006c0a   Data           8  system_stm32f7xx.o(.constdata)
    APBAHBPrescTable                         0x00006c12   Data          16  stm32f7xx_hal_rcc.o(.constdata)
    chipErased                               0x00006c30   Data           1  flashprg.o(.data)
    qspiIniited                              0x00006c31   Data           1  flashprg.o(.data)
    base_adr                                 0x00006c34   Data           4  flashprg.o(.data)
    QPIMode_Entered                          0x00006c3c   Data           1  stf7som_qspi.o(.data)
    SystemCoreClock                          0x00006c40   Data           4  system_stm32f7xx.o(.data)
    uwTick                                   0x00006c44   Data           4  stm32f7xx_hal.o(.data)
    FlashDevice                              0x00006c4c   Data        4256  flashdev.o(.constdata)
    buffer                                   0x00006c4c   Data         128  flashprg.o(.bss)
    QUADSPI_InitStructure                    0x00006ccc   Data          28  flashprg.o(.bss)
    QUADSPI_ComConfig_InitStructure          0x00006ce8   Data          48  flashprg.o(.bss)
    QSPIHandle                               0x00006d7c   Data          76  stf7som_qspi.o(.bss)



==============================================================================

Memory Map of the image

  Image entry point : Not specified.

  Load Region PRG (Base: 0x00000000, Size: 0x00006c4c, Max: 0xffffffff, PI)

    Execution Region PrgCode (Exec base: 0x00000000, Load base: 0x00000000, Size: 0x00006c2c, Max: 0xffffffff, PI)

    Exec Addr    Load Addr    Size         Type   Attr      Idx    E Section Name        Object

    0x00000000   0x00000000   0x00000004   Code   RO            1    .rev16_text         flashprg.o
    0x00000004   0x00000004   0x00000004   Code   RO          137    .rev16_text         stf7som_nor.o
    0x00000008   0x00000008   0x00000004   Code   RO          170    .rev16_text         stf7som_fmc.o
    0x0000000c   0x0000000c   0x00000004   Code   RO          194    .rev16_text         stf7som_qspi.o
    0x00000010   0x00000010   0x00000004   Code   RO          234    .rev16_text         system_stm32f7xx.o
    0x00000014   0x00000014   0x00000004   Code   RO          265    .rev16_text         stm32f7xx_hal.o
    0x00000018   0x00000018   0x00000004   Code   RO          292    .rev16_text         stm32f7xx_ll_fmc.o
    0x0000001c   0x0000001c   0x00000004   Code   RO          316    .rev16_text         stm32f7xx_hal_nor.o
    0x00000020   0x00000020   0x00000004   Code   RO          342    .rev16_text         stm32f7xx_hal_rcc.o
    0x00000024   0x00000024   0x00000004   Code   RO          369    .rev16_text         stm32f7xx_hal_pwr.o
    0x00000028   0x00000028   0x00000004   Code   RO          393    .rev16_text         stm32f7xx_hal_qspi.o
    0x0000002c   0x0000002c   0x00000004   Code   RO          417    .rev16_text         stm32f7xx_hal_dma.o
    0x00000030   0x00000030   0x00000004   Code   RO          442    .rev16_text         stm32f7xx_hal_gpio.o
    0x00000034   0x00000034   0x00000004   Code   RO          466    .rev16_text         stm32f7xx_hal_cortex.o
    0x00000038   0x00000038   0x00000004   Code   RO          494    .rev16_text         stm32f7xx_hal_rcc_ex.o
    0x0000003c   0x0000003c   0x00000004   Code   RO          518    .rev16_text         stm32f7xx_hal_pwr_ex.o
    0x00000040   0x00000040   0x00000004   Code   RO            2    .revsh_text         flashprg.o
    0x00000044   0x00000044   0x00000004   Code   RO          138    .revsh_text         stf7som_nor.o
    0x00000048   0x00000048   0x00000004   Code   RO          171    .revsh_text         stf7som_fmc.o
    0x0000004c   0x0000004c   0x00000004   Code   RO          195    .revsh_text         stf7som_qspi.o
    0x00000050   0x00000050   0x00000004   Code   RO          235    .revsh_text         system_stm32f7xx.o
    0x00000054   0x00000054   0x00000004   Code   RO          266    .revsh_text         stm32f7xx_hal.o
    0x00000058   0x00000058   0x00000004   Code   RO          293    .revsh_text         stm32f7xx_ll_fmc.o
    0x0000005c   0x0000005c   0x00000004   Code   RO          317    .revsh_text         stm32f7xx_hal_nor.o
    0x00000060   0x00000060   0x00000004   Code   RO          343    .revsh_text         stm32f7xx_hal_rcc.o
    0x00000064   0x00000064   0x00000004   Code   RO          370    .revsh_text         stm32f7xx_hal_pwr.o
    0x00000068   0x00000068   0x00000004   Code   RO          394    .revsh_text         stm32f7xx_hal_qspi.o
    0x0000006c   0x0000006c   0x00000004   Code   RO          418    .revsh_text         stm32f7xx_hal_dma.o
    0x00000070   0x00000070   0x00000004   Code   RO          443    .revsh_text         stm32f7xx_hal_gpio.o
    0x00000074   0x00000074   0x00000004   Code   RO          467    .revsh_text         stm32f7xx_hal_cortex.o
    0x00000078   0x00000078   0x00000004   Code   RO          495    .revsh_text         stm32f7xx_hal_rcc_ex.o
    0x0000007c   0x0000007c   0x00000004   Code   RO          519    .revsh_text         stm32f7xx_hal_pwr_ex.o
    0x00000080   0x00000080   0x00000006   Code   RO            3    .rrx_text           flashprg.o
    0x00000086   0x00000086   0x00000002   PAD
    0x00000088   0x00000088   0x00000006   Code   RO          139    .rrx_text           stf7som_nor.o
    0x0000008e   0x0000008e   0x00000002   PAD
    0x00000090   0x00000090   0x00000006   Code   RO          172    .rrx_text           stf7som_fmc.o
    0x00000096   0x00000096   0x00000002   PAD
    0x00000098   0x00000098   0x00000006   Code   RO          196    .rrx_text           stf7som_qspi.o
    0x0000009e   0x0000009e   0x00000002   PAD
    0x000000a0   0x000000a0   0x00000006   Code   RO          236    .rrx_text           system_stm32f7xx.o
    0x000000a6   0x000000a6   0x00000002   PAD
    0x000000a8   0x000000a8   0x00000006   Code   RO          267    .rrx_text           stm32f7xx_hal.o
    0x000000ae   0x000000ae   0x00000002   PAD
    0x000000b0   0x000000b0   0x00000006   Code   RO          294    .rrx_text           stm32f7xx_ll_fmc.o
    0x000000b6   0x000000b6   0x00000002   PAD
    0x000000b8   0x000000b8   0x00000006   Code   RO          318    .rrx_text           stm32f7xx_hal_nor.o
    0x000000be   0x000000be   0x00000002   PAD
    0x000000c0   0x000000c0   0x00000006   Code   RO          344    .rrx_text           stm32f7xx_hal_rcc.o
    0x000000c6   0x000000c6   0x00000002   PAD
    0x000000c8   0x000000c8   0x00000006   Code   RO          371    .rrx_text           stm32f7xx_hal_pwr.o
    0x000000ce   0x000000ce   0x00000002   PAD
    0x000000d0   0x000000d0   0x00000006   Code   RO          395    .rrx_text           stm32f7xx_hal_qspi.o
    0x000000d6   0x000000d6   0x00000002   PAD
    0x000000d8   0x000000d8   0x00000006   Code   RO          419    .rrx_text           stm32f7xx_hal_dma.o
    0x000000de   0x000000de   0x00000002   PAD
    0x000000e0   0x000000e0   0x00000006   Code   RO          444    .rrx_text           stm32f7xx_hal_gpio.o
    0x000000e6   0x000000e6   0x00000002   PAD
    0x000000e8   0x000000e8   0x00000006   Code   RO          468    .rrx_text           stm32f7xx_hal_cortex.o
    0x000000ee   0x000000ee   0x00000002   PAD
    0x000000f0   0x000000f0   0x00000006   Code   RO          496    .rrx_text           stm32f7xx_hal_rcc_ex.o
    0x000000f6   0x000000f6   0x00000002   PAD
    0x000000f8   0x000000f8   0x00000006   Code   RO          520    .rrx_text           stm32f7xx_hal_pwr_ex.o
    0x000000fe   0x000000fe   0x00000002   PAD
    0x00000100   0x00000100   0x00000b98   Code   RO            4    .text               flashprg.o
    0x00000c98   0x00000c98   0x000003ec   Code   RO          140    .text               stf7som_nor.o
    0x00001084   0x00001084   0x00000088   Code   RO          173    .text               stf7som_fmc.o
    0x0000110c   0x0000110c   0x00000a6c   Code   RO          197    .text               stf7som_qspi.o
    0x00001b78   0x00001b78   0x00000214   Code   RO          237    .text               system_stm32f7xx.o
    0x00001d8c   0x00001d8c   0x00000188   Code   RO          268    .text               stm32f7xx_hal.o
    0x00001f14   0x00001f14   0x0000045a   Code   RO          295    .text               stm32f7xx_ll_fmc.o
    0x0000236e   0x0000236e   0x00000002   PAD
    0x00002370   0x00002370   0x00000b90   Code   RO          319    .text               stm32f7xx_hal_nor.o
    0x00002f00   0x00002f00   0x00000b78   Code   RO          345    .text               stm32f7xx_hal_rcc.o
    0x00003a78   0x00003a78   0x00000208   Code   RO          372    .text               stm32f7xx_hal_pwr.o
    0x00003c80   0x00003c80   0x00001192   Code   RO          396    .text               stm32f7xx_hal_qspi.o
    0x00004e12   0x00004e12   0x00000002   PAD
    0x00004e14   0x00004e14   0x000008c0   Code   RO          420    .text               stm32f7xx_hal_dma.o
    0x000056d4   0x000056d4   0x00000384   Code   RO          445    .text               stm32f7xx_hal_gpio.o
    0x00005a58   0x00005a58   0x00000384   Code   RO          469    .text               stm32f7xx_hal_cortex.o
    0x00005ddc   0x00005ddc   0x00000a54   Code   RO          497    .text               stm32f7xx_hal_rcc_ex.o
    0x00006830   0x00006830   0x0000037c   Code   RO          521    .text               stm32f7xx_hal_pwr_ex.o
    0x00006bac   0x00006bac   0x0000004e   Code   RO          544    .text               c_we.l(rt_memclr_w.o)
    0x00006bfa   0x00006bfa   0x00000018   Data   RO          238    .constdata          system_stm32f7xx.o
    0x00006c12   0x00006c12   0x00000010   Data   RO          346    .constdata          stm32f7xx_hal_rcc.o
    0x00006c22   0x00006c22   0x00000008   Data   RO          421    .constdata          stm32f7xx_hal_dma.o


    Execution Region PrgData (Exec base: 0x00006c2c, Load base: 0x00006c2c, Size: 0x0000019c, Max: 0xffffffff, PI)

    Exec Addr    Load Addr    Size         Type   Attr      Idx    E Section Name        Object

    0x00006c2c   0x00006c2c   0x00000004   Data   RW          546    PDT$$ptr            anon$$obj.o
    0x00006c30   0x00006c30   0x0000000c   Data   RW            6    .data               flashprg.o
    0x00006c3c   0x00006c3c   0x00000001   Data   RW          199    .data               stf7som_qspi.o
    0x00006c3d   0x00006c3d   0x00000003   PAD
    0x00006c40   0x00006c40   0x00000004   Data   RW          239    .data               system_stm32f7xx.o
    0x00006c44   0x00006c44   0x00000004   Data   RW          269    .data               stm32f7xx_hal.o
    0x00006c48   0x00006c48   0x00000004   Data   RW          320    .data               stm32f7xx_hal_nor.o
    0x00006c4c        -       0x000000cc   Zero   RW            5    .bss                flashprg.o
    0x00006d18        -       0x00000064   Zero   RW          141    .bss                stf7som_nor.o
    0x00006d7c        -       0x0000004c   Zero   RW          198    .bss                stf7som_qspi.o



  Load Region DSCR (Base: 0x00006c4c, Size: 0x000010a0, Max: 0xffffffff, PI)

    Execution Region DevDscr (Exec base: 0x00006c4c, Load base: 0x00006c4c, Size: 0x000010a0, Max: 0xffffffff, PI)

    Exec Addr    Load Addr    Size         Type   Attr      Idx    E Section Name        Object

    0x00006c4c   0x00006c4c   0x000010a0   Data   RO          225    .constdata          flashdev.o


==============================================================================

Image component sizes


      Code (inc. data)   RO Data    RW Data    ZI Data      Debug   Object Name

         0          0       4256          0          0        494   flashdev.o
      2982         76          0         12        204     809911   flashprg.o
       150         16          0          0          0       2224   stf7som_fmc.o
      1018         30          0          0        100       6786   stf7som_nor.o
      2682         56          0          1         76      10228   stf7som_qspi.o
       406         24          0          4          0       6186   stm32f7xx_hal.o
       914         22          0          0          0      39018   stm32f7xx_hal_cortex.o
      2254         34          8          0          0       8637   stm32f7xx_hal_dma.o
       914         52          0          0          0       4195   stm32f7xx_hal_gpio.o
      2974         16          0          4          0      11067   stm32f7xx_hal_nor.o
       534         16          0          0          0       5243   stm32f7xx_hal_pwr.o
       906         14          0          0          0       5855   stm32f7xx_hal_pwr_ex.o
      4512         40          0          0          0      15728   stm32f7xx_hal_qspi.o
      2950         60         16          0          0       7286   stm32f7xx_hal_rcc.o
      2658         36          0          0          0       4732   stm32f7xx_hal_rcc_ex.o
      1128         18          0          0          0       9127   stm32f7xx_ll_fmc.o
       546         42         24          4          0       3485   system_stm32f7xx.o

    ----------------------------------------------------------------------
     27564        552       4306         32        380     950202   Object Totals
         0          0          0          4          0          0   (incl. Generated)
        36          0          2          3          0          0   (incl. Padding)

    ----------------------------------------------------------------------

      Code (inc. data)   RO Data    RW Data    ZI Data      Debug   Library Member Name

        78          0          0          0          0         76   rt_memclr_w.o

    ----------------------------------------------------------------------
        78          0          0          0          0         76   Library Totals
         0          0          0          0          0          0   (incl. Padding)

    ----------------------------------------------------------------------

      Code (inc. data)   RO Data    RW Data    ZI Data      Debug   Library Name

        78          0          0          0          0         76   c_we.l

    ----------------------------------------------------------------------
        78          0          0          0          0         76   Library Totals

    ----------------------------------------------------------------------

==============================================================================


      Code (inc. data)   RO Data    RW Data    ZI Data      Debug   

     27642        552       4306         32        380     941766   Grand Totals
     27642        552       4306         32        380     941766   ELF Image Totals
     27642        552       4306         32          0          0   ROM Totals

==============================================================================

    Total RO  Size (Code + RO Data)                31948 (  31.20kB)
    Total RW  Size (RW Data + ZI Data)               412 (   0.40kB)
    Total ROM Size (Code + RO Data + RW Data)      31980 (  31.23kB)

==============================================================================

