<html>
<body>
<pre>
<h1>µVision Build Log</h1>
<h2>Tool Versions:</h2>
IDE-Version: µVision V5.33.0.0
Copyright (C) 2020 ARM Ltd and ARM Germany GmbH. All rights reserved.
License Information: Muhammet YILDIZ, Company, LIC=CRMW3-AIRL4-9ZYWW-QCPCV-15VIU-LCT44
 
Tool Versions:
Toolchain:       MDK-ARM Professional  Version: 5.33.0.0
Toolchain Path:  C:\Keil_v5\ARM\ARMCC\Bin
C Compiler:      Armcc.exe V5.06 update 7 (build 960)
Assembler:       Armasm.exe V5.06 update 7 (build 960)
Linker/Locator:  ArmLink.exe V5.06 update 7 (build 960)
Library Manager: ArmAr.exe V5.06 update 7 (build 960)
Hex Converter:   FromElf.exe V5.06 update 7 (build 960)
CPU DLL:         SARMCM3.DLL V5.33.0.0
Dialog DLL:      DCM.DLL V1.17.3.0
Target DLL:      UL2CM3.DLL V1.163.9.0
Dialog DLL:      TCM.DLL V1.48.0.0
 
<h2>Project:</h2>
P:\YILDIZIoT\STF7-SoM\Software\Parallel_NOR_Loader\MDK-ARM\STF7SoM_PLDR.uvprojx
Project File Date:  04/10/2021

<h2>Output:</h2>
*** Using Compiler 'V5.06 update 7 (build 960)', folder: 'C:\Keil_v5\ARM\ARMCC\Bin'
Build target 'STF7SoM_PLDR'
compiling FlashPrg.c...
..\Src\FlashPrg.c(299): warning:  #177-D: function "SystemClock_Config"  was declared but never referenced
  static void SystemClock_Config(void)
..\Src\FlashPrg.c: 1 warning, 0 errors
linking...
Program Size: Code=27642 RO-data=4306 RW-data=32 ZI-data=380  
After Build - User command #1: cmd.exe /C copy ".\Out\STF7SoM_QSPI.axf" "FLM\STF7SoM_QSPI.FLM"
        1 file(s) copied.
After Build - User command #2: cmd.exe /C copy ".\Out\STF7SoM_QSPI.axf" "C:\Keil_v5\ARM\Flash\STF7SoM_QSPI.FLM"
        1 file(s) copied.
".\Out\STF7SoM_QSPI.axf" - 0 Error(s), 1 Warning(s).

<h2>Software Packages used:</h2>

Package Vendor: Keil
                http://www.keil.com/pack/Keil.STM32F7xx_DFP.2.14.0.pack
                Keil.STM32F7xx_DFP.2.14.0
                STMicroelectronics STM32F7 Series Device Support, Drivers and Examples

<h2>Collection of Component include folders:</h2>
  C:\Users\muham\AppData\Local\Arm\Packs\Keil\STM32F7xx_DFP\2.14.0\Drivers\CMSIS\Device\ST\STM32F7xx\Include

<h2>Collection of Component Files used:</h2>
Build Time Elapsed:  00:00:03
</pre>
</body>
</html>
