<html>
<body>
<pre>
<h1>µVision Build Log</h1>
<h2>Tool Versions:</h2>
IDE-Version: µVision V5.33.0.0
Copyright (C) 2020 ARM Ltd and ARM Germany GmbH. All rights reserved.
License Information: Muhammet YILDIZ, Company, LIC=CRMW3-AIRL4-9ZYWW-QCPCV-15VIU-LCT44
 
Tool Versions:
Toolchain:       MDK-ARM Professional  Version: 5.33.0.0
Toolchain Path:  C:\Keil_v5\ARM\ARMCC\Bin
C Compiler:      Armcc.exe V5.06 update 7 (build 960)
Assembler:       Armasm.exe V5.06 update 7 (build 960)
Linker/Locator:  ArmLink.exe V5.06 update 7 (build 960)
Library Manager: ArmAr.exe V5.06 update 7 (build 960)
Hex Converter:   FromElf.exe V5.06 update 7 (build 960)
CPU DLL:         SARMCM3.DLL V5.33.0.0
Dialog DLL:      DCM.DLL V1.17.3.0
Target DLL:      Segger\JL2CM3.dll V2.99.38.0
Dialog DLL:      TCM.DLL V1.48.0.0
 
<h2>Project:</h2>
P:\YILDIZIoT\STF7-SoM\Software\stf7-som-examples-sdram_test_software\MDK-ARM\FMC SDRAM.uvprojx
Project File Date:  07/06/2021

<h2>Output:</h2>
*** Using Compiler 'V5.06 update 7 (build 960)', folder: 'C:\Keil_v5\ARM\ARMCC\Bin'
Build target 'FMC SDRAM'
assembling startup_stm32f750xx.s...
compiling system_stm32f7xx.c...
compiling stm32f7xx_hal_cortex.c...
compiling stm32f7xx_it.c...
../Src/stm32f7xx_it.c(96): warning:  #1267-D: Implicit physical register R0 should be defined as a variable
              "TST    LR, #0x04;      	"
../Src/stm32f7xx_it.c(96): warning:  #1267-D: Implicit physical register R1 should be defined as a variable
              "TST    LR, #0x04;      	"
../Src/stm32f7xx_it.c: 2 warnings, 0 errors
compiling stm32f7xx_hal_msp.c...
compiling stm32f7xx_hal_adc_ex.c...
compiling main.c...
../Src/main.c(308): warning:  #177-D: function "MX_GPIO_Init"  was declared but never referenced
  static void MX_GPIO_Init(void)
../Src/main.c(257): warning:  #177-D: function "MX_FMC_Init"  was declared but never referenced
  static void MX_FMC_Init(void)
../Src/main.c(211): warning:  #177-D: function "MX_ADC3_Init"  was declared but never referenced
  static void MX_ADC3_Init(void)
../Src/main.c(341): warning:  #177-D: function "MPU_ConfigNOR"  was declared but never referenced
  static void MPU_ConfigNOR(void)
../Src/main.c(379): warning:  #177-D: function "CPU_CACHE_Enable"  was declared but never referenced
  static void CPU_CACHE_Enable(void)
../Src/main.c: 5 warnings, 0 errors
compiling stm32f7xx_hal_adc.c...
compiling stm32f7xx_hal_tim_ex.c...
compiling stm32f7xx_hal_tim.c...
compiling stm32f7xx_hal_sdram.c...
compiling stm32f7xx_ll_fmc.c...
compiling stm32f7xx_hal_flash.c...
compiling stm32f7xx_hal_rcc_ex.c...
compiling stm32f7xx_hal_rcc.c...
compiling stm32f7xx_hal_flash_ex.c...
compiling stm32f7xx_hal_dma.c...
compiling stm32f7xx_hal_pwr.c...
compiling stm32f7xx_hal_gpio.c...
compiling stm32f7xx_hal.c...
compiling stm32f7xx_hal_pwr_ex.c...
compiling stm32f7xx_hal_dma_ex.c...
compiling faulthandler.c...
compiling stm32f7xx_hal_i2c_ex.c...
compiling stf7som_fmc.c...
compiling memtest.c...
compiling stm32f7xx_hal_exti.c...
compiling stf7som_sdram.c...
compiling stf7som.c...
compiling stm32f7xx_hal_i2c.c...
linking...
Program Size: Code=5750 RO-data=514 RW-data=32 ZI-data=4192  
FromELF: creating hex file...
"FMC SDRAM\FMC SDRAM.axf" - 0 Error(s), 7 Warning(s).

<h2>Software Packages used:</h2>

Package Vendor: ARM
                http://www.keil.com/pack/ARM.CMSIS.5.7.0.pack
                ARM.CMSIS.5.7.0
                CMSIS (Cortex Microcontroller Software Interface Standard)
   * Component: CORE Version: 5.4.0

Package Vendor: Keil
                http://www.keil.com/pack/Keil.STM32F7xx_DFP.2.14.0.pack
                Keil.STM32F7xx_DFP.2.14.0
                STMicroelectronics STM32F7 Series Device Support, Drivers and Examples

<h2>Collection of Component include folders:</h2>
  .\RTE\_FMC_SDRAM
  C:\Users\muham\AppData\Local\Arm\Packs\ARM\CMSIS\5.7.0\CMSIS\Core\Include
  C:\Users\muham\AppData\Local\Arm\Packs\Keil\STM32F7xx_DFP\2.14.0\Drivers\CMSIS\Device\ST\STM32F7xx\Include

<h2>Collection of Component Files used:</h2>

   * Component: ARM::CMSIS:CORE:5.4.0
Build Time Elapsed:  00:01:13
</pre>
</body>
</html>
