Component: ARM Compiler 5.06 update 6 (build 750) Tool: armlink [4d35ed]

==============================================================================

Section Cross References

    faulthandler.o(i.ReportHardFault) refers to printf8.o(i.__0printf$8) for __2printf
    faulthandler.o(i.ReportHardFault) refers to faulthandler.o(.conststring) for .conststring
    main.o(i.HAL_TIM_PeriodElapsedCallback) refers to stm32f7xx_hal.o(i.HAL_IncTick) for HAL_IncTick
    main.o(i.SystemClock_Config) refers to memseta.o(.text) for __aeabi_memclr4
    main.o(i.SystemClock_Config) refers to stm32f7xx_hal_pwr.o(i.HAL_PWR_EnableBkUpAccess) for HAL_PWR_EnableBkUpAccess
    main.o(i.SystemClock_Config) refers to stm32f7xx_hal_rcc.o(i.HAL_RCC_OscConfig) for HAL_RCC_OscConfig
    main.o(i.SystemClock_Config) refers to main.o(i.Error_Handler) for Error_Handler
    main.o(i.SystemClock_Config) refers to stm32f7xx_hal_pwr_ex.o(i.HAL_PWREx_EnableOverDrive) for HAL_PWREx_EnableOverDrive
    main.o(i.SystemClock_Config) refers to stm32f7xx_hal_rcc.o(i.HAL_RCC_ClockConfig) for HAL_RCC_ClockConfig
    main.o(i.SystemClock_Config) refers to stm32f7xx_hal_rcc_ex.o(i.HAL_RCCEx_PeriphCLKConfig) for HAL_RCCEx_PeriphCLKConfig
    main.o(i.SystemClock_Config) refers to stm32f7xx_hal_rcc.o(i.HAL_RCC_EnableCSS) for HAL_RCC_EnableCSS
    main.o(i._Z11MX_CRC_Initv) refers to stm32f7xx_hal_crc.o(i.HAL_CRC_Init) for HAL_CRC_Init
    main.o(i._Z11MX_CRC_Initv) refers to main.o(i.Error_Handler) for Error_Handler
    main.o(i._Z11MX_CRC_Initv) refers to main.o(.bss) for hcrc
    main.o(i._Z12MX_ADC1_Initv) refers to stm32f7xx_hal_adc.o(i.HAL_ADC_Init) for HAL_ADC_Init
    main.o(i._Z12MX_ADC1_Initv) refers to main.o(i.Error_Handler) for Error_Handler
    main.o(i._Z12MX_ADC1_Initv) refers to stm32f7xx_hal_adc.o(i.HAL_ADC_ConfigChannel) for HAL_ADC_ConfigChannel
    main.o(i._Z12MX_ADC1_Initv) refers to main.o(.bss) for hadc1
    main.o(i._Z12MX_GPIO_Initv) refers to memseta.o(.text) for __aeabi_memclr4
    main.o(i._Z12MX_GPIO_Initv) refers to stm32f7xx_hal_gpio.o(i.HAL_GPIO_WritePin) for HAL_GPIO_WritePin
    main.o(i._Z12MX_GPIO_Initv) refers to stm32f7xx_hal_gpio.o(i.HAL_GPIO_Init) for HAL_GPIO_Init
    main.o(i._Z12MX_I2C2_Initv) refers to stm32f7xx_hal_i2c.o(i.HAL_I2C_Init) for HAL_I2C_Init
    main.o(i._Z12MX_I2C2_Initv) refers to main.o(i.Error_Handler) for Error_Handler
    main.o(i._Z12MX_I2C2_Initv) refers to stm32f7xx_hal_i2c_ex.o(i.HAL_I2CEx_ConfigAnalogFilter) for HAL_I2CEx_ConfigAnalogFilter
    main.o(i._Z12MX_I2C2_Initv) refers to stm32f7xx_hal_i2c_ex.o(i.HAL_I2CEx_ConfigDigitalFilter) for HAL_I2CEx_ConfigDigitalFilter
    main.o(i._Z12MX_I2C2_Initv) refers to main.o(.bss) for hi2c2
    main.o(i._Z15MX_QUADSPI_Initv) refers to stm32f7xx_hal_qspi.o(i.HAL_QSPI_Init) for HAL_QSPI_Init
    main.o(i._Z15MX_QUADSPI_Initv) refers to main.o(i.Error_Handler) for Error_Handler
    main.o(i._Z15MX_QUADSPI_Initv) refers to main.o(.bss) for hqspi
    main.o(i._Z16StartDefaultTaskPKv) refers to usb_device.o(i.MX_USB_DEVICE_Init) for MX_USB_DEVICE_Init
    main.o(i._Z16StartDefaultTaskPKv) refers to fatfs.o(i.MX_FATFS_Init) for MX_FATFS_Init
    main.o(i._Z16StartDefaultTaskPKv) refers to boardconfiguration.o(i._Z17GRAPHICS_MainTaskv) for GRAPHICS_MainTask()
    main.o(i._Z16StartDefaultTaskPKv) refers to cmsis_os.o(i.osDelay) for osDelay
    main.o(i._Z17MX_SDMMC1_SD_Initv) refers to main.o(.bss) for hsd1
    main.o(i._Z19MX_USART1_UART_Initv) refers to stm32f7xx_hal_uart.o(i.HAL_UART_Init) for HAL_UART_Init
    main.o(i._Z19MX_USART1_UART_Initv) refers to main.o(i.Error_Handler) for Error_Handler
    main.o(i._Z19MX_USART1_UART_Initv) refers to main.o(.bss) for huart1
    main.o(i.main) refers to stm32f7xx_hal.o(i.HAL_Init) for HAL_Init
    main.o(i.main) refers to main.o(i.SystemClock_Config) for SystemClock_Config
    main.o(i.main) refers to main.o(i._Z12MX_GPIO_Initv) for MX_GPIO_Init()
    main.o(i.main) refers to main.o(i._Z12MX_ADC1_Initv) for MX_ADC1_Init()
    main.o(i.main) refers to main.o(i._Z12MX_I2C2_Initv) for MX_I2C2_Init()
    main.o(i.main) refers to main.o(i._Z15MX_QUADSPI_Initv) for MX_QUADSPI_Init()
    main.o(i.main) refers to main.o(i._Z17MX_SDMMC1_SD_Initv) for MX_SDMMC1_SD_Init()
    main.o(i.main) refers to main.o(i._Z11MX_CRC_Initv) for MX_CRC_Init()
    main.o(i.main) refers to main.o(i._Z19MX_USART1_UART_Initv) for MX_USART1_UART_Init()
    main.o(i.main) refers to boardconfiguration.o(i._Z16GRAPHICS_HW_Initv) for GRAPHICS_HW_Init()
    main.o(i.main) refers to boardconfiguration.o(i._Z13GRAPHICS_Initv) for GRAPHICS_Init()
    main.o(i.main) refers to memcpya.o(.text) for __aeabi_memcpy4
    main.o(i.main) refers to cmsis_os.o(i.osThreadCreate) for osThreadCreate
    main.o(i.main) refers to cmsis_os.o(i.osKernelStart) for osKernelStart
    main.o(i.main) refers to main.o(.constdata) for .constdata
[...]
    dma.o(.ARM.exidx) refers to dma.o(i._ZN8touchgfx13DMA_InterfaceD2Ev) for i._ZN8touchgfx13DMA_InterfaceD2Ev
    dma.o(i._ZN8touchgfx17LockFreeDMA_QueueD0Ev) refers to delete.o(i._ZdlPv) for operator delete (void*)
    dma.o(.ARM.exidx) refers to dma.o(i._ZN8touchgfx17LockFreeDMA_QueueD0Ev) for i._ZN8touchgfx17LockFreeDMA_QueueD0Ev
    dma.o(.ARM.exidx) refers to dma.o(i._ZN8touchgfx13DMA_Interface5flushEv) for i._ZN8touchgfx13DMA_Interface5flushEv
    dma.o(.ARM.exidx) refers to dma.o(i._ZN8touchgfx13DMA_Interface10initializeEv) for i._ZN8touchgfx13DMA_Interface10initializeEv
    dma.o(i._ZN8touchgfx13DMA_InterfaceD0Ev) refers to delete.o(i._ZdlPv) for operator delete (void*)
    dma.o(.ARM.exidx) refers to dma.o(i._ZN8touchgfx13DMA_InterfaceD0Ev) for i._ZN8touchgfx13DMA_InterfaceD0Ev
    dma.o(.constdata__ZTIN8touchgfx13DMA_InterfaceE) refers to lib_rtti_impl.o(.constdata__ZTVN10__cxxabiv117__class_type_infoE) for vtable for __cxxabiv1::__class_type_info
    dma.o(.constdata__ZTIN8touchgfx13DMA_InterfaceE) refers to dma.o(.constdata__ZTSN8touchgfx13DMA_InterfaceE) for typeinfo name for touchgfx::DMA_Interface
    dma.o(.constdata__ZTIN8touchgfx17LockFreeDMA_QueueE) refers to lib_rtti_impl.o(.constdata__ZTVN10__cxxabiv120__si_class_type_infoE) for vtable for __cxxabiv1::__si_class_type_info
    dma.o(.constdata__ZTIN8touchgfx17LockFreeDMA_QueueE) refers to dma.o(.constdata__ZTSN8touchgfx17LockFreeDMA_QueueE) for typeinfo name for touchgfx::LockFreeDMA_Queue
    dma.o(.constdata__ZTIN8touchgfx17LockFreeDMA_QueueE) refers to dma.o(.constdata__ZTIN8touchgfx9DMA_QueueE) for typeinfo for touchgfx::DMA_Queue
    dma.o(.constdata__ZTIN8touchgfx9DMA_QueueE) refers to lib_rtti_impl.o(.constdata__ZTVN10__cxxabiv117__class_type_infoE) for vtable for __cxxabiv1::__class_type_info
    dma.o(.constdata__ZTIN8touchgfx9DMA_QueueE) refers to dma.o(.constdata__ZTSN8touchgfx9DMA_QueueE) for typeinfo name for touchgfx::DMA_Queue
    drawable.o(.constdata__ZTVN8touchgfx8DrawableE) refers to drawable.o(.constdata__ZTIN8touchgfx8DrawableE) for typeinfo for touchgfx::Drawable
    drawable.o(.constdata__ZTVN8touchgfx8DrawableE) refers to drawable.o(i._ZN8touchgfx8DrawableD2Ev) for touchgfx::Drawable::~Drawable__sub_object()
    drawable.o(.constdata__ZTVN8touchgfx8DrawableE) refers to drawable.o(i._ZN8touchgfx8DrawableD0Ev) for touchgfx::Drawable::~Drawable__deallocating()
    drawable.o(.constdata__ZTVN8touchgfx8DrawableE) refers to pure_virt.o(i.__cxa_pure_virtual) for __cxa_pure_virtual
    drawable.o(.constdata__ZTVN8touchgfx8DrawableE) refers to drawable.o(i._ZNK8touchgfx8Drawable14invalidateRectERNS_4RectE) for touchgfx::Drawable::invalidateRect(touchgfx::Rect&) const
    drawable.o(.constdata__ZTVN8touchgfx8DrawableE) refers to drawable.o(i._ZNK8touchgfx8Drawable10invalidateEv) for touchgfx::Drawable::invalidate() const
    drawable.o(.constdata__ZTVN8touchgfx8DrawableE) refers to drawable.o(i._ZN8touchgfx8Drawable20getSolidRectAbsoluteEv) for touchgfx::Drawable::getSolidRectAbsolute()
    drawable.o(.constdata__ZTVN8touchgfx8DrawableE) refers to drawable.o(i._ZNK8touchgfx8Drawable14getVisibleRectERNS_4RectE) for touchgfx::Drawable::getVisibleRect(touchgfx::Rect&) const
    drawable.o(.constdata__ZTVN8touchgfx8DrawableE) refers to drawable.o(i._ZNK8touchgfx8Drawable23translateRectToAbsoluteERNS_4RectE) for touchgfx::Drawable::translateRectToAbsolute(touchgfx::Rect&) const
    drawable.o(.constdata__ZTVN8touchgfx8DrawableE) refers to abstractdirectionprogress.o(i._ZN8touchgfx8Drawable11setPositionEssss) for touchgfx::Drawable::setPosition(short, short, short, short)
    drawable.o(.constdata__ZTVN8touchgfx8DrawableE) refers to mainscreenviewbase.o(i._ZN8touchgfx8Drawable4setXEs) for touchgfx::Drawable::setX(short)
    drawable.o(.constdata__ZTVN8touchgfx8DrawableE) refers to mainscreenviewbase.o(i._ZN8touchgfx8Drawable4setYEs) for touchgfx::Drawable::setY(short)
    drawable.o(.constdata__ZTVN8touchgfx8DrawableE) refers to abstractdirectionprogress.o(i._ZN8touchgfx8Drawable5setXYEss) for touchgfx::Drawable::setXY(short, short)
    drawable.o(.constdata__ZTVN8touchgfx8DrawableE) refers to mainscreenviewbase.o(i._ZN8touchgfx8Drawable8setWidthEs) for touchgfx::Drawable::setWidth(short)
    drawable.o(.constdata__ZTVN8touchgfx8DrawableE) refers to mainscreenviewbase.o(i._ZN8touchgfx8Drawable9setHeightEs) for touchgfx::Drawable::setHeight(short)
    drawable.o(.constdata__ZTVN8touchgfx8DrawableE) refers to mainscreenviewbase.o(i._ZN8touchgfx8Drawable20childGeometryChangedEv) for touchgfx::Drawable::childGeometryChanged()
    drawable.o(.constdata__ZTVN8touchgfx8DrawableE) refers to mainscreenviewbase.o(i._ZN8touchgfx8Drawable16handleClickEventERKNS_10ClickEventE) for touchgfx::Drawable::handleClickEvent(const touchgfx::ClickEvent&)
    drawable.o(.constdata__ZTVN8touchgfx8DrawableE) refers to mainscreenviewbase.o(i._ZN8touchgfx8Drawable18handleGestureEventERKNS_12GestureEventE) for touchgfx::Drawable::handleGestureEvent(const touchgfx::GestureEvent&)
    drawable.o(.constdata__ZTVN8touchgfx8DrawableE) refers to mainscreenviewbase.o(i._ZN8touchgfx8Drawable15handleDragEventERKNS_9DragEventE) for touchgfx::Drawable::handleDragEvent(const touchgfx::DragEvent&)
    drawable.o(.constdata__ZTVN8touchgfx8DrawableE) refers to mainscreenviewbase.o(i._ZN8touchgfx8Drawable15handleTickEventEv) for touchgfx::Drawable::handleTickEvent()
    drawable.o(.constdata__ZTVN8touchgfx8DrawableE) refers to drawable.o(i._ZN8touchgfx8Drawable12moveRelativeEss) for touchgfx::Drawable::moveRelative(short, short)
    drawable.o(.constdata__ZTVN8touchgfx8DrawableE) refers to abstractdirectionprogress.o(i._ZN8touchgfx8Drawable6moveToEss) for touchgfx::Drawable::moveTo(short, short)
    drawable.o(.constdata__ZTVN8touchgfx8DrawableE) refers to drawable.o(i._ZNK8touchgfx8Drawable7getTypeEv) for touchgfx::Drawable::getType() const
    drawable.o(.constdata__ZTVN8touchgfx8DrawableE) refers to drawable.o(i._ZN8touchgfx8Drawable14setupDrawChainERKNS_4RectEPPS0_) for touchgfx::Drawable::setupDrawChain(const touchgfx::Rect&, touchgfx::Drawable**)
    drawable.o(.ARM.exidx) refers to drawable.o(i._ZN8touchgfx8DrawableD2Ev) for i._ZN8touchgfx8DrawableD2Ev
    drawable.o(i._ZN8touchgfx8DrawableD0Ev) refers to delete.o(i._ZdlPv) for operator delete (void*)
    drawable.o(.ARM.exidx) refers to drawable.o(i._ZN8touchgfx8DrawableD0Ev) for i._ZN8touchgfx8DrawableD0Ev
    drawable.o(.ARM.exidx) refers to drawable.o(i._ZNK8touchgfx8Drawable7getTypeEv) for i._ZNK8touchgfx8Drawable7getTypeEv
    drawable.o(.ARM.exidx) refers to drawable.o(i._ZN8touchgfx8Drawable14setupDrawChainERKNS_4RectEPPS0_) for i._ZN8touchgfx8Drawable14setupDrawChainERKNS_4RectEPPS0_
    drawable.o(.constdata__ZTIN8touchgfx8DrawableE) refers to lib_rtti_impl.o(.constdata__ZTVN10__cxxabiv117__class_type_infoE) for vtable for __cxxabiv1::__class_type_info
    drawable.o(.constdata__ZTIN8touchgfx8DrawableE) refers to drawable.o(.constdata__ZTSN8touchgfx8DrawableE) for typeinfo name for touchgfx::Drawable
    font.o(.constdata__ZTVN8touchgfx4FontE) refers to font.o(.constdata__ZTIN8touchgfx4FontE) for typeinfo for touchgfx::Font
    font.o(.constdata__ZTVN8touchgfx4FontE) refers to font.o(i._ZN8touchgfx4FontD2Ev) for touchgfx::Font::~Font__sub_object()
    font.o(.constdata__ZTVN8touchgfx4FontE) refers to font.o(i._ZN8touchgfx4FontD0Ev) for touchgfx::Font::~Font__deallocating()
    font.o(.constdata__ZTVN8touchgfx4FontE) refers to pure_virt.o(i.__cxa_pure_virtual) for __cxa_pure_virtual
    font.o(.constdata__ZTVN8touchgfx4FontE) refers to constfont.o(i._ZNK8touchgfx4Font8getGlyphEt) for touchgfx::Font::getGlyph(unsigned short) const
    font.o(.constdata__ZTVN8touchgfx4FontE) refers to constfont.o(i._ZNK8touchgfx4Font15getFallbackCharEv) for touchgfx::Font::getFallbackChar() const
    font.o(.constdata__ZTVN8touchgfx4FontE) refers to constfont.o(i._ZNK8touchgfx4Font15getEllipsisCharEv) for touchgfx::Font::getEllipsisChar() const
    font.o(.constdata__ZTVN8touchgfx4FontE) refers to font.o(i._ZNK8touchgfx4Font14getStringWidthEPKtz) for touchgfx::Font::getStringWidth(const unsigned short*, ...) const
    font.o(.constdata__ZTVN8touchgfx4FontE) refers to font.o(i._ZNK8touchgfx4Font14getStringWidthEhPKtz) for touchgfx::Font::getStringWidth(unsigned char, const unsigned short*, ...) const
    font.o(.constdata__ZTVN8touchgfx4FontE) refers to font.o(i._ZNK8touchgfx4Font12getCharWidthEt) for touchgfx::Font::getCharWidth(unsigned short) const
    font.o(.constdata__ZTVN8touchgfx4FontE) refers to font.o(i._ZNK8touchgfx4Font15getSpacingAboveEPKtz) for touchgfx::Font::getSpacingAbove(const unsigned short*, ...) const
    font.o(.constdata__ZTVN8touchgfx4FontE) refers to font.o(i._ZNK8touchgfx4Font16getMaxTextHeightEPKtz) for touchgfx::Font::getMaxTextHeight(const unsigned short*, ...) const
    font.o(.constdata__ZTVN8touchgfx4FontE) refers to constfont.o(i._ZNK8touchgfx4Font13getFontHeightEv) for touchgfx::Font::getFontHeight() const
    font.o(.constdata__ZTVN8touchgfx4FontE) refers to constfont.o(i._ZNK8touchgfx4Font20getMinimumTextHeightEv) for touchgfx::Font::getMinimumTextHeight() const
    font.o(.constdata__ZTVN8touchgfx4FontE) refers to constfont.o(i._ZNK8touchgfx4Font15getBitsPerPixelEv) for touchgfx::Font::getBitsPerPixel() const
    font.o(.constdata__ZTVN8touchgfx4FontE) refers to font.o(i._ZNK8touchgfx4Font10getKerningEtPKNS_9GlyphNodeE) for touchgfx::Font::getKerning(unsigned short, const touchgfx::GlyphNode*) const
    font.o(.constdata__ZTVN8touchgfx4FontE) refers to font.o(i._ZNK8touchgfx4Font16getNumberOfLinesEPKtz) for touchgfx::Font::getNumberOfLines(const unsigned short*, ...) const
    font.o(.ARM.exidx) refers to font.o(i._ZN8touchgfx4FontD2Ev) for i._ZN8touchgfx4FontD2Ev
    font.o(.ARM.exidx) refers to font.o(i._ZNK8touchgfx9GlyphNode3topEv) for i._ZNK8touchgfx9GlyphNode3topEv
    font.o(i._ZN8touchgfx4FontD0Ev) refers to delete.o(i._ZdlPv) for operator delete (void*)
    font.o(.ARM.exidx) refers to font.o(i._ZN8touchgfx4FontD0Ev) for i._ZN8touchgfx4FontD0Ev
    font.o(.ARM.exidx) refers to font.o(i._ZNK8touchgfx4Font10getKerningEtPKNS_9GlyphNodeE) for i._ZNK8touchgfx4Font10getKerningEtPKNS_9GlyphNodeE
    font.o(.constdata__ZTIN8touchgfx4FontE) refers to lib_rtti_impl.o(.constdata__ZTVN10__cxxabiv117__class_type_infoE) for vtable for __cxxabiv1::__class_type_info
    font.o(.constdata__ZTIN8touchgfx4FontE) refers to font.o(.constdata__ZTSN8touchgfx4FontE) for typeinfo name for touchgfx::Font
    hal.o(.constdata__ZTVN8touchgfx3HALE) refers to hal.o(.constdata__ZTIN8touchgfx3HALE) for typeinfo for touchgfx::HAL
    hal.o(.constdata__ZTVN8touchgfx3HALE) refers to hal.o(i._ZN8touchgfx3HALD2Ev) for touchgfx::HAL::~HAL__sub_object()
    hal.o(.constdata__ZTVN8touchgfx3HALE) refers to hal.o(i._ZN8touchgfx3HALD0Ev) for touchgfx::HAL::~HAL__deallocating()
    hal.o(.constdata__ZTVN8touchgfx3HALE) refers to stm32f7hal.o(i._ZN8touchgfx3HAL21setDisplayOrientationENS_18DisplayOrientationE) for touchgfx::HAL::setDisplayOrientation(touchgfx::DisplayOrientation)
    hal.o(.constdata__ZTVN8touchgfx3HALE) refers to hal.o(i._ZN8touchgfx3HAL9taskEntryEv) for touchgfx::HAL::taskEntry()
    hal.o(.constdata__ZTVN8touchgfx3HALE) refers to hal.o(i._ZN8touchgfx3HAL16flushFrameBufferEv) for touchgfx::HAL::flushFrameBuffer()
    hal.o(.constdata__ZTVN8touchgfx3HALE) refers to hal.o(i._ZN8touchgfx3HAL16flushFrameBufferERKNS_4RectE) for touchgfx::HAL::flushFrameBuffer(const touchgfx::Rect&)
    hal.o(.constdata__ZTVN8touchgfx3HALE) refers to hal.o(i._ZN8touchgfx3HAL17allowDMATransfersEv) for touchgfx::HAL::allowDMATransfers()
    hal.o(.constdata__ZTVN8touchgfx3HALE) refers to hal.o(i._ZN8touchgfx3HAL8flushDMAEv) for touchgfx::HAL::flushDMA()
    hal.o(.constdata__ZTVN8touchgfx3HALE) refers to hal.o(i._ZN8touchgfx3HAL15lockFrameBufferEv) for touchgfx::HAL::lockFrameBuffer()
    hal.o(.constdata__ZTVN8touchgfx3HALE) refers to hal.o(i._ZN8touchgfx3HAL17unlockFrameBufferEv) for touchgfx::HAL::unlockFrameBuffer()
    hal.o(.constdata__ZTVN8touchgfx3HALE) refers to pure_virt.o(i.__cxa_pure_virtual) for __cxa_pure_virtual
    hal.o(.constdata__ZTVN8touchgfx3HALE) refers to hal.o(i._ZN8touchgfx3HAL17registerTextCacheEPtt) for touchgfx::HAL::registerTextCache(unsigned short*, unsigned short)
    hal.o(.constdata__ZTVN8touchgfx3HALE) refers to hal.o(i._ZN8touchgfx3HAL15cacheTextStringEPKt) for touchgfx::HAL::cacheTextString(const unsigned short*)
    hal.o(.constdata__ZTVN8touchgfx3HALE) refers to hal.o(i._ZN8touchgfx3HAL9blockCopyEPvPKvj) for touchgfx::HAL::blockCopy(void*, const void*, unsigned)
    hal.o(.constdata__ZTVN8touchgfx3HALE) refers to hal.o(i._ZN8touchgfx3HAL11getBlitCapsEv) for touchgfx::HAL::getBlitCaps()
    hal.o(.constdata__ZTVN8touchgfx3HALE) refers to hal.o(i._ZN8touchgfx3HAL22blitSetTransparencyKeyEt) for touchgfx::HAL::blitSetTransparencyKey(unsigned short)
    hal.o(.constdata__ZTVN8touchgfx3HALE) refers to hal.o(i._ZN8touchgfx3HAL8blitCopyEPKtttttthb) for touchgfx::HAL::blitCopy(const unsigned short*, unsigned short, unsigned short, unsigned short, unsigned short, unsigned short, unsigned char, bool)
    hal.o(.constdata__ZTVN8touchgfx3HALE) refers to hal.o(i._ZN8touchgfx3HAL16blitCopyARGB8888EPKtttttth) for touchgfx::HAL::blitCopyARGB8888(const unsigned short*, unsigned short, unsigned short, unsigned short, unsigned short, unsigned short, unsigned char)
    hal.o(.constdata__ZTVN8touchgfx3HALE) refers to hal.o(i._ZN8touchgfx3HAL13blitCopyGlyphEPKhtttttNS_9colortypeEhNS_14BlitOperationsE) for touchgfx::HAL::blitCopyGlyph(const unsigned char*, unsigned short, unsigned short, unsigned short, unsigned short, unsigned short, touchgfx::colortype, unsigned char, touchgfx::BlitOperations)
    hal.o(.constdata__ZTVN8touchgfx3HALE) refers to hal.o(i._ZN8touchgfx3HAL8blitFillENS_9colortypeEtttth) for touchgfx::HAL::blitFill(touchgfx::colortype, unsigned short, unsigned short, unsigned short, unsigned short, unsigned char)
    hal.o(.constdata__ZTVN8touchgfx3HALE) refers to hal.o(i._ZN8touchgfx3HAL21registerEventListenerERNS_15UIEventListenerE) for touchgfx::HAL::registerEventListener(touchgfx::UIEventListener&)
    hal.o(.constdata__ZTVN8touchgfx3HALE) refers to hal.o(i._ZN8touchgfx3HAL20copyFBRegionToMemoryENS_4RectE) for touchgfx::HAL::copyFBRegionToMemory(touchgfx::Rect)
    hal.o(.constdata__ZTVN8touchgfx3HALE) refers to hal.o(i._ZN8touchgfx3HAL20copyFBRegionToMemoryENS_4RectEPtj) for touchgfx::HAL::copyFBRegionToMemory(touchgfx::Rect, unsigned short*, unsigned)
    hal.o(.constdata__ZTVN8touchgfx3HALE) refers to stm32f7hal.o(i._ZN8touchgfx3HAL15backPorchExitedEv) for touchgfx::HAL::backPorchExited()
    hal.o(.constdata__ZTVN8touchgfx3HALE) refers to hal.o(i._ZN8touchgfx3HAL9sampleKeyERh) for touchgfx::HAL::sampleKey(unsigned char&)
    hal.o(.constdata__ZTVN8touchgfx3HALE) refers to stm32f7hal.o(i._ZN8touchgfx3HAL26setFrameBufferStartAddressEPvtbb) for touchgfx::HAL::setFrameBufferStartAddress(void*, unsigned short, bool, bool)
    hal.o(.constdata__ZTVN8touchgfx3HALE) refers to hal.o(i._ZN8touchgfx3HAL28setFrameBufferStartAddressesEPvS1_S1_) for touchgfx::HAL::setFrameBufferStartAddresses(void*, void*, void*)
    hal.o(.constdata__ZTVN8touchgfx3HALE) refers to hal.o(i._ZN8touchgfx3HAL9taskDelayEt) for touchgfx::HAL::taskDelay(unsigned short)
    hal.o(.constdata__ZTVN8touchgfx3HALE) refers to hal.o(i._ZN8touchgfx3HAL17getTFTCurrentLineEv) for touchgfx::HAL::getTFTCurrentLine()
    hal.o(.constdata__ZTVN8touchgfx3HALE) refers to hal.o(i._ZN8touchgfx3HAL4tickEv) for touchgfx::HAL::tick()
    hal.o(.constdata__ZTVN8touchgfx3HALE) refers to hal.o(i._ZN8touchgfx3HAL10beginFrameEv) for touchgfx::HAL::beginFrame()
    hal.o(.constdata__ZTVN8touchgfx3HALE) refers to hal.o(i._ZN8touchgfx3HAL8endFrameEv) for touchgfx::HAL::endFrame()
    hal.o(.constdata__ZTVN8touchgfx3HALE) refers to hal.o(i._ZN8touchgfx3HAL5touchEii) for touchgfx::HAL::touch(int, int)
    hal.o(.constdata__ZTVN8touchgfx3HALE) refers to hal.o(i._ZN8touchgfx3HAL7noTouchEv) for touchgfx::HAL::noTouch()
    hal.o(.constdata__ZTVN8touchgfx3HALE) refers to hal.o(i._ZN8touchgfx3HAL31performDisplayOrientationChangeEv) for touchgfx::HAL::performDisplayOrientationChange()
    hal.o(.ARM.exidx) refers to hal.o(i._ZN8touchgfx3HALD2Ev) for i._ZN8touchgfx3HALD2Ev
    hal.o(.ARM.exidx) refers to hal.o(i._ZN8touchgfx6BlitOpC1Ev) for i._ZN8touchgfx6BlitOpC1Ev
    hal.o(i._ZN8touchgfx3HALD0Ev) refers to delete.o(i._ZdlPv) for operator delete (void*)
    hal.o(.ARM.exidx) refers to hal.o(i._ZN8touchgfx3HALD0Ev) for i._ZN8touchgfx3HALD0Ev
    hal.o(i._ZN8touchgfx3HAL20getClientFrameBufferEv) refers to hal.o(.data) for .data
    hal.o(.ARM.exidx) refers to hal.o(i._ZN8touchgfx3HAL20getClientFrameBufferEv) for i._ZN8touchgfx3HAL20getClientFrameBufferEv
    hal.o(.ARM.exidx) refers to hal.o(i._ZN8touchgfx3HAL11getBlitCapsEv) for i._ZN8touchgfx3HAL11getBlitCapsEv
    hal.o(.ARM.exidx) refers to hal.o(i._ZN8touchgfx3HAL9sampleKeyERh) for i._ZN8touchgfx3HAL9sampleKeyERh
    hal.o(i._ZN8touchgfx3HAL28setFrameBufferStartAddressesEPvS1_S1_) refers to hal.o(.data) for .data
    hal.o(.ARM.exidx) refers to hal.o(i._ZN8touchgfx3HAL28setFrameBufferStartAddressesEPvS1_S1_) for i._ZN8touchgfx3HAL28setFrameBufferStartAddressesEPvS1_S1_
    hal.o(.ARM.exidx) refers to hal.o(i._ZN8touchgfx3HAL9taskDelayEt) for i._ZN8touchgfx3HAL9taskDelayEt
    hal.o(.ARM.exidx) refers to hal.o(i._ZN8touchgfx3HAL17getTFTCurrentLineEv) for i._ZN8touchgfx3HAL17getTFTCurrentLineEv
    hal.o(i._ZN8touchgfx3HAL31performDisplayOrientationChangeEv) refers to hal.o(.data) for .data
    hal.o(.ARM.exidx) refers to hal.o(i._ZN8touchgfx3HAL31performDisplayOrientationChangeEv) for i._ZN8touchgfx3HAL31performDisplayOrientationChangeEv
    hal.o(.constdata__ZTIN8touchgfx3HALE) refers to lib_rtti_impl.o(.constdata__ZTVN10__cxxabiv117__class_type_infoE) for vtable for __cxxabiv1::__class_type_info
    hal.o(.constdata__ZTIN8touchgfx3HALE) refers to hal.o(.constdata__ZTSN8touchgfx3HALE) for typeinfo name for touchgfx::HAL
    image.o(.constdata__ZTVN8touchgfx5ImageE) refers to image.o(.constdata__ZTIN8touchgfx5ImageE) for typeinfo for touchgfx::Image
    image.o(.constdata__ZTVN8touchgfx5ImageE) refers to image.o(i._ZN8touchgfx5ImageD1Ev) for touchgfx::Image::~Image()
    image.o(.constdata__ZTVN8touchgfx5ImageE) refers to image.o(i._ZN8touchgfx5ImageD0Ev) for touchgfx::Image::~Image__deallocating()
    image.o(.constdata__ZTVN8touchgfx5ImageE) refers to image.o(i._ZNK8touchgfx5Image4drawERKNS_4RectE) for touchgfx::Image::draw(const touchgfx::Rect&) const
    image.o(.constdata__ZTVN8touchgfx5ImageE) refers to image.o(i._ZNK8touchgfx5Image12getSolidRectEv) for touchgfx::Image::getSolidRect() const
    image.o(.constdata__ZTVN8touchgfx5ImageE) refers to drawable.o(i._ZNK8touchgfx8Drawable14invalidateRectERNS_4RectE) for touchgfx::Drawable::invalidateRect(touchgfx::Rect&) const
    image.o(.constdata__ZTVN8touchgfx5ImageE) refers to drawable.o(i._ZNK8touchgfx8Drawable10invalidateEv) for touchgfx::Drawable::invalidate() const
    image.o(.constdata__ZTVN8touchgfx5ImageE) refers to drawable.o(i._ZN8touchgfx8Drawable20getSolidRectAbsoluteEv) for touchgfx::Drawable::getSolidRectAbsolute()
    image.o(.constdata__ZTVN8touchgfx5ImageE) refers to image.o(i._ZN8touchgfx6Widget12getLastChildEssPPNS_8DrawableE) for touchgfx::Widget::getLastChild(short, short, touchgfx::Drawable**)
    image.o(.constdata__ZTVN8touchgfx5ImageE) refers to drawable.o(i._ZNK8touchgfx8Drawable14getVisibleRectERNS_4RectE) for touchgfx::Drawable::getVisibleRect(touchgfx::Rect&) const
    image.o(.constdata__ZTVN8touchgfx5ImageE) refers to drawable.o(i._ZNK8touchgfx8Drawable23translateRectToAbsoluteERNS_4RectE) for touchgfx::Drawable::translateRectToAbsolute(touchgfx::Rect&) const
    image.o(.constdata__ZTVN8touchgfx5ImageE) refers to abstractdirectionprogress.o(i._ZN8touchgfx8Drawable11setPositionEssss) for touchgfx::Drawable::setPosition(short, short, short, short)
    image.o(.constdata__ZTVN8touchgfx5ImageE) refers to mainscreenviewbase.o(i._ZN8touchgfx8Drawable4setXEs) for touchgfx::Drawable::setX(short)
    image.o(.constdata__ZTVN8touchgfx5ImageE) refers to mainscreenviewbase.o(i._ZN8touchgfx8Drawable4setYEs) for touchgfx::Drawable::setY(short)
    image.o(.constdata__ZTVN8touchgfx5ImageE) refers to abstractdirectionprogress.o(i._ZN8touchgfx8Drawable5setXYEss) for touchgfx::Drawable::setXY(short, short)
    image.o(.constdata__ZTVN8touchgfx5ImageE) refers to mainscreenviewbase.o(i._ZN8touchgfx8Drawable8setWidthEs) for touchgfx::Drawable::setWidth(short)
    image.o(.constdata__ZTVN8touchgfx5ImageE) refers to mainscreenviewbase.o(i._ZN8touchgfx8Drawable9setHeightEs) for touchgfx::Drawable::setHeight(short)
    image.o(.constdata__ZTVN8touchgfx5ImageE) refers to mainscreenviewbase.o(i._ZN8touchgfx8Drawable20childGeometryChangedEv) for touchgfx::Drawable::childGeometryChanged()
    image.o(.constdata__ZTVN8touchgfx5ImageE) refers to mainscreenviewbase.o(i._ZN8touchgfx8Drawable16handleClickEventERKNS_10ClickEventE) for touchgfx::Drawable::handleClickEvent(const touchgfx::ClickEvent&)
    image.o(.constdata__ZTVN8touchgfx5ImageE) refers to mainscreenviewbase.o(i._ZN8touchgfx8Drawable18handleGestureEventERKNS_12GestureEventE) for touchgfx::Drawable::handleGestureEvent(const touchgfx::GestureEvent&)
    image.o(.constdata__ZTVN8touchgfx5ImageE) refers to mainscreenviewbase.o(i._ZN8touchgfx8Drawable15handleDragEventERKNS_9DragEventE) for touchgfx::Drawable::handleDragEvent(const touchgfx::DragEvent&)
    image.o(.constdata__ZTVN8touchgfx5ImageE) refers to mainscreenviewbase.o(i._ZN8touchgfx8Drawable15handleTickEventEv) for touchgfx::Drawable::handleTickEvent()
    image.o(.constdata__ZTVN8touchgfx5ImageE) refers to drawable.o(i._ZN8touchgfx8Drawable12moveRelativeEss) for touchgfx::Drawable::moveRelative(short, short)
    image.o(.constdata__ZTVN8touchgfx5ImageE) refers to abstractdirectionprogress.o(i._ZN8touchgfx8Drawable6moveToEss) for touchgfx::Drawable::moveTo(short, short)
    image.o(.constdata__ZTVN8touchgfx5ImageE) refers to image.o(i._ZNK8touchgfx5Image7getTypeEv) for touchgfx::Image::getType() const
    image.o(.constdata__ZTVN8touchgfx5ImageE) refers to drawable.o(i._ZN8touchgfx8Drawable14setupDrawChainERKNS_4RectEPPS0_) for touchgfx::Drawable::setupDrawChain(const touchgfx::Rect&, touchgfx::Drawable**)
    image.o(.constdata__ZTVN8touchgfx5ImageE) refers to image.o(i._ZN8touchgfx5Image9setBitmapERKNS_6BitmapE) for touchgfx::Image::setBitmap(const touchgfx::Bitmap&)
    image.o(.ARM.exidx) refers to image.o(i._ZN8touchgfx5ImageD1Ev) for i._ZN8touchgfx5ImageD1Ev
    image.o(.ARM.exidx) refers to image.o(i._ZN8touchgfx6Widget12getLastChildEssPPNS_8DrawableE) for i._ZN8touchgfx6Widget12getLastChildEssPPNS_8DrawableE
    image.o(.ARM.exidx) refers to image.o(i._ZNK8touchgfx5Image7getTypeEv) for i._ZNK8touchgfx5Image7getTypeEv
    image.o(i._ZN8touchgfx5ImageD0Ev) refers to delete.o(i._ZdlPv) for operator delete (void*)
    image.o(.ARM.exidx) refers to image.o(i._ZN8touchgfx5ImageD0Ev) for i._ZN8touchgfx5ImageD0Ev
    image.o(.constdata__ZTIN8touchgfx5ImageE) refers to lib_rtti_impl.o(.constdata__ZTVN10__cxxabiv120__si_class_type_infoE) for vtable for __cxxabiv1::__si_class_type_info
    image.o(.constdata__ZTIN8touchgfx5ImageE) refers to image.o(.constdata__ZTSN8touchgfx5ImageE) for typeinfo name for touchgfx::Image
    image.o(.constdata__ZTIN8touchgfx5ImageE) refers to mainscreenviewbase.o(.constdata__ZTIN8touchgfx6WidgetE) for typeinfo for touchgfx::Widget
    lcd.o(.ARM.exidx) refers to lcd.o(i._ZN8touchgfx4Edge4stepEv) for i._ZN8touchgfx4Edge4stepEv
    lcd.o(i._ZN8touchgfx3LCD22WideTextInternalStructC1ERNS_12TextProviderEthPKNS_4FontENS_14WideTextActionE) refers to lcd.o(i._ZNK8touchgfx9GlyphNode7advanceEv) for touchgfx::GlyphNode::advance() const
    lcd.o(.ARM.exidx) refers to lcd.o(i._ZN8touchgfx3LCD22WideTextInternalStructC1ERNS_12TextProviderEthPKNS_4FontENS_14WideTextActionE) for i._ZN8touchgfx3LCD22WideTextInternalStructC1ERNS_12TextProviderEthPKNS_4FontENS_14WideTextActionE
    lcd.o(.ARM.exidx) refers to lcd.o(i._ZNK8touchgfx9GlyphNode7advanceEv) for i._ZNK8touchgfx9GlyphNode7advanceEv
    lcd.o(i._ZN8touchgfx4Edge4stepEi) refers to lcd.o(i._ZN8touchgfx4Edge4stepEv) for touchgfx::Edge::step()
    lcd.o(.ARM.exidx) refers to lcd.o(i._ZN8touchgfx4Edge4stepEi) for i._ZN8touchgfx4Edge4stepEi
    screen.o(.constdata__ZTVN8touchgfx6ScreenE) refers to screen.o(.constdata__ZTIN8touchgfx6ScreenE) for typeinfo for touchgfx::Screen
    screen.o(.constdata__ZTVN8touchgfx6ScreenE) refers to screen.o(i._ZN8touchgfx6ScreenD1Ev) for touchgfx::Screen::~Screen()
    screen.o(.constdata__ZTVN8touchgfx6ScreenE) refers to screen.o(i._ZN8touchgfx6ScreenD0Ev) for touchgfx::Screen::~Screen__deallocating()
    screen.o(.constdata__ZTVN8touchgfx6ScreenE) refers to screen.o(i._ZN8touchgfx6Screen4drawERNS_4RectE) for touchgfx::Screen::draw(touchgfx::Rect&)
    screen.o(.constdata__ZTVN8touchgfx6ScreenE) refers to mainscreenviewbase.o(i._ZN8touchgfx6Screen11setupScreenEv) for touchgfx::Screen::setupScreen()
    screen.o(.constdata__ZTVN8touchgfx6ScreenE) refers to mainscreenview.o(i._ZN8touchgfx6Screen15afterTransitionEv) for touchgfx::Screen::afterTransition()
    screen.o(.constdata__ZTVN8touchgfx6ScreenE) refers to mainscreenviewbase.o(i._ZN8touchgfx6Screen14tearDownScreenEv) for touchgfx::Screen::tearDownScreen()
    screen.o(.constdata__ZTVN8touchgfx6ScreenE) refers to screen.o(i._ZN8touchgfx6Screen16handleClickEventERKNS_10ClickEventE) for touchgfx::Screen::handleClickEvent(const touchgfx::ClickEvent&)
    screen.o(.constdata__ZTVN8touchgfx6ScreenE) refers to screen.o(i._ZN8touchgfx6Screen15handleDragEventERKNS_9DragEventE) for touchgfx::Screen::handleDragEvent(const touchgfx::DragEvent&)
    screen.o(.constdata__ZTVN8touchgfx6ScreenE) refers to screen.o(i._ZN8touchgfx6Screen18handleGestureEventERKNS_12GestureEventE) for touchgfx::Screen::handleGestureEvent(const touchgfx::GestureEvent&)
    screen.o(.constdata__ZTVN8touchgfx6ScreenE) refers to mainscreenview.o(i._ZN8touchgfx6Screen15handleTickEventEv) for touchgfx::Screen::handleTickEvent()
    screen.o(.constdata__ZTVN8touchgfx6ScreenE) refers to mainscreenview.o(i._ZN8touchgfx6Screen14handleKeyEventEh) for touchgfx::Screen::handleKeyEvent(unsigned char)
    screen.o(i._ZN8touchgfx8Drawable20getCachedVisibleRectEv) refers to lcd16bpp.o(i._ZN8touchgfx4RectC1Essss) for touchgfx::Rect::Rect(short, short, short, short)
    screen.o(.ARM.exidx) refers to screen.o(i._ZN8touchgfx8Drawable20getCachedVisibleRectEv) for i._ZN8touchgfx8Drawable20getCachedVisibleRectEv
    screen.o(i._ZN8touchgfx6ScreenD1Ev) refers to screen.o(.constdata__ZTVN8touchgfx6ScreenE) for vtable for touchgfx::Screen
    screen.o(.ARM.exidx) refers to screen.o(i._ZN8touchgfx6ScreenD1Ev) for i._ZN8touchgfx6ScreenD1Ev
    screen.o(i._ZNK8touchgfx4Rect9intersectEss) refers to lcd16bpp.o(i._ZNK8touchgfx4Rect5rightEv) for touchgfx::Rect::right() const
    screen.o(i._ZNK8touchgfx4Rect9intersectEss) refers to lcd16bpp.o(i._ZNK8touchgfx4Rect6bottomEv) for touchgfx::Rect::bottom() const
    screen.o(.ARM.exidx) refers to screen.o(i._ZNK8touchgfx4Rect9intersectEss) for i._ZNK8touchgfx4Rect9intersectEss
    screen.o(i._ZN8touchgfx10ClickEventC1ENS0_14ClickEventTypeEsss) refers to screen.o(.constdata__ZTVN8touchgfx10ClickEventE) for vtable for touchgfx::ClickEvent
    screen.o(.ARM.exidx) refers to screen.o(i._ZN8touchgfx10ClickEventC1ENS0_14ClickEventTypeEsss) for i._ZN8touchgfx10ClickEventC1ENS0_14ClickEventTypeEsss
    screen.o(i._ZN8touchgfx8Drawable13getCachedAbsXEv) refers to drawable.o(i._ZNK8touchgfx8Drawable15getAbsoluteRectEv) for touchgfx::Drawable::getAbsoluteRect() const
    screen.o(.ARM.exidx) refers to screen.o(i._ZN8touchgfx8Drawable13getCachedAbsXEv) for i._ZN8touchgfx8Drawable13getCachedAbsXEv
    screen.o(i._ZN8touchgfx8Drawable13getCachedAbsYEv) refers to drawable.o(i._ZNK8touchgfx8Drawable15getAbsoluteRectEv) for touchgfx::Drawable::getAbsoluteRect() const
    screen.o(.ARM.exidx) refers to screen.o(i._ZN8touchgfx8Drawable13getCachedAbsYEv) for i._ZN8touchgfx8Drawable13getCachedAbsYEv
    screen.o(i._ZN8touchgfx6ScreenD0Ev) refers to screen.o(i._ZN8touchgfx6ScreenD1Ev) for touchgfx::Screen::~Screen()
    screen.o(i._ZN8touchgfx6ScreenD0Ev) refers to delete.o(i._ZdlPv) for operator delete (void*)
    screen.o(.ARM.exidx) refers to screen.o(i._ZN8touchgfx6ScreenD0Ev) for i._ZN8touchgfx6ScreenD0Ev
    screen.o(.constdata__ZTVN8touchgfx10ClickEventE) refers to screen.o(.constdata__ZTIN8touchgfx10ClickEventE) for typeinfo for touchgfx::ClickEvent
    screen.o(.constdata__ZTVN8touchgfx10ClickEventE) refers to screen.o(i._ZN8touchgfx10ClickEvent12getEventTypeEv) for touchgfx::ClickEvent::getEventType()
    screen.o(.constdata__ZTVN8touchgfx10ClickEventE) refers to screen.o(i._ZN8touchgfx10ClickEventD1Ev) for touchgfx::ClickEvent::~ClickEvent()
    screen.o(.constdata__ZTVN8touchgfx10ClickEventE) refers to screen.o(i._ZN8touchgfx10ClickEventD0Ev) for touchgfx::ClickEvent::~ClickEvent__deallocating()
    screen.o(.constdata__ZTVN8touchgfx9DragEventE) refers to screen.o(.constdata__ZTIN8touchgfx9DragEventE) for typeinfo for touchgfx::DragEvent
    screen.o(.constdata__ZTVN8touchgfx9DragEventE) refers to screen.o(i._ZN8touchgfx9DragEvent12getEventTypeEv) for touchgfx::DragEvent::getEventType()
    screen.o(.constdata__ZTVN8touchgfx9DragEventE) refers to screen.o(i._ZN8touchgfx9DragEventD1Ev) for touchgfx::DragEvent::~DragEvent()
    screen.o(.constdata__ZTVN8touchgfx9DragEventE) refers to screen.o(i._ZN8touchgfx9DragEventD0Ev) for touchgfx::DragEvent::~DragEvent__deallocating()
    screen.o(.constdata__ZTVN8touchgfx12GestureEventE) refers to screen.o(.constdata__ZTIN8touchgfx12GestureEventE) for typeinfo for touchgfx::GestureEvent
    screen.o(.constdata__ZTVN8touchgfx12GestureEventE) refers to screen.o(i._ZN8touchgfx12GestureEvent12getEventTypeEv) for touchgfx::GestureEvent::getEventType()
    screen.o(.constdata__ZTVN8touchgfx12GestureEventE) refers to screen.o(i._ZN8touchgfx12GestureEventD1Ev) for touchgfx::GestureEvent::~GestureEvent()
    screen.o(.constdata__ZTVN8touchgfx12GestureEventE) refers to screen.o(i._ZN8touchgfx12GestureEventD0Ev) for touchgfx::GestureEvent::~GestureEvent__deallocating()
    screen.o(.constdata__ZTIN8touchgfx6ScreenE) refers to lib_rtti_impl.o(.constdata__ZTVN10__cxxabiv117__class_type_infoE) for vtable for __cxxabiv1::__class_type_info
    screen.o(.constdata__ZTIN8touchgfx6ScreenE) refers to screen.o(.constdata__ZTSN8touchgfx6ScreenE) for typeinfo name for touchgfx::Screen
    screen.o(.constdata__ZTIN8touchgfx10ClickEventE) refers to lib_rtti_impl.o(.constdata__ZTVN10__cxxabiv120__si_class_type_infoE) for vtable for __cxxabiv1::__si_class_type_info
    screen.o(.constdata__ZTIN8touchgfx10ClickEventE) refers to screen.o(.constdata__ZTSN8touchgfx10ClickEventE) for typeinfo name for touchgfx::ClickEvent
    screen.o(.constdata__ZTIN8touchgfx10ClickEventE) refers to screen.o(.constdata__ZTIN8touchgfx5EventE) for typeinfo for touchgfx::Event
    screen.o(.constdata__ZTIN8touchgfx9DragEventE) refers to lib_rtti_impl.o(.constdata__ZTVN10__cxxabiv120__si_class_type_infoE) for vtable for __cxxabiv1::__si_class_type_info
    screen.o(.constdata__ZTIN8touchgfx9DragEventE) refers to screen.o(.constdata__ZTSN8touchgfx9DragEventE) for typeinfo name for touchgfx::DragEvent
    screen.o(.constdata__ZTIN8touchgfx9DragEventE) refers to screen.o(.constdata__ZTIN8touchgfx5EventE) for typeinfo for touchgfx::Event
    screen.o(.constdata__ZTIN8touchgfx12GestureEventE) refers to lib_rtti_impl.o(.constdata__ZTVN10__cxxabiv120__si_class_type_infoE) for vtable for __cxxabiv1::__si_class_type_info
    screen.o(.constdata__ZTIN8touchgfx12GestureEventE) refers to screen.o(.constdata__ZTSN8touchgfx12GestureEventE) for typeinfo name for touchgfx::GestureEvent
    screen.o(.constdata__ZTIN8touchgfx12GestureEventE) refers to screen.o(.constdata__ZTIN8touchgfx5EventE) for typeinfo for touchgfx::Event
    screen.o(.constdata__ZTIN8touchgfx5EventE) refers to lib_rtti_impl.o(.constdata__ZTVN10__cxxabiv117__class_type_infoE) for vtable for __cxxabiv1::__class_type_info
    screen.o(.constdata__ZTIN8touchgfx5EventE) refers to screen.o(.constdata__ZTSN8touchgfx5EventE) for typeinfo name for touchgfx::Event
    screen.o(.ARM.exidx) refers to screen.o(i._ZN8touchgfx10ClickEventD1Ev) for i._ZN8touchgfx10ClickEventD1Ev
    screen.o(i._ZN8touchgfx10ClickEventD0Ev) refers to delete.o(i._ZdlPv) for operator delete (void*)
    screen.o(.ARM.exidx) refers to screen.o(i._ZN8touchgfx10ClickEventD0Ev) for i._ZN8touchgfx10ClickEventD0Ev
    screen.o(.ARM.exidx) refers to screen.o(i._ZN8touchgfx10ClickEvent12getEventTypeEv) for i._ZN8touchgfx10ClickEvent12getEventTypeEv
    screen.o(.ARM.exidx) refers to screen.o(i._ZN8touchgfx9DragEventD1Ev) for i._ZN8touchgfx9DragEventD1Ev
    screen.o(i._ZN8touchgfx9DragEventD0Ev) refers to delete.o(i._ZdlPv) for operator delete (void*)
    screen.o(.ARM.exidx) refers to screen.o(i._ZN8touchgfx9DragEventD0Ev) for i._ZN8touchgfx9DragEventD0Ev
    screen.o(.ARM.exidx) refers to screen.o(i._ZN8touchgfx9DragEvent12getEventTypeEv) for i._ZN8touchgfx9DragEvent12getEventTypeEv
    screen.o(.ARM.exidx) refers to screen.o(i._ZN8touchgfx12GestureEvent12getEventTypeEv) for i._ZN8touchgfx12GestureEvent12getEventTypeEv
    screen.o(.ARM.exidx) refers to screen.o(i._ZN8touchgfx12GestureEventD1Ev) for i._ZN8touchgfx12GestureEventD1Ev
    screen.o(i._ZN8touchgfx12GestureEventD0Ev) refers to delete.o(i._ZdlPv) for operator delete (void*)
    screen.o(.ARM.exidx) refers to screen.o(i._ZN8touchgfx12GestureEventD0Ev) for i._ZN8touchgfx12GestureEventD0Ev
    textarea.o(.constdata__ZTVN8touchgfx8TextAreaE) refers to textarea.o(.constdata__ZTIN8touchgfx8TextAreaE) for typeinfo for touchgfx::TextArea
    textarea.o(.constdata__ZTVN8touchgfx8TextAreaE) refers to textarea.o(i._ZN8touchgfx8TextAreaD1Ev) for touchgfx::TextArea::~TextArea()
    textarea.o(.constdata__ZTVN8touchgfx8TextAreaE) refers to textarea.o(i._ZN8touchgfx8TextAreaD0Ev) for touchgfx::TextArea::~TextArea__deallocating()
    textarea.o(.constdata__ZTVN8touchgfx8TextAreaE) refers to textarea.o(i._ZNK8touchgfx8TextArea4drawERKNS_4RectE) for touchgfx::TextArea::draw(const touchgfx::Rect&) const
    textarea.o(.constdata__ZTVN8touchgfx8TextAreaE) refers to textarea.o(i._ZNK8touchgfx8TextArea12getSolidRectEv) for touchgfx::TextArea::getSolidRect() const
    textarea.o(.constdata__ZTVN8touchgfx8TextAreaE) refers to drawable.o(i._ZNK8touchgfx8Drawable14invalidateRectERNS_4RectE) for touchgfx::Drawable::invalidateRect(touchgfx::Rect&) const
    textarea.o(.constdata__ZTVN8touchgfx8TextAreaE) refers to drawable.o(i._ZNK8touchgfx8Drawable10invalidateEv) for touchgfx::Drawable::invalidate() const
    textarea.o(.constdata__ZTVN8touchgfx8TextAreaE) refers to drawable.o(i._ZN8touchgfx8Drawable20getSolidRectAbsoluteEv) for touchgfx::Drawable::getSolidRectAbsolute()
    textarea.o(.constdata__ZTVN8touchgfx8TextAreaE) refers to image.o(i._ZN8touchgfx6Widget12getLastChildEssPPNS_8DrawableE) for touchgfx::Widget::getLastChild(short, short, touchgfx::Drawable**)
    textarea.o(.constdata__ZTVN8touchgfx8TextAreaE) refers to drawable.o(i._ZNK8touchgfx8Drawable14getVisibleRectERNS_4RectE) for touchgfx::Drawable::getVisibleRect(touchgfx::Rect&) const
    textarea.o(.constdata__ZTVN8touchgfx8TextAreaE) refers to drawable.o(i._ZNK8touchgfx8Drawable23translateRectToAbsoluteERNS_4RectE) for touchgfx::Drawable::translateRectToAbsolute(touchgfx::Rect&) const
    textarea.o(.constdata__ZTVN8touchgfx8TextAreaE) refers to abstractdirectionprogress.o(i._ZN8touchgfx8Drawable11setPositionEssss) for touchgfx::Drawable::setPosition(short, short, short, short)
    textarea.o(.constdata__ZTVN8touchgfx8TextAreaE) refers to mainscreenviewbase.o(i._ZN8touchgfx8Drawable4setXEs) for touchgfx::Drawable::setX(short)
    textarea.o(.constdata__ZTVN8touchgfx8TextAreaE) refers to mainscreenviewbase.o(i._ZN8touchgfx8Drawable4setYEs) for touchgfx::Drawable::setY(short)
    textarea.o(.constdata__ZTVN8touchgfx8TextAreaE) refers to abstractdirectionprogress.o(i._ZN8touchgfx8Drawable5setXYEss) for touchgfx::Drawable::setXY(short, short)
    textarea.o(.constdata__ZTVN8touchgfx8TextAreaE) refers to mainscreenviewbase.o(i._ZN8touchgfx8Drawable8setWidthEs) for touchgfx::Drawable::setWidth(short)
    textarea.o(.constdata__ZTVN8touchgfx8TextAreaE) refers to mainscreenviewbase.o(i._ZN8touchgfx8Drawable9setHeightEs) for touchgfx::Drawable::setHeight(short)
    textarea.o(.constdata__ZTVN8touchgfx8TextAreaE) refers to mainscreenviewbase.o(i._ZN8touchgfx8Drawable20childGeometryChangedEv) for touchgfx::Drawable::childGeometryChanged()
    textarea.o(.constdata__ZTVN8touchgfx8TextAreaE) refers to mainscreenviewbase.o(i._ZN8touchgfx8Drawable16handleClickEventERKNS_10ClickEventE) for touchgfx::Drawable::handleClickEvent(const touchgfx::ClickEvent&)
    textarea.o(.constdata__ZTVN8touchgfx8TextAreaE) refers to mainscreenviewbase.o(i._ZN8touchgfx8Drawable18handleGestureEventERKNS_12GestureEventE) for touchgfx::Drawable::handleGestureEvent(const touchgfx::GestureEvent&)
    textarea.o(.constdata__ZTVN8touchgfx8TextAreaE) refers to mainscreenviewbase.o(i._ZN8touchgfx8Drawable15handleDragEventERKNS_9DragEventE) for touchgfx::Drawable::handleDragEvent(const touchgfx::DragEvent&)
    textarea.o(.constdata__ZTVN8touchgfx8TextAreaE) refers to mainscreenviewbase.o(i._ZN8touchgfx8Drawable15handleTickEventEv) for touchgfx::Drawable::handleTickEvent()
    textarea.o(.constdata__ZTVN8touchgfx8TextAreaE) refers to drawable.o(i._ZN8touchgfx8Drawable12moveRelativeEss) for touchgfx::Drawable::moveRelative(short, short)
    textarea.o(.constdata__ZTVN8touchgfx8TextAreaE) refers to abstractdirectionprogress.o(i._ZN8touchgfx8Drawable6moveToEss) for touchgfx::Drawable::moveTo(short, short)
    textarea.o(.constdata__ZTVN8touchgfx8TextAreaE) refers to textarea.o(i._ZNK8touchgfx8TextArea7getTypeEv) for touchgfx::TextArea::getType() const
    textarea.o(.constdata__ZTVN8touchgfx8TextAreaE) refers to drawable.o(i._ZN8touchgfx8Drawable14setupDrawChainERKNS_4RectEPPS0_) for touchgfx::Drawable::setupDrawChain(const touchgfx::Rect&, touchgfx::Drawable**)
    textarea.o(.constdata__ZTVN8touchgfx8TextAreaE) refers to textarea.o(i._ZN8touchgfx8TextArea12setBaselineYEs) for touchgfx::TextArea::setBaselineY(short)
    textarea.o(.constdata__ZTVN8touchgfx8TextAreaE) refers to textarea.o(i._ZN8touchgfx8TextArea13setXBaselineYEss) for touchgfx::TextArea::setXBaselineY(short, short)
    textarea.o(.constdata__ZTVN8touchgfx8TextAreaE) refers to textarea.o(i._ZN8touchgfx8TextArea13getTextHeightEv) for touchgfx::TextArea::getTextHeight()
    textarea.o(.constdata__ZTVN8touchgfx8TextAreaE) refers to textarea.o(i._ZNK8touchgfx8TextArea12getTextWidthEv) for touchgfx::TextArea::getTextWidth() const
    textarea.o(.ARM.exidx) refers to textarea.o(i._ZN8touchgfx8TextAreaD1Ev) for i._ZN8touchgfx8TextAreaD1Ev
    textarea.o(.ARM.exidx) refers to textarea.o(i._ZNK8touchgfx9TypedText10hasValidIdEv) for i._ZNK8touchgfx9TypedText10hasValidIdEv
    textarea.o(i._ZNK8touchgfx9TypedText11assertValidEv) refers to typedtext.o(.data) for touchgfx::TypedText::typedTexts
    textarea.o(i._ZNK8touchgfx9TypedText11assertValidEv) refers to typedtext.o(.data) for touchgfx::TypedText::numberOfTypedTexts
    textarea.o(.ARM.exidx) refers to textarea.o(i._ZNK8touchgfx9TypedText11assertValidEv) for i._ZNK8touchgfx9TypedText11assertValidEv
    textarea.o(i._ZNK8touchgfx9TypedText7getTextEv) refers to textarea.o(i._ZNK8touchgfx9TypedText11assertValidEv) for touchgfx::TypedText::assertValid() const
    textarea.o(.ARM.exidx) refers to textarea.o(i._ZNK8touchgfx9TypedText7getTextEv) for i._ZNK8touchgfx9TypedText7getTextEv
    textarea.o(i._ZNK8touchgfx9TypedText7getFontEv) refers to textarea.o(i._ZNK8touchgfx9TypedText11assertValidEv) for touchgfx::TypedText::assertValid() const
    textarea.o(i._ZNK8touchgfx9TypedText7getFontEv) refers to typedtext.o(.data) for touchgfx::TypedText::typedTexts
    textarea.o(i._ZNK8touchgfx9TypedText7getFontEv) refers to typedtext.o(.data) for touchgfx::TypedText::fonts
    textarea.o(.ARM.exidx) refers to textarea.o(i._ZNK8touchgfx9TypedText7getFontEv) for i._ZNK8touchgfx9TypedText7getFontEv
    textarea.o(i._ZNK8touchgfx9TypedText16getTextDirectionEv) refers to textarea.o(i._ZNK8touchgfx9TypedText11assertValidEv) for touchgfx::TypedText::assertValid() const
    textarea.o(i._ZNK8touchgfx9TypedText16getTextDirectionEv) refers to typedtext.o(.data) for touchgfx::TypedText::typedTexts
    textarea.o(.ARM.exidx) refers to textarea.o(i._ZNK8touchgfx9TypedText16getTextDirectionEv) for i._ZNK8touchgfx9TypedText16getTextDirectionEv
    textarea.o(.ARM.exidx) refers to textarea.o(i._ZNK8touchgfx8TextArea12getSolidRectEv) for i._ZNK8touchgfx8TextArea12getSolidRectEv
    textarea.o(i._ZN8touchgfx8TextArea12setBaselineYEs) refers to textarea.o(i._ZNK8touchgfx9TypedText7getFontEv) for touchgfx::TypedText::getFont() const
    textarea.o(.ARM.exidx) refers to textarea.o(i._ZN8touchgfx8TextArea12setBaselineYEs) for i._ZN8touchgfx8TextArea12setBaselineYEs
    textarea.o(.ARM.exidx) refers to textarea.o(i._ZN8touchgfx8TextArea13setXBaselineYEss) for i._ZN8touchgfx8TextArea13setXBaselineYEss
    textarea.o(.ARM.exidx) refers to textarea.o(i._ZNK8touchgfx8TextArea7getTypeEv) for i._ZNK8touchgfx8TextArea7getTypeEv
    textarea.o(i._ZN8touchgfx8TextAreaD0Ev) refers to delete.o(i._ZdlPv) for operator delete (void*)
    textarea.o(.ARM.exidx) refers to textarea.o(i._ZN8touchgfx8TextAreaD0Ev) for i._ZN8touchgfx8TextAreaD0Ev
    textarea.o(.constdata__ZTIN8touchgfx8TextAreaE) refers to lib_rtti_impl.o(.constdata__ZTVN10__cxxabiv120__si_class_type_infoE) for vtable for __cxxabiv1::__si_class_type_info
    textarea.o(.constdata__ZTIN8touchgfx8TextAreaE) refers to textarea.o(.constdata__ZTSN8touchgfx8TextAreaE) for typeinfo name for touchgfx::TextArea
    textarea.o(.constdata__ZTIN8touchgfx8TextAreaE) refers to mainscreenviewbase.o(.constdata__ZTIN8touchgfx6WidgetE) for typeinfo for touchgfx::Widget
    box.o(.constdata__ZTVN8touchgfx3BoxE) refers to box.o(.constdata__ZTIN8touchgfx3BoxE) for typeinfo for touchgfx::Box
    box.o(.constdata__ZTVN8touchgfx3BoxE) refers to box.o(i._ZN8touchgfx3BoxD1Ev) for touchgfx::Box::~Box()
    box.o(.constdata__ZTVN8touchgfx3BoxE) refers to box.o(i._ZN8touchgfx3BoxD0Ev) for touchgfx::Box::~Box__deallocating()
    box.o(.constdata__ZTVN8touchgfx3BoxE) refers to box.o(i._ZNK8touchgfx3Box4drawERKNS_4RectE) for touchgfx::Box::draw(const touchgfx::Rect&) const
    box.o(.constdata__ZTVN8touchgfx3BoxE) refers to box.o(i._ZNK8touchgfx3Box12getSolidRectEv) for touchgfx::Box::getSolidRect() const
    box.o(.constdata__ZTVN8touchgfx3BoxE) refers to drawable.o(i._ZNK8touchgfx8Drawable14invalidateRectERNS_4RectE) for touchgfx::Drawable::invalidateRect(touchgfx::Rect&) const
    box.o(.constdata__ZTVN8touchgfx3BoxE) refers to drawable.o(i._ZNK8touchgfx8Drawable10invalidateEv) for touchgfx::Drawable::invalidate() const
    box.o(.constdata__ZTVN8touchgfx3BoxE) refers to drawable.o(i._ZN8touchgfx8Drawable20getSolidRectAbsoluteEv) for touchgfx::Drawable::getSolidRectAbsolute()
    box.o(.constdata__ZTVN8touchgfx3BoxE) refers to image.o(i._ZN8touchgfx6Widget12getLastChildEssPPNS_8DrawableE) for touchgfx::Widget::getLastChild(short, short, touchgfx::Drawable**)
    box.o(.constdata__ZTVN8touchgfx3BoxE) refers to drawable.o(i._ZNK8touchgfx8Drawable14getVisibleRectERNS_4RectE) for touchgfx::Drawable::getVisibleRect(touchgfx::Rect&) const
    box.o(.constdata__ZTVN8touchgfx3BoxE) refers to drawable.o(i._ZNK8touchgfx8Drawable23translateRectToAbsoluteERNS_4RectE) for touchgfx::Drawable::translateRectToAbsolute(touchgfx::Rect&) const
    box.o(.constdata__ZTVN8touchgfx3BoxE) refers to abstractdirectionprogress.o(i._ZN8touchgfx8Drawable11setPositionEssss) for touchgfx::Drawable::setPosition(short, short, short, short)
    box.o(.constdata__ZTVN8touchgfx3BoxE) refers to mainscreenviewbase.o(i._ZN8touchgfx8Drawable4setXEs) for touchgfx::Drawable::setX(short)
    box.o(.constdata__ZTVN8touchgfx3BoxE) refers to mainscreenviewbase.o(i._ZN8touchgfx8Drawable4setYEs) for touchgfx::Drawable::setY(short)
    box.o(.constdata__ZTVN8touchgfx3BoxE) refers to abstractdirectionprogress.o(i._ZN8touchgfx8Drawable5setXYEss) for touchgfx::Drawable::setXY(short, short)
    box.o(.constdata__ZTVN8touchgfx3BoxE) refers to mainscreenviewbase.o(i._ZN8touchgfx8Drawable8setWidthEs) for touchgfx::Drawable::setWidth(short)
    box.o(.constdata__ZTVN8touchgfx3BoxE) refers to mainscreenviewbase.o(i._ZN8touchgfx8Drawable9setHeightEs) for touchgfx::Drawable::setHeight(short)
    box.o(.constdata__ZTVN8touchgfx3BoxE) refers to mainscreenviewbase.o(i._ZN8touchgfx8Drawable20childGeometryChangedEv) for touchgfx::Drawable::childGeometryChanged()
    box.o(.constdata__ZTVN8touchgfx3BoxE) refers to mainscreenviewbase.o(i._ZN8touchgfx8Drawable16handleClickEventERKNS_10ClickEventE) for touchgfx::Drawable::handleClickEvent(const touchgfx::ClickEvent&)
    box.o(.constdata__ZTVN8touchgfx3BoxE) refers to mainscreenviewbase.o(i._ZN8touchgfx8Drawable18handleGestureEventERKNS_12GestureEventE) for touchgfx::Drawable::handleGestureEvent(const touchgfx::GestureEvent&)
    box.o(.constdata__ZTVN8touchgfx3BoxE) refers to mainscreenviewbase.o(i._ZN8touchgfx8Drawable15handleDragEventERKNS_9DragEventE) for touchgfx::Drawable::handleDragEvent(const touchgfx::DragEvent&)
    box.o(.constdata__ZTVN8touchgfx3BoxE) refers to mainscreenviewbase.o(i._ZN8touchgfx8Drawable15handleTickEventEv) for touchgfx::Drawable::handleTickEvent()
    box.o(.constdata__ZTVN8touchgfx3BoxE) refers to drawable.o(i._ZN8touchgfx8Drawable12moveRelativeEss) for touchgfx::Drawable::moveRelative(short, short)
    box.o(.constdata__ZTVN8touchgfx3BoxE) refers to abstractdirectionprogress.o(i._ZN8touchgfx8Drawable6moveToEss) for touchgfx::Drawable::moveTo(short, short)
    box.o(.constdata__ZTVN8touchgfx3BoxE) refers to box.o(i._ZNK8touchgfx3Box7getTypeEv) for touchgfx::Box::getType() const
    box.o(.constdata__ZTVN8touchgfx3BoxE) refers to drawable.o(i._ZN8touchgfx8Drawable14setupDrawChainERKNS_4RectEPPS0_) for touchgfx::Drawable::setupDrawChain(const touchgfx::Rect&, touchgfx::Drawable**)
    box.o(.ARM.exidx) refers to box.o(i._ZN8touchgfx3BoxD1Ev) for i._ZN8touchgfx3BoxD1Ev
    box.o(i._ZN8touchgfx3BoxD0Ev) refers to delete.o(i._ZdlPv) for operator delete (void*)
    box.o(.ARM.exidx) refers to box.o(i._ZN8touchgfx3BoxD0Ev) for i._ZN8touchgfx3BoxD0Ev
    box.o(.ARM.exidx) refers to box.o(i._ZNK8touchgfx3Box7getTypeEv) for i._ZNK8touchgfx3Box7getTypeEv
    box.o(.constdata__ZTIN8touchgfx3BoxE) refers to lib_rtti_impl.o(.constdata__ZTVN10__cxxabiv120__si_class_type_infoE) for vtable for __cxxabiv1::__si_class_type_info
    box.o(.constdata__ZTIN8touchgfx3BoxE) refers to box.o(.constdata__ZTSN8touchgfx3BoxE) for typeinfo name for touchgfx::Box
    box.o(.constdata__ZTIN8touchgfx3BoxE) refers to mainscreenviewbase.o(.constdata__ZTIN8touchgfx6WidgetE) for typeinfo for touchgfx::Widget
    gestures.o(i._ZN8touchgfx12GestureEventC1ENS0_11GestureTypeEsss) refers to screen.o(.constdata__ZTVN8touchgfx12GestureEventE) for vtable for touchgfx::GestureEvent
    gestures.o(.ARM.exidx) refers to gestures.o(i._ZN8touchgfx12GestureEventC1ENS0_11GestureTypeEsss) for i._ZN8touchgfx12GestureEventC1ENS0_11GestureTypeEsss
    gestures.o(.ARM.exidx) refers to gestures.o(t._ZN8touchgfx3absIsEET_S1_) for t._ZN8touchgfx3absIsEET_S1_
    texturemaptypes.o(.ARM.exidx) refers to texturemaptypes.o(i._ZN8touchgfx12fixed28_4MulEii) for i._ZN8touchgfx12fixed28_4MulEii
    texturemaptypes.o(.ARM.exidx) refers to texturemaptypes.o(i._ZN8touchgfx11floorDivModEiiRiS0_) for i._ZN8touchgfx11floorDivModEiiRiS0_
    texturemaptypes.o(.ARM.exidx) refers to texturemaptypes.o(i._ZN8touchgfx8ceil28_4Ei) for i._ZN8touchgfx8ceil28_4Ei
    texturemaptypes.o(.ARM.exidx) refers to texturemaptypes.o(i._ZN8touchgfx16fixed28_4ToFloatEi) for i._ZN8touchgfx16fixed28_4ToFloatEi
    lib_rtti_impl.o(.constdata__ZTVN10__cxxabiv123__fundamental_type_infoE) refers to lib_rtti_impl.o(.constdata__ZTIN10__cxxabiv123__fundamental_type_infoE) for typeinfo for __cxxabiv1::__fundamental_type_info
    lib_rtti_impl.o(.constdata__ZTVN10__cxxabiv123__fundamental_type_infoE) refers to lib_rtti_impl.o(i._ZN10__cxxabiv123__fundamental_type_infoD1Ev) for __cxxabiv1::__fundamental_type_info::~__fundamental_type_info()
    lib_rtti_impl.o(.constdata__ZTVN10__cxxabiv123__fundamental_type_infoE) refers to lib_rtti_impl.o(i._ZN10__cxxabiv123__fundamental_type_infoD0Ev) for __cxxabiv1::__fundamental_type_info::~__fundamental_type_info__deallocating()
    lib_rtti_impl.o(.constdata__ZTVN10__cxxabiv117__array_type_infoE) refers to lib_rtti_impl.o(.constdata__ZTIN10__cxxabiv117__array_type_infoE) for typeinfo for __cxxabiv1::__array_type_info
    lib_rtti_impl.o(.constdata__ZTVN10__cxxabiv117__array_type_infoE) refers to lib_rtti_impl.o(i._ZN10__cxxabiv117__array_type_infoD1Ev) for __cxxabiv1::__array_type_info::~__array_type_info()
    lib_rtti_impl.o(.constdata__ZTVN10__cxxabiv117__array_type_infoE) refers to lib_rtti_impl.o(i._ZN10__cxxabiv117__array_type_infoD0Ev) for __cxxabiv1::__array_type_info::~__array_type_info__deallocating()
    lib_rtti_impl.o(.constdata__ZTVN10__cxxabiv120__function_type_infoE) refers to lib_rtti_impl.o(.constdata__ZTIN10__cxxabiv120__function_type_infoE) for typeinfo for __cxxabiv1::__function_type_info
    lib_rtti_impl.o(.constdata__ZTVN10__cxxabiv120__function_type_infoE) refers to lib_rtti_impl.o(i._ZN10__cxxabiv120__function_type_infoD1Ev) for __cxxabiv1::__function_type_info::~__function_type_info()
    lib_rtti_impl.o(.constdata__ZTVN10__cxxabiv120__function_type_infoE) refers to lib_rtti_impl.o(i._ZN10__cxxabiv120__function_type_infoD0Ev) for __cxxabiv1::__function_type_info::~__function_type_info__deallocating()
    lib_rtti_impl.o(.constdata__ZTVN10__cxxabiv116__enum_type_infoE) refers to lib_rtti_impl.o(.constdata__ZTIN10__cxxabiv116__enum_type_infoE) for typeinfo for __cxxabiv1::__enum_type_info
    lib_rtti_impl.o(.constdata__ZTVN10__cxxabiv116__enum_type_infoE) refers to lib_rtti_impl.o(i._ZN10__cxxabiv116__enum_type_infoD1Ev) for __cxxabiv1::__enum_type_info::~__enum_type_info()
    lib_rtti_impl.o(.constdata__ZTVN10__cxxabiv116__enum_type_infoE) refers to lib_rtti_impl.o(i._ZN10__cxxabiv116__enum_type_infoD0Ev) for __cxxabiv1::__enum_type_info::~__enum_type_info__deallocating()
    lib_rtti_impl.o(.constdata__ZTVN10__cxxabiv117__class_type_infoE) refers to lib_rtti_impl.o(.constdata__ZTIN10__cxxabiv117__class_type_infoE) for typeinfo for __cxxabiv1::__class_type_info
    lib_rtti_impl.o(.constdata__ZTVN10__cxxabiv117__class_type_infoE) refers to lib_rtti_impl.o(i._ZN10__cxxabiv117__class_type_infoD1Ev) for __cxxabiv1::__class_type_info::~__class_type_info()
    lib_rtti_impl.o(.constdata__ZTVN10__cxxabiv117__class_type_infoE) refers to lib_rtti_impl.o(i._ZN10__cxxabiv117__class_type_infoD0Ev) for __cxxabiv1::__class_type_info::~__class_type_info__deallocating()
    lib_rtti_impl.o(.constdata__ZTVN10__cxxabiv120__si_class_type_infoE) refers to lib_rtti_impl.o(.constdata__ZTIN10__cxxabiv120__si_class_type_infoE) for typeinfo for __cxxabiv1::__si_class_type_info
    lib_rtti_impl.o(.constdata__ZTVN10__cxxabiv120__si_class_type_infoE) refers to lib_rtti_impl.o(i._ZN10__cxxabiv120__si_class_type_infoD1Ev) for __cxxabiv1::__si_class_type_info::~__si_class_type_info()
    lib_rtti_impl.o(.constdata__ZTVN10__cxxabiv120__si_class_type_infoE) refers to lib_rtti_impl.o(i._ZN10__cxxabiv120__si_class_type_infoD0Ev) for __cxxabiv1::__si_class_type_info::~__si_class_type_info__deallocating()
    lib_rtti_impl.o(.constdata__ZTVN10__cxxabiv121__vmi_class_type_infoE) refers to lib_rtti_impl.o(.constdata__ZTIN10__cxxabiv121__vmi_class_type_infoE) for typeinfo for __cxxabiv1::__vmi_class_type_info
    lib_rtti_impl.o(.constdata__ZTVN10__cxxabiv121__vmi_class_type_infoE) refers to lib_rtti_impl.o(i._ZN10__cxxabiv121__vmi_class_type_infoD1Ev) for __cxxabiv1::__vmi_class_type_info::~__vmi_class_type_info()
    lib_rtti_impl.o(.constdata__ZTVN10__cxxabiv121__vmi_class_type_infoE) refers to lib_rtti_impl.o(i._ZN10__cxxabiv121__vmi_class_type_infoD0Ev) for __cxxabiv1::__vmi_class_type_info::~__vmi_class_type_info__deallocating()
    lib_rtti_impl.o(.constdata__ZTVN10__cxxabiv117__pbase_type_infoE) refers to lib_rtti_impl.o(.constdata__ZTIN10__cxxabiv117__pbase_type_infoE) for typeinfo for __cxxabiv1::__pbase_type_info
    lib_rtti_impl.o(.constdata__ZTVN10__cxxabiv117__pbase_type_infoE) refers to lib_rtti_impl.o(i._ZN10__cxxabiv117__pbase_type_infoD1Ev) for __cxxabiv1::__pbase_type_info::~__pbase_type_info()
    lib_rtti_impl.o(.constdata__ZTVN10__cxxabiv117__pbase_type_infoE) refers to lib_rtti_impl.o(i._ZN10__cxxabiv117__pbase_type_infoD0Ev) for __cxxabiv1::__pbase_type_info::~__pbase_type_info__deallocating()
    lib_rtti_impl.o(.constdata__ZTVN10__cxxabiv119__pointer_type_infoE) refers to lib_rtti_impl.o(.constdata__ZTIN10__cxxabiv119__pointer_type_infoE) for typeinfo for __cxxabiv1::__pointer_type_info
    lib_rtti_impl.o(.constdata__ZTVN10__cxxabiv119__pointer_type_infoE) refers to lib_rtti_impl.o(i._ZN10__cxxabiv119__pointer_type_infoD1Ev) for __cxxabiv1::__pointer_type_info::~__pointer_type_info()
    lib_rtti_impl.o(.constdata__ZTVN10__cxxabiv119__pointer_type_infoE) refers to lib_rtti_impl.o(i._ZN10__cxxabiv119__pointer_type_infoD0Ev) for __cxxabiv1::__pointer_type_info::~__pointer_type_info__deallocating()
    lib_rtti_impl.o(.constdata__ZTVN10__cxxabiv129__pointer_to_member_type_infoE) refers to lib_rtti_impl.o(.constdata__ZTIN10__cxxabiv129__pointer_to_member_type_infoE) for typeinfo for __cxxabiv1::__pointer_to_member_type_info
    lib_rtti_impl.o(.constdata__ZTVN10__cxxabiv129__pointer_to_member_type_infoE) refers to lib_rtti_impl.o(i._ZN10__cxxabiv129__pointer_to_member_type_infoD1Ev) for __cxxabiv1::__pointer_to_member_type_info::~__pointer_to_member_type_info()
    lib_rtti_impl.o(.constdata__ZTVN10__cxxabiv129__pointer_to_member_type_infoE) refers to lib_rtti_impl.o(i._ZN10__cxxabiv129__pointer_to_member_type_infoD0Ev) for __cxxabiv1::__pointer_to_member_type_info::~__pointer_to_member_type_info__deallocating()
    lib_rtti_impl.o(.ARM.exidx) refers to lib_rtti_impl.o(i._ZNSt9type_infodlEPv) for i._ZNSt9type_infodlEPv
    lib_rtti_impl.o(.constdata__ZTIN10__cxxabiv123__fundamental_type_infoE) refers to lib_rtti_impl.o(.constdata__ZTVN10__cxxabiv120__si_class_type_infoE) for vtable for __cxxabiv1::__si_class_type_info
    lib_rtti_impl.o(.constdata__ZTIN10__cxxabiv123__fundamental_type_infoE) refers to lib_rtti_impl.o(.constdata__ZTSN10__cxxabiv123__fundamental_type_infoE) for typeinfo name for __cxxabiv1::__fundamental_type_info
    lib_rtti_impl.o(.constdata__ZTIN10__cxxabiv123__fundamental_type_infoE) refers to type_info_dtor.o(.constdata__ZTISt9type_info) for typeinfo for std::type_info
    lib_rtti_impl.o(.constdata__ZTIN10__cxxabiv117__array_type_infoE) refers to lib_rtti_impl.o(.constdata__ZTVN10__cxxabiv120__si_class_type_infoE) for vtable for __cxxabiv1::__si_class_type_info
    lib_rtti_impl.o(.constdata__ZTIN10__cxxabiv117__array_type_infoE) refers to lib_rtti_impl.o(.constdata__ZTSN10__cxxabiv117__array_type_infoE) for typeinfo name for __cxxabiv1::__array_type_info
    lib_rtti_impl.o(.constdata__ZTIN10__cxxabiv117__array_type_infoE) refers to type_info_dtor.o(.constdata__ZTISt9type_info) for typeinfo for std::type_info
    lib_rtti_impl.o(.constdata__ZTIN10__cxxabiv120__function_type_infoE) refers to lib_rtti_impl.o(.constdata__ZTVN10__cxxabiv120__si_class_type_infoE) for vtable for __cxxabiv1::__si_class_type_info
    lib_rtti_impl.o(.constdata__ZTIN10__cxxabiv120__function_type_infoE) refers to lib_rtti_impl.o(.constdata__ZTSN10__cxxabiv120__function_type_infoE) for typeinfo name for __cxxabiv1::__function_type_info
    lib_rtti_impl.o(.constdata__ZTIN10__cxxabiv120__function_type_infoE) refers to type_info_dtor.o(.constdata__ZTISt9type_info) for typeinfo for std::type_info
    lib_rtti_impl.o(.constdata__ZTIN10__cxxabiv116__enum_type_infoE) refers to lib_rtti_impl.o(.constdata__ZTVN10__cxxabiv120__si_class_type_infoE) for vtable for __cxxabiv1::__si_class_type_info
    lib_rtti_impl.o(.constdata__ZTIN10__cxxabiv116__enum_type_infoE) refers to lib_rtti_impl.o(.constdata__ZTSN10__cxxabiv116__enum_type_infoE) for typeinfo name for __cxxabiv1::__enum_type_info
    lib_rtti_impl.o(.constdata__ZTIN10__cxxabiv116__enum_type_infoE) refers to type_info_dtor.o(.constdata__ZTISt9type_info) for typeinfo for std::type_info
    lib_rtti_impl.o(.constdata__ZTIN10__cxxabiv117__class_type_infoE) refers to lib_rtti_impl.o(.constdata__ZTVN10__cxxabiv120__si_class_type_infoE) for vtable for __cxxabiv1::__si_class_type_info
    lib_rtti_impl.o(.constdata__ZTIN10__cxxabiv117__class_type_infoE) refers to lib_rtti_impl.o(.constdata__ZTSN10__cxxabiv117__class_type_infoE) for typeinfo name for __cxxabiv1::__class_type_info
    lib_rtti_impl.o(.constdata__ZTIN10__cxxabiv117__class_type_infoE) refers to type_info_dtor.o(.constdata__ZTISt9type_info) for typeinfo for std::type_info
    lib_rtti_impl.o(.constdata__ZTIN10__cxxabiv120__si_class_type_infoE) refers to lib_rtti_impl.o(.constdata__ZTVN10__cxxabiv120__si_class_type_infoE) for vtable for __cxxabiv1::__si_class_type_info
    lib_rtti_impl.o(.constdata__ZTIN10__cxxabiv120__si_class_type_infoE) refers to lib_rtti_impl.o(.constdata__ZTSN10__cxxabiv120__si_class_type_infoE) for typeinfo name for __cxxabiv1::__si_class_type_info
    lib_rtti_impl.o(.constdata__ZTIN10__cxxabiv120__si_class_type_infoE) refers to lib_rtti_impl.o(.constdata__ZTIN10__cxxabiv117__class_type_infoE) for typeinfo for __cxxabiv1::__class_type_info
    lib_rtti_impl.o(.constdata__ZTIN10__cxxabiv121__vmi_class_type_infoE) refers to lib_rtti_impl.o(.constdata__ZTVN10__cxxabiv120__si_class_type_infoE) for vtable for __cxxabiv1::__si_class_type_info
    lib_rtti_impl.o(.constdata__ZTIN10__cxxabiv121__vmi_class_type_infoE) refers to lib_rtti_impl.o(.constdata__ZTSN10__cxxabiv121__vmi_class_type_infoE) for typeinfo name for __cxxabiv1::__vmi_class_type_info
    lib_rtti_impl.o(.constdata__ZTIN10__cxxabiv121__vmi_class_type_infoE) refers to lib_rtti_impl.o(.constdata__ZTIN10__cxxabiv117__class_type_infoE) for typeinfo for __cxxabiv1::__class_type_info
    lib_rtti_impl.o(.constdata__ZTIN10__cxxabiv117__pbase_type_infoE) refers to lib_rtti_impl.o(.constdata__ZTVN10__cxxabiv120__si_class_type_infoE) for vtable for __cxxabiv1::__si_class_type_info
    lib_rtti_impl.o(.constdata__ZTIN10__cxxabiv117__pbase_type_infoE) refers to lib_rtti_impl.o(.constdata__ZTSN10__cxxabiv117__pbase_type_infoE) for typeinfo name for __cxxabiv1::__pbase_type_info
    lib_rtti_impl.o(.constdata__ZTIN10__cxxabiv117__pbase_type_infoE) refers to type_info_dtor.o(.constdata__ZTISt9type_info) for typeinfo for std::type_info
    lib_rtti_impl.o(.constdata__ZTIN10__cxxabiv119__pointer_type_infoE) refers to lib_rtti_impl.o(.constdata__ZTVN10__cxxabiv120__si_class_type_infoE) for vtable for __cxxabiv1::__si_class_type_info
    lib_rtti_impl.o(.constdata__ZTIN10__cxxabiv119__pointer_type_infoE) refers to lib_rtti_impl.o(.constdata__ZTSN10__cxxabiv119__pointer_type_infoE) for typeinfo name for __cxxabiv1::__pointer_type_info
    lib_rtti_impl.o(.constdata__ZTIN10__cxxabiv119__pointer_type_infoE) refers to lib_rtti_impl.o(.constdata__ZTIN10__cxxabiv117__pbase_type_infoE) for typeinfo for __cxxabiv1::__pbase_type_info
    lib_rtti_impl.o(.constdata__ZTIN10__cxxabiv129__pointer_to_member_type_infoE) refers to lib_rtti_impl.o(.constdata__ZTVN10__cxxabiv120__si_class_type_infoE) for vtable for __cxxabiv1::__si_class_type_info
    lib_rtti_impl.o(.constdata__ZTIN10__cxxabiv129__pointer_to_member_type_infoE) refers to lib_rtti_impl.o(.constdata__ZTSN10__cxxabiv129__pointer_to_member_type_infoE) for typeinfo name for __cxxabiv1::__pointer_to_member_type_info
    lib_rtti_impl.o(.constdata__ZTIN10__cxxabiv129__pointer_to_member_type_infoE) refers to lib_rtti_impl.o(.constdata__ZTIN10__cxxabiv117__pbase_type_infoE) for typeinfo for __cxxabiv1::__pbase_type_info
    lib_rtti_impl.o(i.__ARM_common_noexcept_landing) refers to arm_exceptions_callterm.o(.text) for __cxa_call_terminate
    lib_rtti_impl.o(.ARM.exidx) refers to lib_rtti_impl.o(i.__ARM_common_noexcept_landing) for i.__ARM_common_noexcept_landing
    type_info_dtor.o(.constdata__ZTVSt9type_info) refers to type_info_dtor.o(.constdata__ZTISt9type_info) for typeinfo for std::type_info
    type_info_dtor.o(.constdata__ZTVSt9type_info) refers to type_info_dtor.o(i._ZNSt9type_infoD1Ev) for std::type_info::~type_info()
    type_info_dtor.o(.constdata__ZTVSt9type_info) refers to type_info_dtor.o(i._ZNSt9type_infoD0Ev) for std::type_info::~type_info__deallocating()
    type_info_dtor.o(.constdata__ZTISt9type_info) refers to lib_rtti_impl.o(.constdata__ZTVN10__cxxabiv117__class_type_infoE) for vtable for __cxxabiv1::__class_type_info
    type_info_dtor.o(.constdata__ZTISt9type_info) refers to type_info_dtor.o(.constdata__ZTSSt9type_info) for typeinfo name for std::type_info


==============================================================================

Removing Unused exception sections from the image.

    Removing main.o(.ARM.exidx), (8 bytes).
    Removing main.o(.ARM.exidx), (8 bytes).
    Removing main.o(.ARM.exidx), (8 bytes).
    Removing main.o(.ARM.exidx), (8 bytes).
    Removing main.o(.ARM.exidx), (8 bytes).
    Removing main.o(.ARM.exidx), (8 bytes).
    Removing main.o(.ARM.exidx), (8 bytes).
    Removing main.o(.ARM.exidx), (8 bytes).
    Removing main.o(.ARM.exidx), (8 bytes).
    Removing main.o(.ARM.exidx), (8 bytes).
    Removing main.o(.ARM.exidx), (8 bytes).
    Removing main.o(.ARM.exidx), (8 bytes).
    Removing boardconfiguration.o(.ARM.exidx), (8 bytes).
    Removing boardconfiguration.o(.ARM.exidx), (8 bytes).
    Removing boardconfiguration.o(.ARM.exidx), (8 bytes).
    Removing boardconfiguration.o(.ARM.exidx), (8 bytes).
    Removing boardconfiguration.o(.ARM.exidx), (8 bytes).
    Removing boardconfiguration.o(.ARM.exidx), (8 bytes).
    Removing boardconfiguration.o(.ARM.exidx), (8 bytes).
    Removing gpio.o(.ARM.exidx), (8 bytes).
    Removing gpio.o(.ARM.exidx), (8 bytes).
    Removing gpio.o(.ARM.exidx), (8 bytes).
    Removing gpio.o(.ARM.exidx), (8 bytes).
    Removing gpio.o(.ARM.exidx), (8 bytes).
    Removing stm32f7dma.o(.ARM.exidx), (8 bytes).
    Removing stm32f7dma.o(.ARM.exidx), (8 bytes).
    Removing stm32f7dma.o(.ARM.exidx), (8 bytes).
    Removing stm32f7dma.o(.ARM.exidx), (8 bytes).
    Removing stm32f7dma.o(.ARM.exidx), (8 bytes).
    Removing stm32f7dma.o(.ARM.exidx), (8 bytes).
    Removing stm32f7dma.o(.ARM.exidx), (8 bytes).
    Removing stm32f7dma.o(.ARM.exidx), (8 bytes).
    Removing stm32f7dma.o(.ARM.exidx), (8 bytes).
    Removing stm32f7dma.o(.ARM.exidx), (8 bytes).
    Removing stm32f7dma.o(.ARM.exidx), (8 bytes).
    Removing stm32f7hal.o(.ARM.exidx), (8 bytes).
    Removing stm32f7hal.o(.ARM.exidx), (8 bytes).
    Removing stm32f7hal.o(.ARM.exidx), (8 bytes).
    Removing stm32f7hal.o(.ARM.exidx), (8 bytes).
    Removing stm32f7hal.o(.ARM.exidx), (8 bytes).
    Removing stm32f7hal.o(.ARM.exidx), (8 bytes).
    Removing stm32f7hal.o(.ARM.exidx), (8 bytes).
    Removing stm32f7hal.o(.ARM.exidx), (8 bytes).
    Removing stm32f7hal.o(.ARM.exidx), (8 bytes).
    Removing stm32f7hal.o(.ARM.exidx), (8 bytes).
    Removing stm32f7hal.o(.ARM.exidx), (8 bytes).
    Removing stm32f7hal.o(.ARM.exidx), (8 bytes).
    Removing stm32f7touchcontroller.o(.ARM.exidx), (8 bytes).
    Removing stm32f7touchcontroller.o(.ARM.exidx), (8 bytes).
    Removing stm32f7instrumentation.o(.ARM.exidx), (8 bytes).
    Removing stm32f7instrumentation.o(.ARM.exidx), (8 bytes).
    Removing stm32f7instrumentation.o(.ARM.exidx), (8 bytes).
    Removing stm32f7instrumentation.o(.ARM.exidx), (8 bytes).
    Removing hw_init.o(.ARM.exidx), (8 bytes).
    Removing hw_init.o(.ARM.exidx), (8 bytes).
    Removing hw_init.o(.ARM.exidx), (8 bytes).
    Removing hw_init.o(.ARM.exidx), (8 bytes).
    Removing hw_init.o(.ARM.exidx), (8 bytes).
    Removing hw_init.o(.ARM.exidx), (8 bytes).
    Removing hw_init.o(.ARM.exidx), (8 bytes).
    Removing hw_init.o(.ARM.exidx), (8 bytes).
    Removing hw_init.o(.ARM.exidx), (8 bytes).
    Removing hw_init.o(.ARM.exidx), (8 bytes).
    Removing hw_init.o(.ARM.exidx), (8 bytes).
    Removing hw_init.o(.ARM.exidx), (8 bytes).
    Removing hw_init.o(.ARM.exidx), (8 bytes).
    Removing hw_init.o(.ARM.exidx), (8 bytes).
    Removing oswrappers.o(.ARM.exidx), (8 bytes).
    Removing oswrappers.o(.ARM.exidx), (8 bytes).
    Removing oswrappers.o(.ARM.exidx), (8 bytes).
    Removing oswrappers.o(.ARM.exidx), (8 bytes).
    Removing oswrappers.o(.ARM.exidx), (8 bytes).
    Removing oswrappers.o(.ARM.exidx), (8 bytes).
    Removing oswrappers.o(.ARM.exidx), (8 bytes).
    Removing oswrappers.o(.ARM.exidx), (8 bytes).
    Removing oswrappers.o(.ARM.exidx), (8 bytes).
    Removing oswrappers.o(.ARM.exidx), (8 bytes).
    Removing oswrappers.o(.ARM.exidx), (8 bytes).
    Removing oswrappers.o(.ARM.exidx), (8 bytes).
    Removing frontendapplication.o(.ARM.exidx), (8 bytes).
    Removing mainscreenpresenter.o(.ARM.exidx), (8 bytes).
    Removing mainscreenpresenter.o(.ARM.exidx), (8 bytes).
    Removing mainscreenpresenter.o(.ARM.exidx), (8 bytes).
    Removing mainscreenview.o(.ARM.exidx), (8 bytes).
    Removing mainscreenview.o(.ARM.exidx), (8 bytes).
    Removing mainscreenview.o(.ARM.exidx), (8 bytes).
    Removing model.o(.ARM.exidx), (8 bytes).
    Removing model.o(.ARM.exidx), (8 bytes).
    Removing applicationfontprovider.o(.ARM.exidx), (8 bytes).
    Removing bitmapdatabase.o(.ARM.exidx), (8 bytes).
    Removing bitmapdatabase.o(.ARM.exidx), (8 bytes).
    Removing cachedfont.o(.ARM.exidx), (8 bytes).
    Removing cachedfont.o(.ARM.exidx), (8 bytes).
    Removing cachedfont.o(.ARM.exidx), (8 bytes).
    Removing fontcache.o(.ARM.exidx), (8 bytes).
    Removing fontcache.o(.ARM.exidx), (8 bytes).
    Removing fontcache.o(.ARM.exidx), (8 bytes).
    Removing fontcache.o(.ARM.exidx), (8 bytes).
    Removing fontcache.o(.ARM.exidx), (8 bytes).
    Removing fontcache.o(.ARM.exidx), (8 bytes).
    Removing fontcache.o(.ARM.exidx), (8 bytes).
    Removing fontcache.o(.ARM.exidx), (8 bytes).
    Removing fontcache.o(.ARM.exidx), (8 bytes).
    Removing fontcache.o(.ARM.exidx), (8 bytes).
    Removing fontcache.o(.ARM.exidx), (8 bytes).
    Removing fontcache.o(.ARM.exidx), (8 bytes).
    Removing fontcache.o(.ARM.exidx), (8 bytes).
    Removing fontcache.o(.ARM.exidx), (8 bytes).
    Removing fontcache.o(.ARM.exidx), (8 bytes).
    Removing fontcache.o(.ARM.exidx), (8 bytes).
    Removing frontendapplicationbase.o(.ARM.exidx), (8 bytes).
    Removing frontendapplicationbase.o(.ARM.exidx), (8 bytes).
    Removing frontendapplicationbase.o(.ARM.exidx), (8 bytes).
    Removing frontendapplicationbase.o(.ARM.exidx), (8 bytes).
    Removing generatedfont.o(.ARM.exidx), (8 bytes).
    Removing generatedfont.o(.ARM.exidx), (8 bytes).
    Removing generatedfont.o(.ARM.exidx), (8 bytes).
    Removing mainscreenviewbase.o(.ARM.exidx), (8 bytes).
    Removing mainscreenviewbase.o(.ARM.exidx), (8 bytes).
    Removing table_verdana_10_4bpp.o(.ARM.exidx), (8 bytes).
    Removing table_verdana_20_4bpp.o(.ARM.exidx), (8 bytes).
    Removing table_verdana_40_4bpp.o(.ARM.exidx), (8 bytes).
    Removing texts.o(.ARM.exidx), (8 bytes).
    Removing texts.o(.ARM.exidx), (8 bytes).
    Removing texts.o(.ARM.exidx), (8 bytes).
    Removing typedtextdatabase.o(.ARM.exidx), (8 bytes).
    Removing typedtextdatabase.o(.ARM.exidx), (8 bytes).
    Removing typedtextdatabase.o(.ARM.exidx), (8 bytes).
    Removing typedtextdatabase.o(.ARM.exidx), (8 bytes).
    Removing typedtextdatabase.o(.ARM.exidx), (8 bytes).
    Removing typedtextdatabase.o(.ARM.exidx), (8 bytes).
    Removing abstractpartition.o(.ARM.exidx), (8 bytes).
    Removing abstractpartition.o(.ARM.exidx), (8 bytes).
    Removing abstractpartition.o(.ARM.exidx), (8 bytes).
    Removing abstractpartition.o(.ARM.exidx), (8 bytes).
    Removing abstractpartition.o(.ARM.exidx), (8 bytes).
    Removing abstractpartition.o(.ARM.exidx), (8 bytes).
    Removing abstractpartition.o(.ARM.exidx), (8 bytes).
    Removing abstractpartition.o(.ARM.exidx), (8 bytes).
    Removing lcd16bpp.o(.ARM.exidx), (8 bytes).
    Removing lcd16bpp.o(.ARM.exidx), (8 bytes).
    Removing lcd16bpp.o(.ARM.exidx), (8 bytes).
    Removing lcd16bpp.o(.ARM.exidx), (8 bytes).
    Removing lcd16bpp.o(.ARM.exidx), (8 bytes).
    Removing lcd16bpp.o(.ARM.exidx), (8 bytes).
    Removing lcd16bpp.o(.ARM.exidx), (8 bytes).
    Removing lcd16bpp.o(.ARM.exidx), (8 bytes).
    Removing lcd16bpp.o(.ARM.exidx), (8 bytes).
    Removing lcd16bpp.o(.ARM.exidx), (8 bytes).
    Removing lcd16bpp.o(.ARM.exidx), (8 bytes).
    Removing lcd16bpp.o(.ARM.exidx), (8 bytes).
    Removing lcd16bpp.o(.ARM.exidx), (8 bytes).
    Removing abstractdirectionprogress.o(.ARM.exidx), (8 bytes).
    Removing abstractdirectionprogress.o(.ARM.exidx), (8 bytes).
    Removing abstractdirectionprogress.o(.ARM.exidx), (8 bytes).
    Removing abstractdirectionprogress.o(.ARM.exidx), (8 bytes).
    Removing abstractdirectionprogress.o(.ARM.exidx), (8 bytes).
    Removing abstractprogressindicator.o(.ARM.exidx), (8 bytes).
    Removing abstractprogressindicator.o(.ARM.exidx), (8 bytes).
    Removing abstractprogressindicator.o(.ARM.exidx), (8 bytes).
    Removing abstractprogressindicator.o(.ARM.exidx), (8 bytes).
    Removing abstractprogressindicator.o(.ARM.exidx), (8 bytes).
    Removing abstractprogressindicator.o(.ARM.exidx), (8 bytes).
    Removing abstractprogressindicator.o(.ARM.exidx), (8 bytes).
    Removing abstractprogressindicator.o(.ARM.exidx), (8 bytes).
    Removing abstractprogressindicator.o(.ARM.exidx), (8 bytes).
    Removing abstractprogressindicator.o(.ARM.exidx), (8 bytes).
    Removing abstractprogressindicator.o(.ARM.exidx), (8 bytes).
    Removing abstractprogressindicator.o(.ARM.exidx), (8 bytes).
    Removing abstractprogressindicator.o(.ARM.exidx), (8 bytes).
    Removing abstractprogressindicator.o(.ARM.exidx), (8 bytes).
    Removing abstractprogressindicator.o(.ARM.exidx), (8 bytes).
    Removing abstractprogressindicator.o(.ARM.exidx), (8 bytes).
    Removing application.o(.ARM.exidx), (8 bytes).
    Removing application.o(.ARM.exidx), (8 bytes).
    Removing application.o(.ARM.exidx), (8 bytes).
    Removing application.o(.ARM.exidx), (8 bytes).
    Removing application.o(.ARM.exidx), (8 bytes).
    Removing application.o(.ARM.exidx), (8 bytes).
    Removing application.o(.ARM.exidx), (8 bytes).
    Removing application.o(.ARM.exidx), (8 bytes).
    Removing application.o(.ARM.exidx), (8 bytes).
    Removing application.o(.ARM.exidx), (8 bytes).
    Removing application.o(.ARM.exidx), (8 bytes).
    Removing application.o(.ARM.exidx), (8 bytes).
    Removing application.o(.ARM.exidx), (8 bytes).
    Removing application.o(.ARM.exidx), (8 bytes).
    Removing application.o(.ARM.exidx), (8 bytes).
    Removing application.o(.ARM.exidx), (8 bytes).
    Removing application.o(.ARM.exidx), (8 bytes).
    Removing application.o(.ARM.exidx), (8 bytes).
    Removing bitmap.o(.ARM.exidx), (8 bytes).
    Removing bitmap.o(.ARM.exidx), (8 bytes).
    Removing bitmap.o(.ARM.exidx), (8 bytes).
    Removing bitmap.o(.ARM.exidx), (8 bytes).
    Removing bitmap.o(.ARM.exidx), (8 bytes).
    Removing bitmap.o(.ARM.exidx), (8 bytes).
    Removing bitmap.o(.ARM.exidx), (8 bytes).
    Removing bitmap.o(.ARM.exidx), (8 bytes).
    Removing bitmap.o(.ARM.exidx), (8 bytes).
    Removing bitmap.o(.ARM.exidx), (8 bytes).
    Removing bitmap.o(.ARM.exidx), (8 bytes).
    Removing bitmap.o(.ARM.exidx), (8 bytes).
    Removing bitmap.o(.ARM.exidx), (8 bytes).
    Removing bitmap.o(.ARM.exidx), (8 bytes).
    Removing bitmap.o(.ARM.exidx), (8 bytes).
    Removing bitmap.o(.ARM.exidx), (8 bytes).
    Removing bitmap.o(.ARM.exidx), (8 bytes).
    Removing bitmap.o(.ARM.exidx), (8 bytes).
    Removing bitmap.o(.ARM.exidx), (8 bytes).
    Removing bitmap.o(.ARM.exidx), (8 bytes).
    Removing bitmap.o(.ARM.exidx), (8 bytes).
    Removing bitmap.o(.ARM.exidx), (8 bytes).
    Removing bitmap.o(.ARM.exidx), (8 bytes).
    Removing boxprogress.o(.ARM.exidx), (8 bytes).
    Removing boxprogress.o(.ARM.exidx), (8 bytes).
    Removing boxprogress.o(.ARM.exidx), (8 bytes).
    Removing boxprogress.o(.ARM.exidx), (8 bytes).
    Removing boxprogress.o(.ARM.exidx), (8 bytes).
    Removing boxprogress.o(.ARM.exidx), (8 bytes).
    Removing boxprogress.o(.ARM.exidx), (8 bytes).
    Removing boxprogress.o(.ARM.exidx), (8 bytes).
    Removing boxprogress.o(.ARM.exidx), (8 bytes).
    Removing constfont.o(.ARM.exidx), (8 bytes).
    Removing constfont.o(.ARM.exidx), (8 bytes).
    Removing constfont.o(.ARM.exidx), (8 bytes).
    Removing container.o(.ARM.exidx), (8 bytes).
    Removing container.o(.ARM.exidx), (8 bytes).
    Removing container.o(.ARM.exidx), (8 bytes).
    Removing container.o(.ARM.exidx), (8 bytes).
    Removing container.o(.ARM.exidx), (8 bytes).
    Removing container.o(.ARM.exidx), (8 bytes).
    Removing container.o(.ARM.exidx), (8 bytes).
    Removing container.o(.ARM.exidx), (8 bytes).
    Removing container.o(.ARM.exidx), (8 bytes).
    Removing container.o(.ARM.exidx), (8 bytes).
    Removing container.o(.ARM.exidx), (8 bytes).
    Removing container.o(.ARM.exidx), (8 bytes).
    Removing container.o(.ARM.exidx), (8 bytes).
    Removing dma.o(.ARM.exidx), (8 bytes).
    Removing dma.o(.ARM.exidx), (8 bytes).
    Removing dma.o(.ARM.exidx), (8 bytes).
    Removing dma.o(.ARM.exidx), (8 bytes).
    Removing dma.o(.ARM.exidx), (8 bytes).
    Removing dma.o(.ARM.exidx), (8 bytes).
    Removing dma.o(.ARM.exidx), (8 bytes).
    Removing dma.o(.ARM.exidx), (8 bytes).
    Removing dma.o(.ARM.exidx), (8 bytes).
    Removing dma.o(.ARM.exidx), (8 bytes).
    Removing dma.o(.ARM.exidx), (8 bytes).
    Removing dma.o(.ARM.exidx), (8 bytes).
    Removing dma.o(.ARM.exidx), (8 bytes).
    Removing dma.o(.ARM.exidx), (8 bytes).
    Removing dma.o(.ARM.exidx), (8 bytes).
    Removing dma.o(.ARM.exidx), (8 bytes).
    Removing dma.o(.ARM.exidx), (8 bytes).
    Removing drawable.o(.ARM.exidx), (8 bytes).
    Removing drawable.o(.ARM.exidx), (8 bytes).
    Removing drawable.o(.ARM.exidx), (8 bytes).
    Removing drawable.o(.ARM.exidx), (8 bytes).
    Removing drawable.o(.ARM.exidx), (8 bytes).
    Removing drawable.o(.ARM.exidx), (8 bytes).
    Removing drawable.o(.ARM.exidx), (8 bytes).
    Removing font.o(.ARM.exidx), (8 bytes).
    Removing font.o(.ARM.exidx), (8 bytes).
    Removing font.o(.ARM.exidx), (8 bytes).
    Removing font.o(.ARM.exidx), (8 bytes).
    Removing font.o(.ARM.exidx), (8 bytes).
    Removing font.o(.ARM.exidx), (8 bytes).
    Removing font.o(.ARM.exidx), (8 bytes).
    Removing font.o(.ARM.exidx), (8 bytes).
    Removing fontmanager.o(.ARM.exidx), (8 bytes).
    Removing fontmanager.o(.ARM.exidx), (8 bytes).
    Removing hal.o(.ARM.exidx), (8 bytes).
    Removing hal.o(.ARM.exidx), (8 bytes).
    Removing hal.o(.ARM.exidx), (8 bytes).
    Removing hal.o(.ARM.exidx), (8 bytes).
    Removing hal.o(.ARM.exidx), (8 bytes).
    Removing hal.o(.ARM.exidx), (8 bytes).
    Removing hal.o(.ARM.exidx), (8 bytes).
    Removing hal.o(.ARM.exidx), (8 bytes).
    Removing hal.o(.ARM.exidx), (8 bytes).
    Removing hal.o(.ARM.exidx), (8 bytes).
    Removing hal.o(.ARM.exidx), (8 bytes).
    Removing hal.o(.ARM.exidx), (8 bytes).
    Removing hal.o(.ARM.exidx), (8 bytes).
    Removing hal.o(.ARM.exidx), (8 bytes).
    Removing hal.o(.ARM.exidx), (8 bytes).
    Removing hal.o(.ARM.exidx), (8 bytes).
    Removing hal.o(.ARM.exidx), (8 bytes).
    Removing hal.o(.ARM.exidx), (8 bytes).
    Removing hal.o(.ARM.exidx), (8 bytes).
    Removing hal.o(.ARM.exidx), (8 bytes).
    Removing hal.o(.ARM.exidx), (8 bytes).
    Removing hal.o(.ARM.exidx), (8 bytes).
    Removing hal.o(.ARM.exidx), (8 bytes).
    Removing hal.o(.ARM.exidx), (8 bytes).
    Removing hal.o(.ARM.exidx), (8 bytes).
    Removing hal.o(.ARM.exidx), (8 bytes).
    Removing hal.o(.ARM.exidx), (8 bytes).
    Removing hal.o(.ARM.exidx), (8 bytes).
    Removing image.o(.ARM.exidx), (8 bytes).
    Removing image.o(.ARM.exidx), (8 bytes).
    Removing image.o(.ARM.exidx), (8 bytes).
    Removing lcd.o(.ARM.exidx), (8 bytes).
    Removing lcd.o(.ARM.exidx), (8 bytes).
    Removing lcd.o(.ARM.exidx), (8 bytes).
    Removing lcd.o(.ARM.exidx), (8 bytes).
    Removing lcd.o(.ARM.exidx), (8 bytes).
    Removing lcd.o(.ARM.exidx), (8 bytes).
    Removing lcd.o(.ARM.exidx), (8 bytes).
    Removing lcd.o(.ARM.exidx), (8 bytes).
    Removing lcd.o(.ARM.exidx), (8 bytes).
    Removing lcd.o(.ARM.exidx), (8 bytes).
    Removing lcd.o(.ARM.exidx), (8 bytes).
    Removing lcd.o(.ARM.exidx), (8 bytes).
    Removing lcd.o(.ARM.exidx), (8 bytes).
    Removing lcd.o(.ARM.exidx), (8 bytes).
    Removing lcd.o(.ARM.exidx), (8 bytes).
    Removing lcd.o(.ARM.exidx), (8 bytes).
    Removing lcd.o(.ARM.exidx), (8 bytes).
    Removing lcd.o(.ARM.exidx), (8 bytes).
    Removing lcd.o(.ARM.exidx), (8 bytes).
    Removing lcd.o(.ARM.exidx), (8 bytes).
    Removing screen.o(.ARM.exidx), (8 bytes).
    Removing screen.o(.ARM.exidx), (8 bytes).
    Removing screen.o(.ARM.exidx), (8 bytes).
    Removing screen.o(.ARM.exidx), (8 bytes).
    Removing screen.o(.ARM.exidx), (8 bytes).
    Removing screen.o(.ARM.exidx), (8 bytes).
    Removing screen.o(.ARM.exidx), (8 bytes).
    Removing screen.o(.ARM.exidx), (8 bytes).
    Removing screen.o(.ARM.exidx), (8 bytes).
    Removing screen.o(.ARM.exidx), (8 bytes).
    Removing textarea.o(.ARM.exidx), (8 bytes).
    Removing textarea.o(.ARM.exidx), (8 bytes).
    Removing textarea.o(.ARM.exidx), (8 bytes).
    Removing textarea.o(.ARM.exidx), (8 bytes).
    Removing textarea.o(.ARM.exidx), (8 bytes).
    Removing textarea.o(.ARM.exidx), (8 bytes).
    Removing textarea.o(.ARM.exidx), (8 bytes).
    Removing unicode.o(.ARM.exidx), (8 bytes).
    Removing unicode.o(.ARM.exidx), (8 bytes).
    Removing unicode.o(.ARM.exidx), (8 bytes).
    Removing unicode.o(.ARM.exidx), (8 bytes).
    Removing unicode.o(.ARM.exidx), (8 bytes).
    Removing unicode.o(.ARM.exidx), (8 bytes).
    Removing unicode.o(.ARM.exidx), (8 bytes).
    Removing unicode.o(.ARM.exidx), (8 bytes).
    Removing unicode.o(.ARM.exidx), (8 bytes).
    Removing unicode.o(.ARM.exidx), (8 bytes).
    Removing unicode.o(.ARM.exidx), (8 bytes).
    Removing unicode.o(.ARM.exidx), (8 bytes).
    Removing unicode.o(.ARM.exidx), (8 bytes).
    Removing unicode.o(.ARM.exidx), (8 bytes).
    Removing unicode.o(.ARM.exidx), (8 bytes).
    Removing unicode.o(.ARM.exidx), (8 bytes).
    Removing unicode.o(.ARM.exidx), (8 bytes).
    Removing unicode.o(.ARM.exidx), (8 bytes).
    Removing unicode.o(.ARM.exidx), (8 bytes).
    Removing unicode.o(.ARM.exidx), (8 bytes).
    Removing utils.o(.ARM.exidx), (8 bytes).
    Removing utils.o(.ARM.exidx), (8 bytes).
    Removing utils.o(.ARM.exidx), (8 bytes).
    Removing utils.o(.ARM.exidx), (8 bytes).
    Removing utils.o(.ARM.exidx), (8 bytes).
    Removing box.o(.ARM.exidx), (8 bytes).
    Removing box.o(.ARM.exidx), (8 bytes).
    Removing displaytransformation.o(.ARM.exidx), (8 bytes).
    Removing displaytransformation.o(.ARM.exidx), (8 bytes).
    Removing displaytransformation.o(.ARM.exidx), (8 bytes).
    Removing displaytransformation.o(.ARM.exidx), (8 bytes).
    Removing displaytransformation.o(.ARM.exidx), (8 bytes).
    Removing displaytransformation.o(.ARM.exidx), (8 bytes).
    Removing displaytransformation.o(.ARM.exidx), (8 bytes).
    Removing gestures.o(.ARM.exidx), (8 bytes).
    Removing gestures.o(.ARM.exidx), (8 bytes).
    Removing gestures.o(.ARM.exidx), (8 bytes).
    Removing gestures.o(.ARM.exidx), (8 bytes).
    Removing stm32_crc_lock.o(.ARM.exidx), (8 bytes).
    Removing textprovider.o(.ARM.exidx), (8 bytes).
    Removing textprovider.o(.ARM.exidx), (8 bytes).
    Removing textprovider.o(.ARM.exidx), (8 bytes).
    Removing textprovider.o(.ARM.exidx), (8 bytes).
    Removing textprovider.o(.ARM.exidx), (8 bytes).
    Removing textprovider.o(.ARM.exidx), (8 bytes).
    Removing textprovider.o(.ARM.exidx), (8 bytes).
    Removing textprovider.o(.ARM.exidx), (8 bytes).
    Removing texturemaptypes.o(.ARM.exidx), (8 bytes).
    Removing texturemaptypes.o(.ARM.exidx), (8 bytes).
    Removing touchcalibration.o(.ARM.exidx), (8 bytes).
    Removing touchcalibration.o(.ARM.exidx), (8 bytes).
    Removing touchcalibration.o(.ARM.exidx), (8 bytes).
    Removing touchcalibration.o(.ARM.exidx), (8 bytes).
    Removing boardconfiguration.o(.ARM.exidx), (8 bytes).
    Removing boardconfiguration.o(.ARM.exidx), (8 bytes).
    Removing boardconfiguration.o(.ARM.exidx), (8 bytes).
    Removing boardconfiguration.o(.ARM.exidx), (8 bytes).
    Removing boardconfiguration.o(.ARM.exidx), (8 bytes).
    Removing boardconfiguration.o(.ARM.exidx), (8 bytes).
    Removing boardconfiguration.o(.ARM.exidx), (8 bytes).
    Removing boardconfiguration.o(.ARM.exidx), (8 bytes).
    Removing boardconfiguration.o(.ARM.exidx), (8 bytes).
    Removing boardconfiguration.o(.ARM.exidx), (8 bytes).
    Removing boardconfiguration.o(.ARM.exidx), (8 bytes).
    Removing boardconfiguration.o(.ARM.exidx), (8 bytes).
    Removing boardconfiguration.o(.ARM.exidx), (8 bytes).
    Removing boardconfiguration.o(.ARM.exidx), (8 bytes).
    Removing boardconfiguration.o(.ARM.exidx), (8 bytes).
    Removing boardconfiguration.o(.ARM.exidx), (8 bytes).
    Removing boardconfiguration.o(.ARM.exidx), (8 bytes).
    Removing boardconfiguration.o(.ARM.exidx), (8 bytes).
    Removing boardconfiguration.o(.ARM.exidx), (8 bytes).
    Removing boardconfiguration.o(.ARM.exidx), (8 bytes).
    Removing boardconfiguration.o(.ARM.exidx), (8 bytes).
    Removing boardconfiguration.o(.ARM.exidx), (8 bytes).
    Removing boardconfiguration.o(.ARM.exidx), (8 bytes).
    Removing boardconfiguration.o(.ARM.exidx), (8 bytes).
    Removing boardconfiguration.o(.ARM.exidx), (8 bytes).
    Removing boardconfiguration.o(.ARM.exidx), (8 bytes).
    Removing boardconfiguration.o(.ARM.exidx), (8 bytes).
    Removing boardconfiguration.o(.ARM.exidx), (8 bytes).
    Removing boardconfiguration.o(.ARM.exidx), (8 bytes).
    Removing boardconfiguration.o(.ARM.exidx), (8 bytes).
    Removing boardconfiguration.o(.ARM.exidx), (8 bytes).
    Removing boardconfiguration.o(.ARM.exidx), (8 bytes).
    Removing boardconfiguration.o(.ARM.exidx), (8 bytes).
    Removing boardconfiguration.o(.ARM.exidx), (8 bytes).
    Removing boardconfiguration.o(.ARM.exidx), (8 bytes).
    Removing boardconfiguration.o(.ARM.exidx), (8 bytes).
    Removing boardconfiguration.o(.ARM.exidx), (8 bytes).
    Removing boardconfiguration.o(.ARM.exidx), (8 bytes).
    Removing boardconfiguration.o(.ARM.exidx), (8 bytes).
    Removing boardconfiguration.o(.ARM.exidx), (8 bytes).
    Removing boardconfiguration.o(.ARM.exidx), (8 bytes).
    Removing boardconfiguration.o(.ARM.exidx), (8 bytes).
    Removing boardconfiguration.o(.ARM.exidx), (8 bytes).
    Removing boardconfiguration.o(.ARM.exidx), (8 bytes).
    Removing boardconfiguration.o(.ARM.exidx), (8 bytes).
    Removing boardconfiguration.o(.ARM.exidx), (8 bytes).
    Removing boardconfiguration.o(.ARM.exidx), (8 bytes).
    Removing boardconfiguration.o(.ARM.exidx), (8 bytes).
    Removing boardconfiguration.o(.ARM.exidx), (8 bytes).
    Removing stm32f7dma.o(.ARM.exidx), (8 bytes).
    Removing stm32f7dma.o(.ARM.exidx), (8 bytes).
    Removing stm32f7dma.o(.ARM.exidx), (8 bytes).
    Removing stm32f7hal.o(.ARM.exidx), (8 bytes).
    Removing stm32f7hal.o(.ARM.exidx), (8 bytes).
    Removing stm32f7hal.o(.ARM.exidx), (8 bytes).
    Removing stm32f7hal.o(.ARM.exidx), (8 bytes).
    Removing stm32f7hal.o(.ARM.exidx), (8 bytes).
    Removing stm32f7hal.o(.ARM.exidx), (8 bytes).
    Removing stm32f7touchcontroller.o(.ARM.exidx), (8 bytes).
    Removing stm32f7instrumentation.o(.ARM.exidx), (8 bytes).
    Removing frontendapplication.o(.ARM.exidx), (8 bytes).
    Removing frontendapplication.o(.ARM.exidx), (8 bytes).
    Removing frontendapplication.o(.ARM.exidx), (8 bytes).
    Removing mainscreenpresenter.o(.ARM.exidx), (8 bytes).
    Removing mainscreenpresenter.o(.ARM.exidx), (8 bytes).
    Removing mainscreenpresenter.o(.ARM.exidx), (8 bytes).
    Removing mainscreenpresenter.o(.ARM.exidx), (8 bytes).
    Removing mainscreenpresenter.o(.ARM.exidx), (8 bytes).
    Removing mainscreenpresenter.o(.ARM.exidx), (8 bytes).
    Removing mainscreenpresenter.o(.ARM.exidx), (8 bytes).
    Removing mainscreenpresenter.o(.ARM.exidx), (8 bytes).
    Removing mainscreenpresenter.o(.ARM.exidx), (8 bytes).
    Removing mainscreenpresenter.o(.ARM.exidx), (8 bytes).
    Removing mainscreenview.o(.ARM.exidx), (8 bytes).
    Removing mainscreenview.o(.ARM.exidx), (8 bytes).
    Removing mainscreenview.o(.ARM.exidx), (8 bytes).
    Removing mainscreenview.o(.ARM.exidx), (8 bytes).
    Removing mainscreenview.o(.ARM.exidx), (8 bytes).
    Removing mainscreenview.o(.ARM.exidx), (8 bytes).
    Removing applicationfontprovider.o(.ARM.exidx), (8 bytes).
    Removing cachedfont.o(.ARM.exidx), (8 bytes).
    Removing cachedfont.o(.ARM.exidx), (8 bytes).
    Removing cachedfont.o(.ARM.exidx), (8 bytes).
    Removing cachedfont.o(.ARM.exidx), (8 bytes).
    Removing fontcache.o(.ARM.exidx), (8 bytes).
    Removing fontcache.o(.ARM.exidx), (8 bytes).
    Removing fontcache.o(.ARM.exidx), (8 bytes).
    Removing fontcache.o(.ARM.exidx), (8 bytes).
    Removing fontcache.o(.ARM.exidx), (8 bytes).
    Removing frontendapplicationbase.o(.ARM.exidx), (8 bytes).
    Removing frontendapplicationbase.o(.ARM.exidx), (8 bytes).
    Removing frontendapplicationbase.o(.ARM.exidx), (8 bytes).
    Removing frontendapplicationbase.o(.ARM.exidx), (8 bytes).
    Removing frontendapplicationbase.o(.ARM.exidx), (8 bytes).
    Removing frontendapplicationbase.o(.ARM.exidx), (8 bytes).
    Removing frontendapplicationbase.o(.ARM.exidx), (8 bytes).
    Removing frontendapplicationbase.o(.ARM.exidx), (8 bytes).
    Removing frontendapplicationbase.o(.ARM.exidx), (8 bytes).
    Removing frontendapplicationbase.o(.ARM.exidx), (8 bytes).
    Removing frontendapplicationbase.o(.ARM.exidx), (8 bytes).
    Removing frontendapplicationbase.o(.ARM.exidx), (8 bytes).
    Removing frontendapplicationbase.o(.ARM.exidx), (8 bytes).
    Removing frontendapplicationbase.o(.ARM.exidx), (8 bytes).
    Removing frontendapplicationbase.o(.ARM.exidx), (8 bytes).
    Removing frontendapplicationbase.o(.ARM.exidx), (8 bytes).
    Removing frontendapplicationbase.o(.ARM.exidx), (8 bytes).
    Removing frontendapplicationbase.o(.ARM.exidx), (8 bytes).
    Removing frontendapplicationbase.o(.ARM.exidx), (8 bytes).
    Removing generatedfont.o(.ARM.exidx), (8 bytes).
    Removing generatedfont.o(.ARM.exidx), (8 bytes).
    Removing mainscreenviewbase.o(.ARM.exidx), (8 bytes).
    Removing mainscreenviewbase.o(.ARM.exidx), (8 bytes).
    Removing mainscreenviewbase.o(.ARM.exidx), (8 bytes).
    Removing mainscreenviewbase.o(.ARM.exidx), (8 bytes).
    Removing mainscreenviewbase.o(.ARM.exidx), (8 bytes).
    Removing mainscreenviewbase.o(.ARM.exidx), (8 bytes).
    Removing mainscreenviewbase.o(.ARM.exidx), (8 bytes).
    Removing mainscreenviewbase.o(.ARM.exidx), (8 bytes).
    Removing mainscreenviewbase.o(.ARM.exidx), (8 bytes).
    Removing mainscreenviewbase.o(.ARM.exidx), (8 bytes).
    Removing mainscreenviewbase.o(.ARM.exidx), (8 bytes).
    Removing mainscreenviewbase.o(.ARM.exidx), (8 bytes).
    Removing mainscreenviewbase.o(.ARM.exidx), (8 bytes).
    Removing mainscreenviewbase.o(.ARM.exidx), (8 bytes).
    Removing mainscreenviewbase.o(.ARM.exidx), (8 bytes).
    Removing mainscreenviewbase.o(.ARM.exidx), (8 bytes).
    Removing mainscreenviewbase.o(.ARM.exidx), (8 bytes).
    Removing mainscreenviewbase.o(.ARM.exidx), (8 bytes).
    Removing mainscreenviewbase.o(.ARM.exidx), (8 bytes).
    Removing mainscreenviewbase.o(.ARM.exidx), (8 bytes).
    Removing mainscreenviewbase.o(.ARM.exidx), (8 bytes).
    Removing mainscreenviewbase.o(.ARM.exidx), (8 bytes).
    Removing lcd16bpp.o(.ARM.exidx), (8 bytes).
    Removing lcd16bpp.o(.ARM.exidx), (8 bytes).
    Removing lcd16bpp.o(.ARM.exidx), (8 bytes).
    Removing lcd16bpp.o(.ARM.exidx), (8 bytes).
    Removing lcd16bpp.o(.ARM.exidx), (8 bytes).
    Removing lcd16bpp.o(.ARM.exidx), (8 bytes).
    Removing lcd16bpp.o(.ARM.exidx), (8 bytes).
    Removing lcd16bpp.o(.ARM.exidx), (8 bytes).
    Removing lcd16bpp.o(.ARM.exidx), (8 bytes).
    Removing lcd16bpp.o(.ARM.exidx), (8 bytes).
    Removing lcd16bpp.o(.ARM.exidx), (8 bytes).
    Removing abstractdirectionprogress.o(.ARM.exidx), (8 bytes).
    Removing abstractdirectionprogress.o(.ARM.exidx), (8 bytes).
    Removing abstractdirectionprogress.o(.ARM.exidx), (8 bytes).
    Removing abstractdirectionprogress.o(.ARM.exidx), (8 bytes).
    Removing abstractprogressindicator.o(.ARM.exidx), (8 bytes).
    Removing abstractprogressindicator.o(.ARM.exidx), (8 bytes).
    Removing application.o(.ARM.exidx), (8 bytes).
    Removing application.o(.ARM.exidx), (8 bytes).
    Removing application.o(.ARM.exidx), (8 bytes).
    Removing application.o(.ARM.exidx), (8 bytes).
    Removing application.o(.ARM.exidx), (8 bytes).
    Removing application.o(.ARM.exidx), (8 bytes).
    Removing application.o(.ARM.exidx), (8 bytes).
    Removing application.o(.ARM.exidx), (8 bytes).
    Removing application.o(.ARM.exidx), (8 bytes).
    Removing application.o(.ARM.exidx), (8 bytes).
    Removing application.o(.ARM.exidx), (8 bytes).
    Removing bitmap.o(.ARM.exidx), (8 bytes).
    Removing constfont.o(.ARM.exidx), (8 bytes).
    Removing constfont.o(.ARM.exidx), (8 bytes).
    Removing constfont.o(.ARM.exidx), (8 bytes).
    Removing constfont.o(.ARM.exidx), (8 bytes).
    Removing constfont.o(.ARM.exidx), (8 bytes).
    Removing constfont.o(.ARM.exidx), (8 bytes).
    Removing constfont.o(.ARM.exidx), (8 bytes).
    Removing constfont.o(.ARM.exidx), (8 bytes).
    Removing container.o(.ARM.exidx), (8 bytes).
    Removing container.o(.ARM.exidx), (8 bytes).
    Removing dma.o(.ARM.exidx), (8 bytes).
    Removing dma.o(.ARM.exidx), (8 bytes).
    Removing dma.o(.ARM.exidx), (8 bytes).
    Removing dma.o(.ARM.exidx), (8 bytes).
    Removing dma.o(.ARM.exidx), (8 bytes).
    Removing dma.o(.ARM.exidx), (8 bytes).
    Removing drawable.o(.ARM.exidx), (8 bytes).
    Removing drawable.o(.ARM.exidx), (8 bytes).
    Removing drawable.o(.ARM.exidx), (8 bytes).
    Removing drawable.o(.ARM.exidx), (8 bytes).
    Removing font.o(.ARM.exidx), (8 bytes).
    Removing font.o(.ARM.exidx), (8 bytes).
    Removing font.o(.ARM.exidx), (8 bytes).
    Removing font.o(.ARM.exidx), (8 bytes).
    Removing hal.o(.ARM.exidx), (8 bytes).
    Removing hal.o(.ARM.exidx), (8 bytes).
    Removing hal.o(.ARM.exidx), (8 bytes).
    Removing hal.o(.ARM.exidx), (8 bytes).
    Removing hal.o(.ARM.exidx), (8 bytes).
    Removing hal.o(.ARM.exidx), (8 bytes).
    Removing hal.o(.ARM.exidx), (8 bytes).
    Removing hal.o(.ARM.exidx), (8 bytes).
    Removing hal.o(.ARM.exidx), (8 bytes).
    Removing hal.o(.ARM.exidx), (8 bytes).
    Removing image.o(.ARM.exidx), (8 bytes).
    Removing image.o(.ARM.exidx), (8 bytes).
    Removing image.o(.ARM.exidx), (8 bytes).
    Removing image.o(.ARM.exidx), (8 bytes).
    Removing lcd.o(.ARM.exidx), (8 bytes).
    Removing lcd.o(.ARM.exidx), (8 bytes).
    Removing lcd.o(.ARM.exidx), (8 bytes).
    Removing lcd.o(.ARM.exidx), (8 bytes).
    Removing screen.o(.ARM.exidx), (8 bytes).
    Removing screen.o(.ARM.exidx), (8 bytes).
    Removing screen.o(.ARM.exidx), (8 bytes).
    Removing screen.o(.ARM.exidx), (8 bytes).
    Removing screen.o(.ARM.exidx), (8 bytes).
    Removing screen.o(.ARM.exidx), (8 bytes).
    Removing screen.o(.ARM.exidx), (8 bytes).
    Removing screen.o(.ARM.exidx), (8 bytes).
    Removing screen.o(.ARM.exidx), (8 bytes).
    Removing screen.o(.ARM.exidx), (8 bytes).
    Removing screen.o(.ARM.exidx), (8 bytes).
    Removing screen.o(.ARM.exidx), (8 bytes).
    Removing screen.o(.ARM.exidx), (8 bytes).
    Removing screen.o(.ARM.exidx), (8 bytes).
    Removing screen.o(.ARM.exidx), (8 bytes).
    Removing screen.o(.ARM.exidx), (8 bytes).
    Removing textarea.o(.ARM.exidx), (8 bytes).
    Removing textarea.o(.ARM.exidx), (8 bytes).
    Removing textarea.o(.ARM.exidx), (8 bytes).
    Removing textarea.o(.ARM.exidx), (8 bytes).
    Removing textarea.o(.ARM.exidx), (8 bytes).
    Removing textarea.o(.ARM.exidx), (8 bytes).
    Removing textarea.o(.ARM.exidx), (8 bytes).
    Removing textarea.o(.ARM.exidx), (8 bytes).
    Removing textarea.o(.ARM.exidx), (8 bytes).
    Removing textarea.o(.ARM.exidx), (8 bytes).
    Removing textarea.o(.ARM.exidx), (8 bytes).
    Removing box.o(.ARM.exidx), (8 bytes).
    Removing box.o(.ARM.exidx), (8 bytes).
    Removing box.o(.ARM.exidx), (8 bytes).
    Removing gestures.o(.ARM.exidx), (8 bytes).
    Removing gestures.o(.ARM.exidx), (8 bytes).
    Removing texturemaptypes.o(.ARM.exidx), (8 bytes).
    Removing texturemaptypes.o(.ARM.exidx), (8 bytes).
    Removing texturemaptypes.o(.ARM.exidx), (8 bytes).
    Removing texturemaptypes.o(.ARM.exidx), (8 bytes).

633 unused section(s) (total 5064 bytes) removed from the image.
